[2026-07-12T00:00:01+00:00] === color-links start ===
[2026-07-12T00:00:01+00:00] Unique deals in sheet: 2
[2026-07-12T00:00:01+00:00] Already green: 61, to check: 1
[2026-07-12T00:00:01+00:00] Categories: [3,5,7]
[2026-07-12T00:00:01+00:00] Fetched deals: 1
[2026-07-12T00:00:01+00:00] Colors: green=0 persisted=61, red=1
[2026-07-12T00:00:03+00:00] Cells updated: 2
[2026-07-12T00:00:03+00:00] === color-links end (1.86s) ===
[2026-07-12T00:15:01+00:00] === color-links start ===
[2026-07-12T00:15:01+00:00] Unique deals in sheet: 2
[2026-07-12T00:15:01+00:00] Already green: 61, to check: 1
[2026-07-12T00:15:01+00:00] Categories: [3,5,7]
[2026-07-12T00:15:02+00:00] Fetched deals: 1
[2026-07-12T00:15:02+00:00] Colors: green=0 persisted=61, red=1
[2026-07-12T00:15:03+00:00] Cells updated: 2
[2026-07-12T00:15:03+00:00] === color-links end (1.71s) ===
[2026-07-12T00:30:01+00:00] === color-links start ===
[2026-07-12T00:30:01+00:00] Unique deals in sheet: 2
[2026-07-12T00:30:01+00:00] Already green: 61, to check: 1
[2026-07-12T00:30:01+00:00] Categories: [3,5,7]
[2026-07-12T00:30:02+00:00] Fetched deals: 1
[2026-07-12T00:30:02+00:00] Colors: green=0 persisted=61, red=1
[2026-07-12T00:30:04+00:00] Cells updated: 2
[2026-07-12T00:30:04+00:00] === color-links end (2.66s) ===
[2026-07-12T00:45:01+00:00] === color-links start ===
[2026-07-12T00:45:01+00:00] Unique deals in sheet: 2
[2026-07-12T00:45:01+00:00] Already green: 61, to check: 1
[2026-07-12T00:45:01+00:00] Categories: [3,5,7]
[2026-07-12T00:45:01+00:00] Fetched deals: 1
[2026-07-12T00:45:01+00:00] Colors: green=0 persisted=61, red=1
[2026-07-12T00:45:03+00:00] Cells updated: 2
[2026-07-12T00:45:03+00:00] === color-links end (2.41s) ===
[2026-07-12T01:00:01+00:00] === color-links start ===
[2026-07-12T01:00:01+00:00] Unique deals in sheet: 2
[2026-07-12T01:00:01+00:00] Already green: 61, to check: 1
[2026-07-12T01:00:01+00:00] Categories: [3,5,7]
[2026-07-12T01:00:01+00:00] Fetched deals: 1
[2026-07-12T01:00:01+00:00] Colors: green=0 persisted=61, red=1
[2026-07-12T01:00:03+00:00] Cells updated: 2
[2026-07-12T01:00:03+00:00] === color-links end (1.88s) ===
[2026-07-12T01:15:01+00:00] === color-links start ===
[2026-07-12T01:15:01+00:00] Unique deals in sheet: 2
[2026-07-12T01:15:01+00:00] Already green: 61, to check: 1
[2026-07-12T01:15:01+00:00] Categories: [3,5,7]
[2026-07-12T01:15:01+00:00] Fetched deals: 1
[2026-07-12T01:15:01+00:00] Colors: green=0 persisted=61, red=1
[2026-07-12T01:15:03+00:00] Cells updated: 2
[2026-07-12T01:15:03+00:00] === color-links end (2.23s) ===
[2026-07-12T01:30:01+00:00] === color-links start ===
[2026-07-12T01:30:01+00:00] Unique deals in sheet: 2
[2026-07-12T01:30:01+00:00] Already green: 61, to check: 1
[2026-07-12T01:30:02+00:00] Categories: [3,5,7]
[2026-07-12T01:30:02+00:00] Fetched deals: 1
[2026-07-12T01:30:02+00:00] Colors: green=0 persisted=61, red=1
[2026-07-12T01:30:03+00:00] Cells updated: 2
[2026-07-12T01:30:03+00:00] === color-links end (1.91s) ===
[2026-07-12T01:45:01+00:00] === color-links start ===
[2026-07-12T01:45:01+00:00] Unique deals in sheet: 2
[2026-07-12T01:45:01+00:00] Already green: 61, to check: 1
[2026-07-12T01:45:02+00:00] Categories: [3,5,7]
[2026-07-12T01:45:02+00:00] Fetched deals: 1
[2026-07-12T01:45:02+00:00] Colors: green=0 persisted=61, red=1
[2026-07-12T01:45:03+00:00] Cells updated: 2
[2026-07-12T01:45:03+00:00] === color-links end (1.74s) ===
[2026-07-12T02:00:01+00:00] === color-links start ===
[2026-07-12T02:00:01+00:00] Unique deals in sheet: 2
[2026-07-12T02:00:01+00:00] Already green: 61, to check: 1
[2026-07-12T02:00:01+00:00] Categories: [3,5,7]
[2026-07-12T02:00:01+00:00] Fetched deals: 1
[2026-07-12T02:00:01+00:00] Colors: green=0 persisted=61, red=1
[2026-07-12T02:00:03+00:00] Cells updated: 2
[2026-07-12T02:00:03+00:00] === color-links end (2.17s) ===
[2026-07-12T02:15:01+00:00] === color-links start ===
[2026-07-12T02:15:01+00:00] Unique deals in sheet: 2
[2026-07-12T02:15:01+00:00] Already green: 61, to check: 1
[2026-07-12T02:15:02+00:00] Categories: [3,5,7]
[2026-07-12T02:15:02+00:00] Fetched deals: 1
[2026-07-12T02:15:02+00:00] Colors: green=0 persisted=61, red=1
[2026-07-12T02:15:03+00:00] Cells updated: 2
[2026-07-12T02:15:03+00:00] === color-links end (1.74s) ===
[2026-07-12T02:30:01+00:00] === color-links start ===
[2026-07-12T02:30:01+00:00] Unique deals in sheet: 2
[2026-07-12T02:30:01+00:00] Already green: 61, to check: 1
[2026-07-12T02:30:02+00:00] Categories: [3,5,7]
[2026-07-12T02:30:02+00:00] Fetched deals: 1
[2026-07-12T02:30:02+00:00] Colors: green=0 persisted=61, red=1
[2026-07-12T02:30:04+00:00] Cells updated: 2
[2026-07-12T02:30:04+00:00] === color-links end (2.39s) ===
[2026-07-12T02:45:01+00:00] === color-links start ===
[2026-07-12T02:45:01+00:00] Unique deals in sheet: 2
[2026-07-12T02:45:01+00:00] Already green: 61, to check: 1
[2026-07-12T02:45:01+00:00] Categories: [3,5,7]
[2026-07-12T02:45:01+00:00] Fetched deals: 1
[2026-07-12T02:45:01+00:00] Colors: green=0 persisted=61, red=1
[2026-07-12T02:45:03+00:00] Cells updated: 2
[2026-07-12T02:45:03+00:00] === color-links end (2.25s) ===
[2026-07-12T03:00:01+00:00] === color-links start ===
[2026-07-12T03:00:01+00:00] Unique deals in sheet: 2
[2026-07-12T03:00:01+00:00] Already green: 61, to check: 1
[2026-07-12T03:00:01+00:00] Categories: [3,5,7]
[2026-07-12T03:00:01+00:00] Fetched deals: 1
[2026-07-12T03:00:01+00:00] Colors: green=0 persisted=61, red=1
[2026-07-12T03:00:03+00:00] Cells updated: 2
[2026-07-12T03:00:03+00:00] === color-links end (2.05s) ===
[2026-07-12T03:15:01+00:00] === color-links start ===
[2026-07-12T03:15:01+00:00] Unique deals in sheet: 2
[2026-07-12T03:15:01+00:00] Already green: 61, to check: 1
[2026-07-12T03:15:01+00:00] Categories: [3,5,7]
[2026-07-12T03:15:01+00:00] Fetched deals: 1
[2026-07-12T03:15:01+00:00] Colors: green=0 persisted=61, red=1
[2026-07-12T03:15:03+00:00] Cells updated: 2
[2026-07-12T03:15:03+00:00] === color-links end (2.27s) ===
[2026-07-12T03:30:02+00:00] === color-links start ===
[2026-07-12T03:30:02+00:00] Unique deals in sheet: 2
[2026-07-12T03:30:02+00:00] Already green: 61, to check: 1
[2026-07-12T03:30:02+00:00] Categories: [3,5,7]
[2026-07-12T03:30:02+00:00] Fetched deals: 1
[2026-07-12T03:30:02+00:00] Colors: green=0 persisted=61, red=1
[2026-07-12T03:30:03+00:00] Cells updated: 2
[2026-07-12T03:30:03+00:00] === color-links end (1.75s) ===
[2026-07-12T03:45:01+00:00] === color-links start ===
[2026-07-12T03:45:01+00:00] Unique deals in sheet: 2
[2026-07-12T03:45:01+00:00] Already green: 61, to check: 1
[2026-07-12T03:45:01+00:00] Categories: [3,5,7]
[2026-07-12T03:45:01+00:00] Fetched deals: 1
[2026-07-12T03:45:01+00:00] Colors: green=0 persisted=61, red=1
[2026-07-12T03:45:03+00:00] Cells updated: 2
[2026-07-12T03:45:03+00:00] === color-links end (1.68s) ===
[2026-07-12T04:00:01+00:00] === color-links start ===
[2026-07-12T04:00:01+00:00] Unique deals in sheet: 2
[2026-07-12T04:00:01+00:00] Already green: 61, to check: 1
[2026-07-12T04:00:01+00:00] Categories: [3,5,7]
[2026-07-12T04:00:01+00:00] Fetched deals: 1
[2026-07-12T04:00:01+00:00] Colors: green=0 persisted=61, red=1
[2026-07-12T04:00:03+00:00] Cells updated: 2
[2026-07-12T04:00:03+00:00] === color-links end (2.34s) ===
[2026-07-12T04:15:01+00:00] === color-links start ===
[2026-07-12T04:15:01+00:00] Unique deals in sheet: 2
[2026-07-12T04:15:01+00:00] Already green: 61, to check: 1
[2026-07-12T04:15:01+00:00] Categories: [3,5,7]
[2026-07-12T04:15:01+00:00] Fetched deals: 1
[2026-07-12T04:15:01+00:00] Colors: green=0 persisted=61, red=1
[2026-07-12T04:15:03+00:00] Cells updated: 2
[2026-07-12T04:15:03+00:00] === color-links end (1.92s) ===
[2026-07-12T04:30:01+00:00] === color-links start ===
[2026-07-12T04:30:01+00:00] Unique deals in sheet: 2
[2026-07-12T04:30:01+00:00] Already green: 61, to check: 1
[2026-07-12T04:30:01+00:00] Categories: [3,5,7]
[2026-07-12T04:30:02+00:00] Fetched deals: 1
[2026-07-12T04:30:02+00:00] Colors: green=0 persisted=61, red=1
[2026-07-12T04:30:04+00:00] Cells updated: 2
[2026-07-12T04:30:04+00:00] === color-links end (2.36s) ===
[2026-07-12T04:45:01+00:00] === color-links start ===
[2026-07-12T04:45:01+00:00] Unique deals in sheet: 2
[2026-07-12T04:45:01+00:00] Already green: 61, to check: 1
[2026-07-12T04:45:01+00:00] Categories: [3,5,7]
[2026-07-12T04:45:01+00:00] Fetched deals: 1
[2026-07-12T04:45:01+00:00] Colors: green=0 persisted=61, red=1
[2026-07-12T04:45:03+00:00] Cells updated: 2
[2026-07-12T04:45:03+00:00] === color-links end (2.41s) ===
[2026-07-12T05:00:01+00:00] === color-links start ===
[2026-07-12T05:00:01+00:00] Unique deals in sheet: 2
[2026-07-12T05:00:01+00:00] Already green: 61, to check: 1
[2026-07-12T05:00:01+00:00] Categories: [3,5,7]
[2026-07-12T05:00:02+00:00] Fetched deals: 1
[2026-07-12T05:00:02+00:00] Colors: green=0 persisted=61, red=1
[2026-07-12T05:00:03+00:00] Cells updated: 2
[2026-07-12T05:00:03+00:00] === color-links end (1.62s) ===
[2026-07-12T05:15:01+00:00] === color-links start ===
[2026-07-12T05:15:01+00:00] Unique deals in sheet: 2
[2026-07-12T05:15:01+00:00] Already green: 61, to check: 1
[2026-07-12T05:15:02+00:00] Categories: [3,5,7]
[2026-07-12T05:15:02+00:00] Fetched deals: 1
[2026-07-12T05:15:02+00:00] Colors: green=0 persisted=61, red=1
[2026-07-12T05:15:04+00:00] Cells updated: 2
[2026-07-12T05:15:04+00:00] === color-links end (2.14s) ===
[2026-07-12T05:30:01+00:00] === color-links start ===
[2026-07-12T05:30:01+00:00] Unique deals in sheet: 2
[2026-07-12T05:30:01+00:00] Already green: 61, to check: 1
[2026-07-12T05:30:01+00:00] Categories: [3,5,7]
[2026-07-12T05:30:02+00:00] Fetched deals: 1
[2026-07-12T05:30:02+00:00] Colors: green=0 persisted=61, red=1
[2026-07-12T05:30:03+00:00] Cells updated: 2
[2026-07-12T05:30:03+00:00] === color-links end (2.19s) ===
[2026-07-12T05:45:01+00:00] === color-links start ===
[2026-07-12T05:45:01+00:00] Unique deals in sheet: 2
[2026-07-12T05:45:01+00:00] Already green: 61, to check: 1
[2026-07-12T05:45:02+00:00] Categories: [3,5,7]
[2026-07-12T05:45:02+00:00] Fetched deals: 1
[2026-07-12T05:45:02+00:00] Colors: green=0 persisted=61, red=1
[2026-07-12T05:45:05+00:00] Cells updated: 2
[2026-07-12T05:45:05+00:00] === color-links end (3.4s) ===
[2026-07-12T06:00:01+00:00] === color-links start ===
[2026-07-12T06:00:01+00:00] Unique deals in sheet: 2
[2026-07-12T06:00:01+00:00] Already green: 61, to check: 1
[2026-07-12T06:00:01+00:00] Categories: [3,5,7]
[2026-07-12T06:00:02+00:00] Fetched deals: 1
[2026-07-12T06:00:02+00:00] Colors: green=0 persisted=61, red=1
[2026-07-12T06:00:04+00:00] Cells updated: 2
[2026-07-12T06:00:04+00:00] === color-links end (3.1s) ===
[2026-07-12T06:15:01+00:00] === color-links start ===
[2026-07-12T06:15:01+00:00] Unique deals in sheet: 2
[2026-07-12T06:15:01+00:00] Already green: 61, to check: 1
[2026-07-12T06:15:01+00:00] Categories: [3,5,7]
[2026-07-12T06:15:01+00:00] Fetched deals: 1
[2026-07-12T06:15:01+00:00] Colors: green=0 persisted=61, red=1
[2026-07-12T06:15:03+00:00] Cells updated: 2
[2026-07-12T06:15:03+00:00] === color-links end (1.59s) ===
[2026-07-12T06:30:01+00:00] === color-links start ===
[2026-07-12T06:30:01+00:00] Unique deals in sheet: 2
[2026-07-12T06:30:01+00:00] Already green: 61, to check: 1
[2026-07-12T06:30:02+00:00] Categories: [3,5,7]
[2026-07-12T06:30:02+00:00] Fetched deals: 1
[2026-07-12T06:30:02+00:00] Colors: green=0 persisted=61, red=1
[2026-07-12T06:30:04+00:00] Cells updated: 2
[2026-07-12T06:30:04+00:00] === color-links end (2.21s) ===
[2026-07-12T06:45:01+00:00] === color-links start ===
[2026-07-12T06:45:01+00:00] Unique deals in sheet: 2
[2026-07-12T06:45:01+00:00] Already green: 61, to check: 1
[2026-07-12T06:45:01+00:00] Categories: [3,5,7]
[2026-07-12T06:45:01+00:00] Fetched deals: 1
[2026-07-12T06:45:01+00:00] Colors: green=0 persisted=61, red=1
[2026-07-12T06:45:04+00:00] Cells updated: 2
[2026-07-12T06:45:04+00:00] === color-links end (2.79s) ===
[2026-07-12T07:00:02+00:00] === color-links start ===
[2026-07-12T07:00:02+00:00] Unique deals in sheet: 2
[2026-07-12T07:00:02+00:00] Already green: 61, to check: 1
[2026-07-12T07:00:02+00:00] Categories: [3,5,7]
[2026-07-12T07:00:02+00:00] Fetched deals: 1
[2026-07-12T07:00:02+00:00] Colors: green=0 persisted=61, red=1
[2026-07-12T07:00:03+00:00] Cells updated: 2
[2026-07-12T07:00:03+00:00] === color-links end (1.62s) ===
[2026-07-12T07:15:01+00:00] === color-links start ===
[2026-07-12T07:15:01+00:00] Unique deals in sheet: 2
[2026-07-12T07:15:01+00:00] Already green: 61, to check: 1
[2026-07-12T07:15:01+00:00] Categories: [3,5,7]
[2026-07-12T07:15:01+00:00] Fetched deals: 1
[2026-07-12T07:15:01+00:00] Colors: green=0 persisted=61, red=1
[2026-07-12T07:15:03+00:00] Cells updated: 2
[2026-07-12T07:15:03+00:00] === color-links end (2.22s) ===
[2026-07-12T07:30:01+00:00] === color-links start ===
[2026-07-12T07:30:01+00:00] Unique deals in sheet: 2
[2026-07-12T07:30:01+00:00] Already green: 61, to check: 1
[2026-07-12T07:30:02+00:00] Categories: [3,5,7]
[2026-07-12T07:30:02+00:00] Fetched deals: 1
[2026-07-12T07:30:02+00:00] Colors: green=0 persisted=61, red=1
[2026-07-12T07:30:03+00:00] Cells updated: 2
[2026-07-12T07:30:03+00:00] === color-links end (1.59s) ===
[2026-07-12T07:45:01+00:00] === color-links start ===
[2026-07-12T07:45:01+00:00] Unique deals in sheet: 2
[2026-07-12T07:45:01+00:00] Already green: 61, to check: 1
[2026-07-12T07:45:01+00:00] Categories: [3,5,7]
[2026-07-12T07:45:01+00:00] Fetched deals: 1
[2026-07-12T07:45:01+00:00] Colors: green=0 persisted=61, red=1
[2026-07-12T07:45:03+00:00] Cells updated: 2
[2026-07-12T07:45:03+00:00] === color-links end (1.99s) ===
[2026-07-12T08:00:01+00:00] === color-links start ===
[2026-07-12T08:00:01+00:00] Unique deals in sheet: 2
[2026-07-12T08:00:01+00:00] Already green: 61, to check: 1
[2026-07-12T08:00:02+00:00] Categories: [3,5,7]
[2026-07-12T08:00:02+00:00] Fetched deals: 1
[2026-07-12T08:00:02+00:00] Colors: green=0 persisted=61, red=1
[2026-07-12T08:00:03+00:00] Cells updated: 2
[2026-07-12T08:00:03+00:00] === color-links end (1.7s) ===
[2026-07-12T08:15:01+00:00] === color-links start ===
[2026-07-12T08:15:01+00:00] Unique deals in sheet: 2
[2026-07-12T08:15:01+00:00] Already green: 61, to check: 1
[2026-07-12T08:15:01+00:00] Categories: [3,5,7]
[2026-07-12T08:15:02+00:00] Fetched deals: 1
[2026-07-12T08:15:02+00:00] Colors: green=0 persisted=61, red=1
[2026-07-12T08:15:03+00:00] Cells updated: 2
[2026-07-12T08:15:03+00:00] === color-links end (2.14s) ===
[2026-07-12T08:30:01+00:00] === color-links start ===
[2026-07-12T08:30:01+00:00] Unique deals in sheet: 2
[2026-07-12T08:30:01+00:00] Already green: 61, to check: 1
[2026-07-12T08:30:02+00:00] Categories: [3,5,7]
[2026-07-12T08:30:02+00:00] Fetched deals: 1
[2026-07-12T08:30:02+00:00] Colors: green=0 persisted=61, red=1
[2026-07-12T08:30:04+00:00] Cells updated: 2
[2026-07-12T08:30:04+00:00] === color-links end (2.41s) ===
[2026-07-12T08:45:01+00:00] === color-links start ===
[2026-07-12T08:45:01+00:00] Unique deals in sheet: 2
[2026-07-12T08:45:01+00:00] Already green: 61, to check: 1
[2026-07-12T08:45:01+00:00] Categories: [3,5,7]
[2026-07-12T08:45:02+00:00] Fetched deals: 1
[2026-07-12T08:45:02+00:00] Colors: green=0 persisted=61, red=1
[2026-07-12T08:45:03+00:00] Cells updated: 2
[2026-07-12T08:45:03+00:00] === color-links end (2.21s) ===
[2026-07-12T09:00:01+00:00] === color-links start ===
[2026-07-12T09:00:01+00:00] Unique deals in sheet: 2
[2026-07-12T09:00:01+00:00] Already green: 61, to check: 1
[2026-07-12T09:00:01+00:00] Categories: [3,5,7]
[2026-07-12T09:00:01+00:00] Fetched deals: 1
[2026-07-12T09:00:01+00:00] Colors: green=0 persisted=61, red=1
[2026-07-12T09:00:03+00:00] Cells updated: 2
[2026-07-12T09:00:03+00:00] === color-links end (1.92s) ===
[2026-07-12T09:15:01+00:00] === color-links start ===
[2026-07-12T09:15:01+00:00] Unique deals in sheet: 2
[2026-07-12T09:15:01+00:00] Already green: 61, to check: 1
[2026-07-12T09:15:01+00:00] Categories: [3,5,7]
[2026-07-12T09:15:01+00:00] Fetched deals: 1
[2026-07-12T09:15:01+00:00] Colors: green=0 persisted=61, red=1
[2026-07-12T09:15:03+00:00] Cells updated: 2
[2026-07-12T09:15:03+00:00] === color-links end (2.13s) ===
[2026-07-12T09:30:01+00:00] === color-links start ===
[2026-07-12T09:30:01+00:00] Unique deals in sheet: 2
[2026-07-12T09:30:01+00:00] Already green: 61, to check: 1
[2026-07-12T09:30:01+00:00] Categories: [3,5,7]
[2026-07-12T09:30:01+00:00] Fetched deals: 1
[2026-07-12T09:30:01+00:00] Colors: green=0 persisted=61, red=1
[2026-07-12T09:30:03+00:00] Cells updated: 2
[2026-07-12T09:30:03+00:00] === color-links end (2.24s) ===
[2026-07-12T09:45:01+00:00] === color-links start ===
[2026-07-12T09:45:01+00:00] Unique deals in sheet: 2
[2026-07-12T09:45:01+00:00] Already green: 61, to check: 1
[2026-07-12T09:45:01+00:00] Categories: [3,5,7]
[2026-07-12T09:45:01+00:00] Fetched deals: 1
[2026-07-12T09:45:01+00:00] Colors: green=0 persisted=61, red=1
[2026-07-12T09:45:03+00:00] Cells updated: 2
[2026-07-12T09:45:03+00:00] === color-links end (2.15s) ===
[2026-07-12T10:00:02+00:00] === color-links start ===
[2026-07-12T10:00:02+00:00] Unique deals in sheet: 2
[2026-07-12T10:00:02+00:00] Already green: 61, to check: 1
[2026-07-12T10:00:02+00:00] Categories: [3,5,7]
[2026-07-12T10:00:02+00:00] Fetched deals: 1
[2026-07-12T10:00:02+00:00] Colors: green=0 persisted=61, red=1
[2026-07-12T10:00:03+00:00] Cells updated: 2
[2026-07-12T10:00:03+00:00] === color-links end (1.92s) ===
[2026-07-12T10:15:01+00:00] === color-links start ===
[2026-07-12T10:15:01+00:00] Unique deals in sheet: 2
[2026-07-12T10:15:01+00:00] Already green: 61, to check: 1
[2026-07-12T10:15:01+00:00] Categories: [3,5,7]
[2026-07-12T10:15:02+00:00] Fetched deals: 1
[2026-07-12T10:15:02+00:00] Colors: green=0 persisted=61, red=1
[2026-07-12T10:15:03+00:00] Cells updated: 2
[2026-07-12T10:15:03+00:00] === color-links end (1.71s) ===
[2026-07-12T10:30:01+00:00] === color-links start ===
[2026-07-12T10:30:01+00:00] Unique deals in sheet: 2
[2026-07-12T10:30:01+00:00] Already green: 61, to check: 1
[2026-07-12T10:30:01+00:00] Categories: [3,5,7]
[2026-07-12T10:30:01+00:00] Fetched deals: 1
[2026-07-12T10:30:01+00:00] Colors: green=0 persisted=61, red=1
[2026-07-12T10:30:03+00:00] Cells updated: 2
[2026-07-12T10:30:03+00:00] === color-links end (1.68s) ===
[2026-07-12T10:45:01+00:00] === color-links start ===
[2026-07-12T10:45:01+00:00] Unique deals in sheet: 2
[2026-07-12T10:45:01+00:00] Already green: 61, to check: 1
[2026-07-12T10:45:01+00:00] Categories: [3,5,7]
[2026-07-12T10:45:01+00:00] Fetched deals: 1
[2026-07-12T10:45:01+00:00] Colors: green=0 persisted=61, red=1
[2026-07-12T10:45:03+00:00] Cells updated: 2
[2026-07-12T10:45:03+00:00] === color-links end (2.61s) ===
[2026-07-12T11:00:01+00:00] === color-links start ===
[2026-07-12T11:00:01+00:00] Unique deals in sheet: 2
[2026-07-12T11:00:01+00:00] Already green: 61, to check: 1
[2026-07-12T11:00:01+00:00] Categories: [3,5,7]
[2026-07-12T11:00:01+00:00] Fetched deals: 1
[2026-07-12T11:00:01+00:00] Colors: green=0 persisted=61, red=1
[2026-07-12T11:00:03+00:00] Cells updated: 2
[2026-07-12T11:00:03+00:00] === color-links end (1.63s) ===
[2026-07-12T11:15:01+00:00] === color-links start ===
[2026-07-12T11:15:01+00:00] Unique deals in sheet: 2
[2026-07-12T11:15:01+00:00] Already green: 61, to check: 1
[2026-07-12T11:15:01+00:00] Categories: [3,5,7]
[2026-07-12T11:15:02+00:00] Fetched deals: 1
[2026-07-12T11:15:02+00:00] Colors: green=0 persisted=61, red=1
[2026-07-12T11:15:03+00:00] Cells updated: 2
[2026-07-12T11:15:03+00:00] === color-links end (2.23s) ===
[2026-07-12T11:30:01+00:00] === color-links start ===
[2026-07-12T11:30:01+00:00] Unique deals in sheet: 2
[2026-07-12T11:30:01+00:00] Already green: 61, to check: 1
[2026-07-12T11:30:01+00:00] Categories: [3,5,7]
[2026-07-12T11:30:01+00:00] Fetched deals: 1
[2026-07-12T11:30:01+00:00] Colors: green=0 persisted=61, red=1
[2026-07-12T11:30:02+00:00] Cells updated: 2
[2026-07-12T11:30:02+00:00] === color-links end (1.53s) ===
[2026-07-12T11:45:01+00:00] === color-links start ===
[2026-07-12T11:45:01+00:00] Unique deals in sheet: 2
[2026-07-12T11:45:01+00:00] Already green: 61, to check: 1
[2026-07-12T11:45:01+00:00] Categories: [3,5,7]
[2026-07-12T11:45:01+00:00] Fetched deals: 1
[2026-07-12T11:45:01+00:00] Colors: green=0 persisted=61, red=1
[2026-07-12T11:45:03+00:00] Cells updated: 2
[2026-07-12T11:45:03+00:00] === color-links end (2.19s) ===
[2026-07-12T12:00:01+00:00] === color-links start ===
[2026-07-12T12:00:01+00:00] Unique deals in sheet: 2
[2026-07-12T12:00:01+00:00] Already green: 61, to check: 1
[2026-07-12T12:00:01+00:00] Categories: [3,5,7]
[2026-07-12T12:00:02+00:00] Fetched deals: 1
[2026-07-12T12:00:02+00:00] Colors: green=0 persisted=61, red=1
[2026-07-12T12:00:03+00:00] Cells updated: 2
[2026-07-12T12:00:03+00:00] === color-links end (2.1s) ===
[2026-07-12T12:15:01+00:00] === color-links start ===
[2026-07-12T12:15:01+00:00] Unique deals in sheet: 2
[2026-07-12T12:15:01+00:00] Already green: 61, to check: 1
[2026-07-12T12:15:01+00:00] Categories: [3,5,7]
[2026-07-12T12:15:01+00:00] Fetched deals: 1
[2026-07-12T12:15:01+00:00] Colors: green=0 persisted=61, red=1
[2026-07-12T12:15:03+00:00] Cells updated: 2
[2026-07-12T12:15:03+00:00] === color-links end (2.34s) ===
[2026-07-12T12:30:01+00:00] === color-links start ===
[2026-07-12T12:30:01+00:00] Unique deals in sheet: 2
[2026-07-12T12:30:01+00:00] Already green: 61, to check: 1
[2026-07-12T12:30:01+00:00] Categories: [3,5,7]
[2026-07-12T12:30:01+00:00] Fetched deals: 1
[2026-07-12T12:30:01+00:00] Colors: green=0 persisted=61, red=1
[2026-07-12T12:30:02+00:00] Cells updated: 2
[2026-07-12T12:30:02+00:00] === color-links end (1.56s) ===
[2026-07-12T12:45:01+00:00] === color-links start ===
[2026-07-12T12:45:01+00:00] Unique deals in sheet: 2
[2026-07-12T12:45:01+00:00] Already green: 61, to check: 1
[2026-07-12T12:45:01+00:00] Categories: [3,5,7]
[2026-07-12T12:45:01+00:00] Fetched deals: 1
[2026-07-12T12:45:01+00:00] Colors: green=0 persisted=61, red=1
[2026-07-12T12:45:03+00:00] Cells updated: 2
[2026-07-12T12:45:03+00:00] === color-links end (2.21s) ===
[2026-07-12T13:00:02+00:00] === color-links start ===
[2026-07-12T13:00:02+00:00] Unique deals in sheet: 2
[2026-07-12T13:00:02+00:00] Already green: 61, to check: 1
[2026-07-12T13:00:02+00:00] Categories: [3,5,7]
[2026-07-12T13:00:02+00:00] Fetched deals: 1
[2026-07-12T13:00:02+00:00] Colors: green=0 persisted=61, red=1
[2026-07-12T13:00:04+00:00] Cells updated: 2
[2026-07-12T13:00:04+00:00] === color-links end (2.38s) ===
[2026-07-12T13:15:01+00:00] === color-links start ===
[2026-07-12T13:15:01+00:00] Unique deals in sheet: 2
[2026-07-12T13:15:01+00:00] Already green: 61, to check: 1
[2026-07-12T13:15:01+00:00] Categories: [3,5,7]
[2026-07-12T13:15:01+00:00] Fetched deals: 1
[2026-07-12T13:15:01+00:00] Colors: green=0 persisted=61, red=1
[2026-07-12T13:15:03+00:00] Cells updated: 2
[2026-07-12T13:15:03+00:00] === color-links end (1.72s) ===
[2026-07-12T13:30:01+00:00] === color-links start ===
[2026-07-12T13:30:01+00:00] Unique deals in sheet: 2
[2026-07-12T13:30:01+00:00] Already green: 61, to check: 1
[2026-07-12T13:30:02+00:00] Categories: [3,5,7]
[2026-07-12T13:30:02+00:00] Fetched deals: 1
[2026-07-12T13:30:02+00:00] Colors: green=0 persisted=61, red=1
[2026-07-12T13:30:32+00:00] EXCEPTION: HTTP error: Operation timed out after 30002 milliseconds with 0 bytes received @ /var/www/Tris-Servis2026/api/lib.php:47
[2026-07-12T13:30:32+00:00] === color-links end (30.39s) ===
[2026-07-12T13:45:01+00:00] === color-links start ===
[2026-07-12T13:45:01+00:00] Unique deals in sheet: 2
[2026-07-12T13:45:01+00:00] Already green: 61, to check: 1
[2026-07-12T13:45:01+00:00] Categories: [3,5,7]
[2026-07-12T13:45:02+00:00] Fetched deals: 1
[2026-07-12T13:45:02+00:00] Colors: green=0 persisted=61, red=1
[2026-07-12T13:45:05+00:00] Cells updated: 2
[2026-07-12T13:45:05+00:00] === color-links end (3.59s) ===
[2026-07-12T14:00:01+00:00] === color-links start ===
[2026-07-12T14:00:01+00:00] Unique deals in sheet: 2
[2026-07-12T14:00:01+00:00] Already green: 61, to check: 1
[2026-07-12T14:00:02+00:00] Categories: [3,5,7]
[2026-07-12T14:00:02+00:00] Fetched deals: 1
[2026-07-12T14:00:02+00:00] Colors: green=0 persisted=61, red=1
[2026-07-12T14:00:05+00:00] Cells updated: 2
[2026-07-12T14:00:05+00:00] === color-links end (3.82s) ===
[2026-07-12T14:15:01+00:00] === color-links start ===
[2026-07-12T14:15:01+00:00] Unique deals in sheet: 2
[2026-07-12T14:15:01+00:00] Already green: 61, to check: 1
[2026-07-12T14:15:01+00:00] Categories: [3,5,7]
[2026-07-12T14:15:01+00:00] Fetched deals: 1
[2026-07-12T14:15:01+00:00] Colors: green=0 persisted=61, red=1
[2026-07-12T14:15:04+00:00] Cells updated: 2
[2026-07-12T14:15:04+00:00] === color-links end (3.14s) ===
[2026-07-12T14:30:01+00:00] === color-links start ===
[2026-07-12T14:30:01+00:00] Unique deals in sheet: 2
[2026-07-12T14:30:01+00:00] Already green: 61, to check: 1
[2026-07-12T14:30:01+00:00] Categories: [3,5,7]
[2026-07-12T14:30:02+00:00] Fetched deals: 1
[2026-07-12T14:30:02+00:00] Colors: green=0 persisted=61, red=1
[2026-07-12T14:30:04+00:00] Cells updated: 2
[2026-07-12T14:30:04+00:00] === color-links end (2.73s) ===
[2026-07-12T14:45:01+00:00] === color-links start ===
[2026-07-12T14:45:01+00:00] Unique deals in sheet: 2
[2026-07-12T14:45:01+00:00] Already green: 61, to check: 1
[2026-07-12T14:45:01+00:00] Categories: [3,5,7]
[2026-07-12T14:45:01+00:00] Fetched deals: 1
[2026-07-12T14:45:01+00:00] Colors: green=0 persisted=61, red=1
[2026-07-12T14:45:04+00:00] Cells updated: 2
[2026-07-12T14:45:04+00:00] === color-links end (2.67s) ===
[2026-07-12T15:00:01+00:00] === color-links start ===
[2026-07-12T15:00:01+00:00] Unique deals in sheet: 2
[2026-07-12T15:00:01+00:00] Already green: 61, to check: 1
[2026-07-12T15:00:01+00:00] Categories: [3,5,7]
[2026-07-12T15:00:01+00:00] Fetched deals: 1
[2026-07-12T15:00:01+00:00] Colors: green=0 persisted=61, red=1
[2026-07-12T15:00:04+00:00] Cells updated: 2
[2026-07-12T15:00:04+00:00] === color-links end (3.12s) ===
[2026-07-12T15:15:01+00:00] === color-links start ===
[2026-07-12T15:15:01+00:00] Unique deals in sheet: 2
[2026-07-12T15:15:01+00:00] Already green: 61, to check: 1
[2026-07-12T15:15:01+00:00] Categories: [3,5,7]
[2026-07-12T15:15:01+00:00] Fetched deals: 1
[2026-07-12T15:15:01+00:00] Colors: green=0 persisted=61, red=1
[2026-07-12T15:15:03+00:00] Cells updated: 2
[2026-07-12T15:15:03+00:00] === color-links end (2.66s) ===
[2026-07-12T15:30:01+00:00] === color-links start ===
[2026-07-12T15:30:01+00:00] Unique deals in sheet: 2
[2026-07-12T15:30:01+00:00] Already green: 61, to check: 1
[2026-07-12T15:30:01+00:00] Categories: [3,5,7]
[2026-07-12T15:30:01+00:00] Fetched deals: 1
[2026-07-12T15:30:01+00:00] Colors: green=0 persisted=61, red=1
[2026-07-12T15:30:03+00:00] Cells updated: 2
[2026-07-12T15:30:03+00:00] === color-links end (2.53s) ===
[2026-07-12T15:45:01+00:00] === color-links start ===
[2026-07-12T15:45:01+00:00] Unique deals in sheet: 2
[2026-07-12T15:45:01+00:00] Already green: 61, to check: 1
[2026-07-12T15:45:01+00:00] Categories: [3,5,7]
[2026-07-12T15:45:02+00:00] Fetched deals: 1
[2026-07-12T15:45:02+00:00] Colors: green=0 persisted=61, red=1
[2026-07-12T15:45:03+00:00] Cells updated: 2
[2026-07-12T15:45:03+00:00] === color-links end (1.82s) ===
[2026-07-12T16:00:01+00:00] === color-links start ===
[2026-07-12T16:00:01+00:00] Unique deals in sheet: 2
[2026-07-12T16:00:01+00:00] Already green: 61, to check: 1
[2026-07-12T16:00:01+00:00] Categories: [3,5,7]
[2026-07-12T16:00:01+00:00] Fetched deals: 1
[2026-07-12T16:00:01+00:00] Colors: green=0 persisted=61, red=1
[2026-07-12T16:00:03+00:00] Cells updated: 2
[2026-07-12T16:00:03+00:00] === color-links end (2.23s) ===
[2026-07-12T16:15:01+00:00] === color-links start ===
[2026-07-12T16:15:01+00:00] Unique deals in sheet: 2
[2026-07-12T16:15:01+00:00] Already green: 61, to check: 1
[2026-07-12T16:15:01+00:00] Categories: [3,5,7]
[2026-07-12T16:15:01+00:00] Fetched deals: 1
[2026-07-12T16:15:01+00:00] Colors: green=0 persisted=61, red=1
[2026-07-12T16:15:03+00:00] Cells updated: 2
[2026-07-12T16:15:03+00:00] === color-links end (2.56s) ===
[2026-07-12T16:30:01+00:00] === color-links start ===
[2026-07-12T16:30:01+00:00] Unique deals in sheet: 2
[2026-07-12T16:30:01+00:00] Already green: 61, to check: 1
[2026-07-12T16:30:02+00:00] Categories: [3,5,7]
[2026-07-12T16:30:02+00:00] Fetched deals: 1
[2026-07-12T16:30:02+00:00] Colors: green=0 persisted=61, red=1
[2026-07-12T16:30:04+00:00] Cells updated: 2
[2026-07-12T16:30:04+00:00] === color-links end (3.09s) ===
[2026-07-12T16:45:01+00:00] === color-links start ===
[2026-07-12T16:45:01+00:00] Unique deals in sheet: 2
[2026-07-12T16:45:01+00:00] Already green: 61, to check: 1
[2026-07-12T16:45:02+00:00] Categories: [3,5,7]
[2026-07-12T16:45:02+00:00] Fetched deals: 1
[2026-07-12T16:45:02+00:00] Colors: green=0 persisted=61, red=1
[2026-07-12T16:45:04+00:00] Cells updated: 2
[2026-07-12T16:45:04+00:00] === color-links end (2.24s) ===
[2026-07-12T17:00:01+00:00] === color-links start ===
[2026-07-12T17:00:01+00:00] Unique deals in sheet: 2
[2026-07-12T17:00:01+00:00] Already green: 61, to check: 1
[2026-07-12T17:00:01+00:00] Categories: [3,5,7]
[2026-07-12T17:00:02+00:00] Fetched deals: 1
[2026-07-12T17:00:02+00:00] Colors: green=0 persisted=61, red=1
[2026-07-12T17:00:04+00:00] Cells updated: 2
[2026-07-12T17:00:04+00:00] === color-links end (2.65s) ===
[2026-07-12T17:15:01+00:00] === color-links start ===
[2026-07-12T17:15:01+00:00] Unique deals in sheet: 2
[2026-07-12T17:15:01+00:00] Already green: 61, to check: 1
[2026-07-12T17:15:01+00:00] Categories: [3,5,7]
[2026-07-12T17:15:01+00:00] Fetched deals: 1
[2026-07-12T17:15:01+00:00] Colors: green=0 persisted=61, red=1
[2026-07-12T17:15:03+00:00] Cells updated: 2
[2026-07-12T17:15:03+00:00] === color-links end (2.64s) ===
[2026-07-12T17:30:01+00:00] === color-links start ===
[2026-07-12T17:30:01+00:00] Unique deals in sheet: 2
[2026-07-12T17:30:01+00:00] Already green: 61, to check: 1
[2026-07-12T17:30:01+00:00] Categories: [3,5,7]
[2026-07-12T17:30:02+00:00] Fetched deals: 1
[2026-07-12T17:30:02+00:00] Colors: green=0 persisted=61, red=1
[2026-07-12T17:30:03+00:00] Cells updated: 2
[2026-07-12T17:30:03+00:00] === color-links end (1.78s) ===
[2026-07-12T17:45:01+00:00] === color-links start ===
[2026-07-12T17:45:01+00:00] Unique deals in sheet: 2
[2026-07-12T17:45:01+00:00] Already green: 61, to check: 1
[2026-07-12T17:45:01+00:00] Categories: [3,5,7]
[2026-07-12T17:45:01+00:00] Fetched deals: 1
[2026-07-12T17:45:01+00:00] Colors: green=0 persisted=61, red=1
[2026-07-12T17:45:02+00:00] Cells updated: 2
[2026-07-12T17:45:02+00:00] === color-links end (1.7s) ===
[2026-07-12T18:00:01+00:00] === color-links start ===
[2026-07-12T18:00:01+00:00] Unique deals in sheet: 2
[2026-07-12T18:00:01+00:00] Already green: 61, to check: 1
[2026-07-12T18:00:01+00:00] Categories: [3,5,7]
[2026-07-12T18:00:01+00:00] Fetched deals: 1
[2026-07-12T18:00:01+00:00] Colors: green=0 persisted=61, red=1
[2026-07-12T18:00:03+00:00] Cells updated: 2
[2026-07-12T18:00:03+00:00] === color-links end (2.25s) ===
[2026-07-12T18:15:01+00:00] === color-links start ===
[2026-07-12T18:15:01+00:00] Unique deals in sheet: 2
[2026-07-12T18:15:01+00:00] Already green: 61, to check: 1
[2026-07-12T18:15:01+00:00] Categories: [3,5,7]
[2026-07-12T18:15:01+00:00] Fetched deals: 1
[2026-07-12T18:15:01+00:00] Colors: green=0 persisted=61, red=1
[2026-07-12T18:15:03+00:00] Cells updated: 2
[2026-07-12T18:15:03+00:00] === color-links end (2.78s) ===
[2026-07-12T18:30:01+00:00] === color-links start ===
[2026-07-12T18:30:01+00:00] Unique deals in sheet: 2
[2026-07-12T18:30:01+00:00] Already green: 61, to check: 1
[2026-07-12T18:30:02+00:00] Categories: [3,5,7]
[2026-07-12T18:30:02+00:00] Fetched deals: 1
[2026-07-12T18:30:02+00:00] Colors: green=0 persisted=61, red=1
[2026-07-12T18:30:04+00:00] Cells updated: 2
[2026-07-12T18:30:04+00:00] === color-links end (2.67s) ===
[2026-07-12T18:45:01+00:00] === color-links start ===
[2026-07-12T18:45:01+00:00] Unique deals in sheet: 2
[2026-07-12T18:45:01+00:00] Already green: 61, to check: 1
[2026-07-12T18:45:01+00:00] Categories: [3,5,7]
[2026-07-12T18:45:01+00:00] Fetched deals: 1
[2026-07-12T18:45:01+00:00] Colors: green=0 persisted=61, red=1
[2026-07-12T18:45:03+00:00] Cells updated: 2
[2026-07-12T18:45:03+00:00] === color-links end (2.04s) ===
[2026-07-12T19:00:01+00:00] === color-links start ===
[2026-07-12T19:00:01+00:00] Unique deals in sheet: 2
[2026-07-12T19:00:01+00:00] Already green: 61, to check: 1
[2026-07-12T19:00:01+00:00] Categories: [3,5,7]
[2026-07-12T19:00:02+00:00] Fetched deals: 1
[2026-07-12T19:00:02+00:00] Colors: green=0 persisted=61, red=1
[2026-07-12T19:00:03+00:00] Cells updated: 2
[2026-07-12T19:00:03+00:00] === color-links end (2.04s) ===
[2026-07-12T19:15:01+00:00] === color-links start ===
[2026-07-12T19:15:01+00:00] Unique deals in sheet: 2
[2026-07-12T19:15:01+00:00] Already green: 61, to check: 1
[2026-07-12T19:15:01+00:00] Categories: [3,5,7]
[2026-07-12T19:15:02+00:00] Fetched deals: 1
[2026-07-12T19:15:02+00:00] Colors: green=0 persisted=61, red=1
[2026-07-12T19:15:03+00:00] Cells updated: 2
[2026-07-12T19:15:03+00:00] === color-links end (2.07s) ===
[2026-07-12T19:30:01+00:00] === color-links start ===
[2026-07-12T19:30:01+00:00] Unique deals in sheet: 2
[2026-07-12T19:30:01+00:00] Already green: 61, to check: 1
[2026-07-12T19:30:01+00:00] Categories: [3,5,7]
[2026-07-12T19:30:01+00:00] Fetched deals: 1
[2026-07-12T19:30:01+00:00] Colors: green=0 persisted=61, red=1
[2026-07-12T19:30:04+00:00] Cells updated: 2
[2026-07-12T19:30:04+00:00] === color-links end (2.7s) ===
[2026-07-12T19:45:01+00:00] === color-links start ===
[2026-07-12T19:45:01+00:00] Unique deals in sheet: 2
[2026-07-12T19:45:01+00:00] Already green: 61, to check: 1
[2026-07-12T19:45:01+00:00] Categories: [3,5,7]
[2026-07-12T19:45:01+00:00] Fetched deals: 1
[2026-07-12T19:45:01+00:00] Colors: green=0 persisted=61, red=1
[2026-07-12T19:45:02+00:00] Cells updated: 2
[2026-07-12T19:45:02+00:00] === color-links end (1.82s) ===
[2026-07-12T20:00:01+00:00] === color-links start ===
[2026-07-12T20:00:01+00:00] Unique deals in sheet: 2
[2026-07-12T20:00:01+00:00] Already green: 61, to check: 1
[2026-07-12T20:00:02+00:00] Categories: [3,5,7]
[2026-07-12T20:00:02+00:00] Fetched deals: 1
[2026-07-12T20:00:02+00:00] Colors: green=0 persisted=61, red=1
[2026-07-12T20:00:03+00:00] Cells updated: 2
[2026-07-12T20:00:03+00:00] === color-links end (1.7s) ===
[2026-07-12T20:15:01+00:00] === color-links start ===
[2026-07-12T20:15:01+00:00] Unique deals in sheet: 2
[2026-07-12T20:15:01+00:00] Already green: 61, to check: 1
[2026-07-12T20:15:02+00:00] Categories: [3,5,7]
[2026-07-12T20:15:02+00:00] Fetched deals: 1
[2026-07-12T20:15:02+00:00] Colors: green=0 persisted=61, red=1
[2026-07-12T20:15:03+00:00] Cells updated: 2
[2026-07-12T20:15:03+00:00] === color-links end (1.81s) ===
[2026-07-12T20:30:01+00:00] === color-links start ===
[2026-07-12T20:30:01+00:00] Unique deals in sheet: 2
[2026-07-12T20:30:01+00:00] Already green: 61, to check: 1
[2026-07-12T20:30:01+00:00] Categories: [3,5,7]
[2026-07-12T20:30:01+00:00] Fetched deals: 1
[2026-07-12T20:30:01+00:00] Colors: green=0 persisted=61, red=1
[2026-07-12T20:30:03+00:00] Cells updated: 2
[2026-07-12T20:30:03+00:00] === color-links end (1.7s) ===
[2026-07-12T20:45:01+00:00] === color-links start ===
[2026-07-12T20:45:01+00:00] Unique deals in sheet: 2
[2026-07-12T20:45:01+00:00] Already green: 61, to check: 1
[2026-07-12T20:45:01+00:00] Categories: [3,5,7]
[2026-07-12T20:45:01+00:00] Fetched deals: 1
[2026-07-12T20:45:01+00:00] Colors: green=0 persisted=61, red=1
[2026-07-12T20:45:03+00:00] Cells updated: 2
[2026-07-12T20:45:03+00:00] === color-links end (2.09s) ===
[2026-07-12T21:00:01+00:00] === color-links start ===
[2026-07-12T21:00:01+00:00] Unique deals in sheet: 2
[2026-07-12T21:00:01+00:00] Already green: 61, to check: 1
[2026-07-12T21:00:05+00:00] Categories: [3,5,7]
[2026-07-12T21:00:07+00:00] Fetched deals: 1
[2026-07-12T21:00:07+00:00] Colors: green=0 persisted=61, red=1
[2026-07-12T21:00:08+00:00] Cells updated: 2
[2026-07-12T21:00:08+00:00] === color-links end (6.92s) ===
[2026-07-12T21:15:01+00:00] === color-links start ===
[2026-07-12T21:15:01+00:00] Unique deals in sheet: 2
[2026-07-12T21:15:01+00:00] Already green: 61, to check: 1
[2026-07-12T21:15:01+00:00] Categories: [3,5,7]
[2026-07-12T21:15:01+00:00] Fetched deals: 1
[2026-07-12T21:15:01+00:00] Colors: green=0 persisted=61, red=1
[2026-07-12T21:15:02+00:00] Cells updated: 2
[2026-07-12T21:15:02+00:00] === color-links end (1.57s) ===
[2026-07-12T21:30:01+00:00] === color-links start ===
[2026-07-12T21:30:01+00:00] Unique deals in sheet: 2
[2026-07-12T21:30:01+00:00] Already green: 61, to check: 1
[2026-07-12T21:30:01+00:00] Categories: [3,5,7]
[2026-07-12T21:30:01+00:00] Fetched deals: 1
[2026-07-12T21:30:01+00:00] Colors: green=0 persisted=61, red=1
[2026-07-12T21:30:02+00:00] Cells updated: 2
[2026-07-12T21:30:02+00:00] === color-links end (1.61s) ===
[2026-07-12T21:45:01+00:00] === color-links start ===
[2026-07-12T21:45:01+00:00] Unique deals in sheet: 2
[2026-07-12T21:45:01+00:00] Already green: 61, to check: 1
[2026-07-12T21:45:01+00:00] Categories: [3,5,7]
[2026-07-12T21:45:01+00:00] Fetched deals: 1
[2026-07-12T21:45:01+00:00] Colors: green=0 persisted=61, red=1
[2026-07-12T21:45:03+00:00] Cells updated: 2
[2026-07-12T21:45:03+00:00] === color-links end (2.51s) ===
[2026-07-12T22:00:01+00:00] === color-links start ===
[2026-07-12T22:00:01+00:00] Unique deals in sheet: 2
[2026-07-12T22:00:01+00:00] Already green: 61, to check: 1
[2026-07-12T22:00:01+00:00] Categories: [3,5,7]
[2026-07-12T22:00:01+00:00] Fetched deals: 1
[2026-07-12T22:00:01+00:00] Colors: green=0 persisted=61, red=1
[2026-07-12T22:00:03+00:00] Cells updated: 2
[2026-07-12T22:00:03+00:00] === color-links end (2.07s) ===
[2026-07-12T22:15:01+00:00] === color-links start ===
[2026-07-12T22:15:01+00:00] Unique deals in sheet: 2
[2026-07-12T22:15:01+00:00] Already green: 61, to check: 1
[2026-07-12T22:15:01+00:00] Categories: [3,5,7]
[2026-07-12T22:15:01+00:00] Fetched deals: 1
[2026-07-12T22:15:01+00:00] Colors: green=0 persisted=61, red=1
[2026-07-12T22:15:03+00:00] Cells updated: 2
[2026-07-12T22:15:03+00:00] === color-links end (2.07s) ===
[2026-07-12T22:30:01+00:00] === color-links start ===
[2026-07-12T22:30:01+00:00] Unique deals in sheet: 2
[2026-07-12T22:30:01+00:00] Already green: 61, to check: 1
[2026-07-12T22:30:01+00:00] Categories: [3,5,7]
[2026-07-12T22:30:01+00:00] Fetched deals: 1
[2026-07-12T22:30:01+00:00] Colors: green=0 persisted=61, red=1
[2026-07-12T22:30:02+00:00] Cells updated: 2
[2026-07-12T22:30:02+00:00] === color-links end (1.75s) ===
[2026-07-12T22:45:01+00:00] === color-links start ===
[2026-07-12T22:45:01+00:00] Unique deals in sheet: 2
[2026-07-12T22:45:01+00:00] Already green: 61, to check: 1
[2026-07-12T22:45:02+00:00] Categories: [3,5,7]
[2026-07-12T22:45:02+00:00] Fetched deals: 1
[2026-07-12T22:45:02+00:00] Colors: green=0 persisted=61, red=1
[2026-07-12T22:45:04+00:00] Cells updated: 2
[2026-07-12T22:45:04+00:00] === color-links end (2.58s) ===
[2026-07-12T23:00:01+00:00] === color-links start ===
[2026-07-12T23:00:01+00:00] Unique deals in sheet: 2
[2026-07-12T23:00:01+00:00] Already green: 61, to check: 1
[2026-07-12T23:00:01+00:00] Categories: [3,5,7]
[2026-07-12T23:00:01+00:00] Fetched deals: 1
[2026-07-12T23:00:01+00:00] Colors: green=0 persisted=61, red=1
[2026-07-12T23:00:03+00:00] Cells updated: 2
[2026-07-12T23:00:03+00:00] === color-links end (1.92s) ===
[2026-07-12T23:15:01+00:00] === color-links start ===
[2026-07-12T23:15:01+00:00] Unique deals in sheet: 2
[2026-07-12T23:15:01+00:00] Already green: 61, to check: 1
[2026-07-12T23:15:02+00:00] Categories: [3,5,7]
[2026-07-12T23:15:02+00:00] Fetched deals: 1
[2026-07-12T23:15:02+00:00] Colors: green=0 persisted=61, red=1
[2026-07-12T23:15:03+00:00] Cells updated: 2
[2026-07-12T23:15:03+00:00] === color-links end (1.74s) ===
[2026-07-12T23:30:01+00:00] === color-links start ===
[2026-07-12T23:30:01+00:00] Unique deals in sheet: 2
[2026-07-12T23:30:01+00:00] Already green: 61, to check: 1
[2026-07-12T23:30:01+00:00] Categories: [3,5,7]
[2026-07-12T23:30:01+00:00] Fetched deals: 1
[2026-07-12T23:30:01+00:00] Colors: green=0 persisted=61, red=1
[2026-07-12T23:30:02+00:00] Cells updated: 2
[2026-07-12T23:30:02+00:00] === color-links end (1.67s) ===
[2026-07-12T23:45:01+00:00] === color-links start ===
[2026-07-12T23:45:01+00:00] Unique deals in sheet: 2
[2026-07-12T23:45:01+00:00] Already green: 61, to check: 1
[2026-07-12T23:45:01+00:00] Categories: [3,5,7]
[2026-07-12T23:45:01+00:00] Fetched deals: 1
[2026-07-12T23:45:01+00:00] Colors: green=0 persisted=61, red=1
[2026-07-12T23:45:03+00:00] Cells updated: 2
[2026-07-12T23:45:03+00:00] === color-links end (2.03s) ===
