[2026-07-28T00:00:01+00:00] === color-links start ===
[2026-07-28T00:00:01+00:00] No cells state, nothing to color
[2026-07-28T00:00:01+00:00] === color-links end (0s) ===
[2026-07-28T00:15:01+00:00] === color-links start ===
[2026-07-28T00:15:01+00:00] No cells state, nothing to color
[2026-07-28T00:15:01+00:00] === color-links end (0s) ===
[2026-07-28T00:30:01+00:00] === color-links start ===
[2026-07-28T00:30:01+00:00] No cells state, nothing to color
[2026-07-28T00:30:01+00:00] === color-links end (0s) ===
[2026-07-28T00:45:01+00:00] === color-links start ===
[2026-07-28T00:45:01+00:00] No cells state, nothing to color
[2026-07-28T00:45:01+00:00] === color-links end (0s) ===
[2026-07-28T01:00:01+00:00] === color-links start ===
[2026-07-28T01:00:01+00:00] No cells state, nothing to color
[2026-07-28T01:00:01+00:00] === color-links end (0s) ===
[2026-07-28T01:15:01+00:00] === color-links start ===
[2026-07-28T01:15:01+00:00] No cells state, nothing to color
[2026-07-28T01:15:01+00:00] === color-links end (0s) ===
[2026-07-28T01:30:01+00:00] === color-links start ===
[2026-07-28T01:30:01+00:00] No cells state, nothing to color
[2026-07-28T01:30:01+00:00] === color-links end (0s) ===
[2026-07-28T01:45:02+00:00] === color-links start ===
[2026-07-28T01:45:02+00:00] No cells state, nothing to color
[2026-07-28T01:45:02+00:00] === color-links end (0s) ===
[2026-07-28T02:00:01+00:00] === color-links start ===
[2026-07-28T02:00:01+00:00] No cells state, nothing to color
[2026-07-28T02:00:01+00:00] === color-links end (0s) ===
[2026-07-28T02:15:01+00:00] === color-links start ===
[2026-07-28T02:15:01+00:00] No cells state, nothing to color
[2026-07-28T02:15:01+00:00] === color-links end (0s) ===
[2026-07-28T02:30:01+00:00] === color-links start ===
[2026-07-28T02:30:01+00:00] No cells state, nothing to color
[2026-07-28T02:30:01+00:00] === color-links end (0s) ===
[2026-07-28T02:45:01+00:00] === color-links start ===
[2026-07-28T02:45:01+00:00] No cells state, nothing to color
[2026-07-28T02:45:01+00:00] === color-links end (0s) ===
[2026-07-28T03:00:01+00:00] === color-links start ===
[2026-07-28T03:00:01+00:00] No cells state, nothing to color
[2026-07-28T03:00:01+00:00] === color-links end (0s) ===
[2026-07-28T03:15:01+00:00] === color-links start ===
[2026-07-28T03:15:01+00:00] No cells state, nothing to color
[2026-07-28T03:15:01+00:00] === color-links end (0s) ===
[2026-07-28T03:30:01+00:00] === color-links start ===
[2026-07-28T03:30:01+00:00] No cells state, nothing to color
[2026-07-28T03:30:01+00:00] === color-links end (0s) ===
[2026-07-28T03:45:01+00:00] === color-links start ===
[2026-07-28T03:45:01+00:00] No cells state, nothing to color
[2026-07-28T03:45:01+00:00] === color-links end (0s) ===
[2026-07-28T04:00:01+00:00] === color-links start ===
[2026-07-28T04:00:01+00:00] No cells state, nothing to color
[2026-07-28T04:00:01+00:00] === color-links end (0s) ===
[2026-07-28T04:15:02+00:00] === color-links start ===
[2026-07-28T04:15:02+00:00] No cells state, nothing to color
[2026-07-28T04:15:02+00:00] === color-links end (0s) ===
[2026-07-28T04:30:01+00:00] === color-links start ===
[2026-07-28T04:30:01+00:00] No cells state, nothing to color
[2026-07-28T04:30:01+00:00] === color-links end (0s) ===
[2026-07-28T04:45:01+00:00] === color-links start ===
[2026-07-28T04:45:01+00:00] No cells state, nothing to color
[2026-07-28T04:45:01+00:00] === color-links end (0s) ===
[2026-07-28T05:00:01+00:00] === color-links start ===
[2026-07-28T05:00:01+00:00] No cells state, nothing to color
[2026-07-28T05:00:01+00:00] === color-links end (0s) ===
[2026-07-28T05:15:01+00:00] === color-links start ===
[2026-07-28T05:15:01+00:00] No cells state, nothing to color
[2026-07-28T05:15:01+00:00] === color-links end (0s) ===
[2026-07-28T05:30:01+00:00] === color-links start ===
[2026-07-28T05:30:01+00:00] No cells state, nothing to color
[2026-07-28T05:30:01+00:00] === color-links end (0s) ===
[2026-07-28T05:45:01+00:00] === color-links start ===
[2026-07-28T05:45:01+00:00] No cells state, nothing to color
[2026-07-28T05:45:01+00:00] === color-links end (0s) ===
[2026-07-28T06:00:01+00:00] === color-links start ===
[2026-07-28T06:00:01+00:00] No cells state, nothing to color
[2026-07-28T06:00:01+00:00] === color-links end (0s) ===
[2026-07-28T06:15:01+00:00] === color-links start ===
[2026-07-28T06:15:01+00:00] No cells state, nothing to color
[2026-07-28T06:15:01+00:00] === color-links end (0s) ===
[2026-07-28T06:30:01+00:00] === color-links start ===
[2026-07-28T06:30:01+00:00] No cells state, nothing to color
[2026-07-28T06:30:01+00:00] === color-links end (0s) ===
[2026-07-28T06:45:02+00:00] === color-links start ===
[2026-07-28T06:45:02+00:00] No cells state, nothing to color
[2026-07-28T06:45:02+00:00] === color-links end (0s) ===
[2026-07-28T07:00:01+00:00] === color-links start ===
[2026-07-28T07:00:01+00:00] No cells state, nothing to color
[2026-07-28T07:00:01+00:00] === color-links end (0s) ===
[2026-07-28T07:15:01+00:00] === color-links start ===
[2026-07-28T07:15:01+00:00] No cells state, nothing to color
[2026-07-28T07:15:01+00:00] === color-links end (0s) ===
[2026-07-28T07:30:01+00:00] === color-links start ===
[2026-07-28T07:30:01+00:00] No cells state, nothing to color
[2026-07-28T07:30:01+00:00] === color-links end (0s) ===
[2026-07-28T07:45:01+00:00] === color-links start ===
[2026-07-28T07:45:01+00:00] No cells state, nothing to color
[2026-07-28T07:45:01+00:00] === color-links end (0s) ===
[2026-07-28T08:00:01+00:00] === color-links start ===
[2026-07-28T08:00:01+00:00] No cells state, nothing to color
[2026-07-28T08:00:01+00:00] === color-links end (0s) ===
[2026-07-28T08:15:01+00:00] === color-links start ===
[2026-07-28T08:15:01+00:00] No cells state, nothing to color
[2026-07-28T08:15:01+00:00] === color-links end (0s) ===
[2026-07-28T08:30:01+00:00] === color-links start ===
[2026-07-28T08:30:01+00:00] No cells state, nothing to color
[2026-07-28T08:30:01+00:00] === color-links end (0s) ===
[2026-07-28T08:45:01+00:00] === color-links start ===
[2026-07-28T08:45:01+00:00] No cells state, nothing to color
[2026-07-28T08:45:01+00:00] === color-links end (0s) ===
[2026-07-28T09:00:01+00:00] === color-links start ===
[2026-07-28T09:00:01+00:00] No cells state, nothing to color
[2026-07-28T09:00:01+00:00] === color-links end (0s) ===
[2026-07-28T09:15:01+00:00] === color-links start ===
[2026-07-28T09:15:01+00:00] No cells state, nothing to color
[2026-07-28T09:15:01+00:00] === color-links end (0s) ===
[2026-07-28T09:30:01+00:00] === color-links start ===
[2026-07-28T09:30:01+00:00] No cells state, nothing to color
[2026-07-28T09:30:01+00:00] === color-links end (0s) ===
[2026-07-28T09:45:01+00:00] === color-links start ===
[2026-07-28T09:45:01+00:00] No cells state, nothing to color
[2026-07-28T09:45:01+00:00] === color-links end (0s) ===
[2026-07-28T10:00:01+00:00] === color-links start ===
[2026-07-28T10:00:01+00:00] No cells state, nothing to color
[2026-07-28T10:00:01+00:00] === color-links end (0s) ===
[2026-07-28T10:15:01+00:00] === color-links start ===
[2026-07-28T10:15:01+00:00] No cells state, nothing to color
[2026-07-28T10:15:01+00:00] === color-links end (0s) ===
[2026-07-28T10:30:01+00:00] === color-links start ===
[2026-07-28T10:30:01+00:00] No cells state, nothing to color
[2026-07-28T10:30:01+00:00] === color-links end (0s) ===
[2026-07-28T10:45:01+00:00] === color-links start ===
[2026-07-28T10:45:01+00:00] No cells state, nothing to color
[2026-07-28T10:45:01+00:00] === color-links end (0s) ===
[2026-07-28T11:00:01+00:00] === color-links start ===
[2026-07-28T11:00:01+00:00] No cells state, nothing to color
[2026-07-28T11:00:01+00:00] === color-links end (0s) ===
[2026-07-28T11:15:01+00:00] === color-links start ===
[2026-07-28T11:15:01+00:00] No cells state, nothing to color
[2026-07-28T11:15:01+00:00] === color-links end (0s) ===
[2026-07-28T11:30:01+00:00] === color-links start ===
[2026-07-28T11:30:01+00:00] No cells state, nothing to color
[2026-07-28T11:30:01+00:00] === color-links end (0s) ===
[2026-07-28T11:45:01+00:00] === color-links start ===
[2026-07-28T11:45:01+00:00] No cells state, nothing to color
[2026-07-28T11:45:01+00:00] === color-links end (0.01s) ===
[2026-07-28T12:00:01+00:00] === color-links start ===
[2026-07-28T12:00:01+00:00] No cells state, nothing to color
[2026-07-28T12:00:01+00:00] === color-links end (0s) ===
[2026-07-28T12:15:01+00:00] === color-links start ===
[2026-07-28T12:15:01+00:00] No cells state, nothing to color
[2026-07-28T12:15:01+00:00] === color-links end (0s) ===
[2026-07-28T12:30:01+00:00] === color-links start ===
[2026-07-28T12:30:01+00:00] No cells state, nothing to color
[2026-07-28T12:30:01+00:00] === color-links end (0s) ===
[2026-07-28T12:45:01+00:00] === color-links start ===
[2026-07-28T12:45:01+00:00] No cells state, nothing to color
[2026-07-28T12:45:01+00:00] === color-links end (0s) ===
[2026-07-28T13:00:02+00:00] === color-links start ===
[2026-07-28T13:00:02+00:00] No cells state, nothing to color
[2026-07-28T13:00:02+00:00] === color-links end (0s) ===
[2026-07-28T13:15:01+00:00] === color-links start ===
[2026-07-28T13:15:01+00:00] No cells state, nothing to color
[2026-07-28T13:15:01+00:00] === color-links end (0s) ===
[2026-07-28T13:30:02+00:00] === color-links start ===
[2026-07-28T13:30:02+00:00] No cells state, nothing to color
[2026-07-28T13:30:02+00:00] === color-links end (0s) ===
[2026-07-28T13:45:01+00:00] === color-links start ===
[2026-07-28T13:45:01+00:00] No cells state, nothing to color
[2026-07-28T13:45:01+00:00] === color-links end (0s) ===
[2026-07-28T14:00:01+00:00] === color-links start ===
[2026-07-28T14:00:01+00:00] No cells state, nothing to color
[2026-07-28T14:00:01+00:00] === color-links end (0s) ===
[2026-07-28T14:15:01+00:00] === color-links start ===
[2026-07-28T14:15:01+00:00] No cells state, nothing to color
[2026-07-28T14:15:01+00:00] === color-links end (0s) ===
[2026-07-28T14:30:01+00:00] === color-links start ===
[2026-07-28T14:30:01+00:00] No cells state, nothing to color
[2026-07-28T14:30:01+00:00] === color-links end (0s) ===
[2026-07-28T14:45:01+00:00] === color-links start ===
[2026-07-28T14:45:01+00:00] No cells state, nothing to color
[2026-07-28T14:45:01+00:00] === color-links end (0s) ===
[2026-07-28T15:00:02+00:00] === color-links start ===
[2026-07-28T15:00:02+00:00] No cells state, nothing to color
[2026-07-28T15:00:02+00:00] === color-links end (0s) ===
[2026-07-28T15:15:01+00:00] === color-links start ===
[2026-07-28T15:15:01+00:00] No cells state, nothing to color
[2026-07-28T15:15:01+00:00] === color-links end (0s) ===
[2026-07-28T15:30:01+00:00] === color-links start ===
[2026-07-28T15:30:01+00:00] No cells state, nothing to color
[2026-07-28T15:30:01+00:00] === color-links end (0s) ===
[2026-07-28T15:45:01+00:00] === color-links start ===
[2026-07-28T15:45:01+00:00] No cells state, nothing to color
[2026-07-28T15:45:01+00:00] === color-links end (0s) ===
[2026-07-28T16:00:01+00:00] === color-links start ===
[2026-07-28T16:00:01+00:00] No cells state, nothing to color
[2026-07-28T16:00:01+00:00] === color-links end (0s) ===
[2026-07-28T16:15:01+00:00] === color-links start ===
[2026-07-28T16:15:01+00:00] No cells state, nothing to color
[2026-07-28T16:15:01+00:00] === color-links end (0s) ===
[2026-07-28T16:30:01+00:00] === color-links start ===
[2026-07-28T16:30:01+00:00] No cells state, nothing to color
[2026-07-28T16:30:01+00:00] === color-links end (0s) ===
[2026-07-28T16:45:01+00:00] === color-links start ===
[2026-07-28T16:45:01+00:00] No cells state, nothing to color
[2026-07-28T16:45:01+00:00] === color-links end (0s) ===
[2026-07-28T17:00:01+00:00] === color-links start ===
[2026-07-28T17:00:01+00:00] No cells state, nothing to color
[2026-07-28T17:00:01+00:00] === color-links end (0s) ===
[2026-07-28T17:15:01+00:00] === color-links start ===
[2026-07-28T17:15:01+00:00] Unique deals in sheet: 4
[2026-07-28T17:15:01+00:00] Already green: 63, to check: 3
[2026-07-28T17:15:01+00:00] Categories: [3,5,7]
[2026-07-28T17:15:01+00:00] Fetched deals: 3
[2026-07-28T17:15:01+00:00] NO-COLOR: {"id":"995","cat_id":"5","all_dates":["2026-07-30"],"UF_CRM_1750775559215":"[]","UF_CRM_1751015039070":"false","UF_CRM_1750920048783":"[595]","UF_CRM_1750920231839":"[]","UF_CRM_1770287721239":"[]","UF_CRM_1760359069161":"null","UF_CRM_1758266160075":"[]","UF_CRM_1758530158437":"null"}
[2026-07-28T17:15:01+00:00] NO-COLOR: {"id":"997","cat_id":"5","all_dates":["2026-07-29"],"UF_CRM_1750775559215":"[]","UF_CRM_1751015039070":"false","UF_CRM_1750920048783":"[597]","UF_CRM_1750920231839":"[]","UF_CRM_1770287721239":"[]","UF_CRM_1760359069161":"null","UF_CRM_1758266160075":"[]","UF_CRM_1758530158437":"null"}
[2026-07-28T17:15:01+00:00] Colors: green=0 persisted=63, red=1
[2026-07-28T17:15:04+00:00] Cells updated: 3
[2026-07-28T17:15:04+00:00] === color-links end (3.21s) ===
[2026-07-28T17:30:01+00:00] === color-links start ===
[2026-07-28T17:30:01+00:00] Unique deals in sheet: 5
[2026-07-28T17:30:01+00:00] Already green: 63, to check: 4
[2026-07-28T17:30:01+00:00] Categories: [3,5,7]
[2026-07-28T17:30:01+00:00] Fetched deals: 4
[2026-07-28T17:30:01+00:00] NO-COLOR: {"id":"995","cat_id":"5","all_dates":["2026-07-30"],"UF_CRM_1750775559215":"[]","UF_CRM_1751015039070":"false","UF_CRM_1750920048783":"[595]","UF_CRM_1750920231839":"[]","UF_CRM_1770287721239":"[]","UF_CRM_1760359069161":"null","UF_CRM_1758266160075":"[]","UF_CRM_1758530158437":"null"}
[2026-07-28T17:30:01+00:00] NO-COLOR: {"id":"997","cat_id":"5","all_dates":["2026-07-29"],"UF_CRM_1750775559215":"[]","UF_CRM_1751015039070":"false","UF_CRM_1750920048783":"[597]","UF_CRM_1750920231839":"[]","UF_CRM_1770287721239":"[]","UF_CRM_1760359069161":"null","UF_CRM_1758266160075":"[]","UF_CRM_1758530158437":"null"}
[2026-07-28T17:30:01+00:00] NO-COLOR: {"id":"999","cat_id":"5","all_dates":["2026-07-30"],"UF_CRM_1750775559215":"[]","UF_CRM_1751015039070":"false","UF_CRM_1750920048783":"[599]","UF_CRM_1750920231839":"[]","UF_CRM_1770287721239":"[]","UF_CRM_1760359069161":"null","UF_CRM_1758266160075":"[]","UF_CRM_1758530158437":"null"}
[2026-07-28T17:30:01+00:00] Colors: green=0 persisted=63, red=1
[2026-07-28T17:30:03+00:00] Cells updated: 4
[2026-07-28T17:30:03+00:00] === color-links end (2.04s) ===
[2026-07-28T17:45:01+00:00] === color-links start ===
[2026-07-28T17:45:01+00:00] Unique deals in sheet: 5
[2026-07-28T17:45:01+00:00] Already green: 63, to check: 4
[2026-07-28T17:45:01+00:00] Categories: [3,5,7]
[2026-07-28T17:45:01+00:00] Fetched deals: 4
[2026-07-28T17:45:01+00:00] NO-COLOR: {"id":"995","cat_id":"5","all_dates":["2026-07-30"],"UF_CRM_1750775559215":"[]","UF_CRM_1751015039070":"false","UF_CRM_1750920048783":"[595]","UF_CRM_1750920231839":"[]","UF_CRM_1770287721239":"[]","UF_CRM_1760359069161":"null","UF_CRM_1758266160075":"[]","UF_CRM_1758530158437":"null"}
[2026-07-28T17:45:01+00:00] NO-COLOR: {"id":"997","cat_id":"5","all_dates":["2026-07-29"],"UF_CRM_1750775559215":"[]","UF_CRM_1751015039070":"false","UF_CRM_1750920048783":"[597]","UF_CRM_1750920231839":"[]","UF_CRM_1770287721239":"[]","UF_CRM_1760359069161":"null","UF_CRM_1758266160075":"[]","UF_CRM_1758530158437":"null"}
[2026-07-28T17:45:01+00:00] NO-COLOR: {"id":"999","cat_id":"5","all_dates":["2026-07-30"],"UF_CRM_1750775559215":"[]","UF_CRM_1751015039070":"false","UF_CRM_1750920048783":"[599]","UF_CRM_1750920231839":"[]","UF_CRM_1770287721239":"[]","UF_CRM_1760359069161":"null","UF_CRM_1758266160075":"[]","UF_CRM_1758530158437":"null"}
[2026-07-28T17:45:01+00:00] Colors: green=0 persisted=63, red=1
[2026-07-28T17:45:04+00:00] Cells updated: 4
[2026-07-28T17:45:04+00:00] === color-links end (3.03s) ===
[2026-07-28T18:00:01+00:00] === color-links start ===
[2026-07-28T18:00:01+00:00] Unique deals in sheet: 5
[2026-07-28T18:00:01+00:00] Already green: 63, to check: 4
[2026-07-28T18:00:01+00:00] Categories: [3,5,7]
[2026-07-28T18:00:01+00:00] Fetched deals: 4
[2026-07-28T18:00:01+00:00] NO-COLOR: {"id":"995","cat_id":"5","all_dates":["2026-07-30"],"UF_CRM_1750775559215":"[]","UF_CRM_1751015039070":"false","UF_CRM_1750920048783":"[595]","UF_CRM_1750920231839":"[]","UF_CRM_1770287721239":"[]","UF_CRM_1760359069161":"null","UF_CRM_1758266160075":"[]","UF_CRM_1758530158437":"null"}
[2026-07-28T18:00:01+00:00] NO-COLOR: {"id":"997","cat_id":"5","all_dates":["2026-07-29"],"UF_CRM_1750775559215":"[]","UF_CRM_1751015039070":"false","UF_CRM_1750920048783":"[597]","UF_CRM_1750920231839":"[]","UF_CRM_1770287721239":"[]","UF_CRM_1760359069161":"null","UF_CRM_1758266160075":"[]","UF_CRM_1758530158437":"null"}
[2026-07-28T18:00:01+00:00] NO-COLOR: {"id":"999","cat_id":"5","all_dates":["2026-07-30"],"UF_CRM_1750775559215":"[]","UF_CRM_1751015039070":"false","UF_CRM_1750920048783":"[599]","UF_CRM_1750920231839":"[]","UF_CRM_1770287721239":"[]","UF_CRM_1760359069161":"null","UF_CRM_1758266160075":"[]","UF_CRM_1758530158437":"null"}
[2026-07-28T18:00:01+00:00] Colors: green=0 persisted=63, red=1
[2026-07-28T18:00:03+00:00] Cells updated: 4
[2026-07-28T18:00:03+00:00] === color-links end (2.57s) ===
[2026-07-28T18:15:01+00:00] === color-links start ===
[2026-07-28T18:15:01+00:00] Unique deals in sheet: 5
[2026-07-28T18:15:01+00:00] Already green: 63, to check: 4
[2026-07-28T18:15:01+00:00] Categories: [3,5,7]
[2026-07-28T18:15:01+00:00] Fetched deals: 4
[2026-07-28T18:15:01+00:00] NO-COLOR: {"id":"995","cat_id":"5","all_dates":["2026-07-30"],"UF_CRM_1750775559215":"[]","UF_CRM_1751015039070":"false","UF_CRM_1750920048783":"[595]","UF_CRM_1750920231839":"[]","UF_CRM_1770287721239":"[]","UF_CRM_1760359069161":"null","UF_CRM_1758266160075":"[]","UF_CRM_1758530158437":"null"}
[2026-07-28T18:15:01+00:00] NO-COLOR: {"id":"997","cat_id":"5","all_dates":["2026-07-29"],"UF_CRM_1750775559215":"[]","UF_CRM_1751015039070":"false","UF_CRM_1750920048783":"[597]","UF_CRM_1750920231839":"[]","UF_CRM_1770287721239":"[]","UF_CRM_1760359069161":"null","UF_CRM_1758266160075":"[]","UF_CRM_1758530158437":"null"}
[2026-07-28T18:15:01+00:00] NO-COLOR: {"id":"999","cat_id":"5","all_dates":["2026-07-30"],"UF_CRM_1750775559215":"[]","UF_CRM_1751015039070":"false","UF_CRM_1750920048783":"[599]","UF_CRM_1750920231839":"[]","UF_CRM_1770287721239":"[]","UF_CRM_1760359069161":"null","UF_CRM_1758266160075":"[]","UF_CRM_1758530158437":"null"}
[2026-07-28T18:15:01+00:00] Colors: green=0 persisted=63, red=1
[2026-07-28T18:15:04+00:00] Cells updated: 4
[2026-07-28T18:15:04+00:00] === color-links end (2.71s) ===
[2026-07-28T18:30:01+00:00] === color-links start ===
[2026-07-28T18:30:01+00:00] Unique deals in sheet: 5
[2026-07-28T18:30:01+00:00] Already green: 63, to check: 4
[2026-07-28T18:30:02+00:00] Categories: [3,5,7]
[2026-07-28T18:30:02+00:00] Fetched deals: 4
[2026-07-28T18:30:02+00:00] NO-COLOR: {"id":"995","cat_id":"5","all_dates":["2026-07-30"],"UF_CRM_1750775559215":"[]","UF_CRM_1751015039070":"false","UF_CRM_1750920048783":"[595]","UF_CRM_1750920231839":"[]","UF_CRM_1770287721239":"[]","UF_CRM_1760359069161":"null","UF_CRM_1758266160075":"[]","UF_CRM_1758530158437":"null"}
[2026-07-28T18:30:02+00:00] NO-COLOR: {"id":"997","cat_id":"5","all_dates":["2026-07-29"],"UF_CRM_1750775559215":"[]","UF_CRM_1751015039070":"false","UF_CRM_1750920048783":"[597]","UF_CRM_1750920231839":"[]","UF_CRM_1770287721239":"[]","UF_CRM_1760359069161":"null","UF_CRM_1758266160075":"[]","UF_CRM_1758530158437":"null"}
[2026-07-28T18:30:02+00:00] NO-COLOR: {"id":"999","cat_id":"5","all_dates":["2026-07-30"],"UF_CRM_1750775559215":"[]","UF_CRM_1751015039070":"false","UF_CRM_1750920048783":"[599]","UF_CRM_1750920231839":"[]","UF_CRM_1770287721239":"[]","UF_CRM_1760359069161":"null","UF_CRM_1758266160075":"[]","UF_CRM_1758530158437":"null"}
[2026-07-28T18:30:02+00:00] Colors: green=0 persisted=63, red=1
[2026-07-28T18:30:04+00:00] Cells updated: 4
[2026-07-28T18:30:04+00:00] === color-links end (2.3s) ===
[2026-07-28T18:45:01+00:00] === color-links start ===
[2026-07-28T18:45:01+00:00] Unique deals in sheet: 5
[2026-07-28T18:45:01+00:00] Already green: 63, to check: 4
[2026-07-28T18:45:01+00:00] Categories: [3,5,7]
[2026-07-28T18:45:01+00:00] Fetched deals: 4
[2026-07-28T18:45:01+00:00] NO-COLOR: {"id":"995","cat_id":"5","all_dates":["2026-07-30"],"UF_CRM_1750775559215":"[]","UF_CRM_1751015039070":"false","UF_CRM_1750920048783":"[595]","UF_CRM_1750920231839":"[]","UF_CRM_1770287721239":"[]","UF_CRM_1760359069161":"null","UF_CRM_1758266160075":"[]","UF_CRM_1758530158437":"null"}
[2026-07-28T18:45:01+00:00] NO-COLOR: {"id":"997","cat_id":"5","all_dates":["2026-07-29"],"UF_CRM_1750775559215":"[]","UF_CRM_1751015039070":"false","UF_CRM_1750920048783":"[597]","UF_CRM_1750920231839":"[]","UF_CRM_1770287721239":"[]","UF_CRM_1760359069161":"null","UF_CRM_1758266160075":"[]","UF_CRM_1758530158437":"null"}
[2026-07-28T18:45:01+00:00] NO-COLOR: {"id":"999","cat_id":"5","all_dates":["2026-07-30"],"UF_CRM_1750775559215":"[]","UF_CRM_1751015039070":"false","UF_CRM_1750920048783":"[599]","UF_CRM_1750920231839":"[]","UF_CRM_1770287721239":"[]","UF_CRM_1760359069161":"null","UF_CRM_1758266160075":"[]","UF_CRM_1758530158437":"null"}
[2026-07-28T18:45:01+00:00] Colors: green=0 persisted=63, red=1
[2026-07-28T18:45:03+00:00] Cells updated: 4
[2026-07-28T18:45:03+00:00] === color-links end (2.09s) ===
[2026-07-28T19:00:01+00:00] === color-links start ===
[2026-07-28T19:00:01+00:00] Unique deals in sheet: 5
[2026-07-28T19:00:01+00:00] Already green: 63, to check: 4
[2026-07-28T19:00:01+00:00] Categories: [3,5,7]
[2026-07-28T19:00:01+00:00] Fetched deals: 4
[2026-07-28T19:00:01+00:00] NO-COLOR: {"id":"995","cat_id":"5","all_dates":["2026-07-30"],"UF_CRM_1750775559215":"[]","UF_CRM_1751015039070":"false","UF_CRM_1750920048783":"[595]","UF_CRM_1750920231839":"[]","UF_CRM_1770287721239":"[]","UF_CRM_1760359069161":"null","UF_CRM_1758266160075":"[]","UF_CRM_1758530158437":"null"}
[2026-07-28T19:00:01+00:00] NO-COLOR: {"id":"997","cat_id":"5","all_dates":["2026-07-29"],"UF_CRM_1750775559215":"[]","UF_CRM_1751015039070":"false","UF_CRM_1750920048783":"[597]","UF_CRM_1750920231839":"[]","UF_CRM_1770287721239":"[]","UF_CRM_1760359069161":"null","UF_CRM_1758266160075":"[]","UF_CRM_1758530158437":"null"}
[2026-07-28T19:00:01+00:00] NO-COLOR: {"id":"999","cat_id":"5","all_dates":["2026-07-30"],"UF_CRM_1750775559215":"[]","UF_CRM_1751015039070":"false","UF_CRM_1750920048783":"[599]","UF_CRM_1750920231839":"[]","UF_CRM_1770287721239":"[]","UF_CRM_1760359069161":"null","UF_CRM_1758266160075":"[]","UF_CRM_1758530158437":"null"}
[2026-07-28T19:00:01+00:00] Colors: green=0 persisted=63, red=1
[2026-07-28T19:00:04+00:00] Cells updated: 4
[2026-07-28T19:00:04+00:00] === color-links end (2.72s) ===
[2026-07-28T19:15:01+00:00] === color-links start ===
[2026-07-28T19:15:01+00:00] Unique deals in sheet: 5
[2026-07-28T19:15:01+00:00] Already green: 63, to check: 4
[2026-07-28T19:15:01+00:00] Categories: [3,5,7]
[2026-07-28T19:15:02+00:00] Fetched deals: 4
[2026-07-28T19:15:02+00:00] NO-COLOR: {"id":"995","cat_id":"5","all_dates":["2026-07-30"],"UF_CRM_1750775559215":"[]","UF_CRM_1751015039070":"false","UF_CRM_1750920048783":"[595]","UF_CRM_1750920231839":"[]","UF_CRM_1770287721239":"[]","UF_CRM_1760359069161":"null","UF_CRM_1758266160075":"[]","UF_CRM_1758530158437":"null"}
[2026-07-28T19:15:02+00:00] NO-COLOR: {"id":"997","cat_id":"5","all_dates":["2026-07-29"],"UF_CRM_1750775559215":"[]","UF_CRM_1751015039070":"false","UF_CRM_1750920048783":"[597]","UF_CRM_1750920231839":"[]","UF_CRM_1770287721239":"[]","UF_CRM_1760359069161":"null","UF_CRM_1758266160075":"[]","UF_CRM_1758530158437":"null"}
[2026-07-28T19:15:02+00:00] NO-COLOR: {"id":"999","cat_id":"5","all_dates":["2026-07-30"],"UF_CRM_1750775559215":"[]","UF_CRM_1751015039070":"false","UF_CRM_1750920048783":"[599]","UF_CRM_1750920231839":"[]","UF_CRM_1770287721239":"[]","UF_CRM_1760359069161":"null","UF_CRM_1758266160075":"[]","UF_CRM_1758530158437":"null"}
[2026-07-28T19:15:02+00:00] Colors: green=0 persisted=63, red=1
[2026-07-28T19:15:03+00:00] Cells updated: 4
[2026-07-28T19:15:03+00:00] === color-links end (2.25s) ===
[2026-07-28T19:30:01+00:00] === color-links start ===
[2026-07-28T19:30:01+00:00] Unique deals in sheet: 5
[2026-07-28T19:30:01+00:00] Already green: 63, to check: 4
[2026-07-28T19:30:01+00:00] Categories: [3,5,7]
[2026-07-28T19:30:01+00:00] Fetched deals: 4
[2026-07-28T19:30:01+00:00] NO-COLOR: {"id":"995","cat_id":"5","all_dates":["2026-07-30"],"UF_CRM_1750775559215":"[]","UF_CRM_1751015039070":"false","UF_CRM_1750920048783":"[595]","UF_CRM_1750920231839":"[]","UF_CRM_1770287721239":"[]","UF_CRM_1760359069161":"null","UF_CRM_1758266160075":"[]","UF_CRM_1758530158437":"null"}
[2026-07-28T19:30:01+00:00] NO-COLOR: {"id":"997","cat_id":"5","all_dates":["2026-07-29"],"UF_CRM_1750775559215":"[]","UF_CRM_1751015039070":"false","UF_CRM_1750920048783":"[597]","UF_CRM_1750920231839":"[]","UF_CRM_1770287721239":"[]","UF_CRM_1760359069161":"null","UF_CRM_1758266160075":"[]","UF_CRM_1758530158437":"null"}
[2026-07-28T19:30:01+00:00] NO-COLOR: {"id":"999","cat_id":"5","all_dates":["2026-07-30"],"UF_CRM_1750775559215":"[]","UF_CRM_1751015039070":"false","UF_CRM_1750920048783":"[599]","UF_CRM_1750920231839":"[]","UF_CRM_1770287721239":"[]","UF_CRM_1760359069161":"null","UF_CRM_1758266160075":"[]","UF_CRM_1758530158437":"null"}
[2026-07-28T19:30:01+00:00] Colors: green=0 persisted=63, red=1
[2026-07-28T19:30:02+00:00] Cells updated: 4
[2026-07-28T19:30:02+00:00] === color-links end (1.6s) ===
[2026-07-28T19:45:01+00:00] === color-links start ===
[2026-07-28T19:45:01+00:00] Unique deals in sheet: 5
[2026-07-28T19:45:01+00:00] Already green: 63, to check: 4
[2026-07-28T19:45:02+00:00] Categories: [3,5,7]
[2026-07-28T19:45:02+00:00] Fetched deals: 4
[2026-07-28T19:45:02+00:00] NO-COLOR: {"id":"995","cat_id":"5","all_dates":["2026-07-30"],"UF_CRM_1750775559215":"[]","UF_CRM_1751015039070":"false","UF_CRM_1750920048783":"[595]","UF_CRM_1750920231839":"[]","UF_CRM_1770287721239":"[]","UF_CRM_1760359069161":"null","UF_CRM_1758266160075":"[]","UF_CRM_1758530158437":"null"}
[2026-07-28T19:45:02+00:00] NO-COLOR: {"id":"997","cat_id":"5","all_dates":["2026-07-29"],"UF_CRM_1750775559215":"[]","UF_CRM_1751015039070":"false","UF_CRM_1750920048783":"[597]","UF_CRM_1750920231839":"[]","UF_CRM_1770287721239":"[]","UF_CRM_1760359069161":"null","UF_CRM_1758266160075":"[]","UF_CRM_1758530158437":"null"}
[2026-07-28T19:45:02+00:00] NO-COLOR: {"id":"999","cat_id":"5","all_dates":["2026-07-30"],"UF_CRM_1750775559215":"[]","UF_CRM_1751015039070":"false","UF_CRM_1750920048783":"[599]","UF_CRM_1750920231839":"[]","UF_CRM_1770287721239":"[]","UF_CRM_1760359069161":"null","UF_CRM_1758266160075":"[]","UF_CRM_1758530158437":"null"}
[2026-07-28T19:45:02+00:00] Colors: green=0 persisted=63, red=1
[2026-07-28T19:45:03+00:00] Cells updated: 4
[2026-07-28T19:45:03+00:00] === color-links end (1.62s) ===
[2026-07-28T20:00:01+00:00] === color-links start ===
[2026-07-28T20:00:01+00:00] Unique deals in sheet: 5
[2026-07-28T20:00:01+00:00] Already green: 63, to check: 4
[2026-07-28T20:00:01+00:00] Categories: [3,5,7]
[2026-07-28T20:00:01+00:00] Fetched deals: 4
[2026-07-28T20:00:01+00:00] NO-COLOR: {"id":"995","cat_id":"5","all_dates":["2026-07-30"],"UF_CRM_1750775559215":"[]","UF_CRM_1751015039070":"false","UF_CRM_1750920048783":"[595]","UF_CRM_1750920231839":"[]","UF_CRM_1770287721239":"[]","UF_CRM_1760359069161":"null","UF_CRM_1758266160075":"[]","UF_CRM_1758530158437":"null"}
[2026-07-28T20:00:01+00:00] NO-COLOR: {"id":"997","cat_id":"5","all_dates":["2026-07-29"],"UF_CRM_1750775559215":"[]","UF_CRM_1751015039070":"false","UF_CRM_1750920048783":"[597]","UF_CRM_1750920231839":"[]","UF_CRM_1770287721239":"[]","UF_CRM_1760359069161":"null","UF_CRM_1758266160075":"[]","UF_CRM_1758530158437":"null"}
[2026-07-28T20:00:01+00:00] NO-COLOR: {"id":"999","cat_id":"5","all_dates":["2026-07-30"],"UF_CRM_1750775559215":"[]","UF_CRM_1751015039070":"false","UF_CRM_1750920048783":"[599]","UF_CRM_1750920231839":"[]","UF_CRM_1770287721239":"[]","UF_CRM_1760359069161":"null","UF_CRM_1758266160075":"[]","UF_CRM_1758530158437":"null"}
[2026-07-28T20:00:01+00:00] Colors: green=0 persisted=63, red=1
[2026-07-28T20:00:03+00:00] Cells updated: 4
[2026-07-28T20:00:03+00:00] === color-links end (2.25s) ===
[2026-07-28T20:15:01+00:00] === color-links start ===
[2026-07-28T20:15:01+00:00] Unique deals in sheet: 5
[2026-07-28T20:15:01+00:00] Already green: 63, to check: 4
[2026-07-28T20:15:02+00:00] Categories: [3,5,7]
[2026-07-28T20:15:02+00:00] Fetched deals: 4
[2026-07-28T20:15:02+00:00] NO-COLOR: {"id":"995","cat_id":"5","all_dates":["2026-07-30"],"UF_CRM_1750775559215":"[]","UF_CRM_1751015039070":"false","UF_CRM_1750920048783":"[595]","UF_CRM_1750920231839":"[]","UF_CRM_1770287721239":"[]","UF_CRM_1760359069161":"null","UF_CRM_1758266160075":"[]","UF_CRM_1758530158437":"null"}
[2026-07-28T20:15:02+00:00] NO-COLOR: {"id":"997","cat_id":"5","all_dates":["2026-07-29"],"UF_CRM_1750775559215":"[]","UF_CRM_1751015039070":"false","UF_CRM_1750920048783":"[597]","UF_CRM_1750920231839":"[]","UF_CRM_1770287721239":"[]","UF_CRM_1760359069161":"null","UF_CRM_1758266160075":"[]","UF_CRM_1758530158437":"null"}
[2026-07-28T20:15:02+00:00] NO-COLOR: {"id":"999","cat_id":"5","all_dates":["2026-07-30"],"UF_CRM_1750775559215":"[]","UF_CRM_1751015039070":"false","UF_CRM_1750920048783":"[599]","UF_CRM_1750920231839":"[]","UF_CRM_1770287721239":"[]","UF_CRM_1760359069161":"null","UF_CRM_1758266160075":"[]","UF_CRM_1758530158437":"null"}
[2026-07-28T20:15:02+00:00] Colors: green=0 persisted=63, red=1
[2026-07-28T20:15:04+00:00] Cells updated: 4
[2026-07-28T20:15:04+00:00] === color-links end (2.31s) ===
[2026-07-28T20:30:01+00:00] === color-links start ===
[2026-07-28T20:30:01+00:00] Unique deals in sheet: 5
[2026-07-28T20:30:01+00:00] Already green: 63, to check: 4
[2026-07-28T20:30:01+00:00] Categories: [3,5,7]
[2026-07-28T20:30:01+00:00] Fetched deals: 4
[2026-07-28T20:30:01+00:00] NO-COLOR: {"id":"995","cat_id":"5","all_dates":["2026-07-30"],"UF_CRM_1750775559215":"[]","UF_CRM_1751015039070":"false","UF_CRM_1750920048783":"[595]","UF_CRM_1750920231839":"[]","UF_CRM_1770287721239":"[]","UF_CRM_1760359069161":"null","UF_CRM_1758266160075":"[]","UF_CRM_1758530158437":"null"}
[2026-07-28T20:30:01+00:00] NO-COLOR: {"id":"997","cat_id":"5","all_dates":["2026-07-29"],"UF_CRM_1750775559215":"[]","UF_CRM_1751015039070":"false","UF_CRM_1750920048783":"[597]","UF_CRM_1750920231839":"[]","UF_CRM_1770287721239":"[]","UF_CRM_1760359069161":"null","UF_CRM_1758266160075":"[]","UF_CRM_1758530158437":"null"}
[2026-07-28T20:30:01+00:00] NO-COLOR: {"id":"999","cat_id":"5","all_dates":["2026-07-30"],"UF_CRM_1750775559215":"[]","UF_CRM_1751015039070":"false","UF_CRM_1750920048783":"[599]","UF_CRM_1750920231839":"[]","UF_CRM_1770287721239":"[]","UF_CRM_1760359069161":"null","UF_CRM_1758266160075":"[]","UF_CRM_1758530158437":"null"}
[2026-07-28T20:30:01+00:00] Colors: green=0 persisted=63, red=1
[2026-07-28T20:30:03+00:00] Cells updated: 4
[2026-07-28T20:30:03+00:00] === color-links end (2.21s) ===
[2026-07-28T20:45:02+00:00] === color-links start ===
[2026-07-28T20:45:02+00:00] Unique deals in sheet: 5
[2026-07-28T20:45:02+00:00] Already green: 63, to check: 4
[2026-07-28T20:45:02+00:00] Categories: [3,5,7]
[2026-07-28T20:45:02+00:00] Fetched deals: 4
[2026-07-28T20:45:02+00:00] NO-COLOR: {"id":"995","cat_id":"5","all_dates":["2026-07-30"],"UF_CRM_1750775559215":"[]","UF_CRM_1751015039070":"false","UF_CRM_1750920048783":"[595]","UF_CRM_1750920231839":"[]","UF_CRM_1770287721239":"[]","UF_CRM_1760359069161":"null","UF_CRM_1758266160075":"[]","UF_CRM_1758530158437":"null"}
[2026-07-28T20:45:02+00:00] NO-COLOR: {"id":"997","cat_id":"5","all_dates":["2026-07-29"],"UF_CRM_1750775559215":"[]","UF_CRM_1751015039070":"false","UF_CRM_1750920048783":"[597]","UF_CRM_1750920231839":"[]","UF_CRM_1770287721239":"[]","UF_CRM_1760359069161":"null","UF_CRM_1758266160075":"[]","UF_CRM_1758530158437":"null"}
[2026-07-28T20:45:02+00:00] NO-COLOR: {"id":"999","cat_id":"5","all_dates":["2026-07-30"],"UF_CRM_1750775559215":"[]","UF_CRM_1751015039070":"false","UF_CRM_1750920048783":"[599]","UF_CRM_1750920231839":"[]","UF_CRM_1770287721239":"[]","UF_CRM_1760359069161":"null","UF_CRM_1758266160075":"[]","UF_CRM_1758530158437":"null"}
[2026-07-28T20:45:02+00:00] Colors: green=0 persisted=63, red=1
[2026-07-28T20:45:03+00:00] Cells updated: 4
[2026-07-28T20:45:03+00:00] === color-links end (1.61s) ===
[2026-07-28T21:00:01+00:00] === color-links start ===
[2026-07-28T21:00:01+00:00] Unique deals in sheet: 5
[2026-07-28T21:00:01+00:00] Already green: 63, to check: 4
[2026-07-28T21:00:04+00:00] Categories: [3,5,7]
[2026-07-28T21:00:09+00:00] Fetched deals: 4
[2026-07-28T21:00:09+00:00] NO-COLOR: {"id":"995","cat_id":"5","all_dates":["2026-07-30"],"UF_CRM_1750775559215":"[]","UF_CRM_1751015039070":"false","UF_CRM_1750920048783":"[595]","UF_CRM_1750920231839":"[]","UF_CRM_1770287721239":"[]","UF_CRM_1760359069161":"null","UF_CRM_1758266160075":"[]","UF_CRM_1758530158437":"null"}
[2026-07-28T21:00:09+00:00] NO-COLOR: {"id":"997","cat_id":"5","all_dates":["2026-07-29"],"UF_CRM_1750775559215":"[]","UF_CRM_1751015039070":"false","UF_CRM_1750920048783":"[597]","UF_CRM_1750920231839":"[]","UF_CRM_1770287721239":"[]","UF_CRM_1760359069161":"null","UF_CRM_1758266160075":"[]","UF_CRM_1758530158437":"null"}
[2026-07-28T21:00:09+00:00] NO-COLOR: {"id":"999","cat_id":"5","all_dates":["2026-07-30"],"UF_CRM_1750775559215":"[]","UF_CRM_1751015039070":"false","UF_CRM_1750920048783":"[599]","UF_CRM_1750920231839":"[]","UF_CRM_1770287721239":"[]","UF_CRM_1760359069161":"null","UF_CRM_1758266160075":"[]","UF_CRM_1758530158437":"null"}
[2026-07-28T21:00:09+00:00] Colors: green=0 persisted=63, red=1
[2026-07-28T21:00:10+00:00] Cells updated: 4
[2026-07-28T21:00:10+00:00] === color-links end (9.32s) ===
[2026-07-28T21:15:01+00:00] === color-links start ===
[2026-07-28T21:15:01+00:00] Unique deals in sheet: 5
[2026-07-28T21:15:01+00:00] Already green: 63, to check: 4
[2026-07-28T21:15:01+00:00] Categories: [3,5,7]
[2026-07-28T21:15:01+00:00] Fetched deals: 4
[2026-07-28T21:15:01+00:00] NO-COLOR: {"id":"995","cat_id":"5","all_dates":["2026-07-30"],"UF_CRM_1750775559215":"[]","UF_CRM_1751015039070":"false","UF_CRM_1750920048783":"[595]","UF_CRM_1750920231839":"[]","UF_CRM_1770287721239":"[]","UF_CRM_1760359069161":"null","UF_CRM_1758266160075":"[]","UF_CRM_1758530158437":"null"}
[2026-07-28T21:15:01+00:00] NO-COLOR: {"id":"997","cat_id":"5","all_dates":["2026-07-29"],"UF_CRM_1750775559215":"[]","UF_CRM_1751015039070":"false","UF_CRM_1750920048783":"[597]","UF_CRM_1750920231839":"[]","UF_CRM_1770287721239":"[]","UF_CRM_1760359069161":"null","UF_CRM_1758266160075":"[]","UF_CRM_1758530158437":"null"}
[2026-07-28T21:15:01+00:00] NO-COLOR: {"id":"999","cat_id":"5","all_dates":["2026-07-30"],"UF_CRM_1750775559215":"[]","UF_CRM_1751015039070":"false","UF_CRM_1750920048783":"[599]","UF_CRM_1750920231839":"[]","UF_CRM_1770287721239":"[]","UF_CRM_1760359069161":"null","UF_CRM_1758266160075":"[]","UF_CRM_1758530158437":"null"}
[2026-07-28T21:15:01+00:00] Colors: green=0 persisted=63, red=1
[2026-07-28T21:15:03+00:00] Cells updated: 4
[2026-07-28T21:15:03+00:00] === color-links end (2.17s) ===
[2026-07-28T21:30:01+00:00] === color-links start ===
[2026-07-28T21:30:01+00:00] Unique deals in sheet: 5
[2026-07-28T21:30:01+00:00] Already green: 63, to check: 4
[2026-07-28T21:30:01+00:00] Categories: [3,5,7]
[2026-07-28T21:30:01+00:00] Fetched deals: 4
[2026-07-28T21:30:01+00:00] NO-COLOR: {"id":"995","cat_id":"5","all_dates":["2026-07-30"],"UF_CRM_1750775559215":"[]","UF_CRM_1751015039070":"false","UF_CRM_1750920048783":"[595]","UF_CRM_1750920231839":"[]","UF_CRM_1770287721239":"[]","UF_CRM_1760359069161":"null","UF_CRM_1758266160075":"[]","UF_CRM_1758530158437":"null"}
[2026-07-28T21:30:01+00:00] NO-COLOR: {"id":"997","cat_id":"5","all_dates":["2026-07-29"],"UF_CRM_1750775559215":"[]","UF_CRM_1751015039070":"false","UF_CRM_1750920048783":"[597]","UF_CRM_1750920231839":"[]","UF_CRM_1770287721239":"[]","UF_CRM_1760359069161":"null","UF_CRM_1758266160075":"[]","UF_CRM_1758530158437":"null"}
[2026-07-28T21:30:01+00:00] NO-COLOR: {"id":"999","cat_id":"5","all_dates":["2026-07-30"],"UF_CRM_1750775559215":"[]","UF_CRM_1751015039070":"false","UF_CRM_1750920048783":"[599]","UF_CRM_1750920231839":"[]","UF_CRM_1770287721239":"[]","UF_CRM_1760359069161":"null","UF_CRM_1758266160075":"[]","UF_CRM_1758530158437":"null"}
[2026-07-28T21:30:01+00:00] Colors: green=0 persisted=63, red=1
[2026-07-28T21:30:03+00:00] Cells updated: 4
[2026-07-28T21:30:03+00:00] === color-links end (1.66s) ===
[2026-07-28T21:45:01+00:00] === color-links start ===
[2026-07-28T21:45:01+00:00] Unique deals in sheet: 5
[2026-07-28T21:45:01+00:00] Already green: 63, to check: 4
[2026-07-28T21:45:01+00:00] Categories: [3,5,7]
[2026-07-28T21:45:01+00:00] Fetched deals: 4
[2026-07-28T21:45:01+00:00] NO-COLOR: {"id":"995","cat_id":"5","all_dates":["2026-07-30"],"UF_CRM_1750775559215":"[]","UF_CRM_1751015039070":"false","UF_CRM_1750920048783":"[595]","UF_CRM_1750920231839":"[]","UF_CRM_1770287721239":"[]","UF_CRM_1760359069161":"null","UF_CRM_1758266160075":"[]","UF_CRM_1758530158437":"null"}
[2026-07-28T21:45:01+00:00] NO-COLOR: {"id":"997","cat_id":"5","all_dates":["2026-07-29"],"UF_CRM_1750775559215":"[]","UF_CRM_1751015039070":"false","UF_CRM_1750920048783":"[597]","UF_CRM_1750920231839":"[]","UF_CRM_1770287721239":"[]","UF_CRM_1760359069161":"null","UF_CRM_1758266160075":"[]","UF_CRM_1758530158437":"null"}
[2026-07-28T21:45:01+00:00] NO-COLOR: {"id":"999","cat_id":"5","all_dates":["2026-07-30"],"UF_CRM_1750775559215":"[]","UF_CRM_1751015039070":"false","UF_CRM_1750920048783":"[599]","UF_CRM_1750920231839":"[]","UF_CRM_1770287721239":"[]","UF_CRM_1760359069161":"null","UF_CRM_1758266160075":"[]","UF_CRM_1758530158437":"null"}
[2026-07-28T21:45:01+00:00] Colors: green=0 persisted=63, red=1
[2026-07-28T21:45:02+00:00] Cells updated: 4
[2026-07-28T21:45:02+00:00] === color-links end (1.53s) ===
[2026-07-28T22:00:01+00:00] === color-links start ===
[2026-07-28T22:00:01+00:00] Unique deals in sheet: 5
[2026-07-28T22:00:01+00:00] Already green: 63, to check: 4
[2026-07-28T22:00:02+00:00] Categories: [3,5,7]
[2026-07-28T22:00:02+00:00] Fetched deals: 4
[2026-07-28T22:00:02+00:00] NO-COLOR: {"id":"995","cat_id":"5","all_dates":["2026-07-30"],"UF_CRM_1750775559215":"[]","UF_CRM_1751015039070":"false","UF_CRM_1750920048783":"[595]","UF_CRM_1750920231839":"[]","UF_CRM_1770287721239":"[]","UF_CRM_1760359069161":"null","UF_CRM_1758266160075":"[]","UF_CRM_1758530158437":"null"}
[2026-07-28T22:00:02+00:00] NO-COLOR: {"id":"997","cat_id":"5","all_dates":["2026-07-29"],"UF_CRM_1750775559215":"[]","UF_CRM_1751015039070":"false","UF_CRM_1750920048783":"[597]","UF_CRM_1750920231839":"[]","UF_CRM_1770287721239":"[]","UF_CRM_1760359069161":"null","UF_CRM_1758266160075":"[]","UF_CRM_1758530158437":"null"}
[2026-07-28T22:00:02+00:00] NO-COLOR: {"id":"999","cat_id":"5","all_dates":["2026-07-30"],"UF_CRM_1750775559215":"[]","UF_CRM_1751015039070":"false","UF_CRM_1750920048783":"[599]","UF_CRM_1750920231839":"[]","UF_CRM_1770287721239":"[]","UF_CRM_1760359069161":"null","UF_CRM_1758266160075":"[]","UF_CRM_1758530158437":"null"}
[2026-07-28T22:00:02+00:00] Colors: green=0 persisted=63, red=1
[2026-07-28T22:00:03+00:00] Cells updated: 4
[2026-07-28T22:00:03+00:00] === color-links end (1.92s) ===
[2026-07-28T22:15:01+00:00] === color-links start ===
[2026-07-28T22:15:01+00:00] Unique deals in sheet: 5
[2026-07-28T22:15:01+00:00] Already green: 63, to check: 4
[2026-07-28T22:15:01+00:00] Categories: [3,5,7]
[2026-07-28T22:15:01+00:00] Fetched deals: 4
[2026-07-28T22:15:01+00:00] NO-COLOR: {"id":"995","cat_id":"5","all_dates":["2026-07-30"],"UF_CRM_1750775559215":"[]","UF_CRM_1751015039070":"false","UF_CRM_1750920048783":"[595]","UF_CRM_1750920231839":"[]","UF_CRM_1770287721239":"[]","UF_CRM_1760359069161":"null","UF_CRM_1758266160075":"[]","UF_CRM_1758530158437":"null"}
[2026-07-28T22:15:01+00:00] NO-COLOR: {"id":"997","cat_id":"5","all_dates":["2026-07-29"],"UF_CRM_1750775559215":"[]","UF_CRM_1751015039070":"false","UF_CRM_1750920048783":"[597]","UF_CRM_1750920231839":"[]","UF_CRM_1770287721239":"[]","UF_CRM_1760359069161":"null","UF_CRM_1758266160075":"[]","UF_CRM_1758530158437":"null"}
[2026-07-28T22:15:01+00:00] NO-COLOR: {"id":"999","cat_id":"5","all_dates":["2026-07-30"],"UF_CRM_1750775559215":"[]","UF_CRM_1751015039070":"false","UF_CRM_1750920048783":"[599]","UF_CRM_1750920231839":"[]","UF_CRM_1770287721239":"[]","UF_CRM_1760359069161":"null","UF_CRM_1758266160075":"[]","UF_CRM_1758530158437":"null"}
[2026-07-28T22:15:01+00:00] Colors: green=0 persisted=63, red=1
[2026-07-28T22:15:02+00:00] Cells updated: 4
[2026-07-28T22:15:02+00:00] === color-links end (1.55s) ===
[2026-07-28T22:30:01+00:00] === color-links start ===
[2026-07-28T22:30:01+00:00] Unique deals in sheet: 5
[2026-07-28T22:30:01+00:00] Already green: 63, to check: 4
[2026-07-28T22:30:01+00:00] Categories: [3,5,7]
[2026-07-28T22:30:01+00:00] Fetched deals: 4
[2026-07-28T22:30:01+00:00] NO-COLOR: {"id":"995","cat_id":"5","all_dates":["2026-07-30"],"UF_CRM_1750775559215":"[]","UF_CRM_1751015039070":"false","UF_CRM_1750920048783":"[595]","UF_CRM_1750920231839":"[]","UF_CRM_1770287721239":"[]","UF_CRM_1760359069161":"null","UF_CRM_1758266160075":"[]","UF_CRM_1758530158437":"null"}
[2026-07-28T22:30:01+00:00] NO-COLOR: {"id":"997","cat_id":"5","all_dates":["2026-07-29"],"UF_CRM_1750775559215":"[]","UF_CRM_1751015039070":"false","UF_CRM_1750920048783":"[597]","UF_CRM_1750920231839":"[]","UF_CRM_1770287721239":"[]","UF_CRM_1760359069161":"null","UF_CRM_1758266160075":"[]","UF_CRM_1758530158437":"null"}
[2026-07-28T22:30:01+00:00] NO-COLOR: {"id":"999","cat_id":"5","all_dates":["2026-07-30"],"UF_CRM_1750775559215":"[]","UF_CRM_1751015039070":"false","UF_CRM_1750920048783":"[599]","UF_CRM_1750920231839":"[]","UF_CRM_1770287721239":"[]","UF_CRM_1760359069161":"null","UF_CRM_1758266160075":"[]","UF_CRM_1758530158437":"null"}
[2026-07-28T22:30:01+00:00] Colors: green=0 persisted=63, red=1
[2026-07-28T22:30:03+00:00] Cells updated: 4
[2026-07-28T22:30:03+00:00] === color-links end (2.08s) ===
[2026-07-28T22:45:01+00:00] === color-links start ===
[2026-07-28T22:45:01+00:00] Unique deals in sheet: 5
[2026-07-28T22:45:01+00:00] Already green: 63, to check: 4
[2026-07-28T22:45:01+00:00] Categories: [3,5,7]
[2026-07-28T22:45:01+00:00] Fetched deals: 4
[2026-07-28T22:45:01+00:00] NO-COLOR: {"id":"995","cat_id":"5","all_dates":["2026-07-30"],"UF_CRM_1750775559215":"[]","UF_CRM_1751015039070":"false","UF_CRM_1750920048783":"[595]","UF_CRM_1750920231839":"[]","UF_CRM_1770287721239":"[]","UF_CRM_1760359069161":"null","UF_CRM_1758266160075":"[]","UF_CRM_1758530158437":"null"}
[2026-07-28T22:45:01+00:00] NO-COLOR: {"id":"997","cat_id":"5","all_dates":["2026-07-29"],"UF_CRM_1750775559215":"[]","UF_CRM_1751015039070":"false","UF_CRM_1750920048783":"[597]","UF_CRM_1750920231839":"[]","UF_CRM_1770287721239":"[]","UF_CRM_1760359069161":"null","UF_CRM_1758266160075":"[]","UF_CRM_1758530158437":"null"}
[2026-07-28T22:45:01+00:00] NO-COLOR: {"id":"999","cat_id":"5","all_dates":["2026-07-30"],"UF_CRM_1750775559215":"[]","UF_CRM_1751015039070":"false","UF_CRM_1750920048783":"[599]","UF_CRM_1750920231839":"[]","UF_CRM_1770287721239":"[]","UF_CRM_1760359069161":"null","UF_CRM_1758266160075":"[]","UF_CRM_1758530158437":"null"}
[2026-07-28T22:45:01+00:00] Colors: green=0 persisted=63, red=1
[2026-07-28T22:45:02+00:00] Cells updated: 4
[2026-07-28T22:45:02+00:00] === color-links end (1.53s) ===
[2026-07-28T23:00:01+00:00] === color-links start ===
[2026-07-28T23:00:01+00:00] Unique deals in sheet: 5
[2026-07-28T23:00:01+00:00] Already green: 63, to check: 4
[2026-07-28T23:00:01+00:00] Categories: [3,5,7]
[2026-07-28T23:00:01+00:00] Fetched deals: 4
[2026-07-28T23:00:01+00:00] NO-COLOR: {"id":"995","cat_id":"5","all_dates":["2026-07-30"],"UF_CRM_1750775559215":"[]","UF_CRM_1751015039070":"false","UF_CRM_1750920048783":"[595]","UF_CRM_1750920231839":"[]","UF_CRM_1770287721239":"[]","UF_CRM_1760359069161":"null","UF_CRM_1758266160075":"[]","UF_CRM_1758530158437":"null"}
[2026-07-28T23:00:01+00:00] NO-COLOR: {"id":"997","cat_id":"5","all_dates":["2026-07-29"],"UF_CRM_1750775559215":"[]","UF_CRM_1751015039070":"false","UF_CRM_1750920048783":"[597]","UF_CRM_1750920231839":"[]","UF_CRM_1770287721239":"[]","UF_CRM_1760359069161":"null","UF_CRM_1758266160075":"[]","UF_CRM_1758530158437":"null"}
[2026-07-28T23:00:01+00:00] NO-COLOR: {"id":"999","cat_id":"5","all_dates":["2026-07-30"],"UF_CRM_1750775559215":"[]","UF_CRM_1751015039070":"false","UF_CRM_1750920048783":"[599]","UF_CRM_1750920231839":"[]","UF_CRM_1770287721239":"[]","UF_CRM_1760359069161":"null","UF_CRM_1758266160075":"[]","UF_CRM_1758530158437":"null"}
[2026-07-28T23:00:01+00:00] Colors: green=0 persisted=63, red=1
[2026-07-28T23:00:03+00:00] Cells updated: 4
[2026-07-28T23:00:03+00:00] === color-links end (1.66s) ===
[2026-07-28T23:15:01+00:00] === color-links start ===
[2026-07-28T23:15:01+00:00] Unique deals in sheet: 5
[2026-07-28T23:15:01+00:00] Already green: 63, to check: 4
[2026-07-28T23:15:01+00:00] Categories: [3,5,7]
[2026-07-28T23:15:01+00:00] Fetched deals: 4
[2026-07-28T23:15:01+00:00] NO-COLOR: {"id":"995","cat_id":"5","all_dates":["2026-07-30"],"UF_CRM_1750775559215":"[]","UF_CRM_1751015039070":"false","UF_CRM_1750920048783":"[595]","UF_CRM_1750920231839":"[]","UF_CRM_1770287721239":"[]","UF_CRM_1760359069161":"null","UF_CRM_1758266160075":"[]","UF_CRM_1758530158437":"null"}
[2026-07-28T23:15:01+00:00] NO-COLOR: {"id":"997","cat_id":"5","all_dates":["2026-07-29"],"UF_CRM_1750775559215":"[]","UF_CRM_1751015039070":"false","UF_CRM_1750920048783":"[597]","UF_CRM_1750920231839":"[]","UF_CRM_1770287721239":"[]","UF_CRM_1760359069161":"null","UF_CRM_1758266160075":"[]","UF_CRM_1758530158437":"null"}
[2026-07-28T23:15:01+00:00] NO-COLOR: {"id":"999","cat_id":"5","all_dates":["2026-07-30"],"UF_CRM_1750775559215":"[]","UF_CRM_1751015039070":"false","UF_CRM_1750920048783":"[599]","UF_CRM_1750920231839":"[]","UF_CRM_1770287721239":"[]","UF_CRM_1760359069161":"null","UF_CRM_1758266160075":"[]","UF_CRM_1758530158437":"null"}
[2026-07-28T23:15:01+00:00] Colors: green=0 persisted=63, red=1
[2026-07-28T23:15:03+00:00] Cells updated: 4
[2026-07-28T23:15:03+00:00] === color-links end (1.85s) ===
[2026-07-28T23:30:01+00:00] === color-links start ===
[2026-07-28T23:30:01+00:00] Unique deals in sheet: 5
[2026-07-28T23:30:01+00:00] Already green: 63, to check: 4
[2026-07-28T23:30:02+00:00] Categories: [3,5,7]
[2026-07-28T23:30:02+00:00] Fetched deals: 4
[2026-07-28T23:30:02+00:00] NO-COLOR: {"id":"995","cat_id":"5","all_dates":["2026-07-30"],"UF_CRM_1750775559215":"[]","UF_CRM_1751015039070":"false","UF_CRM_1750920048783":"[595]","UF_CRM_1750920231839":"[]","UF_CRM_1770287721239":"[]","UF_CRM_1760359069161":"null","UF_CRM_1758266160075":"[]","UF_CRM_1758530158437":"null"}
[2026-07-28T23:30:02+00:00] NO-COLOR: {"id":"997","cat_id":"5","all_dates":["2026-07-29"],"UF_CRM_1750775559215":"[]","UF_CRM_1751015039070":"false","UF_CRM_1750920048783":"[597]","UF_CRM_1750920231839":"[]","UF_CRM_1770287721239":"[]","UF_CRM_1760359069161":"null","UF_CRM_1758266160075":"[]","UF_CRM_1758530158437":"null"}
[2026-07-28T23:30:02+00:00] NO-COLOR: {"id":"999","cat_id":"5","all_dates":["2026-07-30"],"UF_CRM_1750775559215":"[]","UF_CRM_1751015039070":"false","UF_CRM_1750920048783":"[599]","UF_CRM_1750920231839":"[]","UF_CRM_1770287721239":"[]","UF_CRM_1760359069161":"null","UF_CRM_1758266160075":"[]","UF_CRM_1758530158437":"null"}
[2026-07-28T23:30:02+00:00] Colors: green=0 persisted=63, red=1
[2026-07-28T23:30:03+00:00] Cells updated: 4
[2026-07-28T23:30:03+00:00] === color-links end (1.55s) ===
[2026-07-28T23:45:01+00:00] === color-links start ===
[2026-07-28T23:45:01+00:00] Unique deals in sheet: 5
[2026-07-28T23:45:01+00:00] Already green: 63, to check: 4
[2026-07-28T23:45:01+00:00] Categories: [3,5,7]
[2026-07-28T23:45:02+00:00] Fetched deals: 4
[2026-07-28T23:45:02+00:00] NO-COLOR: {"id":"995","cat_id":"5","all_dates":["2026-07-30"],"UF_CRM_1750775559215":"[]","UF_CRM_1751015039070":"false","UF_CRM_1750920048783":"[595]","UF_CRM_1750920231839":"[]","UF_CRM_1770287721239":"[]","UF_CRM_1760359069161":"null","UF_CRM_1758266160075":"[]","UF_CRM_1758530158437":"null"}
[2026-07-28T23:45:02+00:00] NO-COLOR: {"id":"997","cat_id":"5","all_dates":["2026-07-29"],"UF_CRM_1750775559215":"[]","UF_CRM_1751015039070":"false","UF_CRM_1750920048783":"[597]","UF_CRM_1750920231839":"[]","UF_CRM_1770287721239":"[]","UF_CRM_1760359069161":"null","UF_CRM_1758266160075":"[]","UF_CRM_1758530158437":"null"}
[2026-07-28T23:45:02+00:00] NO-COLOR: {"id":"999","cat_id":"5","all_dates":["2026-07-30"],"UF_CRM_1750775559215":"[]","UF_CRM_1751015039070":"false","UF_CRM_1750920048783":"[599]","UF_CRM_1750920231839":"[]","UF_CRM_1770287721239":"[]","UF_CRM_1760359069161":"null","UF_CRM_1758266160075":"[]","UF_CRM_1758530158437":"null"}
[2026-07-28T23:45:02+00:00] Colors: green=0 persisted=63, red=1
[2026-07-28T23:45:03+00:00] Cells updated: 4
[2026-07-28T23:45:03+00:00] === color-links end (1.86s) ===
