[2026-07-04T00:00:01+00:00] === color-links start ===
[2026-07-04T00:00:01+00:00] Unique deals in sheet: 2
[2026-07-04T00:00:01+00:00] Already green: 61, to check: 1
[2026-07-04T00:00:01+00:00] Categories: [3,5,7]
[2026-07-04T00:00:01+00:00] Fetched deals: 1
[2026-07-04T00:00:01+00:00] Colors: green=0 persisted=61, red=1
[2026-07-04T00:00:02+00:00] Cells updated: 2
[2026-07-04T00:00:02+00:00] === color-links end (1.82s) ===
[2026-07-04T00:15:01+00:00] === color-links start ===
[2026-07-04T00:15:01+00:00] Unique deals in sheet: 2
[2026-07-04T00:15:01+00:00] Already green: 61, to check: 1
[2026-07-04T00:15:02+00:00] Categories: [3,5,7]
[2026-07-04T00:15:02+00:00] Fetched deals: 1
[2026-07-04T00:15:02+00:00] Colors: green=0 persisted=61, red=1
[2026-07-04T00:15:04+00:00] Cells updated: 2
[2026-07-04T00:15:04+00:00] === color-links end (2.61s) ===
[2026-07-04T00:30:01+00:00] === color-links start ===
[2026-07-04T00:30:01+00:00] Unique deals in sheet: 2
[2026-07-04T00:30:01+00:00] Already green: 61, to check: 1
[2026-07-04T00:30:01+00:00] Categories: [3,5,7]
[2026-07-04T00:30:01+00:00] Fetched deals: 1
[2026-07-04T00:30:01+00:00] Colors: green=0 persisted=61, red=1
[2026-07-04T00:30:03+00:00] Cells updated: 2
[2026-07-04T00:30:03+00:00] === color-links end (2.05s) ===
[2026-07-04T00:45:01+00:00] === color-links start ===
[2026-07-04T00:45:01+00:00] Unique deals in sheet: 2
[2026-07-04T00:45:01+00:00] Already green: 61, to check: 1
[2026-07-04T00:45:02+00:00] Categories: [3,5,7]
[2026-07-04T00:45:02+00:00] Fetched deals: 1
[2026-07-04T00:45:02+00:00] Colors: green=0 persisted=61, red=1
[2026-07-04T00:45:03+00:00] Cells updated: 2
[2026-07-04T00:45:03+00:00] === color-links end (1.45s) ===
[2026-07-04T01:00:01+00:00] === color-links start ===
[2026-07-04T01:00:01+00:00] Unique deals in sheet: 2
[2026-07-04T01:00:01+00:00] Already green: 61, to check: 1
[2026-07-04T01:00:01+00:00] Categories: [3,5,7]
[2026-07-04T01:00:01+00:00] Fetched deals: 1
[2026-07-04T01:00:01+00:00] Colors: green=0 persisted=61, red=1
[2026-07-04T01:00:03+00:00] Cells updated: 2
[2026-07-04T01:00:03+00:00] === color-links end (1.85s) ===
[2026-07-04T01:15:01+00:00] === color-links start ===
[2026-07-04T01:15:01+00:00] Unique deals in sheet: 2
[2026-07-04T01:15:01+00:00] Already green: 61, to check: 1
[2026-07-04T01:15:01+00:00] Categories: [3,5,7]
[2026-07-04T01:15:01+00:00] Fetched deals: 1
[2026-07-04T01:15:01+00:00] Colors: green=0 persisted=61, red=1
[2026-07-04T01:15:03+00:00] Cells updated: 2
[2026-07-04T01:15:03+00:00] === color-links end (1.97s) ===
[2026-07-04T01:30:01+00:00] === color-links start ===
[2026-07-04T01:30:01+00:00] Unique deals in sheet: 2
[2026-07-04T01:30:01+00:00] Already green: 61, to check: 1
[2026-07-04T01:30:01+00:00] Categories: [3,5,7]
[2026-07-04T01:30:02+00:00] Fetched deals: 1
[2026-07-04T01:30:02+00:00] Colors: green=0 persisted=61, red=1
[2026-07-04T01:30:03+00:00] Cells updated: 2
[2026-07-04T01:30:03+00:00] === color-links end (1.67s) ===
[2026-07-04T01:45:01+00:00] === color-links start ===
[2026-07-04T01:45:01+00:00] Unique deals in sheet: 2
[2026-07-04T01:45:01+00:00] Already green: 61, to check: 1
[2026-07-04T01:45:01+00:00] Categories: [3,5,7]
[2026-07-04T01:45:01+00:00] Fetched deals: 1
[2026-07-04T01:45:01+00:00] Colors: green=0 persisted=61, red=1
[2026-07-04T01:45:03+00:00] Cells updated: 2
[2026-07-04T01:45:03+00:00] === color-links end (1.61s) ===
[2026-07-04T02:00:01+00:00] === color-links start ===
[2026-07-04T02:00:01+00:00] Unique deals in sheet: 2
[2026-07-04T02:00:01+00:00] Already green: 61, to check: 1
[2026-07-04T02:00:01+00:00] Categories: [3,5,7]
[2026-07-04T02:00:01+00:00] Fetched deals: 1
[2026-07-04T02:00:01+00:00] Colors: green=0 persisted=61, red=1
[2026-07-04T02:00:02+00:00] Cells updated: 2
[2026-07-04T02:00:02+00:00] === color-links end (1.64s) ===
[2026-07-04T02:15:01+00:00] === color-links start ===
[2026-07-04T02:15:01+00:00] Unique deals in sheet: 2
[2026-07-04T02:15:01+00:00] Already green: 61, to check: 1
[2026-07-04T02:15:01+00:00] Categories: [3,5,7]
[2026-07-04T02:15:02+00:00] Fetched deals: 1
[2026-07-04T02:15:02+00:00] Colors: green=0 persisted=61, red=1
[2026-07-04T02:15:03+00:00] Cells updated: 2
[2026-07-04T02:15:03+00:00] === color-links end (1.59s) ===
[2026-07-04T02:30:01+00:00] === color-links start ===
[2026-07-04T02:30:01+00:00] Unique deals in sheet: 2
[2026-07-04T02:30:01+00:00] Already green: 61, to check: 1
[2026-07-04T02:30:01+00:00] Categories: [3,5,7]
[2026-07-04T02:30:01+00:00] Fetched deals: 1
[2026-07-04T02:30:01+00:00] Colors: green=0 persisted=61, red=1
[2026-07-04T02:30:03+00:00] Cells updated: 2
[2026-07-04T02:30:03+00:00] === color-links end (1.93s) ===
[2026-07-04T02:45:01+00:00] === color-links start ===
[2026-07-04T02:45:01+00:00] Unique deals in sheet: 2
[2026-07-04T02:45:01+00:00] Already green: 61, to check: 1
[2026-07-04T02:45:01+00:00] Categories: [3,5,7]
[2026-07-04T02:45:01+00:00] Fetched deals: 1
[2026-07-04T02:45:01+00:00] Colors: green=0 persisted=61, red=1
[2026-07-04T02:45:03+00:00] Cells updated: 2
[2026-07-04T02:45:03+00:00] === color-links end (2.15s) ===
[2026-07-04T03:00:01+00:00] === color-links start ===
[2026-07-04T03:00:01+00:00] Unique deals in sheet: 2
[2026-07-04T03:00:01+00:00] Already green: 61, to check: 1
[2026-07-04T03:00:01+00:00] Categories: [3,5,7]
[2026-07-04T03:00:01+00:00] Fetched deals: 1
[2026-07-04T03:00:01+00:00] Colors: green=0 persisted=61, red=1
[2026-07-04T03:00:03+00:00] Cells updated: 2
[2026-07-04T03:00:03+00:00] === color-links end (1.93s) ===
[2026-07-04T03:15:01+00:00] === color-links start ===
[2026-07-04T03:15:01+00:00] Unique deals in sheet: 2
[2026-07-04T03:15:01+00:00] Already green: 61, to check: 1
[2026-07-04T03:15:02+00:00] Categories: [3,5,7]
[2026-07-04T03:15:02+00:00] Fetched deals: 1
[2026-07-04T03:15:02+00:00] Colors: green=0 persisted=61, red=1
[2026-07-04T03:15:03+00:00] Cells updated: 2
[2026-07-04T03:15:03+00:00] === color-links end (1.46s) ===
[2026-07-04T03:30:01+00:00] === color-links start ===
[2026-07-04T03:30:01+00:00] Unique deals in sheet: 2
[2026-07-04T03:30:01+00:00] Already green: 61, to check: 1
[2026-07-04T03:30:01+00:00] Categories: [3,5,7]
[2026-07-04T03:30:01+00:00] Fetched deals: 1
[2026-07-04T03:30:01+00:00] Colors: green=0 persisted=61, red=1
[2026-07-04T03:30:02+00:00] Cells updated: 2
[2026-07-04T03:30:02+00:00] === color-links end (1.51s) ===
[2026-07-04T03:45:02+00:00] === color-links start ===
[2026-07-04T03:45:02+00:00] Unique deals in sheet: 2
[2026-07-04T03:45:02+00:00] Already green: 61, to check: 1
[2026-07-04T03:45:02+00:00] Categories: [3,5,7]
[2026-07-04T03:45:02+00:00] Fetched deals: 1
[2026-07-04T03:45:02+00:00] Colors: green=0 persisted=61, red=1
[2026-07-04T03:45:03+00:00] Cells updated: 2
[2026-07-04T03:45:03+00:00] === color-links end (1.54s) ===
[2026-07-04T04:00:01+00:00] === color-links start ===
[2026-07-04T04:00:01+00:00] Unique deals in sheet: 2
[2026-07-04T04:00:01+00:00] Already green: 61, to check: 1
[2026-07-04T04:00:01+00:00] Categories: [3,5,7]
[2026-07-04T04:00:01+00:00] Fetched deals: 1
[2026-07-04T04:00:01+00:00] Colors: green=0 persisted=61, red=1
[2026-07-04T04:00:02+00:00] Cells updated: 2
[2026-07-04T04:00:02+00:00] === color-links end (1.56s) ===
[2026-07-04T04:15:01+00:00] === color-links start ===
[2026-07-04T04:15:01+00:00] Unique deals in sheet: 2
[2026-07-04T04:15:01+00:00] Already green: 61, to check: 1
[2026-07-04T04:15:01+00:00] Categories: [3,5,7]
[2026-07-04T04:15:01+00:00] Fetched deals: 1
[2026-07-04T04:15:01+00:00] Colors: green=0 persisted=61, red=1
[2026-07-04T04:15:02+00:00] Cells updated: 2
[2026-07-04T04:15:02+00:00] === color-links end (1.6s) ===
[2026-07-04T04:30:01+00:00] === color-links start ===
[2026-07-04T04:30:01+00:00] Unique deals in sheet: 2
[2026-07-04T04:30:01+00:00] Already green: 61, to check: 1
[2026-07-04T04:30:01+00:00] Categories: [3,5,7]
[2026-07-04T04:30:01+00:00] Fetched deals: 1
[2026-07-04T04:30:01+00:00] Colors: green=0 persisted=61, red=1
[2026-07-04T04:30:03+00:00] Cells updated: 2
[2026-07-04T04:30:03+00:00] === color-links end (2.44s) ===
[2026-07-04T04:45:01+00:00] === color-links start ===
[2026-07-04T04:45:01+00:00] Unique deals in sheet: 2
[2026-07-04T04:45:01+00:00] Already green: 61, to check: 1
[2026-07-04T04:45:01+00:00] Categories: [3,5,7]
[2026-07-04T04:45:01+00:00] Fetched deals: 1
[2026-07-04T04:45:01+00:00] Colors: green=0 persisted=61, red=1
[2026-07-04T04:45:03+00:00] Cells updated: 2
[2026-07-04T04:45:03+00:00] === color-links end (2.51s) ===
[2026-07-04T05:00:01+00:00] === color-links start ===
[2026-07-04T05:00:01+00:00] Unique deals in sheet: 2
[2026-07-04T05:00:01+00:00] Already green: 61, to check: 1
[2026-07-04T05:00:02+00:00] Categories: [3,5,7]
[2026-07-04T05:00:02+00:00] Fetched deals: 1
[2026-07-04T05:00:02+00:00] Colors: green=0 persisted=61, red=1
[2026-07-04T05:00:03+00:00] Cells updated: 2
[2026-07-04T05:00:03+00:00] === color-links end (1.65s) ===
[2026-07-04T05:15:01+00:00] === color-links start ===
[2026-07-04T05:15:01+00:00] Unique deals in sheet: 2
[2026-07-04T05:15:01+00:00] Already green: 61, to check: 1
[2026-07-04T05:15:02+00:00] Categories: [3,5,7]
[2026-07-04T05:15:02+00:00] Fetched deals: 1
[2026-07-04T05:15:02+00:00] Colors: green=0 persisted=61, red=1
[2026-07-04T05:15:04+00:00] Cells updated: 2
[2026-07-04T05:15:04+00:00] === color-links end (2.76s) ===
[2026-07-04T05:30:01+00:00] === color-links start ===
[2026-07-04T05:30:01+00:00] Unique deals in sheet: 2
[2026-07-04T05:30:01+00:00] Already green: 61, to check: 1
[2026-07-04T05:30:02+00:00] Categories: [3,5,7]
[2026-07-04T05:30:02+00:00] Fetched deals: 1
[2026-07-04T05:30:02+00:00] Colors: green=0 persisted=61, red=1
[2026-07-04T05:30:03+00:00] Cells updated: 2
[2026-07-04T05:30:03+00:00] === color-links end (1.92s) ===
[2026-07-04T05:45:02+00:00] === color-links start ===
[2026-07-04T05:45:02+00:00] Unique deals in sheet: 2
[2026-07-04T05:45:02+00:00] Already green: 61, to check: 1
[2026-07-04T05:45:02+00:00] Categories: [3,5,7]
[2026-07-04T05:45:02+00:00] Fetched deals: 1
[2026-07-04T05:45:02+00:00] Colors: green=0 persisted=61, red=1
[2026-07-04T05:45:03+00:00] Cells updated: 2
[2026-07-04T05:45:03+00:00] === color-links end (1.51s) ===
[2026-07-04T06:00:01+00:00] === color-links start ===
[2026-07-04T06:00:01+00:00] Unique deals in sheet: 2
[2026-07-04T06:00:01+00:00] Already green: 61, to check: 1
[2026-07-04T06:00:02+00:00] Categories: [3,5,7]
[2026-07-04T06:00:02+00:00] Fetched deals: 1
[2026-07-04T06:00:02+00:00] Colors: green=0 persisted=61, red=1
[2026-07-04T06:00:03+00:00] Cells updated: 2
[2026-07-04T06:00:03+00:00] === color-links end (1.62s) ===
[2026-07-04T06:15:01+00:00] === color-links start ===
[2026-07-04T06:15:01+00:00] Unique deals in sheet: 2
[2026-07-04T06:15:01+00:00] Already green: 61, to check: 1
[2026-07-04T06:15:01+00:00] Categories: [3,5,7]
[2026-07-04T06:15:01+00:00] Fetched deals: 1
[2026-07-04T06:15:01+00:00] Colors: green=0 persisted=61, red=1
[2026-07-04T06:15:04+00:00] Cells updated: 2
[2026-07-04T06:15:04+00:00] === color-links end (2.56s) ===
[2026-07-04T06:30:02+00:00] === color-links start ===
[2026-07-04T06:30:02+00:00] Unique deals in sheet: 2
[2026-07-04T06:30:02+00:00] Already green: 61, to check: 1
[2026-07-04T06:30:02+00:00] Categories: [3,5,7]
[2026-07-04T06:30:02+00:00] Fetched deals: 1
[2026-07-04T06:30:02+00:00] Colors: green=0 persisted=61, red=1
[2026-07-04T06:30:04+00:00] Cells updated: 2
[2026-07-04T06:30:04+00:00] === color-links end (2.05s) ===
[2026-07-04T06:45:01+00:00] === color-links start ===
[2026-07-04T06:45:01+00:00] Unique deals in sheet: 2
[2026-07-04T06:45:01+00:00] Already green: 61, to check: 1
[2026-07-04T06:45:01+00:00] Categories: [3,5,7]
[2026-07-04T06:45:01+00:00] Fetched deals: 1
[2026-07-04T06:45:01+00:00] Colors: green=0 persisted=61, red=1
[2026-07-04T06:45:03+00:00] Cells updated: 2
[2026-07-04T06:45:03+00:00] === color-links end (1.66s) ===
[2026-07-04T07:00:01+00:00] === color-links start ===
[2026-07-04T07:00:01+00:00] Unique deals in sheet: 2
[2026-07-04T07:00:01+00:00] Already green: 61, to check: 1
[2026-07-04T07:00:01+00:00] Categories: [3,5,7]
[2026-07-04T07:00:01+00:00] Fetched deals: 1
[2026-07-04T07:00:01+00:00] Colors: green=0 persisted=61, red=1
[2026-07-04T07:00:04+00:00] Cells updated: 2
[2026-07-04T07:00:04+00:00] === color-links end (3.02s) ===
[2026-07-04T07:15:01+00:00] === color-links start ===
[2026-07-04T07:15:01+00:00] Unique deals in sheet: 2
[2026-07-04T07:15:01+00:00] Already green: 61, to check: 1
[2026-07-04T07:15:01+00:00] Categories: [3,5,7]
[2026-07-04T07:15:02+00:00] Fetched deals: 1
[2026-07-04T07:15:02+00:00] Colors: green=0 persisted=61, red=1
[2026-07-04T07:15:03+00:00] Cells updated: 2
[2026-07-04T07:15:03+00:00] === color-links end (1.93s) ===
[2026-07-04T07:30:01+00:00] === color-links start ===
[2026-07-04T07:30:01+00:00] Unique deals in sheet: 2
[2026-07-04T07:30:01+00:00] Already green: 61, to check: 1
[2026-07-04T07:30:01+00:00] Categories: [3,5,7]
[2026-07-04T07:30:02+00:00] Fetched deals: 1
[2026-07-04T07:30:02+00:00] Colors: green=0 persisted=61, red=1
[2026-07-04T07:30:04+00:00] Cells updated: 2
[2026-07-04T07:30:04+00:00] === color-links end (3.15s) ===
[2026-07-04T07:45:01+00:00] === color-links start ===
[2026-07-04T07:45:01+00:00] Unique deals in sheet: 2
[2026-07-04T07:45:01+00:00] Already green: 61, to check: 1
[2026-07-04T07:45:02+00:00] Categories: [3,5,7]
[2026-07-04T07:45:02+00:00] Fetched deals: 1
[2026-07-04T07:45:02+00:00] Colors: green=0 persisted=61, red=1
[2026-07-04T07:45:03+00:00] Cells updated: 2
[2026-07-04T07:45:03+00:00] === color-links end (1.61s) ===
[2026-07-04T08:00:01+00:00] === color-links start ===
[2026-07-04T08:00:01+00:00] Unique deals in sheet: 2
[2026-07-04T08:00:01+00:00] Already green: 61, to check: 1
[2026-07-04T08:00:01+00:00] Categories: [3,5,7]
[2026-07-04T08:00:01+00:00] Fetched deals: 1
[2026-07-04T08:00:01+00:00] Colors: green=0 persisted=61, red=1
[2026-07-04T08:00:03+00:00] Cells updated: 2
[2026-07-04T08:00:03+00:00] === color-links end (1.88s) ===
[2026-07-04T08:15:01+00:00] === color-links start ===
[2026-07-04T08:15:01+00:00] Unique deals in sheet: 2
[2026-07-04T08:15:01+00:00] Already green: 61, to check: 1
[2026-07-04T08:15:01+00:00] Categories: [3,5,7]
[2026-07-04T08:15:01+00:00] Fetched deals: 1
[2026-07-04T08:15:01+00:00] Colors: green=0 persisted=61, red=1
[2026-07-04T08:15:02+00:00] Cells updated: 2
[2026-07-04T08:15:02+00:00] === color-links end (1.53s) ===
[2026-07-04T08:30:02+00:00] === color-links start ===
[2026-07-04T08:30:02+00:00] Unique deals in sheet: 2
[2026-07-04T08:30:02+00:00] Already green: 61, to check: 1
[2026-07-04T08:30:02+00:00] Categories: [3,5,7]
[2026-07-04T08:30:02+00:00] Fetched deals: 1
[2026-07-04T08:30:02+00:00] Colors: green=0 persisted=61, red=1
[2026-07-04T08:30:03+00:00] Cells updated: 2
[2026-07-04T08:30:03+00:00] === color-links end (1.8s) ===
[2026-07-04T08:45:01+00:00] === color-links start ===
[2026-07-04T08:45:01+00:00] Unique deals in sheet: 2
[2026-07-04T08:45:01+00:00] Already green: 61, to check: 1
[2026-07-04T08:45:01+00:00] Categories: [3,5,7]
[2026-07-04T08:45:01+00:00] Fetched deals: 1
[2026-07-04T08:45:01+00:00] Colors: green=0 persisted=61, red=1
[2026-07-04T08:45:02+00:00] Cells updated: 2
[2026-07-04T08:45:02+00:00] === color-links end (1.83s) ===
[2026-07-04T09:00:01+00:00] === color-links start ===
[2026-07-04T09:00:01+00:00] Unique deals in sheet: 2
[2026-07-04T09:00:01+00:00] Already green: 61, to check: 1
[2026-07-04T09:00:02+00:00] Categories: [3,5,7]
[2026-07-04T09:00:02+00:00] Fetched deals: 1
[2026-07-04T09:00:02+00:00] Colors: green=0 persisted=61, red=1
[2026-07-04T09:00:03+00:00] Cells updated: 2
[2026-07-04T09:00:03+00:00] === color-links end (1.65s) ===
[2026-07-04T09:15:01+00:00] === color-links start ===
[2026-07-04T09:15:01+00:00] Unique deals in sheet: 2
[2026-07-04T09:15:01+00:00] Already green: 61, to check: 1
[2026-07-04T09:15:01+00:00] Categories: [3,5,7]
[2026-07-04T09:15:01+00:00] Fetched deals: 1
[2026-07-04T09:15:01+00:00] Colors: green=0 persisted=61, red=1
[2026-07-04T09:15:03+00:00] Cells updated: 2
[2026-07-04T09:15:03+00:00] === color-links end (2.14s) ===
[2026-07-04T09:30:01+00:00] === color-links start ===
[2026-07-04T09:30:01+00:00] Unique deals in sheet: 2
[2026-07-04T09:30:01+00:00] Already green: 61, to check: 1
[2026-07-04T09:30:01+00:00] Categories: [3,5,7]
[2026-07-04T09:30:02+00:00] Fetched deals: 1
[2026-07-04T09:30:02+00:00] Colors: green=0 persisted=61, red=1
[2026-07-04T09:30:03+00:00] Cells updated: 2
[2026-07-04T09:30:03+00:00] === color-links end (1.5s) ===
[2026-07-04T09:45:01+00:00] === color-links start ===
[2026-07-04T09:45:01+00:00] Unique deals in sheet: 2
[2026-07-04T09:45:01+00:00] Already green: 61, to check: 1
[2026-07-04T09:45:01+00:00] Categories: [3,5,7]
[2026-07-04T09:45:01+00:00] Fetched deals: 1
[2026-07-04T09:45:01+00:00] Colors: green=0 persisted=61, red=1
[2026-07-04T09:45:02+00:00] Cells updated: 2
[2026-07-04T09:45:02+00:00] === color-links end (1.66s) ===
[2026-07-04T10:00:01+00:00] === color-links start ===
[2026-07-04T10:00:01+00:00] Unique deals in sheet: 2
[2026-07-04T10:00:01+00:00] Already green: 61, to check: 1
[2026-07-04T10:00:01+00:00] Categories: [3,5,7]
[2026-07-04T10:00:01+00:00] Fetched deals: 1
[2026-07-04T10:00:01+00:00] Colors: green=0 persisted=61, red=1
[2026-07-04T10:00:03+00:00] Cells updated: 2
[2026-07-04T10:00:03+00:00] === color-links end (2.1s) ===
[2026-07-04T10:15:01+00:00] === color-links start ===
[2026-07-04T10:15:01+00:00] Unique deals in sheet: 2
[2026-07-04T10:15:01+00:00] Already green: 61, to check: 1
[2026-07-04T10:15:01+00:00] Categories: [3,5,7]
[2026-07-04T10:15:01+00:00] Fetched deals: 1
[2026-07-04T10:15:01+00:00] Colors: green=0 persisted=61, red=1
[2026-07-04T10:15:03+00:00] Cells updated: 2
[2026-07-04T10:15:03+00:00] === color-links end (2.1s) ===
[2026-07-04T10:30:01+00:00] === color-links start ===
[2026-07-04T10:30:01+00:00] Unique deals in sheet: 2
[2026-07-04T10:30:01+00:00] Already green: 61, to check: 1
[2026-07-04T10:30:01+00:00] Categories: [3,5,7]
[2026-07-04T10:30:01+00:00] Fetched deals: 1
[2026-07-04T10:30:01+00:00] Colors: green=0 persisted=61, red=1
[2026-07-04T10:30:02+00:00] Cells updated: 2
[2026-07-04T10:30:02+00:00] === color-links end (1.5s) ===
[2026-07-04T10:45:01+00:00] === color-links start ===
[2026-07-04T10:45:01+00:00] Unique deals in sheet: 2
[2026-07-04T10:45:01+00:00] Already green: 61, to check: 1
[2026-07-04T10:45:01+00:00] Categories: [3,5,7]
[2026-07-04T10:45:02+00:00] Fetched deals: 1
[2026-07-04T10:45:02+00:00] Colors: green=0 persisted=61, red=1
[2026-07-04T10:45:03+00:00] Cells updated: 2
[2026-07-04T10:45:03+00:00] === color-links end (2.08s) ===
[2026-07-04T11:00:01+00:00] === color-links start ===
[2026-07-04T11:00:01+00:00] Unique deals in sheet: 2
[2026-07-04T11:00:01+00:00] Already green: 61, to check: 1
[2026-07-04T11:00:01+00:00] Categories: [3,5,7]
[2026-07-04T11:00:01+00:00] Fetched deals: 1
[2026-07-04T11:00:01+00:00] Colors: green=0 persisted=61, red=1
[2026-07-04T11:00:03+00:00] Cells updated: 2
[2026-07-04T11:00:03+00:00] === color-links end (1.68s) ===
[2026-07-04T11:15:01+00:00] === color-links start ===
[2026-07-04T11:15:01+00:00] Unique deals in sheet: 2
[2026-07-04T11:15:01+00:00] Already green: 61, to check: 1
[2026-07-04T11:15:02+00:00] Categories: [3,5,7]
[2026-07-04T11:15:02+00:00] Fetched deals: 1
[2026-07-04T11:15:02+00:00] Colors: green=0 persisted=61, red=1
[2026-07-04T11:15:03+00:00] Cells updated: 2
[2026-07-04T11:15:03+00:00] === color-links end (1.51s) ===
[2026-07-04T11:30:01+00:00] === color-links start ===
[2026-07-04T11:30:01+00:00] Unique deals in sheet: 2
[2026-07-04T11:30:01+00:00] Already green: 61, to check: 1
[2026-07-04T11:30:01+00:00] Categories: [3,5,7]
[2026-07-04T11:30:01+00:00] Fetched deals: 1
[2026-07-04T11:30:01+00:00] Colors: green=0 persisted=61, red=1
[2026-07-04T11:30:02+00:00] Cells updated: 2
[2026-07-04T11:30:02+00:00] === color-links end (1.55s) ===
[2026-07-04T11:45:01+00:00] === color-links start ===
[2026-07-04T11:45:01+00:00] Unique deals in sheet: 2
[2026-07-04T11:45:01+00:00] Already green: 61, to check: 1
[2026-07-04T11:45:01+00:00] Categories: [3,5,7]
[2026-07-04T11:45:01+00:00] Fetched deals: 1
[2026-07-04T11:45:01+00:00] Colors: green=0 persisted=61, red=1
[2026-07-04T11:45:03+00:00] Cells updated: 2
[2026-07-04T11:45:03+00:00] === color-links end (1.99s) ===
[2026-07-04T12:00:01+00:00] === color-links start ===
[2026-07-04T12:00:01+00:00] Unique deals in sheet: 2
[2026-07-04T12:00:01+00:00] Already green: 61, to check: 1
[2026-07-04T12:00:01+00:00] Categories: [3,5,7]
[2026-07-04T12:00:01+00:00] Fetched deals: 1
[2026-07-04T12:00:01+00:00] Colors: green=0 persisted=61, red=1
[2026-07-04T12:00:03+00:00] Cells updated: 2
[2026-07-04T12:00:03+00:00] === color-links end (2.08s) ===
[2026-07-04T12:15:01+00:00] === color-links start ===
[2026-07-04T12:15:01+00:00] Unique deals in sheet: 2
[2026-07-04T12:15:01+00:00] Already green: 61, to check: 1
[2026-07-04T12:15:01+00:00] Categories: [3,5,7]
[2026-07-04T12:15:02+00:00] Fetched deals: 1
[2026-07-04T12:15:02+00:00] Colors: green=0 persisted=61, red=1
[2026-07-04T12:15:04+00:00] Cells updated: 2
[2026-07-04T12:15:04+00:00] === color-links end (2.54s) ===
[2026-07-04T12:30:01+00:00] === color-links start ===
[2026-07-04T12:30:01+00:00] Unique deals in sheet: 2
[2026-07-04T12:30:01+00:00] Already green: 61, to check: 1
[2026-07-04T12:30:01+00:00] Categories: [3,5,7]
[2026-07-04T12:30:01+00:00] Fetched deals: 1
[2026-07-04T12:30:01+00:00] Colors: green=0 persisted=61, red=1
[2026-07-04T12:30:03+00:00] Cells updated: 2
[2026-07-04T12:30:03+00:00] === color-links end (1.97s) ===
[2026-07-04T12:45:01+00:00] === color-links start ===
[2026-07-04T12:45:01+00:00] Unique deals in sheet: 2
[2026-07-04T12:45:01+00:00] Already green: 61, to check: 1
[2026-07-04T12:45:01+00:00] Categories: [3,5,7]
[2026-07-04T12:45:01+00:00] Fetched deals: 1
[2026-07-04T12:45:01+00:00] Colors: green=0 persisted=61, red=1
[2026-07-04T12:45:02+00:00] Cells updated: 2
[2026-07-04T12:45:02+00:00] === color-links end (1.59s) ===
[2026-07-04T13:00:01+00:00] === color-links start ===
[2026-07-04T13:00:01+00:00] Unique deals in sheet: 2
[2026-07-04T13:00:01+00:00] Already green: 61, to check: 1
[2026-07-04T13:00:01+00:00] Categories: [3,5,7]
[2026-07-04T13:00:01+00:00] Fetched deals: 1
[2026-07-04T13:00:01+00:00] Colors: green=0 persisted=61, red=1
[2026-07-04T13:00:03+00:00] Cells updated: 2
[2026-07-04T13:00:03+00:00] === color-links end (2.24s) ===
[2026-07-04T13:15:01+00:00] === color-links start ===
[2026-07-04T13:15:01+00:00] Unique deals in sheet: 2
[2026-07-04T13:15:01+00:00] Already green: 61, to check: 1
[2026-07-04T13:15:01+00:00] Categories: [3,5,7]
[2026-07-04T13:15:01+00:00] Fetched deals: 1
[2026-07-04T13:15:01+00:00] Colors: green=0 persisted=61, red=1
[2026-07-04T13:15:03+00:00] Cells updated: 2
[2026-07-04T13:15:03+00:00] === color-links end (2.11s) ===
[2026-07-04T13:30:01+00:00] === color-links start ===
[2026-07-04T13:30:01+00:00] Unique deals in sheet: 2
[2026-07-04T13:30:01+00:00] Already green: 61, to check: 1
[2026-07-04T13:30:01+00:00] Categories: [3,5,7]
[2026-07-04T13:30:01+00:00] Fetched deals: 1
[2026-07-04T13:30:01+00:00] Colors: green=0 persisted=61, red=1
[2026-07-04T13:30:02+00:00] Cells updated: 2
[2026-07-04T13:30:02+00:00] === color-links end (1.62s) ===
[2026-07-04T13:45:01+00:00] === color-links start ===
[2026-07-04T13:45:01+00:00] Unique deals in sheet: 2
[2026-07-04T13:45:01+00:00] Already green: 61, to check: 1
[2026-07-04T13:45:02+00:00] Categories: [3,5,7]
[2026-07-04T13:45:02+00:00] Fetched deals: 1
[2026-07-04T13:45:02+00:00] Colors: green=0 persisted=61, red=1
[2026-07-04T13:45:03+00:00] Cells updated: 2
[2026-07-04T13:45:03+00:00] === color-links end (1.66s) ===
[2026-07-04T14:00:01+00:00] === color-links start ===
[2026-07-04T14:00:01+00:00] Unique deals in sheet: 2
[2026-07-04T14:00:01+00:00] Already green: 61, to check: 1
[2026-07-04T14:00:01+00:00] Categories: [3,5,7]
[2026-07-04T14:00:01+00:00] Fetched deals: 1
[2026-07-04T14:00:01+00:00] Colors: green=0 persisted=61, red=1
[2026-07-04T14:00:04+00:00] Cells updated: 2
[2026-07-04T14:00:04+00:00] === color-links end (2.62s) ===
[2026-07-04T14:15:01+00:00] === color-links start ===
[2026-07-04T14:15:01+00:00] Unique deals in sheet: 2
[2026-07-04T14:15:01+00:00] Already green: 61, to check: 1
[2026-07-04T14:15:01+00:00] Categories: [3,5,7]
[2026-07-04T14:15:01+00:00] Fetched deals: 1
[2026-07-04T14:15:01+00:00] Colors: green=0 persisted=61, red=1
[2026-07-04T14:15:04+00:00] Cells updated: 2
[2026-07-04T14:15:04+00:00] === color-links end (2.85s) ===
[2026-07-04T14:30:01+00:00] === color-links start ===
[2026-07-04T14:30:01+00:00] Unique deals in sheet: 2
[2026-07-04T14:30:01+00:00] Already green: 61, to check: 1
[2026-07-04T14:30:01+00:00] Categories: [3,5,7]
[2026-07-04T14:30:02+00:00] Fetched deals: 1
[2026-07-04T14:30:02+00:00] Colors: green=0 persisted=61, red=1
[2026-07-04T14:30:03+00:00] Cells updated: 2
[2026-07-04T14:30:03+00:00] === color-links end (2.11s) ===
[2026-07-04T14:45:01+00:00] === color-links start ===
[2026-07-04T14:45:01+00:00] Unique deals in sheet: 2
[2026-07-04T14:45:01+00:00] Already green: 61, to check: 1
[2026-07-04T14:45:01+00:00] Categories: [3,5,7]
[2026-07-04T14:45:01+00:00] Fetched deals: 1
[2026-07-04T14:45:01+00:00] Colors: green=0 persisted=61, red=1
[2026-07-04T14:45:02+00:00] Cells updated: 2
[2026-07-04T14:45:02+00:00] === color-links end (1.55s) ===
[2026-07-04T15:00:01+00:00] === color-links start ===
[2026-07-04T15:00:01+00:00] Unique deals in sheet: 2
[2026-07-04T15:00:01+00:00] Already green: 61, to check: 1
[2026-07-04T15:00:01+00:00] Categories: [3,5,7]
[2026-07-04T15:00:01+00:00] Fetched deals: 1
[2026-07-04T15:00:01+00:00] Colors: green=0 persisted=61, red=1
[2026-07-04T15:00:02+00:00] Cells updated: 2
[2026-07-04T15:00:02+00:00] === color-links end (1.63s) ===
[2026-07-04T15:15:01+00:00] === color-links start ===
[2026-07-04T15:15:01+00:00] Unique deals in sheet: 2
[2026-07-04T15:15:01+00:00] Already green: 61, to check: 1
[2026-07-04T15:15:02+00:00] Categories: [3,5,7]
[2026-07-04T15:15:02+00:00] Fetched deals: 1
[2026-07-04T15:15:02+00:00] Colors: green=0 persisted=61, red=1
[2026-07-04T15:15:03+00:00] Cells updated: 2
[2026-07-04T15:15:03+00:00] === color-links end (1.67s) ===
[2026-07-04T15:30:01+00:00] === color-links start ===
[2026-07-04T15:30:01+00:00] Unique deals in sheet: 2
[2026-07-04T15:30:01+00:00] Already green: 61, to check: 1
[2026-07-04T15:30:01+00:00] Categories: [3,5,7]
[2026-07-04T15:30:01+00:00] Fetched deals: 1
[2026-07-04T15:30:01+00:00] Colors: green=0 persisted=61, red=1
[2026-07-04T15:30:03+00:00] Cells updated: 2
[2026-07-04T15:30:03+00:00] === color-links end (1.52s) ===
[2026-07-04T15:45:01+00:00] === color-links start ===
[2026-07-04T15:45:01+00:00] Unique deals in sheet: 2
[2026-07-04T15:45:01+00:00] Already green: 61, to check: 1
[2026-07-04T15:45:01+00:00] Categories: [3,5,7]
[2026-07-04T15:45:01+00:00] Fetched deals: 1
[2026-07-04T15:45:01+00:00] Colors: green=0 persisted=61, red=1
[2026-07-04T15:45:02+00:00] Cells updated: 2
[2026-07-04T15:45:02+00:00] === color-links end (1.71s) ===
[2026-07-04T16:00:01+00:00] === color-links start ===
[2026-07-04T16:00:01+00:00] Unique deals in sheet: 2
[2026-07-04T16:00:01+00:00] Already green: 61, to check: 1
[2026-07-04T16:00:01+00:00] Categories: [3,5,7]
[2026-07-04T16:00:01+00:00] Fetched deals: 1
[2026-07-04T16:00:01+00:00] Colors: green=0 persisted=61, red=1
[2026-07-04T16:00:03+00:00] Cells updated: 2
[2026-07-04T16:00:03+00:00] === color-links end (1.61s) ===
[2026-07-04T16:15:01+00:00] === color-links start ===
[2026-07-04T16:15:01+00:00] Unique deals in sheet: 2
[2026-07-04T16:15:01+00:00] Already green: 61, to check: 1
[2026-07-04T16:15:01+00:00] Categories: [3,5,7]
[2026-07-04T16:15:01+00:00] Fetched deals: 1
[2026-07-04T16:15:01+00:00] Colors: green=0 persisted=61, red=1
[2026-07-04T16:15:02+00:00] Cells updated: 2
[2026-07-04T16:15:02+00:00] === color-links end (1.6s) ===
[2026-07-04T16:30:02+00:00] === color-links start ===
[2026-07-04T16:30:02+00:00] Unique deals in sheet: 2
[2026-07-04T16:30:02+00:00] Already green: 61, to check: 1
[2026-07-04T16:30:02+00:00] Categories: [3,5,7]
[2026-07-04T16:30:02+00:00] Fetched deals: 1
[2026-07-04T16:30:02+00:00] Colors: green=0 persisted=61, red=1
[2026-07-04T16:30:03+00:00] Cells updated: 2
[2026-07-04T16:30:03+00:00] === color-links end (1.56s) ===
[2026-07-04T16:45:02+00:00] === color-links start ===
[2026-07-04T16:45:02+00:00] Unique deals in sheet: 2
[2026-07-04T16:45:02+00:00] Already green: 61, to check: 1
[2026-07-04T16:45:02+00:00] Categories: [3,5,7]
[2026-07-04T16:45:02+00:00] Fetched deals: 1
[2026-07-04T16:45:02+00:00] Colors: green=0 persisted=61, red=1
[2026-07-04T16:45:03+00:00] Cells updated: 2
[2026-07-04T16:45:03+00:00] === color-links end (1.69s) ===
[2026-07-04T17:00:01+00:00] === color-links start ===
[2026-07-04T17:00:01+00:00] Unique deals in sheet: 2
[2026-07-04T17:00:01+00:00] Already green: 61, to check: 1
[2026-07-04T17:00:01+00:00] Categories: [3,5,7]
[2026-07-04T17:00:02+00:00] Fetched deals: 1
[2026-07-04T17:00:02+00:00] Colors: green=0 persisted=61, red=1
[2026-07-04T17:00:03+00:00] Cells updated: 2
[2026-07-04T17:00:03+00:00] === color-links end (2.07s) ===
[2026-07-04T17:15:01+00:00] === color-links start ===
[2026-07-04T17:15:01+00:00] Unique deals in sheet: 2
[2026-07-04T17:15:01+00:00] Already green: 61, to check: 1
[2026-07-04T17:15:01+00:00] Categories: [3,5,7]
[2026-07-04T17:15:02+00:00] Fetched deals: 1
[2026-07-04T17:15:02+00:00] Colors: green=0 persisted=61, red=1
[2026-07-04T17:15:04+00:00] Cells updated: 2
[2026-07-04T17:15:04+00:00] === color-links end (2.6s) ===
[2026-07-04T17:30:01+00:00] === color-links start ===
[2026-07-04T17:30:01+00:00] Unique deals in sheet: 2
[2026-07-04T17:30:01+00:00] Already green: 61, to check: 1
[2026-07-04T17:30:02+00:00] Categories: [3,5,7]
[2026-07-04T17:30:02+00:00] Fetched deals: 1
[2026-07-04T17:30:02+00:00] Colors: green=0 persisted=61, red=1
[2026-07-04T17:30:03+00:00] Cells updated: 2
[2026-07-04T17:30:03+00:00] === color-links end (1.5s) ===
[2026-07-04T17:45:02+00:00] === color-links start ===
[2026-07-04T17:45:02+00:00] Unique deals in sheet: 2
[2026-07-04T17:45:02+00:00] Already green: 61, to check: 1
[2026-07-04T17:45:02+00:00] Categories: [3,5,7]
[2026-07-04T17:45:02+00:00] Fetched deals: 1
[2026-07-04T17:45:02+00:00] Colors: green=0 persisted=61, red=1
[2026-07-04T17:45:03+00:00] Cells updated: 2
[2026-07-04T17:45:03+00:00] === color-links end (1.55s) ===
[2026-07-04T18:00:01+00:00] === color-links start ===
[2026-07-04T18:00:01+00:00] Unique deals in sheet: 2
[2026-07-04T18:00:01+00:00] Already green: 61, to check: 1
[2026-07-04T18:00:01+00:00] Categories: [3,5,7]
[2026-07-04T18:00:02+00:00] Fetched deals: 1
[2026-07-04T18:00:02+00:00] Colors: green=0 persisted=61, red=1
[2026-07-04T18:00:03+00:00] Cells updated: 2
[2026-07-04T18:00:03+00:00] === color-links end (2.11s) ===
[2026-07-04T18:15:01+00:00] === color-links start ===
[2026-07-04T18:15:01+00:00] Unique deals in sheet: 2
[2026-07-04T18:15:01+00:00] Already green: 61, to check: 1
[2026-07-04T18:15:01+00:00] Categories: [3,5,7]
[2026-07-04T18:15:01+00:00] Fetched deals: 1
[2026-07-04T18:15:01+00:00] Colors: green=0 persisted=61, red=1
[2026-07-04T18:15:03+00:00] Cells updated: 2
[2026-07-04T18:15:03+00:00] === color-links end (2.03s) ===
[2026-07-04T18:30:01+00:00] === color-links start ===
[2026-07-04T18:30:01+00:00] Unique deals in sheet: 2
[2026-07-04T18:30:01+00:00] Already green: 61, to check: 1
[2026-07-04T18:30:01+00:00] Categories: [3,5,7]
[2026-07-04T18:30:01+00:00] Fetched deals: 1
[2026-07-04T18:30:01+00:00] Colors: green=0 persisted=61, red=1
[2026-07-04T18:30:03+00:00] Cells updated: 2
[2026-07-04T18:30:03+00:00] === color-links end (1.86s) ===
[2026-07-04T18:45:01+00:00] === color-links start ===
[2026-07-04T18:45:01+00:00] Unique deals in sheet: 2
[2026-07-04T18:45:01+00:00] Already green: 61, to check: 1
[2026-07-04T18:45:01+00:00] Categories: [3,5,7]
[2026-07-04T18:45:01+00:00] Fetched deals: 1
[2026-07-04T18:45:01+00:00] Colors: green=0 persisted=61, red=1
[2026-07-04T18:45:04+00:00] Cells updated: 2
[2026-07-04T18:45:04+00:00] === color-links end (2.69s) ===
[2026-07-04T19:00:02+00:00] === color-links start ===
[2026-07-04T19:00:02+00:00] Unique deals in sheet: 2
[2026-07-04T19:00:02+00:00] Already green: 61, to check: 1
[2026-07-04T19:00:02+00:00] Categories: [3,5,7]
[2026-07-04T19:00:02+00:00] Fetched deals: 1
[2026-07-04T19:00:02+00:00] Colors: green=0 persisted=61, red=1
[2026-07-04T19:00:03+00:00] Cells updated: 2
[2026-07-04T19:00:03+00:00] === color-links end (1.86s) ===
[2026-07-04T19:15:01+00:00] === color-links start ===
[2026-07-04T19:15:01+00:00] Unique deals in sheet: 2
[2026-07-04T19:15:01+00:00] Already green: 61, to check: 1
[2026-07-04T19:15:01+00:00] Categories: [3,5,7]
[2026-07-04T19:15:02+00:00] Fetched deals: 1
[2026-07-04T19:15:02+00:00] Colors: green=0 persisted=61, red=1
[2026-07-04T19:15:03+00:00] Cells updated: 2
[2026-07-04T19:15:03+00:00] === color-links end (1.5s) ===
[2026-07-04T19:30:01+00:00] === color-links start ===
[2026-07-04T19:30:01+00:00] Unique deals in sheet: 2
[2026-07-04T19:30:01+00:00] Already green: 61, to check: 1
[2026-07-04T19:30:01+00:00] Categories: [3,5,7]
[2026-07-04T19:30:01+00:00] Fetched deals: 1
[2026-07-04T19:30:01+00:00] Colors: green=0 persisted=61, red=1
[2026-07-04T19:30:02+00:00] Cells updated: 2
[2026-07-04T19:30:02+00:00] === color-links end (1.58s) ===
[2026-07-04T19:45:01+00:00] === color-links start ===
[2026-07-04T19:45:01+00:00] Unique deals in sheet: 2
[2026-07-04T19:45:01+00:00] Already green: 61, to check: 1
[2026-07-04T19:45:01+00:00] Categories: [3,5,7]
[2026-07-04T19:45:01+00:00] Fetched deals: 1
[2026-07-04T19:45:01+00:00] Colors: green=0 persisted=61, red=1
[2026-07-04T19:45:03+00:00] Cells updated: 2
[2026-07-04T19:45:03+00:00] === color-links end (2.07s) ===
[2026-07-04T20:00:01+00:00] === color-links start ===
[2026-07-04T20:00:01+00:00] Unique deals in sheet: 2
[2026-07-04T20:00:01+00:00] Already green: 61, to check: 1
[2026-07-04T20:00:01+00:00] Categories: [3,5,7]
[2026-07-04T20:00:02+00:00] Fetched deals: 1
[2026-07-04T20:00:02+00:00] Colors: green=0 persisted=61, red=1
[2026-07-04T20:00:04+00:00] Cells updated: 2
[2026-07-04T20:00:04+00:00] === color-links end (2.51s) ===
[2026-07-04T20:15:02+00:00] === color-links start ===
[2026-07-04T20:15:02+00:00] Unique deals in sheet: 2
[2026-07-04T20:15:02+00:00] Already green: 61, to check: 1
[2026-07-04T20:15:02+00:00] Categories: [3,5,7]
[2026-07-04T20:15:02+00:00] Fetched deals: 1
[2026-07-04T20:15:02+00:00] Colors: green=0 persisted=61, red=1
[2026-07-04T20:15:04+00:00] Cells updated: 2
[2026-07-04T20:15:04+00:00] === color-links end (2.05s) ===
[2026-07-04T20:30:01+00:00] === color-links start ===
[2026-07-04T20:30:01+00:00] Unique deals in sheet: 2
[2026-07-04T20:30:01+00:00] Already green: 61, to check: 1
[2026-07-04T20:30:01+00:00] Categories: [3,5,7]
[2026-07-04T20:30:01+00:00] Fetched deals: 1
[2026-07-04T20:30:01+00:00] Colors: green=0 persisted=61, red=1
[2026-07-04T20:30:03+00:00] Cells updated: 2
[2026-07-04T20:30:03+00:00] === color-links end (1.64s) ===
[2026-07-04T20:45:01+00:00] === color-links start ===
[2026-07-04T20:45:01+00:00] Unique deals in sheet: 2
[2026-07-04T20:45:01+00:00] Already green: 61, to check: 1
[2026-07-04T20:45:01+00:00] Categories: [3,5,7]
[2026-07-04T20:45:01+00:00] Fetched deals: 1
[2026-07-04T20:45:01+00:00] Colors: green=0 persisted=61, red=1
[2026-07-04T20:45:03+00:00] Cells updated: 2
[2026-07-04T20:45:03+00:00] === color-links end (2s) ===
[2026-07-04T21:00:01+00:00] === color-links start ===
[2026-07-04T21:00:01+00:00] Unique deals in sheet: 2
[2026-07-04T21:00:01+00:00] Already green: 61, to check: 1
[2026-07-04T21:00:04+00:00] Categories: [3,5,7]
[2026-07-04T21:00:06+00:00] Fetched deals: 1
[2026-07-04T21:00:06+00:00] Colors: green=0 persisted=61, red=1
[2026-07-04T21:00:07+00:00] Cells updated: 2
[2026-07-04T21:00:07+00:00] === color-links end (5.5s) ===
[2026-07-04T21:15:01+00:00] === color-links start ===
[2026-07-04T21:15:01+00:00] Unique deals in sheet: 2
[2026-07-04T21:15:01+00:00] Already green: 61, to check: 1
[2026-07-04T21:15:02+00:00] Categories: [3,5,7]
[2026-07-04T21:15:02+00:00] Fetched deals: 1
[2026-07-04T21:15:02+00:00] Colors: green=0 persisted=61, red=1
[2026-07-04T21:15:03+00:00] Cells updated: 2
[2026-07-04T21:15:03+00:00] === color-links end (1.76s) ===
[2026-07-04T21:30:01+00:00] === color-links start ===
[2026-07-04T21:30:01+00:00] Unique deals in sheet: 2
[2026-07-04T21:30:01+00:00] Already green: 61, to check: 1
[2026-07-04T21:30:01+00:00] Categories: [3,5,7]
[2026-07-04T21:30:01+00:00] Fetched deals: 1
[2026-07-04T21:30:01+00:00] Colors: green=0 persisted=61, red=1
[2026-07-04T21:30:03+00:00] Cells updated: 2
[2026-07-04T21:30:03+00:00] === color-links end (1.63s) ===
[2026-07-04T21:45:02+00:00] === color-links start ===
[2026-07-04T21:45:02+00:00] Unique deals in sheet: 2
[2026-07-04T21:45:02+00:00] Already green: 61, to check: 1
[2026-07-04T21:45:02+00:00] Categories: [3,5,7]
[2026-07-04T21:45:02+00:00] Fetched deals: 1
[2026-07-04T21:45:02+00:00] Colors: green=0 persisted=61, red=1
[2026-07-04T21:45:04+00:00] Cells updated: 2
[2026-07-04T21:45:04+00:00] === color-links end (2.11s) ===
[2026-07-04T22:00:01+00:00] === color-links start ===
[2026-07-04T22:00:01+00:00] Unique deals in sheet: 2
[2026-07-04T22:00:01+00:00] Already green: 61, to check: 1
[2026-07-04T22:00:02+00:00] Categories: [3,5,7]
[2026-07-04T22:00:02+00:00] Fetched deals: 1
[2026-07-04T22:00:02+00:00] Colors: green=0 persisted=61, red=1
[2026-07-04T22:00:04+00:00] Cells updated: 2
[2026-07-04T22:00:04+00:00] === color-links end (2.29s) ===
[2026-07-04T22:15:01+00:00] === color-links start ===
[2026-07-04T22:15:01+00:00] Unique deals in sheet: 2
[2026-07-04T22:15:01+00:00] Already green: 61, to check: 1
[2026-07-04T22:15:01+00:00] Categories: [3,5,7]
[2026-07-04T22:15:01+00:00] Fetched deals: 1
[2026-07-04T22:15:01+00:00] Colors: green=0 persisted=61, red=1
[2026-07-04T22:15:03+00:00] Cells updated: 2
[2026-07-04T22:15:03+00:00] === color-links end (2.27s) ===
[2026-07-04T22:30:01+00:00] === color-links start ===
[2026-07-04T22:30:01+00:00] Unique deals in sheet: 2
[2026-07-04T22:30:01+00:00] Already green: 61, to check: 1
[2026-07-04T22:30:01+00:00] Categories: [3,5,7]
[2026-07-04T22:30:01+00:00] Fetched deals: 1
[2026-07-04T22:30:01+00:00] Colors: green=0 persisted=61, red=1
[2026-07-04T22:30:02+00:00] Cells updated: 2
[2026-07-04T22:30:02+00:00] === color-links end (1.66s) ===
[2026-07-04T22:45:01+00:00] === color-links start ===
[2026-07-04T22:45:01+00:00] Unique deals in sheet: 2
[2026-07-04T22:45:01+00:00] Already green: 61, to check: 1
[2026-07-04T22:45:01+00:00] Categories: [3,5,7]
[2026-07-04T22:45:02+00:00] Fetched deals: 1
[2026-07-04T22:45:02+00:00] Colors: green=0 persisted=61, red=1
[2026-07-04T22:45:04+00:00] Cells updated: 2
[2026-07-04T22:45:04+00:00] === color-links end (2.63s) ===
[2026-07-04T23:00:01+00:00] === color-links start ===
[2026-07-04T23:00:01+00:00] Unique deals in sheet: 2
[2026-07-04T23:00:01+00:00] Already green: 61, to check: 1
[2026-07-04T23:00:01+00:00] Categories: [3,5,7]
[2026-07-04T23:00:01+00:00] Fetched deals: 1
[2026-07-04T23:00:01+00:00] Colors: green=0 persisted=61, red=1
[2026-07-04T23:00:02+00:00] Cells updated: 2
[2026-07-04T23:00:02+00:00] === color-links end (1.5s) ===
[2026-07-04T23:15:01+00:00] === color-links start ===
[2026-07-04T23:15:01+00:00] Unique deals in sheet: 2
[2026-07-04T23:15:01+00:00] Already green: 61, to check: 1
[2026-07-04T23:15:01+00:00] Categories: [3,5,7]
[2026-07-04T23:15:01+00:00] Fetched deals: 1
[2026-07-04T23:15:01+00:00] Colors: green=0 persisted=61, red=1
[2026-07-04T23:15:03+00:00] Cells updated: 2
[2026-07-04T23:15:03+00:00] === color-links end (1.81s) ===
[2026-07-04T23:30:01+00:00] === color-links start ===
[2026-07-04T23:30:01+00:00] Unique deals in sheet: 2
[2026-07-04T23:30:01+00:00] Already green: 61, to check: 1
[2026-07-04T23:30:01+00:00] Categories: [3,5,7]
[2026-07-04T23:30:01+00:00] Fetched deals: 1
[2026-07-04T23:30:01+00:00] Colors: green=0 persisted=61, red=1
[2026-07-04T23:30:03+00:00] Cells updated: 2
[2026-07-04T23:30:03+00:00] === color-links end (2.03s) ===
[2026-07-04T23:45:01+00:00] === color-links start ===
[2026-07-04T23:45:01+00:00] Unique deals in sheet: 2
[2026-07-04T23:45:01+00:00] Already green: 61, to check: 1
[2026-07-04T23:45:01+00:00] Categories: [3,5,7]
[2026-07-04T23:45:02+00:00] Fetched deals: 1
[2026-07-04T23:45:02+00:00] Colors: green=0 persisted=61, red=1
[2026-07-04T23:45:03+00:00] Cells updated: 2
[2026-07-04T23:45:03+00:00] === color-links end (1.69s) ===
