[2026-07-21T00:00:01+00:00] === color-links start ===
[2026-07-21T00:00:01+00:00] Unique deals in sheet: 2
[2026-07-21T00:00:01+00:00] Already green: 62, to check: 0
[2026-07-21T00:00:02+00:00] Categories: [3,5,7]
[2026-07-21T00:00:02+00:00] Colors: green=0 persisted=62, red=0
[2026-07-21T00:00:03+00:00] Cells updated: 2
[2026-07-21T00:00:03+00:00] === color-links end (1.53s) ===
[2026-07-21T00:15:01+00:00] === color-links start ===
[2026-07-21T00:15:01+00:00] Unique deals in sheet: 2
[2026-07-21T00:15:01+00:00] Already green: 62, to check: 0
[2026-07-21T00:15:01+00:00] Categories: [3,5,7]
[2026-07-21T00:15:01+00:00] Colors: green=0 persisted=62, red=0
[2026-07-21T00:15:03+00:00] Cells updated: 2
[2026-07-21T00:15:03+00:00] === color-links end (2.16s) ===
[2026-07-21T00:30:01+00:00] === color-links start ===
[2026-07-21T00:30:01+00:00] Unique deals in sheet: 2
[2026-07-21T00:30:01+00:00] Already green: 62, to check: 0
[2026-07-21T00:30:02+00:00] Categories: [3,5,7]
[2026-07-21T00:30:02+00:00] Colors: green=0 persisted=62, red=0
[2026-07-21T00:30:05+00:00] Cells updated: 2
[2026-07-21T00:30:05+00:00] === color-links end (3.74s) ===
[2026-07-21T00:45:01+00:00] === color-links start ===
[2026-07-21T00:45:01+00:00] Unique deals in sheet: 2
[2026-07-21T00:45:01+00:00] Already green: 62, to check: 0
[2026-07-21T00:45:01+00:00] Categories: [3,5,7]
[2026-07-21T00:45:01+00:00] Colors: green=0 persisted=62, red=0
[2026-07-21T00:45:05+00:00] Cells updated: 2
[2026-07-21T00:45:05+00:00] === color-links end (3.76s) ===
[2026-07-21T01:00:01+00:00] === color-links start ===
[2026-07-21T01:00:01+00:00] Unique deals in sheet: 2
[2026-07-21T01:00:01+00:00] Already green: 62, to check: 0
[2026-07-21T01:00:01+00:00] Categories: [3,5,7]
[2026-07-21T01:00:01+00:00] Colors: green=0 persisted=62, red=0
[2026-07-21T01:00:05+00:00] Cells updated: 2
[2026-07-21T01:00:05+00:00] === color-links end (4.01s) ===
[2026-07-21T01:15:01+00:00] === color-links start ===
[2026-07-21T01:15:01+00:00] Unique deals in sheet: 2
[2026-07-21T01:15:01+00:00] Already green: 62, to check: 0
[2026-07-21T01:15:01+00:00] Categories: [3,5,7]
[2026-07-21T01:15:01+00:00] Colors: green=0 persisted=62, red=0
[2026-07-21T01:15:04+00:00] Cells updated: 2
[2026-07-21T01:15:04+00:00] === color-links end (3.44s) ===
[2026-07-21T01:30:01+00:00] === color-links start ===
[2026-07-21T01:30:01+00:00] Unique deals in sheet: 2
[2026-07-21T01:30:01+00:00] Already green: 62, to check: 0
[2026-07-21T01:30:01+00:00] Categories: [3,5,7]
[2026-07-21T01:30:01+00:00] Colors: green=0 persisted=62, red=0
[2026-07-21T01:30:03+00:00] Cells updated: 2
[2026-07-21T01:30:03+00:00] === color-links end (2.73s) ===
[2026-07-21T01:45:01+00:00] === color-links start ===
[2026-07-21T01:45:01+00:00] Unique deals in sheet: 2
[2026-07-21T01:45:01+00:00] Already green: 62, to check: 0
[2026-07-21T01:45:01+00:00] Categories: [3,5,7]
[2026-07-21T01:45:01+00:00] Colors: green=0 persisted=62, red=0
[2026-07-21T01:45:04+00:00] Cells updated: 2
[2026-07-21T01:45:04+00:00] === color-links end (3.35s) ===
[2026-07-21T02:00:01+00:00] === color-links start ===
[2026-07-21T02:00:01+00:00] Unique deals in sheet: 2
[2026-07-21T02:00:01+00:00] Already green: 62, to check: 0
[2026-07-21T02:00:01+00:00] Categories: [3,5,7]
[2026-07-21T02:00:01+00:00] Colors: green=0 persisted=62, red=0
[2026-07-21T02:00:04+00:00] Cells updated: 2
[2026-07-21T02:00:04+00:00] === color-links end (3.3s) ===
[2026-07-21T02:15:01+00:00] === color-links start ===
[2026-07-21T02:15:01+00:00] Unique deals in sheet: 2
[2026-07-21T02:15:01+00:00] Already green: 62, to check: 0
[2026-07-21T02:15:01+00:00] Categories: [3,5,7]
[2026-07-21T02:15:01+00:00] Colors: green=0 persisted=62, red=0
[2026-07-21T02:15:04+00:00] Cells updated: 2
[2026-07-21T02:15:04+00:00] === color-links end (2.89s) ===
[2026-07-21T02:30:01+00:00] === color-links start ===
[2026-07-21T02:30:01+00:00] Unique deals in sheet: 2
[2026-07-21T02:30:01+00:00] Already green: 62, to check: 0
[2026-07-21T02:30:01+00:00] Categories: [3,5,7]
[2026-07-21T02:30:01+00:00] Colors: green=0 persisted=62, red=0
[2026-07-21T02:30:03+00:00] Cells updated: 2
[2026-07-21T02:30:03+00:00] === color-links end (1.57s) ===
[2026-07-21T02:45:01+00:00] === color-links start ===
[2026-07-21T02:45:01+00:00] Unique deals in sheet: 2
[2026-07-21T02:45:01+00:00] Already green: 62, to check: 0
[2026-07-21T02:45:01+00:00] Categories: [3,5,7]
[2026-07-21T02:45:01+00:00] Colors: green=0 persisted=62, red=0
[2026-07-21T02:45:04+00:00] Cells updated: 2
[2026-07-21T02:45:04+00:00] === color-links end (2.7s) ===
[2026-07-21T03:00:01+00:00] === color-links start ===
[2026-07-21T03:00:01+00:00] Unique deals in sheet: 2
[2026-07-21T03:00:01+00:00] Already green: 62, to check: 0
[2026-07-21T03:00:01+00:00] Categories: [3,5,7]
[2026-07-21T03:00:01+00:00] Colors: green=0 persisted=62, red=0
[2026-07-21T03:00:03+00:00] Cells updated: 2
[2026-07-21T03:00:03+00:00] === color-links end (2.4s) ===
[2026-07-21T03:15:01+00:00] === color-links start ===
[2026-07-21T03:15:01+00:00] Unique deals in sheet: 2
[2026-07-21T03:15:01+00:00] Already green: 62, to check: 0
[2026-07-21T03:15:02+00:00] Categories: [3,5,7]
[2026-07-21T03:15:02+00:00] Colors: green=0 persisted=62, red=0
[2026-07-21T03:15:04+00:00] Cells updated: 2
[2026-07-21T03:15:04+00:00] === color-links end (2.66s) ===
[2026-07-21T03:30:01+00:00] === color-links start ===
[2026-07-21T03:30:01+00:00] Unique deals in sheet: 2
[2026-07-21T03:30:01+00:00] Already green: 62, to check: 0
[2026-07-21T03:30:01+00:00] Categories: [3,5,7]
[2026-07-21T03:30:01+00:00] Colors: green=0 persisted=62, red=0
[2026-07-21T03:30:03+00:00] Cells updated: 2
[2026-07-21T03:30:03+00:00] === color-links end (2.15s) ===
[2026-07-21T03:45:01+00:00] === color-links start ===
[2026-07-21T03:45:01+00:00] Unique deals in sheet: 2
[2026-07-21T03:45:01+00:00] Already green: 62, to check: 0
[2026-07-21T03:45:01+00:00] Categories: [3,5,7]
[2026-07-21T03:45:01+00:00] Colors: green=0 persisted=62, red=0
[2026-07-21T03:45:03+00:00] Cells updated: 2
[2026-07-21T03:45:03+00:00] === color-links end (2.28s) ===
[2026-07-21T04:00:01+00:00] === color-links start ===
[2026-07-21T04:00:01+00:00] Unique deals in sheet: 2
[2026-07-21T04:00:01+00:00] Already green: 62, to check: 0
[2026-07-21T04:00:01+00:00] Categories: [3,5,7]
[2026-07-21T04:00:01+00:00] Colors: green=0 persisted=62, red=0
[2026-07-21T04:00:03+00:00] Cells updated: 2
[2026-07-21T04:00:03+00:00] === color-links end (2.11s) ===
[2026-07-21T04:15:01+00:00] === color-links start ===
[2026-07-21T04:15:01+00:00] Unique deals in sheet: 2
[2026-07-21T04:15:01+00:00] Already green: 62, to check: 0
[2026-07-21T04:15:01+00:00] Categories: [3,5,7]
[2026-07-21T04:15:01+00:00] Colors: green=0 persisted=62, red=0
[2026-07-21T04:15:02+00:00] Cells updated: 2
[2026-07-21T04:15:02+00:00] === color-links end (1.8s) ===
[2026-07-21T04:30:01+00:00] === color-links start ===
[2026-07-21T04:30:01+00:00] Unique deals in sheet: 2
[2026-07-21T04:30:01+00:00] Already green: 62, to check: 0
[2026-07-21T04:30:01+00:00] Categories: [3,5,7]
[2026-07-21T04:30:01+00:00] Colors: green=0 persisted=62, red=0
[2026-07-21T04:30:04+00:00] Cells updated: 2
[2026-07-21T04:30:04+00:00] === color-links end (2.62s) ===
[2026-07-21T04:45:02+00:00] === color-links start ===
[2026-07-21T04:45:02+00:00] Unique deals in sheet: 2
[2026-07-21T04:45:02+00:00] Already green: 62, to check: 0
[2026-07-21T04:45:02+00:00] Categories: [3,5,7]
[2026-07-21T04:45:02+00:00] Colors: green=0 persisted=62, red=0
[2026-07-21T04:45:03+00:00] Cells updated: 2
[2026-07-21T04:45:03+00:00] === color-links end (1.63s) ===
[2026-07-21T05:00:01+00:00] === color-links start ===
[2026-07-21T05:00:01+00:00] Unique deals in sheet: 2
[2026-07-21T05:00:01+00:00] Already green: 62, to check: 0
[2026-07-21T05:00:02+00:00] Categories: [3,5,7]
[2026-07-21T05:00:02+00:00] Colors: green=0 persisted=62, red=0
[2026-07-21T05:00:03+00:00] Cells updated: 2
[2026-07-21T05:00:03+00:00] === color-links end (1.84s) ===
[2026-07-21T05:15:01+00:00] === color-links start ===
[2026-07-21T05:15:01+00:00] Unique deals in sheet: 2
[2026-07-21T05:15:01+00:00] Already green: 62, to check: 0
[2026-07-21T05:15:02+00:00] Categories: [3,5,7]
[2026-07-21T05:15:02+00:00] Colors: green=0 persisted=62, red=0
[2026-07-21T05:15:04+00:00] Cells updated: 2
[2026-07-21T05:15:04+00:00] === color-links end (2.14s) ===
[2026-07-21T05:30:01+00:00] === color-links start ===
[2026-07-21T05:30:01+00:00] Unique deals in sheet: 2
[2026-07-21T05:30:01+00:00] Already green: 62, to check: 0
[2026-07-21T05:30:02+00:00] Categories: [3,5,7]
[2026-07-21T05:30:02+00:00] Colors: green=0 persisted=62, red=0
[2026-07-21T05:30:03+00:00] Cells updated: 2
[2026-07-21T05:30:03+00:00] === color-links end (2.1s) ===
[2026-07-21T05:45:01+00:00] === color-links start ===
[2026-07-21T05:45:01+00:00] Unique deals in sheet: 2
[2026-07-21T05:45:01+00:00] Already green: 62, to check: 0
[2026-07-21T05:45:01+00:00] Categories: [3,5,7]
[2026-07-21T05:45:01+00:00] Colors: green=0 persisted=62, red=0
[2026-07-21T05:45:03+00:00] Cells updated: 2
[2026-07-21T05:45:03+00:00] === color-links end (1.56s) ===
[2026-07-21T06:00:01+00:00] === color-links start ===
[2026-07-21T06:00:01+00:00] Unique deals in sheet: 2
[2026-07-21T06:00:01+00:00] Already green: 62, to check: 0
[2026-07-21T06:00:01+00:00] Categories: [3,5,7]
[2026-07-21T06:00:01+00:00] Colors: green=0 persisted=62, red=0
[2026-07-21T06:00:03+00:00] Cells updated: 2
[2026-07-21T06:00:03+00:00] === color-links end (1.94s) ===
[2026-07-21T06:15:01+00:00] === color-links start ===
[2026-07-21T06:15:01+00:00] Unique deals in sheet: 2
[2026-07-21T06:15:01+00:00] Already green: 62, to check: 0
[2026-07-21T06:15:01+00:00] Categories: [3,5,7]
[2026-07-21T06:15:01+00:00] Colors: green=0 persisted=62, red=0
[2026-07-21T06:15:03+00:00] Cells updated: 2
[2026-07-21T06:15:03+00:00] === color-links end (2.19s) ===
[2026-07-21T06:30:01+00:00] === color-links start ===
[2026-07-21T06:30:01+00:00] Unique deals in sheet: 2
[2026-07-21T06:30:01+00:00] Already green: 62, to check: 0
[2026-07-21T06:30:01+00:00] Categories: [3,5,7]
[2026-07-21T06:30:01+00:00] Colors: green=0 persisted=62, red=0
[2026-07-21T06:30:02+00:00] Cells updated: 2
[2026-07-21T06:30:02+00:00] === color-links end (1.52s) ===
[2026-07-21T06:45:01+00:00] === color-links start ===
[2026-07-21T06:45:01+00:00] Unique deals in sheet: 2
[2026-07-21T06:45:01+00:00] Already green: 62, to check: 0
[2026-07-21T06:45:01+00:00] Categories: [3,5,7]
[2026-07-21T06:45:01+00:00] Colors: green=0 persisted=62, red=0
[2026-07-21T06:45:03+00:00] Cells updated: 2
[2026-07-21T06:45:03+00:00] === color-links end (1.61s) ===
[2026-07-21T07:00:01+00:00] === color-links start ===
[2026-07-21T07:00:01+00:00] Unique deals in sheet: 2
[2026-07-21T07:00:01+00:00] Already green: 62, to check: 0
[2026-07-21T07:00:02+00:00] Categories: [3,5,7]
[2026-07-21T07:00:02+00:00] Colors: green=0 persisted=62, red=0
[2026-07-21T07:00:04+00:00] Cells updated: 2
[2026-07-21T07:00:04+00:00] === color-links end (2.55s) ===
[2026-07-21T07:15:01+00:00] === color-links start ===
[2026-07-21T07:15:01+00:00] Unique deals in sheet: 2
[2026-07-21T07:15:01+00:00] Already green: 62, to check: 0
[2026-07-21T07:15:02+00:00] Categories: [3,5,7]
[2026-07-21T07:15:02+00:00] Colors: green=0 persisted=62, red=0
[2026-07-21T07:15:03+00:00] Cells updated: 2
[2026-07-21T07:15:03+00:00] === color-links end (1.96s) ===
[2026-07-21T07:30:01+00:00] === color-links start ===
[2026-07-21T07:30:01+00:00] Unique deals in sheet: 2
[2026-07-21T07:30:01+00:00] Already green: 62, to check: 0
[2026-07-21T07:30:02+00:00] Categories: [3,5,7]
[2026-07-21T07:30:02+00:00] Colors: green=0 persisted=62, red=0
[2026-07-21T07:30:03+00:00] Cells updated: 2
[2026-07-21T07:30:03+00:00] === color-links end (1.57s) ===
[2026-07-21T07:45:01+00:00] === color-links start ===
[2026-07-21T07:45:01+00:00] Unique deals in sheet: 2
[2026-07-21T07:45:01+00:00] Already green: 62, to check: 0
[2026-07-21T07:45:02+00:00] Categories: [3,5,7]
[2026-07-21T07:45:02+00:00] Colors: green=0 persisted=62, red=0
[2026-07-21T07:45:04+00:00] Cells updated: 2
[2026-07-21T07:45:04+00:00] === color-links end (2.2s) ===
[2026-07-21T08:00:01+00:00] === color-links start ===
[2026-07-21T08:00:01+00:00] Unique deals in sheet: 2
[2026-07-21T08:00:01+00:00] Already green: 62, to check: 0
[2026-07-21T08:00:01+00:00] Categories: [3,5,7]
[2026-07-21T08:00:01+00:00] Colors: green=0 persisted=62, red=0
[2026-07-21T08:00:05+00:00] Cells updated: 2
[2026-07-21T08:00:05+00:00] === color-links end (3.93s) ===
[2026-07-21T08:15:01+00:00] === color-links start ===
[2026-07-21T08:15:01+00:00] Unique deals in sheet: 2
[2026-07-21T08:15:01+00:00] Already green: 62, to check: 0
[2026-07-21T08:15:02+00:00] Categories: [3,5,7]
[2026-07-21T08:15:02+00:00] Colors: green=0 persisted=62, red=0
[2026-07-21T08:15:03+00:00] Cells updated: 2
[2026-07-21T08:15:03+00:00] === color-links end (1.65s) ===
[2026-07-21T08:30:01+00:00] === color-links start ===
[2026-07-21T08:30:01+00:00] Unique deals in sheet: 2
[2026-07-21T08:30:01+00:00] Already green: 62, to check: 0
[2026-07-21T08:30:01+00:00] Categories: [3,5,7]
[2026-07-21T08:30:01+00:00] Colors: green=0 persisted=62, red=0
[2026-07-21T08:30:03+00:00] Cells updated: 2
[2026-07-21T08:30:03+00:00] === color-links end (1.57s) ===
[2026-07-21T08:45:01+00:00] === color-links start ===
[2026-07-21T08:45:01+00:00] Unique deals in sheet: 2
[2026-07-21T08:45:01+00:00] Already green: 62, to check: 0
[2026-07-21T08:45:01+00:00] Categories: [3,5,7]
[2026-07-21T08:45:01+00:00] Colors: green=0 persisted=62, red=0
[2026-07-21T08:45:03+00:00] Cells updated: 2
[2026-07-21T08:45:03+00:00] === color-links end (2.05s) ===
[2026-07-21T09:00:01+00:00] === color-links start ===
[2026-07-21T09:00:01+00:00] Unique deals in sheet: 2
[2026-07-21T09:00:01+00:00] Already green: 62, to check: 0
[2026-07-21T09:00:01+00:00] Categories: [3,5,7]
[2026-07-21T09:00:01+00:00] Colors: green=0 persisted=62, red=0
[2026-07-21T09:00:03+00:00] Cells updated: 2
[2026-07-21T09:00:03+00:00] === color-links end (1.64s) ===
[2026-07-21T09:15:01+00:00] === color-links start ===
[2026-07-21T09:15:01+00:00] Unique deals in sheet: 2
[2026-07-21T09:15:01+00:00] Already green: 62, to check: 0
[2026-07-21T09:15:01+00:00] Categories: [3,5,7]
[2026-07-21T09:15:01+00:00] Colors: green=0 persisted=62, red=0
[2026-07-21T09:15:03+00:00] Cells updated: 2
[2026-07-21T09:15:03+00:00] === color-links end (1.98s) ===
[2026-07-21T09:30:01+00:00] === color-links start ===
[2026-07-21T09:30:01+00:00] Unique deals in sheet: 2
[2026-07-21T09:30:01+00:00] Already green: 62, to check: 0
[2026-07-21T09:30:02+00:00] Categories: [3,5,7]
[2026-07-21T09:30:02+00:00] Colors: green=0 persisted=62, red=0
[2026-07-21T09:30:04+00:00] Cells updated: 2
[2026-07-21T09:30:04+00:00] === color-links end (2.27s) ===
[2026-07-21T09:45:01+00:00] === color-links start ===
[2026-07-21T09:45:01+00:00] Unique deals in sheet: 2
[2026-07-21T09:45:01+00:00] Already green: 62, to check: 0
[2026-07-21T09:45:01+00:00] Categories: [3,5,7]
[2026-07-21T09:45:01+00:00] Colors: green=0 persisted=62, red=0
[2026-07-21T09:45:03+00:00] Cells updated: 2
[2026-07-21T09:45:03+00:00] === color-links end (1.82s) ===
[2026-07-21T10:00:02+00:00] === color-links start ===
[2026-07-21T10:00:02+00:00] Unique deals in sheet: 2
[2026-07-21T10:00:02+00:00] Already green: 62, to check: 0
[2026-07-21T10:00:02+00:00] Categories: [3,5,7]
[2026-07-21T10:00:02+00:00] Colors: green=0 persisted=62, red=0
[2026-07-21T10:00:03+00:00] Cells updated: 2
[2026-07-21T10:00:03+00:00] === color-links end (1.52s) ===
[2026-07-21T10:15:01+00:00] === color-links start ===
[2026-07-21T10:15:01+00:00] Unique deals in sheet: 2
[2026-07-21T10:15:01+00:00] Already green: 62, to check: 0
[2026-07-21T10:15:01+00:00] Categories: [3,5,7]
[2026-07-21T10:15:01+00:00] Colors: green=0 persisted=62, red=0
[2026-07-21T10:15:02+00:00] Cells updated: 2
[2026-07-21T10:15:02+00:00] === color-links end (1.52s) ===
[2026-07-21T10:30:01+00:00] === color-links start ===
[2026-07-21T10:30:01+00:00] Unique deals in sheet: 2
[2026-07-21T10:30:01+00:00] Already green: 62, to check: 0
[2026-07-21T10:30:01+00:00] Categories: [3,5,7]
[2026-07-21T10:30:01+00:00] Colors: green=0 persisted=62, red=0
[2026-07-21T10:30:03+00:00] Cells updated: 2
[2026-07-21T10:30:03+00:00] === color-links end (2.06s) ===
[2026-07-21T10:45:01+00:00] === color-links start ===
[2026-07-21T10:45:01+00:00] Unique deals in sheet: 2
[2026-07-21T10:45:01+00:00] Already green: 62, to check: 0
[2026-07-21T10:45:01+00:00] Categories: [3,5,7]
[2026-07-21T10:45:01+00:00] Colors: green=0 persisted=62, red=0
[2026-07-21T10:45:03+00:00] Cells updated: 2
[2026-07-21T10:45:03+00:00] === color-links end (2.5s) ===
[2026-07-21T11:00:02+00:00] === color-links start ===
[2026-07-21T11:00:02+00:00] Unique deals in sheet: 2
[2026-07-21T11:00:02+00:00] Already green: 62, to check: 0
[2026-07-21T11:00:02+00:00] Categories: [3,5,7]
[2026-07-21T11:00:02+00:00] Colors: green=0 persisted=62, red=0
[2026-07-21T11:00:04+00:00] Cells updated: 2
[2026-07-21T11:00:04+00:00] === color-links end (2.11s) ===
[2026-07-21T11:15:01+00:00] === color-links start ===
[2026-07-21T11:15:01+00:00] Unique deals in sheet: 2
[2026-07-21T11:15:01+00:00] Already green: 62, to check: 0
[2026-07-21T11:15:01+00:00] Categories: [3,5,7]
[2026-07-21T11:15:01+00:00] Colors: green=0 persisted=62, red=0
[2026-07-21T11:15:02+00:00] Cells updated: 2
[2026-07-21T11:15:02+00:00] === color-links end (1.47s) ===
[2026-07-21T11:30:01+00:00] === color-links start ===
[2026-07-21T11:30:01+00:00] Unique deals in sheet: 2
[2026-07-21T11:30:01+00:00] Already green: 62, to check: 0
[2026-07-21T11:30:01+00:00] Categories: [3,5,7]
[2026-07-21T11:30:01+00:00] Colors: green=0 persisted=62, red=0
[2026-07-21T11:30:02+00:00] Cells updated: 2
[2026-07-21T11:30:02+00:00] === color-links end (1.41s) ===
[2026-07-21T11:45:02+00:00] === color-links start ===
[2026-07-21T11:45:02+00:00] Unique deals in sheet: 2
[2026-07-21T11:45:02+00:00] Already green: 62, to check: 0
[2026-07-21T11:45:02+00:00] Categories: [3,5,7]
[2026-07-21T11:45:02+00:00] Colors: green=0 persisted=62, red=0
[2026-07-21T11:45:03+00:00] Cells updated: 2
[2026-07-21T11:45:03+00:00] === color-links end (1.9s) ===
[2026-07-21T12:00:01+00:00] === color-links start ===
[2026-07-21T12:00:01+00:00] Unique deals in sheet: 2
[2026-07-21T12:00:01+00:00] Already green: 62, to check: 0
[2026-07-21T12:00:01+00:00] Categories: [3,5,7]
[2026-07-21T12:00:01+00:00] Colors: green=0 persisted=62, red=0
[2026-07-21T12:00:03+00:00] Cells updated: 2
[2026-07-21T12:00:03+00:00] === color-links end (2.22s) ===
[2026-07-21T12:15:01+00:00] === color-links start ===
[2026-07-21T12:15:01+00:00] Unique deals in sheet: 2
[2026-07-21T12:15:01+00:00] Already green: 62, to check: 0
[2026-07-21T12:15:01+00:00] Categories: [3,5,7]
[2026-07-21T12:15:01+00:00] Colors: green=0 persisted=62, red=0
[2026-07-21T12:15:02+00:00] Cells updated: 2
[2026-07-21T12:15:02+00:00] === color-links end (1.82s) ===
[2026-07-21T12:30:01+00:00] === color-links start ===
[2026-07-21T12:30:01+00:00] Unique deals in sheet: 2
[2026-07-21T12:30:01+00:00] Already green: 62, to check: 0
[2026-07-21T12:30:01+00:00] Categories: [3,5,7]
[2026-07-21T12:30:01+00:00] Colors: green=0 persisted=62, red=0
[2026-07-21T12:30:03+00:00] Cells updated: 2
[2026-07-21T12:30:03+00:00] === color-links end (2.72s) ===
[2026-07-21T12:45:01+00:00] === color-links start ===
[2026-07-21T12:45:01+00:00] No cells state, nothing to color
[2026-07-21T12:45:01+00:00] === color-links end (0s) ===
[2026-07-21T13:00:01+00:00] === color-links start ===
[2026-07-21T13:00:01+00:00] No cells state, nothing to color
[2026-07-21T13:00:01+00:00] === color-links end (0s) ===
[2026-07-21T13:15:01+00:00] === color-links start ===
[2026-07-21T13:15:01+00:00] No cells state, nothing to color
[2026-07-21T13:15:01+00:00] === color-links end (0s) ===
[2026-07-21T13:30:01+00:00] === color-links start ===
[2026-07-21T13:30:01+00:00] No cells state, nothing to color
[2026-07-21T13:30:01+00:00] === color-links end (0s) ===
[2026-07-21T13:45:01+00:00] === color-links start ===
[2026-07-21T13:45:01+00:00] No cells state, nothing to color
[2026-07-21T13:45:01+00:00] === color-links end (0s) ===
[2026-07-21T14:00:01+00:00] === color-links start ===
[2026-07-21T14:00:01+00:00] No cells state, nothing to color
[2026-07-21T14:00:01+00:00] === color-links end (0s) ===
[2026-07-21T14:15:01+00:00] === color-links start ===
[2026-07-21T14:15:01+00:00] No cells state, nothing to color
[2026-07-21T14:15:01+00:00] === color-links end (0s) ===
[2026-07-21T14:30:01+00:00] === color-links start ===
[2026-07-21T14:30:01+00:00] No cells state, nothing to color
[2026-07-21T14:30:01+00:00] === color-links end (0s) ===
[2026-07-21T14:45:01+00:00] === color-links start ===
[2026-07-21T14:45:01+00:00] No cells state, nothing to color
[2026-07-21T14:45:01+00:00] === color-links end (0s) ===
[2026-07-21T15:00:01+00:00] === color-links start ===
[2026-07-21T15:00:01+00:00] No cells state, nothing to color
[2026-07-21T15:00:01+00:00] === color-links end (0s) ===
[2026-07-21T15:15:01+00:00] === color-links start ===
[2026-07-21T15:15:01+00:00] No cells state, nothing to color
[2026-07-21T15:15:01+00:00] === color-links end (0s) ===
[2026-07-21T15:30:02+00:00] === color-links start ===
[2026-07-21T15:30:02+00:00] No cells state, nothing to color
[2026-07-21T15:30:02+00:00] === color-links end (0s) ===
[2026-07-21T15:45:01+00:00] === color-links start ===
[2026-07-21T15:45:01+00:00] No cells state, nothing to color
[2026-07-21T15:45:01+00:00] === color-links end (0s) ===
[2026-07-21T16:00:01+00:00] === color-links start ===
[2026-07-21T16:00:01+00:00] No cells state, nothing to color
[2026-07-21T16:00:01+00:00] === color-links end (0s) ===
[2026-07-21T16:15:01+00:00] === color-links start ===
[2026-07-21T16:15:01+00:00] No cells state, nothing to color
[2026-07-21T16:15:01+00:00] === color-links end (0s) ===
[2026-07-21T16:30:01+00:00] === color-links start ===
[2026-07-21T16:30:01+00:00] No cells state, nothing to color
[2026-07-21T16:30:01+00:00] === color-links end (0s) ===
[2026-07-21T16:45:01+00:00] === color-links start ===
[2026-07-21T16:45:01+00:00] No cells state, nothing to color
[2026-07-21T16:45:01+00:00] === color-links end (0s) ===
[2026-07-21T17:00:01+00:00] === color-links start ===
[2026-07-21T17:00:01+00:00] No cells state, nothing to color
[2026-07-21T17:00:01+00:00] === color-links end (0s) ===
[2026-07-21T17:15:01+00:00] === color-links start ===
[2026-07-21T17:15:01+00:00] No cells state, nothing to color
[2026-07-21T17:15:01+00:00] === color-links end (0s) ===
[2026-07-21T17:30:01+00:00] === color-links start ===
[2026-07-21T17:30:01+00:00] No cells state, nothing to color
[2026-07-21T17:30:01+00:00] === color-links end (0s) ===
[2026-07-21T17:45:01+00:00] === color-links start ===
[2026-07-21T17:45:01+00:00] No cells state, nothing to color
[2026-07-21T17:45:01+00:00] === color-links end (0s) ===
[2026-07-21T18:00:01+00:00] === color-links start ===
[2026-07-21T18:00:01+00:00] No cells state, nothing to color
[2026-07-21T18:00:01+00:00] === color-links end (0s) ===
[2026-07-21T18:15:01+00:00] === color-links start ===
[2026-07-21T18:15:01+00:00] No cells state, nothing to color
[2026-07-21T18:15:01+00:00] === color-links end (0s) ===
[2026-07-21T18:30:01+00:00] === color-links start ===
[2026-07-21T18:30:01+00:00] No cells state, nothing to color
[2026-07-21T18:30:01+00:00] === color-links end (0s) ===
[2026-07-21T18:45:02+00:00] === color-links start ===
[2026-07-21T18:45:02+00:00] No cells state, nothing to color
[2026-07-21T18:45:02+00:00] === color-links end (0s) ===
[2026-07-21T19:00:01+00:00] === color-links start ===
[2026-07-21T19:00:01+00:00] No cells state, nothing to color
[2026-07-21T19:00:01+00:00] === color-links end (0s) ===
[2026-07-21T19:15:01+00:00] === color-links start ===
[2026-07-21T19:15:01+00:00] No cells state, nothing to color
[2026-07-21T19:15:01+00:00] === color-links end (0s) ===
[2026-07-21T19:30:01+00:00] === color-links start ===
[2026-07-21T19:30:01+00:00] No cells state, nothing to color
[2026-07-21T19:30:01+00:00] === color-links end (0s) ===
[2026-07-21T19:45:01+00:00] === color-links start ===
[2026-07-21T19:45:01+00:00] No cells state, nothing to color
[2026-07-21T19:45:01+00:00] === color-links end (0s) ===
[2026-07-21T20:00:01+00:00] === color-links start ===
[2026-07-21T20:00:01+00:00] No cells state, nothing to color
[2026-07-21T20:00:01+00:00] === color-links end (0s) ===
[2026-07-21T20:15:01+00:00] === color-links start ===
[2026-07-21T20:15:01+00:00] No cells state, nothing to color
[2026-07-21T20:15:01+00:00] === color-links end (0s) ===
[2026-07-21T20:30:01+00:00] === color-links start ===
[2026-07-21T20:30:01+00:00] No cells state, nothing to color
[2026-07-21T20:30:01+00:00] === color-links end (0s) ===
[2026-07-21T20:45:01+00:00] === color-links start ===
[2026-07-21T20:45:01+00:00] No cells state, nothing to color
[2026-07-21T20:45:01+00:00] === color-links end (0s) ===
[2026-07-21T21:00:01+00:00] === color-links start ===
[2026-07-21T21:00:01+00:00] No cells state, nothing to color
[2026-07-21T21:00:01+00:00] === color-links end (0s) ===
[2026-07-21T21:15:02+00:00] === color-links start ===
[2026-07-21T21:15:02+00:00] No cells state, nothing to color
[2026-07-21T21:15:02+00:00] === color-links end (0s) ===
[2026-07-21T21:30:02+00:00] === color-links start ===
[2026-07-21T21:30:02+00:00] No cells state, nothing to color
[2026-07-21T21:30:02+00:00] === color-links end (0s) ===
[2026-07-21T21:45:01+00:00] === color-links start ===
[2026-07-21T21:45:01+00:00] No cells state, nothing to color
[2026-07-21T21:45:01+00:00] === color-links end (0s) ===
[2026-07-21T22:00:01+00:00] === color-links start ===
[2026-07-21T22:00:01+00:00] No cells state, nothing to color
[2026-07-21T22:00:01+00:00] === color-links end (0s) ===
[2026-07-21T22:15:01+00:00] === color-links start ===
[2026-07-21T22:15:01+00:00] No cells state, nothing to color
[2026-07-21T22:15:01+00:00] === color-links end (0s) ===
[2026-07-21T22:30:01+00:00] === color-links start ===
[2026-07-21T22:30:01+00:00] No cells state, nothing to color
[2026-07-21T22:30:01+00:00] === color-links end (0s) ===
[2026-07-21T22:45:01+00:00] === color-links start ===
[2026-07-21T22:45:01+00:00] No cells state, nothing to color
[2026-07-21T22:45:01+00:00] === color-links end (0s) ===
[2026-07-21T23:00:01+00:00] === color-links start ===
[2026-07-21T23:00:01+00:00] No cells state, nothing to color
[2026-07-21T23:00:01+00:00] === color-links end (0s) ===
[2026-07-21T23:15:01+00:00] === color-links start ===
[2026-07-21T23:15:01+00:00] No cells state, nothing to color
[2026-07-21T23:15:01+00:00] === color-links end (0s) ===
[2026-07-21T23:30:01+00:00] === color-links start ===
[2026-07-21T23:30:01+00:00] No cells state, nothing to color
[2026-07-21T23:30:01+00:00] === color-links end (0s) ===
[2026-07-21T23:45:01+00:00] === color-links start ===
[2026-07-21T23:45:01+00:00] No cells state, nothing to color
[2026-07-21T23:45:01+00:00] === color-links end (0s) ===
