[2026-07-19T00:00:01+00:00] === color-links start ===
[2026-07-19T00:00:01+00:00] Unique deals in sheet: 2
[2026-07-19T00:00:01+00:00] Already green: 62, to check: 0
[2026-07-19T00:00:01+00:00] Categories: [3,5,7]
[2026-07-19T00:00:01+00:00] Colors: green=0 persisted=62, red=0
[2026-07-19T00:00:02+00:00] Cells updated: 2
[2026-07-19T00:00:02+00:00] === color-links end (1.37s) ===
[2026-07-19T00:15:01+00:00] === color-links start ===
[2026-07-19T00:15:01+00:00] Unique deals in sheet: 2
[2026-07-19T00:15:01+00:00] Already green: 62, to check: 0
[2026-07-19T00:15:01+00:00] Categories: [3,5,7]
[2026-07-19T00:15:01+00:00] Colors: green=0 persisted=62, red=0
[2026-07-19T00:15:02+00:00] Cells updated: 2
[2026-07-19T00:15:02+00:00] === color-links end (1.57s) ===
[2026-07-19T00:30:01+00:00] === color-links start ===
[2026-07-19T00:30:01+00:00] Unique deals in sheet: 2
[2026-07-19T00:30:01+00:00] Already green: 62, to check: 0
[2026-07-19T00:30:01+00:00] Categories: [3,5,7]
[2026-07-19T00:30:01+00:00] Colors: green=0 persisted=62, red=0
[2026-07-19T00:30:02+00:00] Cells updated: 2
[2026-07-19T00:30:02+00:00] === color-links end (1.43s) ===
[2026-07-19T00:45:01+00:00] === color-links start ===
[2026-07-19T00:45:01+00:00] Unique deals in sheet: 2
[2026-07-19T00:45:01+00:00] Already green: 62, to check: 0
[2026-07-19T00:45:01+00:00] Categories: [3,5,7]
[2026-07-19T00:45:01+00:00] Colors: green=0 persisted=62, red=0
[2026-07-19T00:45:02+00:00] Cells updated: 2
[2026-07-19T00:45:02+00:00] === color-links end (1.37s) ===
[2026-07-19T01:00:02+00:00] === color-links start ===
[2026-07-19T01:00:02+00:00] Unique deals in sheet: 2
[2026-07-19T01:00:02+00:00] Already green: 62, to check: 0
[2026-07-19T01:00:02+00:00] Categories: [3,5,7]
[2026-07-19T01:00:02+00:00] Colors: green=0 persisted=62, red=0
[2026-07-19T01:00:03+00:00] Cells updated: 2
[2026-07-19T01:00:03+00:00] === color-links end (1.39s) ===
[2026-07-19T01:15:01+00:00] === color-links start ===
[2026-07-19T01:15:01+00:00] Unique deals in sheet: 2
[2026-07-19T01:15:01+00:00] Already green: 62, to check: 0
[2026-07-19T01:15:01+00:00] Categories: [3,5,7]
[2026-07-19T01:15:01+00:00] Colors: green=0 persisted=62, red=0
[2026-07-19T01:15:02+00:00] Cells updated: 2
[2026-07-19T01:15:02+00:00] === color-links end (1.34s) ===
[2026-07-19T01:30:01+00:00] === color-links start ===
[2026-07-19T01:30:01+00:00] Unique deals in sheet: 2
[2026-07-19T01:30:01+00:00] Already green: 62, to check: 0
[2026-07-19T01:30:01+00:00] Categories: [3,5,7]
[2026-07-19T01:30:01+00:00] Colors: green=0 persisted=62, red=0
[2026-07-19T01:30:02+00:00] Cells updated: 2
[2026-07-19T01:30:02+00:00] === color-links end (1.7s) ===
[2026-07-19T01:45:01+00:00] === color-links start ===
[2026-07-19T01:45:01+00:00] Unique deals in sheet: 2
[2026-07-19T01:45:01+00:00] Already green: 62, to check: 0
[2026-07-19T01:45:01+00:00] Categories: [3,5,7]
[2026-07-19T01:45:01+00:00] Colors: green=0 persisted=62, red=0
[2026-07-19T01:45:03+00:00] Cells updated: 2
[2026-07-19T01:45:03+00:00] === color-links end (1.52s) ===
[2026-07-19T02:00:01+00:00] === color-links start ===
[2026-07-19T02:00:01+00:00] Unique deals in sheet: 2
[2026-07-19T02:00:01+00:00] Already green: 62, to check: 0
[2026-07-19T02:00:01+00:00] Categories: [3,5,7]
[2026-07-19T02:00:01+00:00] Colors: green=0 persisted=62, red=0
[2026-07-19T02:00:02+00:00] Cells updated: 2
[2026-07-19T02:00:02+00:00] === color-links end (1.43s) ===
[2026-07-19T02:15:01+00:00] === color-links start ===
[2026-07-19T02:15:01+00:00] Unique deals in sheet: 2
[2026-07-19T02:15:01+00:00] Already green: 62, to check: 0
[2026-07-19T02:15:01+00:00] Categories: [3,5,7]
[2026-07-19T02:15:01+00:00] Colors: green=0 persisted=62, red=0
[2026-07-19T02:15:02+00:00] Cells updated: 2
[2026-07-19T02:15:02+00:00] === color-links end (1.56s) ===
[2026-07-19T02:30:01+00:00] === color-links start ===
[2026-07-19T02:30:01+00:00] Unique deals in sheet: 2
[2026-07-19T02:30:01+00:00] Already green: 62, to check: 0
[2026-07-19T02:30:01+00:00] Categories: [3,5,7]
[2026-07-19T02:30:01+00:00] Colors: green=0 persisted=62, red=0
[2026-07-19T02:30:02+00:00] Cells updated: 2
[2026-07-19T02:30:02+00:00] === color-links end (1.36s) ===
[2026-07-19T02:45:01+00:00] === color-links start ===
[2026-07-19T02:45:01+00:00] Unique deals in sheet: 2
[2026-07-19T02:45:01+00:00] Already green: 62, to check: 0
[2026-07-19T02:45:01+00:00] Categories: [3,5,7]
[2026-07-19T02:45:01+00:00] Colors: green=0 persisted=62, red=0
[2026-07-19T02:45:02+00:00] Cells updated: 2
[2026-07-19T02:45:02+00:00] === color-links end (1.34s) ===
[2026-07-19T03:00:01+00:00] === color-links start ===
[2026-07-19T03:00:01+00:00] Unique deals in sheet: 2
[2026-07-19T03:00:01+00:00] Already green: 62, to check: 0
[2026-07-19T03:00:01+00:00] Categories: [3,5,7]
[2026-07-19T03:00:01+00:00] Colors: green=0 persisted=62, red=0
[2026-07-19T03:00:02+00:00] Cells updated: 2
[2026-07-19T03:00:02+00:00] === color-links end (1.38s) ===
[2026-07-19T03:15:01+00:00] === color-links start ===
[2026-07-19T03:15:01+00:00] Unique deals in sheet: 2
[2026-07-19T03:15:01+00:00] Already green: 62, to check: 0
[2026-07-19T03:15:01+00:00] Categories: [3,5,7]
[2026-07-19T03:15:01+00:00] Colors: green=0 persisted=62, red=0
[2026-07-19T03:15:02+00:00] Cells updated: 2
[2026-07-19T03:15:02+00:00] === color-links end (1.46s) ===
[2026-07-19T03:30:01+00:00] === color-links start ===
[2026-07-19T03:30:01+00:00] Unique deals in sheet: 2
[2026-07-19T03:30:01+00:00] Already green: 62, to check: 0
[2026-07-19T03:30:01+00:00] Categories: [3,5,7]
[2026-07-19T03:30:01+00:00] Colors: green=0 persisted=62, red=0
[2026-07-19T03:30:03+00:00] Cells updated: 2
[2026-07-19T03:30:03+00:00] === color-links end (1.47s) ===
[2026-07-19T03:45:01+00:00] === color-links start ===
[2026-07-19T03:45:01+00:00] Unique deals in sheet: 2
[2026-07-19T03:45:01+00:00] Already green: 62, to check: 0
[2026-07-19T03:45:01+00:00] Categories: [3,5,7]
[2026-07-19T03:45:01+00:00] Colors: green=0 persisted=62, red=0
[2026-07-19T03:45:03+00:00] Cells updated: 2
[2026-07-19T03:45:03+00:00] === color-links end (1.85s) ===
[2026-07-19T04:00:01+00:00] === color-links start ===
[2026-07-19T04:00:01+00:00] Unique deals in sheet: 2
[2026-07-19T04:00:01+00:00] Already green: 62, to check: 0
[2026-07-19T04:00:01+00:00] Categories: [3,5,7]
[2026-07-19T04:00:01+00:00] Colors: green=0 persisted=62, red=0
[2026-07-19T04:00:02+00:00] Cells updated: 2
[2026-07-19T04:00:02+00:00] === color-links end (1.43s) ===
[2026-07-19T04:15:01+00:00] === color-links start ===
[2026-07-19T04:15:01+00:00] Unique deals in sheet: 2
[2026-07-19T04:15:01+00:00] Already green: 62, to check: 0
[2026-07-19T04:15:01+00:00] Categories: [3,5,7]
[2026-07-19T04:15:01+00:00] Colors: green=0 persisted=62, red=0
[2026-07-19T04:15:02+00:00] Cells updated: 2
[2026-07-19T04:15:02+00:00] === color-links end (1.4s) ===
[2026-07-19T04:30:01+00:00] === color-links start ===
[2026-07-19T04:30:01+00:00] Unique deals in sheet: 2
[2026-07-19T04:30:01+00:00] Already green: 62, to check: 0
[2026-07-19T04:30:01+00:00] Categories: [3,5,7]
[2026-07-19T04:30:01+00:00] Colors: green=0 persisted=62, red=0
[2026-07-19T04:30:02+00:00] Cells updated: 2
[2026-07-19T04:30:02+00:00] === color-links end (1.4s) ===
[2026-07-19T04:45:01+00:00] === color-links start ===
[2026-07-19T04:45:01+00:00] Unique deals in sheet: 2
[2026-07-19T04:45:01+00:00] Already green: 62, to check: 0
[2026-07-19T04:45:01+00:00] Categories: [3,5,7]
[2026-07-19T04:45:01+00:00] Colors: green=0 persisted=62, red=0
[2026-07-19T04:45:03+00:00] Cells updated: 2
[2026-07-19T04:45:03+00:00] === color-links end (1.41s) ===
[2026-07-19T05:00:01+00:00] === color-links start ===
[2026-07-19T05:00:01+00:00] Unique deals in sheet: 2
[2026-07-19T05:00:01+00:00] Already green: 62, to check: 0
[2026-07-19T05:00:01+00:00] Categories: [3,5,7]
[2026-07-19T05:00:01+00:00] Colors: green=0 persisted=62, red=0
[2026-07-19T05:00:03+00:00] Cells updated: 2
[2026-07-19T05:00:03+00:00] === color-links end (1.56s) ===
[2026-07-19T05:15:01+00:00] === color-links start ===
[2026-07-19T05:15:01+00:00] Unique deals in sheet: 2
[2026-07-19T05:15:01+00:00] Already green: 62, to check: 0
[2026-07-19T05:15:01+00:00] Categories: [3,5,7]
[2026-07-19T05:15:01+00:00] Colors: green=0 persisted=62, red=0
[2026-07-19T05:15:03+00:00] Cells updated: 2
[2026-07-19T05:15:03+00:00] === color-links end (1.35s) ===
[2026-07-19T05:30:01+00:00] === color-links start ===
[2026-07-19T05:30:01+00:00] Unique deals in sheet: 2
[2026-07-19T05:30:01+00:00] Already green: 62, to check: 0
[2026-07-19T05:30:01+00:00] Categories: [3,5,7]
[2026-07-19T05:30:01+00:00] Colors: green=0 persisted=62, red=0
[2026-07-19T05:30:03+00:00] Cells updated: 2
[2026-07-19T05:30:03+00:00] === color-links end (2.08s) ===
[2026-07-19T05:45:01+00:00] === color-links start ===
[2026-07-19T05:45:01+00:00] Unique deals in sheet: 2
[2026-07-19T05:45:01+00:00] Already green: 62, to check: 0
[2026-07-19T05:45:01+00:00] Categories: [3,5,7]
[2026-07-19T05:45:01+00:00] Colors: green=0 persisted=62, red=0
[2026-07-19T05:45:03+00:00] Cells updated: 2
[2026-07-19T05:45:03+00:00] === color-links end (1.85s) ===
[2026-07-19T06:00:01+00:00] === color-links start ===
[2026-07-19T06:00:01+00:00] Unique deals in sheet: 2
[2026-07-19T06:00:01+00:00] Already green: 62, to check: 0
[2026-07-19T06:00:01+00:00] Categories: [3,5,7]
[2026-07-19T06:00:01+00:00] Colors: green=0 persisted=62, red=0
[2026-07-19T06:00:03+00:00] Cells updated: 2
[2026-07-19T06:00:03+00:00] === color-links end (1.42s) ===
[2026-07-19T06:15:01+00:00] === color-links start ===
[2026-07-19T06:15:01+00:00] Unique deals in sheet: 2
[2026-07-19T06:15:01+00:00] Already green: 62, to check: 0
[2026-07-19T06:15:01+00:00] Categories: [3,5,7]
[2026-07-19T06:15:01+00:00] Colors: green=0 persisted=62, red=0
[2026-07-19T06:15:02+00:00] Cells updated: 2
[2026-07-19T06:15:02+00:00] === color-links end (1.39s) ===
[2026-07-19T06:30:01+00:00] === color-links start ===
[2026-07-19T06:30:01+00:00] Unique deals in sheet: 2
[2026-07-19T06:30:01+00:00] Already green: 62, to check: 0
[2026-07-19T06:30:02+00:00] Categories: [3,5,7]
[2026-07-19T06:30:02+00:00] Colors: green=0 persisted=62, red=0
[2026-07-19T06:30:03+00:00] Cells updated: 2
[2026-07-19T06:30:03+00:00] === color-links end (1.9s) ===
[2026-07-19T06:45:01+00:00] === color-links start ===
[2026-07-19T06:45:01+00:00] Unique deals in sheet: 2
[2026-07-19T06:45:01+00:00] Already green: 62, to check: 0
[2026-07-19T06:45:01+00:00] Categories: [3,5,7]
[2026-07-19T06:45:01+00:00] Colors: green=0 persisted=62, red=0
[2026-07-19T06:45:03+00:00] Cells updated: 2
[2026-07-19T06:45:03+00:00] === color-links end (1.6s) ===
[2026-07-19T07:00:01+00:00] === color-links start ===
[2026-07-19T07:00:01+00:00] Unique deals in sheet: 2
[2026-07-19T07:00:01+00:00] Already green: 62, to check: 0
[2026-07-19T07:00:01+00:00] Categories: [3,5,7]
[2026-07-19T07:00:01+00:00] Colors: green=0 persisted=62, red=0
[2026-07-19T07:00:03+00:00] Cells updated: 2
[2026-07-19T07:00:03+00:00] === color-links end (1.36s) ===
[2026-07-19T07:15:01+00:00] === color-links start ===
[2026-07-19T07:15:01+00:00] Unique deals in sheet: 2
[2026-07-19T07:15:01+00:00] Already green: 62, to check: 0
[2026-07-19T07:15:01+00:00] Categories: [3,5,7]
[2026-07-19T07:15:01+00:00] Colors: green=0 persisted=62, red=0
[2026-07-19T07:15:03+00:00] Cells updated: 2
[2026-07-19T07:15:03+00:00] === color-links end (2.04s) ===
[2026-07-19T07:30:01+00:00] === color-links start ===
[2026-07-19T07:30:01+00:00] Unique deals in sheet: 2
[2026-07-19T07:30:01+00:00] Already green: 62, to check: 0
[2026-07-19T07:30:01+00:00] Categories: [3,5,7]
[2026-07-19T07:30:01+00:00] Colors: green=0 persisted=62, red=0
[2026-07-19T07:30:02+00:00] Cells updated: 2
[2026-07-19T07:30:02+00:00] === color-links end (1.37s) ===
[2026-07-19T07:45:01+00:00] === color-links start ===
[2026-07-19T07:45:01+00:00] Unique deals in sheet: 2
[2026-07-19T07:45:01+00:00] Already green: 62, to check: 0
[2026-07-19T07:45:01+00:00] Categories: [3,5,7]
[2026-07-19T07:45:01+00:00] Colors: green=0 persisted=62, red=0
[2026-07-19T07:45:03+00:00] Cells updated: 2
[2026-07-19T07:45:03+00:00] === color-links end (1.38s) ===
[2026-07-19T08:00:01+00:00] === color-links start ===
[2026-07-19T08:00:01+00:00] Unique deals in sheet: 2
[2026-07-19T08:00:01+00:00] Already green: 62, to check: 0
[2026-07-19T08:00:01+00:00] Categories: [3,5,7]
[2026-07-19T08:00:01+00:00] Colors: green=0 persisted=62, red=0
[2026-07-19T08:00:02+00:00] Cells updated: 2
[2026-07-19T08:00:02+00:00] === color-links end (1.41s) ===
[2026-07-19T08:15:01+00:00] === color-links start ===
[2026-07-19T08:15:01+00:00] Unique deals in sheet: 2
[2026-07-19T08:15:01+00:00] Already green: 62, to check: 0
[2026-07-19T08:15:01+00:00] Categories: [3,5,7]
[2026-07-19T08:15:01+00:00] Colors: green=0 persisted=62, red=0
[2026-07-19T08:15:03+00:00] Cells updated: 2
[2026-07-19T08:15:03+00:00] === color-links end (1.55s) ===
[2026-07-19T08:30:01+00:00] === color-links start ===
[2026-07-19T08:30:01+00:00] Unique deals in sheet: 2
[2026-07-19T08:30:01+00:00] Already green: 62, to check: 0
[2026-07-19T08:30:01+00:00] Categories: [3,5,7]
[2026-07-19T08:30:01+00:00] Colors: green=0 persisted=62, red=0
[2026-07-19T08:30:03+00:00] Cells updated: 2
[2026-07-19T08:30:03+00:00] === color-links end (1.89s) ===
[2026-07-19T08:45:01+00:00] === color-links start ===
[2026-07-19T08:45:01+00:00] Unique deals in sheet: 2
[2026-07-19T08:45:01+00:00] Already green: 62, to check: 0
[2026-07-19T08:45:01+00:00] Categories: [3,5,7]
[2026-07-19T08:45:01+00:00] Colors: green=0 persisted=62, red=0
[2026-07-19T08:45:03+00:00] Cells updated: 2
[2026-07-19T08:45:03+00:00] === color-links end (1.43s) ===
[2026-07-19T09:00:01+00:00] === color-links start ===
[2026-07-19T09:00:01+00:00] Unique deals in sheet: 2
[2026-07-19T09:00:01+00:00] Already green: 62, to check: 0
[2026-07-19T09:00:02+00:00] Categories: [3,5,7]
[2026-07-19T09:00:02+00:00] Colors: green=0 persisted=62, red=0
[2026-07-19T09:00:03+00:00] Cells updated: 2
[2026-07-19T09:00:03+00:00] === color-links end (1.44s) ===
[2026-07-19T09:15:01+00:00] === color-links start ===
[2026-07-19T09:15:01+00:00] Unique deals in sheet: 2
[2026-07-19T09:15:01+00:00] Already green: 62, to check: 0
[2026-07-19T09:15:01+00:00] Categories: [3,5,7]
[2026-07-19T09:15:01+00:00] Colors: green=0 persisted=62, red=0
[2026-07-19T09:15:03+00:00] Cells updated: 2
[2026-07-19T09:15:03+00:00] === color-links end (1.99s) ===
[2026-07-19T09:30:02+00:00] === color-links start ===
[2026-07-19T09:30:02+00:00] Unique deals in sheet: 2
[2026-07-19T09:30:02+00:00] Already green: 62, to check: 0
[2026-07-19T09:30:02+00:00] Categories: [3,5,7]
[2026-07-19T09:30:02+00:00] Colors: green=0 persisted=62, red=0
[2026-07-19T09:30:03+00:00] Cells updated: 2
[2026-07-19T09:30:03+00:00] === color-links end (1.53s) ===
[2026-07-19T09:45:01+00:00] === color-links start ===
[2026-07-19T09:45:01+00:00] Unique deals in sheet: 2
[2026-07-19T09:45:01+00:00] Already green: 62, to check: 0
[2026-07-19T09:45:01+00:00] Categories: [3,5,7]
[2026-07-19T09:45:01+00:00] Colors: green=0 persisted=62, red=0
[2026-07-19T09:45:02+00:00] Cells updated: 2
[2026-07-19T09:45:02+00:00] === color-links end (1.48s) ===
[2026-07-19T10:00:02+00:00] === color-links start ===
[2026-07-19T10:00:02+00:00] Unique deals in sheet: 2
[2026-07-19T10:00:02+00:00] Already green: 62, to check: 0
[2026-07-19T10:00:02+00:00] Categories: [3,5,7]
[2026-07-19T10:00:02+00:00] Colors: green=0 persisted=62, red=0
[2026-07-19T10:00:03+00:00] Cells updated: 2
[2026-07-19T10:00:03+00:00] === color-links end (1.42s) ===
[2026-07-19T10:15:01+00:00] === color-links start ===
[2026-07-19T10:15:01+00:00] Unique deals in sheet: 2
[2026-07-19T10:15:01+00:00] Already green: 62, to check: 0
[2026-07-19T10:15:02+00:00] Categories: [3,5,7]
[2026-07-19T10:15:02+00:00] Colors: green=0 persisted=62, red=0
[2026-07-19T10:15:03+00:00] Cells updated: 2
[2026-07-19T10:15:03+00:00] === color-links end (1.41s) ===
[2026-07-19T10:30:01+00:00] === color-links start ===
[2026-07-19T10:30:01+00:00] Unique deals in sheet: 2
[2026-07-19T10:30:01+00:00] Already green: 62, to check: 0
[2026-07-19T10:30:02+00:00] Categories: [3,5,7]
[2026-07-19T10:30:02+00:00] Colors: green=0 persisted=62, red=0
[2026-07-19T10:30:03+00:00] Cells updated: 2
[2026-07-19T10:30:03+00:00] === color-links end (1.34s) ===
[2026-07-19T10:45:01+00:00] === color-links start ===
[2026-07-19T10:45:01+00:00] Unique deals in sheet: 2
[2026-07-19T10:45:01+00:00] Already green: 62, to check: 0
[2026-07-19T10:45:01+00:00] Categories: [3,5,7]
[2026-07-19T10:45:01+00:00] Colors: green=0 persisted=62, red=0
[2026-07-19T10:45:02+00:00] Cells updated: 2
[2026-07-19T10:45:02+00:00] === color-links end (1.43s) ===
[2026-07-19T11:00:01+00:00] === color-links start ===
[2026-07-19T11:00:01+00:00] Unique deals in sheet: 2
[2026-07-19T11:00:01+00:00] Already green: 62, to check: 0
[2026-07-19T11:00:01+00:00] Categories: [3,5,7]
[2026-07-19T11:00:01+00:00] Colors: green=0 persisted=62, red=0
[2026-07-19T11:00:02+00:00] Cells updated: 2
[2026-07-19T11:00:02+00:00] === color-links end (1.5s) ===
[2026-07-19T11:15:01+00:00] === color-links start ===
[2026-07-19T11:15:01+00:00] Unique deals in sheet: 2
[2026-07-19T11:15:01+00:00] Already green: 62, to check: 0
[2026-07-19T11:15:01+00:00] Categories: [3,5,7]
[2026-07-19T11:15:01+00:00] Colors: green=0 persisted=62, red=0
[2026-07-19T11:15:03+00:00] Cells updated: 2
[2026-07-19T11:15:03+00:00] === color-links end (1.46s) ===
[2026-07-19T11:30:02+00:00] === color-links start ===
[2026-07-19T11:30:02+00:00] Unique deals in sheet: 2
[2026-07-19T11:30:02+00:00] Already green: 62, to check: 0
[2026-07-19T11:30:02+00:00] Categories: [3,5,7]
[2026-07-19T11:30:02+00:00] Colors: green=0 persisted=62, red=0
[2026-07-19T11:30:03+00:00] Cells updated: 2
[2026-07-19T11:30:03+00:00] === color-links end (1.68s) ===
[2026-07-19T11:45:01+00:00] === color-links start ===
[2026-07-19T11:45:01+00:00] Unique deals in sheet: 2
[2026-07-19T11:45:01+00:00] Already green: 62, to check: 0
[2026-07-19T11:45:02+00:00] Categories: [3,5,7]
[2026-07-19T11:45:02+00:00] Colors: green=0 persisted=62, red=0
[2026-07-19T11:45:03+00:00] Cells updated: 2
[2026-07-19T11:45:03+00:00] === color-links end (1.49s) ===
[2026-07-19T12:00:01+00:00] === color-links start ===
[2026-07-19T12:00:01+00:00] Unique deals in sheet: 2
[2026-07-19T12:00:01+00:00] Already green: 62, to check: 0
[2026-07-19T12:00:01+00:00] Categories: [3,5,7]
[2026-07-19T12:00:01+00:00] Colors: green=0 persisted=62, red=0
[2026-07-19T12:00:02+00:00] Cells updated: 2
[2026-07-19T12:00:02+00:00] === color-links end (1.41s) ===
[2026-07-19T12:15:01+00:00] === color-links start ===
[2026-07-19T12:15:01+00:00] Unique deals in sheet: 2
[2026-07-19T12:15:01+00:00] Already green: 62, to check: 0
[2026-07-19T12:15:01+00:00] Categories: [3,5,7]
[2026-07-19T12:15:01+00:00] Colors: green=0 persisted=62, red=0
[2026-07-19T12:15:02+00:00] Cells updated: 2
[2026-07-19T12:15:02+00:00] === color-links end (1.46s) ===
[2026-07-19T12:30:01+00:00] === color-links start ===
[2026-07-19T12:30:01+00:00] Unique deals in sheet: 2
[2026-07-19T12:30:01+00:00] Already green: 62, to check: 0
[2026-07-19T12:30:01+00:00] Categories: [3,5,7]
[2026-07-19T12:30:01+00:00] Colors: green=0 persisted=62, red=0
[2026-07-19T12:30:02+00:00] Cells updated: 2
[2026-07-19T12:30:02+00:00] === color-links end (1.38s) ===
[2026-07-19T12:45:01+00:00] === color-links start ===
[2026-07-19T12:45:01+00:00] Unique deals in sheet: 2
[2026-07-19T12:45:01+00:00] Already green: 62, to check: 0
[2026-07-19T12:45:02+00:00] Categories: [3,5,7]
[2026-07-19T12:45:02+00:00] Colors: green=0 persisted=62, red=0
[2026-07-19T12:45:03+00:00] Cells updated: 2
[2026-07-19T12:45:03+00:00] === color-links end (1.38s) ===
[2026-07-19T13:00:01+00:00] === color-links start ===
[2026-07-19T13:00:01+00:00] Unique deals in sheet: 2
[2026-07-19T13:00:01+00:00] Already green: 62, to check: 0
[2026-07-19T13:00:01+00:00] Categories: [3,5,7]
[2026-07-19T13:00:01+00:00] Colors: green=0 persisted=62, red=0
[2026-07-19T13:00:03+00:00] Cells updated: 2
[2026-07-19T13:00:03+00:00] === color-links end (1.46s) ===
[2026-07-19T13:15:01+00:00] === color-links start ===
[2026-07-19T13:15:01+00:00] Unique deals in sheet: 2
[2026-07-19T13:15:01+00:00] Already green: 62, to check: 0
[2026-07-19T13:15:01+00:00] Categories: [3,5,7]
[2026-07-19T13:15:01+00:00] Colors: green=0 persisted=62, red=0
[2026-07-19T13:15:02+00:00] Cells updated: 2
[2026-07-19T13:15:02+00:00] === color-links end (1.61s) ===
[2026-07-19T13:30:01+00:00] === color-links start ===
[2026-07-19T13:30:01+00:00] Unique deals in sheet: 2
[2026-07-19T13:30:01+00:00] Already green: 62, to check: 0
[2026-07-19T13:30:01+00:00] Categories: [3,5,7]
[2026-07-19T13:30:01+00:00] Colors: green=0 persisted=62, red=0
[2026-07-19T13:30:04+00:00] Cells updated: 2
[2026-07-19T13:30:04+00:00] === color-links end (2.37s) ===
[2026-07-19T13:45:01+00:00] === color-links start ===
[2026-07-19T13:45:01+00:00] Unique deals in sheet: 2
[2026-07-19T13:45:01+00:00] Already green: 62, to check: 0
[2026-07-19T13:45:02+00:00] Categories: [3,5,7]
[2026-07-19T13:45:02+00:00] Colors: green=0 persisted=62, red=0
[2026-07-19T13:45:03+00:00] Cells updated: 2
[2026-07-19T13:45:03+00:00] === color-links end (1.97s) ===
[2026-07-19T14:00:01+00:00] === color-links start ===
[2026-07-19T14:00:01+00:00] Unique deals in sheet: 2
[2026-07-19T14:00:01+00:00] Already green: 62, to check: 0
[2026-07-19T14:00:01+00:00] Categories: [3,5,7]
[2026-07-19T14:00:01+00:00] Colors: green=0 persisted=62, red=0
[2026-07-19T14:00:03+00:00] Cells updated: 2
[2026-07-19T14:00:03+00:00] === color-links end (1.73s) ===
[2026-07-19T14:15:01+00:00] === color-links start ===
[2026-07-19T14:15:01+00:00] Unique deals in sheet: 2
[2026-07-19T14:15:01+00:00] Already green: 62, to check: 0
[2026-07-19T14:15:01+00:00] Categories: [3,5,7]
[2026-07-19T14:15:01+00:00] Colors: green=0 persisted=62, red=0
[2026-07-19T14:15:03+00:00] Cells updated: 2
[2026-07-19T14:15:03+00:00] === color-links end (2.31s) ===
[2026-07-19T14:30:01+00:00] === color-links start ===
[2026-07-19T14:30:01+00:00] Unique deals in sheet: 2
[2026-07-19T14:30:01+00:00] Already green: 62, to check: 0
[2026-07-19T14:30:01+00:00] Categories: [3,5,7]
[2026-07-19T14:30:01+00:00] Colors: green=0 persisted=62, red=0
[2026-07-19T14:30:03+00:00] Cells updated: 2
[2026-07-19T14:30:03+00:00] === color-links end (1.83s) ===
[2026-07-19T14:45:01+00:00] === color-links start ===
[2026-07-19T14:45:01+00:00] Unique deals in sheet: 2
[2026-07-19T14:45:01+00:00] Already green: 62, to check: 0
[2026-07-19T14:45:01+00:00] Categories: [3,5,7]
[2026-07-19T14:45:01+00:00] Colors: green=0 persisted=62, red=0
[2026-07-19T14:45:02+00:00] Cells updated: 2
[2026-07-19T14:45:02+00:00] === color-links end (1.41s) ===
[2026-07-19T15:00:01+00:00] === color-links start ===
[2026-07-19T15:00:01+00:00] Unique deals in sheet: 2
[2026-07-19T15:00:01+00:00] Already green: 62, to check: 0
[2026-07-19T15:00:02+00:00] Categories: [3,5,7]
[2026-07-19T15:00:02+00:00] Colors: green=0 persisted=62, red=0
[2026-07-19T15:00:03+00:00] Cells updated: 2
[2026-07-19T15:00:03+00:00] === color-links end (1.53s) ===
[2026-07-19T15:15:01+00:00] === color-links start ===
[2026-07-19T15:15:01+00:00] Unique deals in sheet: 2
[2026-07-19T15:15:01+00:00] Already green: 62, to check: 0
[2026-07-19T15:15:01+00:00] Categories: [3,5,7]
[2026-07-19T15:15:01+00:00] Colors: green=0 persisted=62, red=0
[2026-07-19T15:15:03+00:00] Cells updated: 2
[2026-07-19T15:15:03+00:00] === color-links end (1.47s) ===
[2026-07-19T15:30:01+00:00] === color-links start ===
[2026-07-19T15:30:01+00:00] Unique deals in sheet: 2
[2026-07-19T15:30:01+00:00] Already green: 62, to check: 0
[2026-07-19T15:30:01+00:00] Categories: [3,5,7]
[2026-07-19T15:30:01+00:00] Colors: green=0 persisted=62, red=0
[2026-07-19T15:30:03+00:00] Cells updated: 2
[2026-07-19T15:30:03+00:00] === color-links end (1.55s) ===
[2026-07-19T15:45:01+00:00] === color-links start ===
[2026-07-19T15:45:01+00:00] Unique deals in sheet: 2
[2026-07-19T15:45:01+00:00] Already green: 62, to check: 0
[2026-07-19T15:45:01+00:00] Categories: [3,5,7]
[2026-07-19T15:45:01+00:00] Colors: green=0 persisted=62, red=0
[2026-07-19T15:45:03+00:00] Cells updated: 2
[2026-07-19T15:45:03+00:00] === color-links end (1.51s) ===
[2026-07-19T16:00:01+00:00] === color-links start ===
[2026-07-19T16:00:01+00:00] Unique deals in sheet: 2
[2026-07-19T16:00:01+00:00] Already green: 62, to check: 0
[2026-07-19T16:00:02+00:00] Categories: [3,5,7]
[2026-07-19T16:00:02+00:00] Colors: green=0 persisted=62, red=0
[2026-07-19T16:00:03+00:00] Cells updated: 2
[2026-07-19T16:00:03+00:00] === color-links end (1.54s) ===
[2026-07-19T16:15:01+00:00] === color-links start ===
[2026-07-19T16:15:01+00:00] Unique deals in sheet: 2
[2026-07-19T16:15:01+00:00] Already green: 62, to check: 0
[2026-07-19T16:15:01+00:00] Categories: [3,5,7]
[2026-07-19T16:15:01+00:00] Colors: green=0 persisted=62, red=0
[2026-07-19T16:15:02+00:00] Cells updated: 2
[2026-07-19T16:15:02+00:00] === color-links end (1.41s) ===
[2026-07-19T16:30:01+00:00] === color-links start ===
[2026-07-19T16:30:01+00:00] Unique deals in sheet: 2
[2026-07-19T16:30:01+00:00] Already green: 62, to check: 0
[2026-07-19T16:30:01+00:00] Categories: [3,5,7]
[2026-07-19T16:30:01+00:00] Colors: green=0 persisted=62, red=0
[2026-07-19T16:30:02+00:00] Cells updated: 2
[2026-07-19T16:30:02+00:00] === color-links end (1.46s) ===
[2026-07-19T16:45:01+00:00] === color-links start ===
[2026-07-19T16:45:01+00:00] Unique deals in sheet: 2
[2026-07-19T16:45:01+00:00] Already green: 62, to check: 0
[2026-07-19T16:45:02+00:00] Categories: [3,5,7]
[2026-07-19T16:45:02+00:00] Colors: green=0 persisted=62, red=0
[2026-07-19T16:45:03+00:00] Cells updated: 2
[2026-07-19T16:45:03+00:00] === color-links end (1.57s) ===
[2026-07-19T17:00:01+00:00] === color-links start ===
[2026-07-19T17:00:01+00:00] Unique deals in sheet: 2
[2026-07-19T17:00:01+00:00] Already green: 62, to check: 0
[2026-07-19T17:00:01+00:00] Categories: [3,5,7]
[2026-07-19T17:00:01+00:00] Colors: green=0 persisted=62, red=0
[2026-07-19T17:00:03+00:00] Cells updated: 2
[2026-07-19T17:00:03+00:00] === color-links end (1.62s) ===
[2026-07-19T17:15:01+00:00] === color-links start ===
[2026-07-19T17:15:01+00:00] Unique deals in sheet: 2
[2026-07-19T17:15:01+00:00] Already green: 62, to check: 0
[2026-07-19T17:15:01+00:00] Categories: [3,5,7]
[2026-07-19T17:15:01+00:00] Colors: green=0 persisted=62, red=0
[2026-07-19T17:15:02+00:00] Cells updated: 2
[2026-07-19T17:15:02+00:00] === color-links end (1.39s) ===
[2026-07-19T17:30:01+00:00] === color-links start ===
[2026-07-19T17:30:01+00:00] Unique deals in sheet: 2
[2026-07-19T17:30:01+00:00] Already green: 62, to check: 0
[2026-07-19T17:30:01+00:00] Categories: [3,5,7]
[2026-07-19T17:30:01+00:00] Colors: green=0 persisted=62, red=0
[2026-07-19T17:30:03+00:00] Cells updated: 2
[2026-07-19T17:30:03+00:00] === color-links end (2.13s) ===
[2026-07-19T17:45:01+00:00] === color-links start ===
[2026-07-19T17:45:01+00:00] Unique deals in sheet: 2
[2026-07-19T17:45:01+00:00] Already green: 62, to check: 0
[2026-07-19T17:45:01+00:00] Categories: [3,5,7]
[2026-07-19T17:45:01+00:00] Colors: green=0 persisted=62, red=0
[2026-07-19T17:45:02+00:00] Cells updated: 2
[2026-07-19T17:45:02+00:00] === color-links end (1.41s) ===
[2026-07-19T18:00:01+00:00] === color-links start ===
[2026-07-19T18:00:01+00:00] Unique deals in sheet: 2
[2026-07-19T18:00:01+00:00] Already green: 62, to check: 0
[2026-07-19T18:00:02+00:00] Categories: [3,5,7]
[2026-07-19T18:00:02+00:00] Colors: green=0 persisted=62, red=0
[2026-07-19T18:00:03+00:00] Cells updated: 2
[2026-07-19T18:00:03+00:00] === color-links end (1.54s) ===
[2026-07-19T18:15:01+00:00] === color-links start ===
[2026-07-19T18:15:01+00:00] Unique deals in sheet: 2
[2026-07-19T18:15:01+00:00] Already green: 62, to check: 0
[2026-07-19T18:15:01+00:00] Categories: [3,5,7]
[2026-07-19T18:15:01+00:00] Colors: green=0 persisted=62, red=0
[2026-07-19T18:15:02+00:00] Cells updated: 2
[2026-07-19T18:15:02+00:00] === color-links end (1.45s) ===
[2026-07-19T18:30:01+00:00] === color-links start ===
[2026-07-19T18:30:01+00:00] Unique deals in sheet: 2
[2026-07-19T18:30:01+00:00] Already green: 62, to check: 0
[2026-07-19T18:30:02+00:00] Categories: [3,5,7]
[2026-07-19T18:30:02+00:00] Colors: green=0 persisted=62, red=0
[2026-07-19T18:30:03+00:00] Cells updated: 2
[2026-07-19T18:30:03+00:00] === color-links end (1.54s) ===
[2026-07-19T18:45:01+00:00] === color-links start ===
[2026-07-19T18:45:01+00:00] Unique deals in sheet: 2
[2026-07-19T18:45:01+00:00] Already green: 62, to check: 0
[2026-07-19T18:45:01+00:00] Categories: [3,5,7]
[2026-07-19T18:45:01+00:00] Colors: green=0 persisted=62, red=0
[2026-07-19T18:45:03+00:00] Cells updated: 2
[2026-07-19T18:45:03+00:00] === color-links end (1.5s) ===
[2026-07-19T19:00:01+00:00] === color-links start ===
[2026-07-19T19:00:01+00:00] Unique deals in sheet: 2
[2026-07-19T19:00:01+00:00] Already green: 62, to check: 0
[2026-07-19T19:00:01+00:00] Categories: [3,5,7]
[2026-07-19T19:00:01+00:00] Colors: green=0 persisted=62, red=0
[2026-07-19T19:00:03+00:00] Cells updated: 2
[2026-07-19T19:00:03+00:00] === color-links end (1.59s) ===
[2026-07-19T19:15:01+00:00] === color-links start ===
[2026-07-19T19:15:01+00:00] Unique deals in sheet: 2
[2026-07-19T19:15:01+00:00] Already green: 62, to check: 0
[2026-07-19T19:15:01+00:00] Categories: [3,5,7]
[2026-07-19T19:15:01+00:00] Colors: green=0 persisted=62, red=0
[2026-07-19T19:15:03+00:00] Cells updated: 2
[2026-07-19T19:15:03+00:00] === color-links end (1.76s) ===
[2026-07-19T19:30:01+00:00] === color-links start ===
[2026-07-19T19:30:01+00:00] Unique deals in sheet: 2
[2026-07-19T19:30:01+00:00] Already green: 62, to check: 0
[2026-07-19T19:30:01+00:00] Categories: [3,5,7]
[2026-07-19T19:30:01+00:00] Colors: green=0 persisted=62, red=0
[2026-07-19T19:30:03+00:00] Cells updated: 2
[2026-07-19T19:30:03+00:00] === color-links end (1.71s) ===
[2026-07-19T19:45:01+00:00] === color-links start ===
[2026-07-19T19:45:01+00:00] Unique deals in sheet: 2
[2026-07-19T19:45:01+00:00] Already green: 62, to check: 0
[2026-07-19T19:45:02+00:00] Categories: [3,5,7]
[2026-07-19T19:45:02+00:00] Colors: green=0 persisted=62, red=0
[2026-07-19T19:45:04+00:00] Cells updated: 2
[2026-07-19T19:45:04+00:00] === color-links end (2.49s) ===
[2026-07-19T20:00:01+00:00] === color-links start ===
[2026-07-19T20:00:01+00:00] Unique deals in sheet: 2
[2026-07-19T20:00:01+00:00] Already green: 62, to check: 0
[2026-07-19T20:00:01+00:00] Categories: [3,5,7]
[2026-07-19T20:00:01+00:00] Colors: green=0 persisted=62, red=0
[2026-07-19T20:00:03+00:00] Cells updated: 2
[2026-07-19T20:00:03+00:00] === color-links end (1.6s) ===
[2026-07-19T20:15:01+00:00] === color-links start ===
[2026-07-19T20:15:01+00:00] Unique deals in sheet: 2
[2026-07-19T20:15:01+00:00] Already green: 62, to check: 0
[2026-07-19T20:15:01+00:00] Categories: [3,5,7]
[2026-07-19T20:15:01+00:00] Colors: green=0 persisted=62, red=0
[2026-07-19T20:15:03+00:00] Cells updated: 2
[2026-07-19T20:15:03+00:00] === color-links end (1.62s) ===
[2026-07-19T20:30:01+00:00] === color-links start ===
[2026-07-19T20:30:01+00:00] Unique deals in sheet: 2
[2026-07-19T20:30:01+00:00] Already green: 62, to check: 0
[2026-07-19T20:30:01+00:00] Categories: [3,5,7]
[2026-07-19T20:30:01+00:00] Colors: green=0 persisted=62, red=0
[2026-07-19T20:30:03+00:00] Cells updated: 2
[2026-07-19T20:30:03+00:00] === color-links end (1.52s) ===
[2026-07-19T20:45:01+00:00] === color-links start ===
[2026-07-19T20:45:01+00:00] Unique deals in sheet: 2
[2026-07-19T20:45:01+00:00] Already green: 62, to check: 0
[2026-07-19T20:45:01+00:00] Categories: [3,5,7]
[2026-07-19T20:45:01+00:00] Colors: green=0 persisted=62, red=0
[2026-07-19T20:45:02+00:00] Cells updated: 2
[2026-07-19T20:45:02+00:00] === color-links end (1.51s) ===
[2026-07-19T21:00:01+00:00] === color-links start ===
[2026-07-19T21:00:01+00:00] Unique deals in sheet: 2
[2026-07-19T21:00:01+00:00] Already green: 62, to check: 0
[2026-07-19T21:00:03+00:00] Categories: [3,5,7]
[2026-07-19T21:00:03+00:00] Colors: green=0 persisted=62, red=0
[2026-07-19T21:00:04+00:00] Cells updated: 2
[2026-07-19T21:00:04+00:00] === color-links end (3.5s) ===
[2026-07-19T21:15:01+00:00] === color-links start ===
[2026-07-19T21:15:01+00:00] Unique deals in sheet: 2
[2026-07-19T21:15:01+00:00] Already green: 62, to check: 0
[2026-07-19T21:15:01+00:00] Categories: [3,5,7]
[2026-07-19T21:15:01+00:00] Colors: green=0 persisted=62, red=0
[2026-07-19T21:15:03+00:00] Cells updated: 2
[2026-07-19T21:15:03+00:00] === color-links end (1.42s) ===
[2026-07-19T21:30:01+00:00] === color-links start ===
[2026-07-19T21:30:01+00:00] Unique deals in sheet: 2
[2026-07-19T21:30:01+00:00] Already green: 62, to check: 0
[2026-07-19T21:30:01+00:00] Categories: [3,5,7]
[2026-07-19T21:30:01+00:00] Colors: green=0 persisted=62, red=0
[2026-07-19T21:30:02+00:00] Cells updated: 2
[2026-07-19T21:30:02+00:00] === color-links end (1.51s) ===
[2026-07-19T21:45:01+00:00] === color-links start ===
[2026-07-19T21:45:01+00:00] Unique deals in sheet: 2
[2026-07-19T21:45:01+00:00] Already green: 62, to check: 0
[2026-07-19T21:45:01+00:00] Categories: [3,5,7]
[2026-07-19T21:45:01+00:00] Colors: green=0 persisted=62, red=0
[2026-07-19T21:45:03+00:00] Cells updated: 2
[2026-07-19T21:45:03+00:00] === color-links end (1.87s) ===
[2026-07-19T22:00:01+00:00] === color-links start ===
[2026-07-19T22:00:01+00:00] Unique deals in sheet: 2
[2026-07-19T22:00:01+00:00] Already green: 62, to check: 0
[2026-07-19T22:00:01+00:00] Categories: [3,5,7]
[2026-07-19T22:00:01+00:00] Colors: green=0 persisted=62, red=0
[2026-07-19T22:00:03+00:00] Cells updated: 2
[2026-07-19T22:00:03+00:00] === color-links end (1.97s) ===
[2026-07-19T22:15:01+00:00] === color-links start ===
[2026-07-19T22:15:01+00:00] Unique deals in sheet: 2
[2026-07-19T22:15:01+00:00] Already green: 62, to check: 0
[2026-07-19T22:15:01+00:00] Categories: [3,5,7]
[2026-07-19T22:15:01+00:00] Colors: green=0 persisted=62, red=0
[2026-07-19T22:15:02+00:00] Cells updated: 2
[2026-07-19T22:15:02+00:00] === color-links end (1.44s) ===
[2026-07-19T22:30:01+00:00] === color-links start ===
[2026-07-19T22:30:01+00:00] Unique deals in sheet: 2
[2026-07-19T22:30:01+00:00] Already green: 62, to check: 0
[2026-07-19T22:30:01+00:00] Categories: [3,5,7]
[2026-07-19T22:30:01+00:00] Colors: green=0 persisted=62, red=0
[2026-07-19T22:30:03+00:00] Cells updated: 2
[2026-07-19T22:30:03+00:00] === color-links end (1.44s) ===
[2026-07-19T22:45:01+00:00] === color-links start ===
[2026-07-19T22:45:01+00:00] Unique deals in sheet: 2
[2026-07-19T22:45:01+00:00] Already green: 62, to check: 0
[2026-07-19T22:45:01+00:00] Categories: [3,5,7]
[2026-07-19T22:45:01+00:00] Colors: green=0 persisted=62, red=0
[2026-07-19T22:45:02+00:00] Cells updated: 2
[2026-07-19T22:45:02+00:00] === color-links end (1.35s) ===
[2026-07-19T23:00:01+00:00] === color-links start ===
[2026-07-19T23:00:01+00:00] Unique deals in sheet: 2
[2026-07-19T23:00:01+00:00] Already green: 62, to check: 0
[2026-07-19T23:00:01+00:00] Categories: [3,5,7]
[2026-07-19T23:00:01+00:00] Colors: green=0 persisted=62, red=0
[2026-07-19T23:00:03+00:00] Cells updated: 2
[2026-07-19T23:00:03+00:00] === color-links end (1.42s) ===
[2026-07-19T23:15:02+00:00] === color-links start ===
[2026-07-19T23:15:02+00:00] Unique deals in sheet: 2
[2026-07-19T23:15:02+00:00] Already green: 62, to check: 0
[2026-07-19T23:15:02+00:00] Categories: [3,5,7]
[2026-07-19T23:15:02+00:00] Colors: green=0 persisted=62, red=0
[2026-07-19T23:15:03+00:00] Cells updated: 2
[2026-07-19T23:15:03+00:00] === color-links end (1.44s) ===
[2026-07-19T23:30:01+00:00] === color-links start ===
[2026-07-19T23:30:01+00:00] Unique deals in sheet: 2
[2026-07-19T23:30:01+00:00] Already green: 62, to check: 0
[2026-07-19T23:30:01+00:00] Categories: [3,5,7]
[2026-07-19T23:30:01+00:00] Colors: green=0 persisted=62, red=0
[2026-07-19T23:30:03+00:00] Cells updated: 2
[2026-07-19T23:30:03+00:00] === color-links end (1.88s) ===
[2026-07-19T23:45:01+00:00] === color-links start ===
[2026-07-19T23:45:01+00:00] Unique deals in sheet: 2
[2026-07-19T23:45:01+00:00] Already green: 62, to check: 0
[2026-07-19T23:45:01+00:00] Categories: [3,5,7]
[2026-07-19T23:45:01+00:00] Colors: green=0 persisted=62, red=0
[2026-07-19T23:45:03+00:00] Cells updated: 2
[2026-07-19T23:45:03+00:00] === color-links end (1.66s) ===
