[2026-07-16T00:00:01+00:00] === color-links start ===
[2026-07-16T00:00:01+00:00] Unique deals in sheet: 2
[2026-07-16T00:00:01+00:00] Already green: 61, to check: 1
[2026-07-16T00:00:02+00:00] Categories: [3,5,7]
[2026-07-16T00:00:02+00:00] Fetched deals: 1
[2026-07-16T00:00:02+00:00] Colors: green=0 persisted=61, red=1
[2026-07-16T00:00:03+00:00] Cells updated: 2
[2026-07-16T00:00:03+00:00] === color-links end (1.72s) ===
[2026-07-16T00:15:01+00:00] === color-links start ===
[2026-07-16T00:15:01+00:00] Unique deals in sheet: 2
[2026-07-16T00:15:01+00:00] Already green: 61, to check: 1
[2026-07-16T00:15:01+00:00] Categories: [3,5,7]
[2026-07-16T00:15:01+00:00] Fetched deals: 1
[2026-07-16T00:15:01+00:00] Colors: green=0 persisted=61, red=1
[2026-07-16T00:15:03+00:00] Cells updated: 2
[2026-07-16T00:15:03+00:00] === color-links end (1.58s) ===
[2026-07-16T00:30:01+00:00] === color-links start ===
[2026-07-16T00:30:01+00:00] Unique deals in sheet: 2
[2026-07-16T00:30:01+00:00] Already green: 61, to check: 1
[2026-07-16T00:30:01+00:00] Categories: [3,5,7]
[2026-07-16T00:30:01+00:00] Fetched deals: 1
[2026-07-16T00:30:01+00:00] Colors: green=0 persisted=61, red=1
[2026-07-16T00:30:02+00:00] Cells updated: 2
[2026-07-16T00:30:02+00:00] === color-links end (1.84s) ===
[2026-07-16T00:45:01+00:00] === color-links start ===
[2026-07-16T00:45:01+00:00] Unique deals in sheet: 2
[2026-07-16T00:45:01+00:00] Already green: 61, to check: 1
[2026-07-16T00:45:02+00:00] Categories: [3,5,7]
[2026-07-16T00:45:02+00:00] Fetched deals: 1
[2026-07-16T00:45:02+00:00] Colors: green=0 persisted=61, red=1
[2026-07-16T00:45:04+00:00] Cells updated: 2
[2026-07-16T00:45:04+00:00] === color-links end (2.27s) ===
[2026-07-16T01:00:01+00:00] === color-links start ===
[2026-07-16T01:00:01+00:00] Unique deals in sheet: 2
[2026-07-16T01:00:01+00:00] Already green: 61, to check: 1
[2026-07-16T01:00:01+00:00] Categories: [3,5,7]
[2026-07-16T01:00:01+00:00] Fetched deals: 1
[2026-07-16T01:00:01+00:00] Colors: green=0 persisted=61, red=1
[2026-07-16T01:00:03+00:00] Cells updated: 2
[2026-07-16T01:00:03+00:00] === color-links end (1.86s) ===
[2026-07-16T01:15:01+00:00] === color-links start ===
[2026-07-16T01:15:01+00:00] Unique deals in sheet: 2
[2026-07-16T01:15:01+00:00] Already green: 61, to check: 1
[2026-07-16T01:15:01+00:00] Categories: [3,5,7]
[2026-07-16T01:15:01+00:00] Fetched deals: 1
[2026-07-16T01:15:01+00:00] Colors: green=0 persisted=61, red=1
[2026-07-16T01:15:02+00:00] Cells updated: 2
[2026-07-16T01:15:02+00:00] === color-links end (1.6s) ===
[2026-07-16T01:30:01+00:00] === color-links start ===
[2026-07-16T01:30:01+00:00] Unique deals in sheet: 2
[2026-07-16T01:30:01+00:00] Already green: 61, to check: 1
[2026-07-16T01:30:01+00:00] Categories: [3,5,7]
[2026-07-16T01:30:02+00:00] Fetched deals: 1
[2026-07-16T01:30:02+00:00] Colors: green=0 persisted=61, red=1
[2026-07-16T01:30:04+00:00] Cells updated: 2
[2026-07-16T01:30:04+00:00] === color-links end (2.32s) ===
[2026-07-16T01:45:02+00:00] === color-links start ===
[2026-07-16T01:45:02+00:00] Unique deals in sheet: 2
[2026-07-16T01:45:02+00:00] Already green: 61, to check: 1
[2026-07-16T01:45:02+00:00] Categories: [3,5,7]
[2026-07-16T01:45:02+00:00] Fetched deals: 1
[2026-07-16T01:45:02+00:00] Colors: green=0 persisted=61, red=1
[2026-07-16T01:45:04+00:00] Cells updated: 2
[2026-07-16T01:45:04+00:00] === color-links end (2.77s) ===
[2026-07-16T02:00:01+00:00] === color-links start ===
[2026-07-16T02:00:01+00:00] Unique deals in sheet: 2
[2026-07-16T02:00:01+00:00] Already green: 61, to check: 1
[2026-07-16T02:00:01+00:00] Categories: [3,5,7]
[2026-07-16T02:00:02+00:00] Fetched deals: 1
[2026-07-16T02:00:02+00:00] Colors: green=0 persisted=61, red=1
[2026-07-16T02:00:03+00:00] Cells updated: 2
[2026-07-16T02:00:03+00:00] === color-links end (2.2s) ===
[2026-07-16T02:15:01+00:00] === color-links start ===
[2026-07-16T02:15:01+00:00] Unique deals in sheet: 2
[2026-07-16T02:15:01+00:00] Already green: 61, to check: 1
[2026-07-16T02:15:01+00:00] Categories: [3,5,7]
[2026-07-16T02:15:01+00:00] Fetched deals: 1
[2026-07-16T02:15:01+00:00] Colors: green=0 persisted=61, red=1
[2026-07-16T02:15:03+00:00] Cells updated: 2
[2026-07-16T02:15:03+00:00] === color-links end (2.42s) ===
[2026-07-16T02:30:01+00:00] === color-links start ===
[2026-07-16T02:30:01+00:00] Unique deals in sheet: 2
[2026-07-16T02:30:01+00:00] Already green: 61, to check: 1
[2026-07-16T02:30:02+00:00] Categories: [3,5,7]
[2026-07-16T02:30:02+00:00] Fetched deals: 1
[2026-07-16T02:30:02+00:00] Colors: green=0 persisted=61, red=1
[2026-07-16T02:30:03+00:00] Cells updated: 2
[2026-07-16T02:30:03+00:00] === color-links end (1.64s) ===
[2026-07-16T02:45:01+00:00] === color-links start ===
[2026-07-16T02:45:01+00:00] Unique deals in sheet: 2
[2026-07-16T02:45:01+00:00] Already green: 61, to check: 1
[2026-07-16T02:45:01+00:00] Categories: [3,5,7]
[2026-07-16T02:45:01+00:00] Fetched deals: 1
[2026-07-16T02:45:01+00:00] Colors: green=0 persisted=61, red=1
[2026-07-16T02:45:03+00:00] Cells updated: 2
[2026-07-16T02:45:03+00:00] === color-links end (2.14s) ===
[2026-07-16T03:00:01+00:00] === color-links start ===
[2026-07-16T03:00:01+00:00] Unique deals in sheet: 2
[2026-07-16T03:00:01+00:00] Already green: 61, to check: 1
[2026-07-16T03:00:01+00:00] Categories: [3,5,7]
[2026-07-16T03:00:01+00:00] Fetched deals: 1
[2026-07-16T03:00:01+00:00] Colors: green=0 persisted=61, red=1
[2026-07-16T03:00:03+00:00] Cells updated: 2
[2026-07-16T03:00:03+00:00] === color-links end (1.71s) ===
[2026-07-16T03:15:01+00:00] === color-links start ===
[2026-07-16T03:15:01+00:00] Unique deals in sheet: 2
[2026-07-16T03:15:01+00:00] Already green: 61, to check: 1
[2026-07-16T03:15:01+00:00] Categories: [3,5,7]
[2026-07-16T03:15:02+00:00] Fetched deals: 1
[2026-07-16T03:15:02+00:00] Colors: green=0 persisted=61, red=1
[2026-07-16T03:15:03+00:00] Cells updated: 2
[2026-07-16T03:15:03+00:00] === color-links end (2.07s) ===
[2026-07-16T03:30:01+00:00] === color-links start ===
[2026-07-16T03:30:01+00:00] Unique deals in sheet: 2
[2026-07-16T03:30:01+00:00] Already green: 61, to check: 1
[2026-07-16T03:30:01+00:00] Categories: [3,5,7]
[2026-07-16T03:30:01+00:00] Fetched deals: 1
[2026-07-16T03:30:01+00:00] Colors: green=0 persisted=61, red=1
[2026-07-16T03:30:02+00:00] Cells updated: 2
[2026-07-16T03:30:02+00:00] === color-links end (1.67s) ===
[2026-07-16T03:45:01+00:00] === color-links start ===
[2026-07-16T03:45:01+00:00] Unique deals in sheet: 2
[2026-07-16T03:45:01+00:00] Already green: 61, to check: 1
[2026-07-16T03:45:01+00:00] Categories: [3,5,7]
[2026-07-16T03:45:01+00:00] Fetched deals: 1
[2026-07-16T03:45:01+00:00] Colors: green=0 persisted=61, red=1
[2026-07-16T03:45:03+00:00] Cells updated: 2
[2026-07-16T03:45:03+00:00] === color-links end (1.6s) ===
[2026-07-16T04:00:01+00:00] === color-links start ===
[2026-07-16T04:00:01+00:00] Unique deals in sheet: 2
[2026-07-16T04:00:01+00:00] Already green: 61, to check: 1
[2026-07-16T04:00:02+00:00] Categories: [3,5,7]
[2026-07-16T04:00:02+00:00] Fetched deals: 1
[2026-07-16T04:00:02+00:00] Colors: green=0 persisted=61, red=1
[2026-07-16T04:00:03+00:00] Cells updated: 2
[2026-07-16T04:00:03+00:00] === color-links end (1.76s) ===
[2026-07-16T04:15:01+00:00] === color-links start ===
[2026-07-16T04:15:01+00:00] Unique deals in sheet: 2
[2026-07-16T04:15:01+00:00] Already green: 61, to check: 1
[2026-07-16T04:15:01+00:00] Categories: [3,5,7]
[2026-07-16T04:15:01+00:00] Fetched deals: 1
[2026-07-16T04:15:01+00:00] Colors: green=0 persisted=61, red=1
[2026-07-16T04:15:03+00:00] Cells updated: 2
[2026-07-16T04:15:03+00:00] === color-links end (1.61s) ===
[2026-07-16T04:30:02+00:00] === color-links start ===
[2026-07-16T04:30:02+00:00] Unique deals in sheet: 2
[2026-07-16T04:30:02+00:00] Already green: 61, to check: 1
[2026-07-16T04:30:02+00:00] Categories: [3,5,7]
[2026-07-16T04:30:02+00:00] Fetched deals: 1
[2026-07-16T04:30:02+00:00] Colors: green=0 persisted=61, red=1
[2026-07-16T04:30:03+00:00] Cells updated: 2
[2026-07-16T04:30:03+00:00] === color-links end (1.74s) ===
[2026-07-16T04:45:02+00:00] === color-links start ===
[2026-07-16T04:45:02+00:00] Unique deals in sheet: 2
[2026-07-16T04:45:02+00:00] Already green: 61, to check: 1
[2026-07-16T04:45:02+00:00] Categories: [3,5,7]
[2026-07-16T04:45:02+00:00] Fetched deals: 1
[2026-07-16T04:45:02+00:00] Colors: green=0 persisted=61, red=1
[2026-07-16T04:45:03+00:00] Cells updated: 2
[2026-07-16T04:45:03+00:00] === color-links end (1.68s) ===
[2026-07-16T05:00:01+00:00] === color-links start ===
[2026-07-16T05:00:01+00:00] Unique deals in sheet: 2
[2026-07-16T05:00:01+00:00] Already green: 61, to check: 1
[2026-07-16T05:00:01+00:00] Categories: [3,5,7]
[2026-07-16T05:00:01+00:00] Fetched deals: 1
[2026-07-16T05:00:01+00:00] Colors: green=0 persisted=61, red=1
[2026-07-16T05:00:03+00:00] Cells updated: 2
[2026-07-16T05:00:03+00:00] === color-links end (1.86s) ===
[2026-07-16T05:15:01+00:00] === color-links start ===
[2026-07-16T05:15:01+00:00] Unique deals in sheet: 2
[2026-07-16T05:15:01+00:00] Already green: 61, to check: 1
[2026-07-16T05:15:01+00:00] Categories: [3,5,7]
[2026-07-16T05:15:02+00:00] Fetched deals: 1
[2026-07-16T05:15:02+00:00] Colors: green=0 persisted=61, red=1
[2026-07-16T05:15:04+00:00] Cells updated: 2
[2026-07-16T05:15:04+00:00] === color-links end (2.61s) ===
[2026-07-16T05:30:01+00:00] === color-links start ===
[2026-07-16T05:30:01+00:00] Unique deals in sheet: 2
[2026-07-16T05:30:01+00:00] Already green: 61, to check: 1
[2026-07-16T05:30:01+00:00] Categories: [3,5,7]
[2026-07-16T05:30:02+00:00] Fetched deals: 1
[2026-07-16T05:30:02+00:00] Colors: green=0 persisted=61, red=1
[2026-07-16T05:30:03+00:00] Cells updated: 2
[2026-07-16T05:30:03+00:00] === color-links end (2.12s) ===
[2026-07-16T05:45:01+00:00] === color-links start ===
[2026-07-16T05:45:01+00:00] Unique deals in sheet: 2
[2026-07-16T05:45:01+00:00] Already green: 61, to check: 1
[2026-07-16T05:45:01+00:00] Categories: [3,5,7]
[2026-07-16T05:45:01+00:00] Fetched deals: 1
[2026-07-16T05:45:01+00:00] Colors: green=0 persisted=61, red=1
[2026-07-16T05:45:03+00:00] Cells updated: 2
[2026-07-16T05:45:03+00:00] === color-links end (2.24s) ===
[2026-07-16T06:00:01+00:00] === color-links start ===
[2026-07-16T06:00:01+00:00] Unique deals in sheet: 2
[2026-07-16T06:00:01+00:00] Already green: 61, to check: 1
[2026-07-16T06:00:01+00:00] Categories: [3,5,7]
[2026-07-16T06:00:02+00:00] Fetched deals: 1
[2026-07-16T06:00:02+00:00] Colors: green=0 persisted=61, red=1
[2026-07-16T06:00:03+00:00] Cells updated: 2
[2026-07-16T06:00:03+00:00] === color-links end (1.86s) ===
[2026-07-16T06:15:01+00:00] === color-links start ===
[2026-07-16T06:15:01+00:00] Unique deals in sheet: 2
[2026-07-16T06:15:01+00:00] Already green: 61, to check: 1
[2026-07-16T06:15:02+00:00] Categories: [3,5,7]
[2026-07-16T06:15:02+00:00] Fetched deals: 1
[2026-07-16T06:15:02+00:00] Colors: green=0 persisted=61, red=1
[2026-07-16T06:15:03+00:00] Cells updated: 2
[2026-07-16T06:15:03+00:00] === color-links end (1.54s) ===
[2026-07-16T06:30:01+00:00] === color-links start ===
[2026-07-16T06:30:01+00:00] Unique deals in sheet: 2
[2026-07-16T06:30:01+00:00] Already green: 61, to check: 1
[2026-07-16T06:30:01+00:00] Categories: [3,5,7]
[2026-07-16T06:30:01+00:00] Fetched deals: 1
[2026-07-16T06:30:01+00:00] Colors: green=0 persisted=61, red=1
[2026-07-16T06:30:03+00:00] Cells updated: 2
[2026-07-16T06:30:03+00:00] === color-links end (2.15s) ===
[2026-07-16T06:45:01+00:00] === color-links start ===
[2026-07-16T06:45:01+00:00] Unique deals in sheet: 2
[2026-07-16T06:45:01+00:00] Already green: 61, to check: 1
[2026-07-16T06:45:01+00:00] Categories: [3,5,7]
[2026-07-16T06:45:01+00:00] Fetched deals: 1
[2026-07-16T06:45:01+00:00] Colors: green=0 persisted=61, red=1
[2026-07-16T06:45:03+00:00] Cells updated: 2
[2026-07-16T06:45:03+00:00] === color-links end (2.18s) ===
[2026-07-16T07:00:01+00:00] === color-links start ===
[2026-07-16T07:00:01+00:00] Unique deals in sheet: 2
[2026-07-16T07:00:01+00:00] Already green: 61, to check: 1
[2026-07-16T07:00:01+00:00] Categories: [3,5,7]
[2026-07-16T07:00:01+00:00] Fetched deals: 1
[2026-07-16T07:00:01+00:00] Colors: green=0 persisted=61, red=1
[2026-07-16T07:00:02+00:00] Cells updated: 2
[2026-07-16T07:00:02+00:00] === color-links end (1.69s) ===
[2026-07-16T07:15:01+00:00] === color-links start ===
[2026-07-16T07:15:01+00:00] Unique deals in sheet: 2
[2026-07-16T07:15:01+00:00] Already green: 61, to check: 1
[2026-07-16T07:15:01+00:00] Categories: [3,5,7]
[2026-07-16T07:15:01+00:00] Fetched deals: 1
[2026-07-16T07:15:01+00:00] Colors: green=0 persisted=61, red=1
[2026-07-16T07:15:03+00:00] Cells updated: 2
[2026-07-16T07:15:03+00:00] === color-links end (2.21s) ===
[2026-07-16T07:30:01+00:00] === color-links start ===
[2026-07-16T07:30:01+00:00] Unique deals in sheet: 2
[2026-07-16T07:30:01+00:00] Already green: 61, to check: 1
[2026-07-16T07:30:02+00:00] Categories: [3,5,7]
[2026-07-16T07:30:02+00:00] Fetched deals: 1
[2026-07-16T07:30:02+00:00] Colors: green=0 persisted=61, red=1
[2026-07-16T07:30:03+00:00] Cells updated: 2
[2026-07-16T07:30:03+00:00] === color-links end (1.8s) ===
[2026-07-16T07:45:01+00:00] === color-links start ===
[2026-07-16T07:45:01+00:00] Unique deals in sheet: 2
[2026-07-16T07:45:01+00:00] Already green: 61, to check: 1
[2026-07-16T07:45:01+00:00] Categories: [3,5,7]
[2026-07-16T07:45:01+00:00] Fetched deals: 1
[2026-07-16T07:45:01+00:00] Colors: green=0 persisted=61, red=1
[2026-07-16T07:45:02+00:00] Cells updated: 2
[2026-07-16T07:45:02+00:00] === color-links end (1.81s) ===
[2026-07-16T08:00:01+00:00] === color-links start ===
[2026-07-16T08:00:01+00:00] Unique deals in sheet: 2
[2026-07-16T08:00:01+00:00] Already green: 61, to check: 1
[2026-07-16T08:00:01+00:00] Categories: [3,5,7]
[2026-07-16T08:00:01+00:00] Fetched deals: 1
[2026-07-16T08:00:01+00:00] Colors: green=0 persisted=61, red=1
[2026-07-16T08:00:02+00:00] Cells updated: 2
[2026-07-16T08:00:02+00:00] === color-links end (1.78s) ===
[2026-07-16T08:15:01+00:00] === color-links start ===
[2026-07-16T08:15:01+00:00] Unique deals in sheet: 2
[2026-07-16T08:15:01+00:00] Already green: 61, to check: 1
[2026-07-16T08:15:02+00:00] Categories: [3,5,7]
[2026-07-16T08:15:02+00:00] Fetched deals: 1
[2026-07-16T08:15:02+00:00] Colors: green=0 persisted=61, red=1
[2026-07-16T08:15:04+00:00] Cells updated: 2
[2026-07-16T08:15:04+00:00] === color-links end (2.34s) ===
[2026-07-16T08:30:01+00:00] === color-links start ===
[2026-07-16T08:30:01+00:00] Unique deals in sheet: 2
[2026-07-16T08:30:01+00:00] Already green: 61, to check: 1
[2026-07-16T08:30:01+00:00] Categories: [3,5,7]
[2026-07-16T08:30:01+00:00] Fetched deals: 1
[2026-07-16T08:30:01+00:00] Colors: green=0 persisted=61, red=1
[2026-07-16T08:30:03+00:00] Cells updated: 2
[2026-07-16T08:30:03+00:00] === color-links end (2.15s) ===
[2026-07-16T08:45:01+00:00] === color-links start ===
[2026-07-16T08:45:01+00:00] Unique deals in sheet: 2
[2026-07-16T08:45:01+00:00] Already green: 61, to check: 1
[2026-07-16T08:45:01+00:00] Categories: [3,5,7]
[2026-07-16T08:45:02+00:00] Fetched deals: 1
[2026-07-16T08:45:02+00:00] Colors: green=0 persisted=61, red=1
[2026-07-16T08:45:03+00:00] Cells updated: 2
[2026-07-16T08:45:03+00:00] === color-links end (1.92s) ===
[2026-07-16T09:00:01+00:00] === color-links start ===
[2026-07-16T09:00:01+00:00] Unique deals in sheet: 2
[2026-07-16T09:00:01+00:00] Already green: 61, to check: 1
[2026-07-16T09:00:01+00:00] Categories: [3,5,7]
[2026-07-16T09:00:01+00:00] Fetched deals: 1
[2026-07-16T09:00:01+00:00] Colors: green=0 persisted=61, red=1
[2026-07-16T09:00:03+00:00] Cells updated: 2
[2026-07-16T09:00:03+00:00] === color-links end (2.31s) ===
[2026-07-16T09:15:01+00:00] === color-links start ===
[2026-07-16T09:15:01+00:00] Unique deals in sheet: 2
[2026-07-16T09:15:01+00:00] Already green: 61, to check: 1
[2026-07-16T09:15:01+00:00] Categories: [3,5,7]
[2026-07-16T09:15:01+00:00] Fetched deals: 1
[2026-07-16T09:15:01+00:00] Colors: green=0 persisted=61, red=1
[2026-07-16T09:15:03+00:00] Cells updated: 2
[2026-07-16T09:15:03+00:00] === color-links end (1.76s) ===
[2026-07-16T09:30:01+00:00] === color-links start ===
[2026-07-16T09:30:01+00:00] Unique deals in sheet: 2
[2026-07-16T09:30:01+00:00] Already green: 61, to check: 1
[2026-07-16T09:30:01+00:00] Categories: [3,5,7]
[2026-07-16T09:30:02+00:00] Fetched deals: 1
[2026-07-16T09:30:02+00:00] Colors: green=0 persisted=61, red=1
[2026-07-16T09:30:03+00:00] Cells updated: 2
[2026-07-16T09:30:03+00:00] === color-links end (2.16s) ===
[2026-07-16T09:45:01+00:00] === color-links start ===
[2026-07-16T09:45:01+00:00] Unique deals in sheet: 2
[2026-07-16T09:45:01+00:00] Already green: 61, to check: 1
[2026-07-16T09:45:01+00:00] Categories: [3,5,7]
[2026-07-16T09:45:01+00:00] Fetched deals: 1
[2026-07-16T09:45:01+00:00] Colors: green=0 persisted=61, red=1
[2026-07-16T09:45:03+00:00] Cells updated: 2
[2026-07-16T09:45:03+00:00] === color-links end (1.68s) ===
[2026-07-16T10:00:01+00:00] === color-links start ===
[2026-07-16T10:00:01+00:00] Unique deals in sheet: 2
[2026-07-16T10:00:01+00:00] Already green: 61, to check: 1
[2026-07-16T10:00:01+00:00] Categories: [3,5,7]
[2026-07-16T10:00:02+00:00] Fetched deals: 1
[2026-07-16T10:00:02+00:00] Colors: green=0 persisted=61, red=1
[2026-07-16T10:00:03+00:00] Cells updated: 2
[2026-07-16T10:00:03+00:00] === color-links end (1.73s) ===
[2026-07-16T10:15:01+00:00] === color-links start ===
[2026-07-16T10:15:01+00:00] Unique deals in sheet: 2
[2026-07-16T10:15:01+00:00] Already green: 61, to check: 1
[2026-07-16T10:15:01+00:00] Categories: [3,5,7]
[2026-07-16T10:15:01+00:00] Fetched deals: 1
[2026-07-16T10:15:01+00:00] Colors: green=0 persisted=61, red=1
[2026-07-16T10:15:03+00:00] Cells updated: 2
[2026-07-16T10:15:03+00:00] === color-links end (1.66s) ===
[2026-07-16T10:30:01+00:00] === color-links start ===
[2026-07-16T10:30:01+00:00] Unique deals in sheet: 2
[2026-07-16T10:30:01+00:00] Already green: 61, to check: 1
[2026-07-16T10:30:02+00:00] Categories: [3,5,7]
[2026-07-16T10:30:02+00:00] Fetched deals: 1
[2026-07-16T10:30:02+00:00] Colors: green=0 persisted=61, red=1
[2026-07-16T10:30:03+00:00] Cells updated: 2
[2026-07-16T10:30:03+00:00] === color-links end (1.72s) ===
[2026-07-16T10:45:01+00:00] === color-links start ===
[2026-07-16T10:45:01+00:00] Unique deals in sheet: 2
[2026-07-16T10:45:01+00:00] Already green: 61, to check: 1
[2026-07-16T10:45:01+00:00] Categories: [3,5,7]
[2026-07-16T10:45:01+00:00] Fetched deals: 1
[2026-07-16T10:45:01+00:00] Colors: green=0 persisted=61, red=1
[2026-07-16T10:45:03+00:00] Cells updated: 2
[2026-07-16T10:45:03+00:00] === color-links end (1.85s) ===
[2026-07-16T11:00:02+00:00] === color-links start ===
[2026-07-16T11:00:02+00:00] Unique deals in sheet: 2
[2026-07-16T11:00:02+00:00] Already green: 61, to check: 1
[2026-07-16T11:00:02+00:00] Categories: [3,5,7]
[2026-07-16T11:00:02+00:00] Fetched deals: 1
[2026-07-16T11:00:02+00:00] Colors: green=0 persisted=61, red=1
[2026-07-16T11:00:03+00:00] Cells updated: 2
[2026-07-16T11:00:03+00:00] === color-links end (1.76s) ===
[2026-07-16T11:15:01+00:00] === color-links start ===
[2026-07-16T11:15:01+00:00] Unique deals in sheet: 2
[2026-07-16T11:15:01+00:00] Already green: 61, to check: 1
[2026-07-16T11:15:01+00:00] Categories: [3,5,7]
[2026-07-16T11:15:01+00:00] Fetched deals: 1
[2026-07-16T11:15:01+00:00] Colors: green=0 persisted=61, red=1
[2026-07-16T11:15:03+00:00] Cells updated: 2
[2026-07-16T11:15:03+00:00] === color-links end (1.64s) ===
[2026-07-16T11:30:01+00:00] === color-links start ===
[2026-07-16T11:30:01+00:00] Unique deals in sheet: 2
[2026-07-16T11:30:01+00:00] Already green: 61, to check: 1
[2026-07-16T11:30:01+00:00] Categories: [3,5,7]
[2026-07-16T11:30:01+00:00] Fetched deals: 1
[2026-07-16T11:30:01+00:00] Colors: green=0 persisted=61, red=1
[2026-07-16T11:30:03+00:00] Cells updated: 2
[2026-07-16T11:30:03+00:00] === color-links end (1.65s) ===
[2026-07-16T11:45:01+00:00] === color-links start ===
[2026-07-16T11:45:01+00:00] Unique deals in sheet: 2
[2026-07-16T11:45:01+00:00] Already green: 61, to check: 1
[2026-07-16T11:45:01+00:00] Categories: [3,5,7]
[2026-07-16T11:45:01+00:00] Fetched deals: 1
[2026-07-16T11:45:01+00:00] Colors: green=0 persisted=61, red=1
[2026-07-16T11:45:03+00:00] Cells updated: 2
[2026-07-16T11:45:03+00:00] === color-links end (1.68s) ===
[2026-07-16T12:00:01+00:00] === color-links start ===
[2026-07-16T12:00:01+00:00] Unique deals in sheet: 2
[2026-07-16T12:00:01+00:00] Already green: 61, to check: 1
[2026-07-16T12:00:02+00:00] Categories: [3,5,7]
[2026-07-16T12:00:02+00:00] Fetched deals: 1
[2026-07-16T12:00:02+00:00] Colors: green=0 persisted=61, red=1
[2026-07-16T12:00:03+00:00] Cells updated: 2
[2026-07-16T12:00:03+00:00] === color-links end (1.89s) ===
[2026-07-16T12:15:01+00:00] === color-links start ===
[2026-07-16T12:15:01+00:00] Unique deals in sheet: 2
[2026-07-16T12:15:01+00:00] Already green: 61, to check: 1
[2026-07-16T12:15:01+00:00] Categories: [3,5,7]
[2026-07-16T12:15:01+00:00] Fetched deals: 1
[2026-07-16T12:15:01+00:00] Colors: green=0 persisted=61, red=1
[2026-07-16T12:15:03+00:00] Cells updated: 2
[2026-07-16T12:15:03+00:00] === color-links end (2.62s) ===
[2026-07-16T12:30:01+00:00] === color-links start ===
[2026-07-16T12:30:01+00:00] Unique deals in sheet: 2
[2026-07-16T12:30:01+00:00] Already green: 61, to check: 1
[2026-07-16T12:30:01+00:00] Categories: [3,5,7]
[2026-07-16T12:30:01+00:00] Fetched deals: 1
[2026-07-16T12:30:01+00:00] Colors: green=0 persisted=61, red=1
[2026-07-16T12:30:03+00:00] Cells updated: 2
[2026-07-16T12:30:03+00:00] === color-links end (2.05s) ===
[2026-07-16T12:45:01+00:00] === color-links start ===
[2026-07-16T12:45:01+00:00] Unique deals in sheet: 2
[2026-07-16T12:45:01+00:00] Already green: 61, to check: 1
[2026-07-16T12:45:01+00:00] Categories: [3,5,7]
[2026-07-16T12:45:01+00:00] Fetched deals: 1
[2026-07-16T12:45:01+00:00] Colors: green=0 persisted=61, red=1
[2026-07-16T12:45:04+00:00] Cells updated: 2
[2026-07-16T12:45:04+00:00] === color-links end (2.7s) ===
[2026-07-16T13:00:01+00:00] === color-links start ===
[2026-07-16T13:00:01+00:00] Unique deals in sheet: 2
[2026-07-16T13:00:01+00:00] Already green: 61, to check: 1
[2026-07-16T13:00:02+00:00] Categories: [3,5,7]
[2026-07-16T13:00:02+00:00] Fetched deals: 1
[2026-07-16T13:00:02+00:00] Colors: green=0 persisted=61, red=1
[2026-07-16T13:00:03+00:00] Cells updated: 2
[2026-07-16T13:00:03+00:00] === color-links end (2.55s) ===
[2026-07-16T13:15:01+00:00] === color-links start ===
[2026-07-16T13:15:01+00:00] Unique deals in sheet: 2
[2026-07-16T13:15:01+00:00] Already green: 61, to check: 1
[2026-07-16T13:15:01+00:00] Categories: [3,5,7]
[2026-07-16T13:15:01+00:00] Fetched deals: 1
[2026-07-16T13:15:01+00:00] Colors: green=0 persisted=61, red=1
[2026-07-16T13:15:02+00:00] Cells updated: 2
[2026-07-16T13:15:02+00:00] === color-links end (1.77s) ===
[2026-07-16T13:30:01+00:00] === color-links start ===
[2026-07-16T13:30:01+00:00] Unique deals in sheet: 2
[2026-07-16T13:30:01+00:00] Already green: 61, to check: 1
[2026-07-16T13:30:01+00:00] Categories: [3,5,7]
[2026-07-16T13:30:01+00:00] Fetched deals: 1
[2026-07-16T13:30:01+00:00] Colors: green=0 persisted=61, red=1
[2026-07-16T13:30:03+00:00] Cells updated: 2
[2026-07-16T13:30:03+00:00] === color-links end (1.7s) ===
[2026-07-16T13:45:01+00:00] === color-links start ===
[2026-07-16T13:45:01+00:00] Unique deals in sheet: 2
[2026-07-16T13:45:01+00:00] Already green: 61, to check: 1
[2026-07-16T13:45:02+00:00] Categories: [3,5,7]
[2026-07-16T13:45:02+00:00] Fetched deals: 1
[2026-07-16T13:45:02+00:00] Colors: green=0 persisted=61, red=1
[2026-07-16T13:45:04+00:00] Cells updated: 2
[2026-07-16T13:45:04+00:00] === color-links end (2.19s) ===
[2026-07-16T14:00:01+00:00] === color-links start ===
[2026-07-16T14:00:01+00:00] Unique deals in sheet: 2
[2026-07-16T14:00:01+00:00] Already green: 61, to check: 1
[2026-07-16T14:00:01+00:00] Categories: [3,5,7]
[2026-07-16T14:00:01+00:00] Fetched deals: 1
[2026-07-16T14:00:01+00:00] Colors: green=0 persisted=61, red=1
[2026-07-16T14:00:03+00:00] Cells updated: 2
[2026-07-16T14:00:03+00:00] === color-links end (1.87s) ===
[2026-07-16T14:15:01+00:00] === color-links start ===
[2026-07-16T14:15:01+00:00] Unique deals in sheet: 2
[2026-07-16T14:15:01+00:00] Already green: 61, to check: 1
[2026-07-16T14:15:01+00:00] Categories: [3,5,7]
[2026-07-16T14:15:01+00:00] Fetched deals: 1
[2026-07-16T14:15:01+00:00] Colors: green=0 persisted=61, red=1
[2026-07-16T14:15:02+00:00] Cells updated: 2
[2026-07-16T14:15:02+00:00] === color-links end (1.69s) ===
[2026-07-16T14:30:01+00:00] === color-links start ===
[2026-07-16T14:30:01+00:00] Unique deals in sheet: 2
[2026-07-16T14:30:01+00:00] Already green: 61, to check: 1
[2026-07-16T14:30:02+00:00] Categories: [3,5,7]
[2026-07-16T14:30:02+00:00] Fetched deals: 1
[2026-07-16T14:30:02+00:00] Colors: green=0 persisted=61, red=1
[2026-07-16T14:30:03+00:00] Cells updated: 2
[2026-07-16T14:30:03+00:00] === color-links end (2.04s) ===
[2026-07-16T14:45:01+00:00] === color-links start ===
[2026-07-16T14:45:01+00:00] Unique deals in sheet: 2
[2026-07-16T14:45:01+00:00] Already green: 61, to check: 1
[2026-07-16T14:45:01+00:00] Categories: [3,5,7]
[2026-07-16T14:45:02+00:00] Fetched deals: 1
[2026-07-16T14:45:02+00:00] Colors: green=0 persisted=61, red=1
[2026-07-16T14:45:03+00:00] Cells updated: 2
[2026-07-16T14:45:03+00:00] === color-links end (1.7s) ===
[2026-07-16T15:00:01+00:00] === color-links start ===
[2026-07-16T15:00:01+00:00] Unique deals in sheet: 2
[2026-07-16T15:00:01+00:00] Already green: 61, to check: 1
[2026-07-16T15:00:01+00:00] Categories: [3,5,7]
[2026-07-16T15:00:01+00:00] Fetched deals: 1
[2026-07-16T15:00:01+00:00] Colors: green=0 persisted=61, red=1
[2026-07-16T15:00:03+00:00] Cells updated: 2
[2026-07-16T15:00:03+00:00] === color-links end (1.98s) ===
[2026-07-16T15:15:01+00:00] === color-links start ===
[2026-07-16T15:15:01+00:00] Unique deals in sheet: 2
[2026-07-16T15:15:01+00:00] Already green: 61, to check: 1
[2026-07-16T15:15:01+00:00] Categories: [3,5,7]
[2026-07-16T15:15:01+00:00] Fetched deals: 1
[2026-07-16T15:15:01+00:00] Colors: green=0 persisted=61, red=1
[2026-07-16T15:15:03+00:00] Cells updated: 2
[2026-07-16T15:15:03+00:00] === color-links end (1.71s) ===
[2026-07-16T15:30:01+00:00] === color-links start ===
[2026-07-16T15:30:01+00:00] Unique deals in sheet: 2
[2026-07-16T15:30:01+00:00] Already green: 61, to check: 1
[2026-07-16T15:30:01+00:00] Categories: [3,5,7]
[2026-07-16T15:30:01+00:00] Fetched deals: 1
[2026-07-16T15:30:01+00:00] Colors: green=0 persisted=61, red=1
[2026-07-16T15:30:02+00:00] Cells updated: 2
[2026-07-16T15:30:02+00:00] === color-links end (1.8s) ===
[2026-07-16T15:45:01+00:00] === color-links start ===
[2026-07-16T15:45:01+00:00] Unique deals in sheet: 2
[2026-07-16T15:45:01+00:00] Already green: 61, to check: 1
[2026-07-16T15:45:01+00:00] Categories: [3,5,7]
[2026-07-16T15:45:01+00:00] Fetched deals: 1
[2026-07-16T15:45:01+00:00] Colors: green=0 persisted=61, red=1
[2026-07-16T15:45:03+00:00] Cells updated: 2
[2026-07-16T15:45:03+00:00] === color-links end (2.16s) ===
[2026-07-16T16:00:01+00:00] === color-links start ===
[2026-07-16T16:00:01+00:00] Unique deals in sheet: 2
[2026-07-16T16:00:01+00:00] Already green: 61, to check: 1
[2026-07-16T16:00:01+00:00] Categories: [3,5,7]
[2026-07-16T16:00:01+00:00] Fetched deals: 1
[2026-07-16T16:00:01+00:00] Colors: green=0 persisted=61, red=1
[2026-07-16T16:00:03+00:00] Cells updated: 2
[2026-07-16T16:00:03+00:00] === color-links end (1.73s) ===
[2026-07-16T16:15:01+00:00] === color-links start ===
[2026-07-16T16:15:01+00:00] Unique deals in sheet: 2
[2026-07-16T16:15:01+00:00] Already green: 61, to check: 1
[2026-07-16T16:15:01+00:00] Categories: [3,5,7]
[2026-07-16T16:15:02+00:00] Fetched deals: 1
[2026-07-16T16:15:02+00:00] Colors: green=0 persisted=61, red=1
[2026-07-16T16:15:03+00:00] Cells updated: 2
[2026-07-16T16:15:03+00:00] === color-links end (2.11s) ===
[2026-07-16T16:30:01+00:00] === color-links start ===
[2026-07-16T16:30:01+00:00] Unique deals in sheet: 2
[2026-07-16T16:30:01+00:00] Already green: 61, to check: 1
[2026-07-16T16:30:01+00:00] Categories: [3,5,7]
[2026-07-16T16:30:01+00:00] Fetched deals: 1
[2026-07-16T16:30:01+00:00] Colors: green=0 persisted=61, red=1
[2026-07-16T16:30:02+00:00] Cells updated: 2
[2026-07-16T16:30:02+00:00] === color-links end (1.78s) ===
[2026-07-16T16:45:02+00:00] === color-links start ===
[2026-07-16T16:45:02+00:00] Unique deals in sheet: 2
[2026-07-16T16:45:02+00:00] Already green: 61, to check: 1
[2026-07-16T16:45:02+00:00] Categories: [3,5,7]
[2026-07-16T16:45:02+00:00] Fetched deals: 1
[2026-07-16T16:45:02+00:00] Colors: green=0 persisted=61, red=1
[2026-07-16T16:45:03+00:00] Cells updated: 2
[2026-07-16T16:45:03+00:00] === color-links end (1.51s) ===
[2026-07-16T17:00:01+00:00] === color-links start ===
[2026-07-16T17:00:01+00:00] Unique deals in sheet: 2
[2026-07-16T17:00:01+00:00] Already green: 61, to check: 1
[2026-07-16T17:00:02+00:00] Categories: [3,5,7]
[2026-07-16T17:00:02+00:00] Fetched deals: 1
[2026-07-16T17:00:02+00:00] Colors: green=0 persisted=61, red=1
[2026-07-16T17:00:03+00:00] Cells updated: 2
[2026-07-16T17:00:03+00:00] === color-links end (1.8s) ===
[2026-07-16T17:15:01+00:00] === color-links start ===
[2026-07-16T17:15:01+00:00] Unique deals in sheet: 2
[2026-07-16T17:15:01+00:00] Already green: 61, to check: 1
[2026-07-16T17:15:02+00:00] Categories: [3,5,7]
[2026-07-16T17:15:02+00:00] Fetched deals: 1
[2026-07-16T17:15:02+00:00] Colors: green=0 persisted=61, red=1
[2026-07-16T17:15:03+00:00] Cells updated: 2
[2026-07-16T17:15:03+00:00] === color-links end (2.03s) ===
[2026-07-16T17:30:01+00:00] === color-links start ===
[2026-07-16T17:30:01+00:00] Unique deals in sheet: 2
[2026-07-16T17:30:01+00:00] Already green: 61, to check: 1
[2026-07-16T17:30:01+00:00] Categories: [3,5,7]
[2026-07-16T17:30:01+00:00] Fetched deals: 1
[2026-07-16T17:30:01+00:00] Colors: green=0 persisted=61, red=1
[2026-07-16T17:30:03+00:00] Cells updated: 2
[2026-07-16T17:30:03+00:00] === color-links end (2.07s) ===
[2026-07-16T17:45:01+00:00] === color-links start ===
[2026-07-16T17:45:01+00:00] Unique deals in sheet: 2
[2026-07-16T17:45:01+00:00] Already green: 61, to check: 1
[2026-07-16T17:45:01+00:00] Categories: [3,5,7]
[2026-07-16T17:45:01+00:00] Fetched deals: 1
[2026-07-16T17:45:01+00:00] Colors: green=0 persisted=61, red=1
[2026-07-16T17:45:02+00:00] Cells updated: 2
[2026-07-16T17:45:02+00:00] === color-links end (1.72s) ===
[2026-07-16T18:00:01+00:00] === color-links start ===
[2026-07-16T18:00:01+00:00] Unique deals in sheet: 2
[2026-07-16T18:00:01+00:00] Already green: 61, to check: 1
[2026-07-16T18:00:02+00:00] Categories: [3,5,7]
[2026-07-16T18:00:02+00:00] Fetched deals: 1
[2026-07-16T18:00:02+00:00] Colors: green=0 persisted=61, red=1
[2026-07-16T18:00:03+00:00] Cells updated: 2
[2026-07-16T18:00:03+00:00] === color-links end (1.59s) ===
[2026-07-16T18:15:01+00:00] === color-links start ===
[2026-07-16T18:15:01+00:00] Unique deals in sheet: 2
[2026-07-16T18:15:01+00:00] Already green: 61, to check: 1
[2026-07-16T18:15:01+00:00] Categories: [3,5,7]
[2026-07-16T18:15:01+00:00] Fetched deals: 1
[2026-07-16T18:15:01+00:00] Colors: green=0 persisted=61, red=1
[2026-07-16T18:15:02+00:00] Cells updated: 2
[2026-07-16T18:15:02+00:00] === color-links end (1.56s) ===
[2026-07-16T18:30:01+00:00] === color-links start ===
[2026-07-16T18:30:01+00:00] Unique deals in sheet: 2
[2026-07-16T18:30:01+00:00] Already green: 61, to check: 1
[2026-07-16T18:30:02+00:00] Categories: [3,5,7]
[2026-07-16T18:30:02+00:00] Fetched deals: 1
[2026-07-16T18:30:02+00:00] Colors: green=0 persisted=61, red=1
[2026-07-16T18:30:03+00:00] Cells updated: 2
[2026-07-16T18:30:03+00:00] === color-links end (1.62s) ===
[2026-07-16T18:45:01+00:00] === color-links start ===
[2026-07-16T18:45:01+00:00] Unique deals in sheet: 2
[2026-07-16T18:45:01+00:00] Already green: 61, to check: 1
[2026-07-16T18:45:01+00:00] Categories: [3,5,7]
[2026-07-16T18:45:02+00:00] Fetched deals: 1
[2026-07-16T18:45:02+00:00] Colors: green=0 persisted=61, red=1
[2026-07-16T18:45:03+00:00] Cells updated: 2
[2026-07-16T18:45:03+00:00] === color-links end (1.67s) ===
[2026-07-16T19:00:01+00:00] === color-links start ===
[2026-07-16T19:00:01+00:00] Unique deals in sheet: 2
[2026-07-16T19:00:01+00:00] Already green: 61, to check: 1
[2026-07-16T19:00:01+00:00] Categories: [3,5,7]
[2026-07-16T19:00:01+00:00] Fetched deals: 1
[2026-07-16T19:00:01+00:00] Colors: green=0 persisted=61, red=1
[2026-07-16T19:00:03+00:00] Cells updated: 2
[2026-07-16T19:00:03+00:00] === color-links end (2.2s) ===
[2026-07-16T19:15:01+00:00] === color-links start ===
[2026-07-16T19:15:01+00:00] Unique deals in sheet: 2
[2026-07-16T19:15:01+00:00] Already green: 61, to check: 1
[2026-07-16T19:15:01+00:00] Categories: [3,5,7]
[2026-07-16T19:15:01+00:00] Fetched deals: 1
[2026-07-16T19:15:01+00:00] Colors: green=0 persisted=61, red=1
[2026-07-16T19:15:03+00:00] Cells updated: 2
[2026-07-16T19:15:03+00:00] === color-links end (2.07s) ===
[2026-07-16T19:30:01+00:00] === color-links start ===
[2026-07-16T19:30:01+00:00] Unique deals in sheet: 2
[2026-07-16T19:30:01+00:00] Already green: 61, to check: 1
[2026-07-16T19:30:01+00:00] Categories: [3,5,7]
[2026-07-16T19:30:02+00:00] Fetched deals: 1
[2026-07-16T19:30:02+00:00] Colors: green=0 persisted=61, red=1
[2026-07-16T19:30:03+00:00] Cells updated: 2
[2026-07-16T19:30:03+00:00] === color-links end (1.65s) ===
[2026-07-16T19:45:01+00:00] === color-links start ===
[2026-07-16T19:45:01+00:00] Unique deals in sheet: 2
[2026-07-16T19:45:01+00:00] Already green: 61, to check: 1
[2026-07-16T19:45:01+00:00] Categories: [3,5,7]
[2026-07-16T19:45:02+00:00] Fetched deals: 1
[2026-07-16T19:45:02+00:00] Colors: green=0 persisted=61, red=1
[2026-07-16T19:45:03+00:00] Cells updated: 2
[2026-07-16T19:45:03+00:00] === color-links end (1.73s) ===
[2026-07-16T20:00:01+00:00] === color-links start ===
[2026-07-16T20:00:01+00:00] Unique deals in sheet: 2
[2026-07-16T20:00:01+00:00] Already green: 61, to check: 1
[2026-07-16T20:00:01+00:00] Categories: [3,5,7]
[2026-07-16T20:00:01+00:00] Fetched deals: 1
[2026-07-16T20:00:01+00:00] Colors: green=0 persisted=61, red=1
[2026-07-16T20:00:03+00:00] Cells updated: 2
[2026-07-16T20:00:03+00:00] === color-links end (1.8s) ===
[2026-07-16T20:15:01+00:00] === color-links start ===
[2026-07-16T20:15:01+00:00] Unique deals in sheet: 2
[2026-07-16T20:15:01+00:00] Already green: 61, to check: 1
[2026-07-16T20:15:01+00:00] Categories: [3,5,7]
[2026-07-16T20:15:01+00:00] Fetched deals: 1
[2026-07-16T20:15:01+00:00] Colors: green=0 persisted=61, red=1
[2026-07-16T20:15:03+00:00] Cells updated: 2
[2026-07-16T20:15:03+00:00] === color-links end (2.43s) ===
[2026-07-16T20:30:01+00:00] === color-links start ===
[2026-07-16T20:30:01+00:00] Unique deals in sheet: 2
[2026-07-16T20:30:01+00:00] Already green: 61, to check: 1
[2026-07-16T20:30:01+00:00] Categories: [3,5,7]
[2026-07-16T20:30:01+00:00] Fetched deals: 1
[2026-07-16T20:30:01+00:00] Colors: green=0 persisted=61, red=1
[2026-07-16T20:30:02+00:00] Cells updated: 2
[2026-07-16T20:30:02+00:00] === color-links end (1.84s) ===
[2026-07-16T20:45:01+00:00] === color-links start ===
[2026-07-16T20:45:01+00:00] Unique deals in sheet: 2
[2026-07-16T20:45:01+00:00] Already green: 61, to check: 1
[2026-07-16T20:45:01+00:00] Categories: [3,5,7]
[2026-07-16T20:45:01+00:00] Fetched deals: 1
[2026-07-16T20:45:01+00:00] Colors: green=0 persisted=61, red=1
[2026-07-16T20:45:05+00:00] Cells updated: 2
[2026-07-16T20:45:05+00:00] === color-links end (3.59s) ===
[2026-07-16T21:00:01+00:00] === color-links start ===
[2026-07-16T21:00:01+00:00] Unique deals in sheet: 2
[2026-07-16T21:00:01+00:00] Already green: 61, to check: 1
[2026-07-16T21:00:03+00:00] Categories: [3,5,7]
[2026-07-16T21:00:06+00:00] Fetched deals: 1
[2026-07-16T21:00:06+00:00] Colors: green=0 persisted=61, red=1
[2026-07-16T21:00:09+00:00] Cells updated: 2
[2026-07-16T21:00:09+00:00] === color-links end (8.03s) ===
[2026-07-16T21:15:01+00:00] === color-links start ===
[2026-07-16T21:15:01+00:00] Unique deals in sheet: 2
[2026-07-16T21:15:01+00:00] Already green: 61, to check: 1
[2026-07-16T21:15:01+00:00] Categories: [3,5,7]
[2026-07-16T21:15:01+00:00] Fetched deals: 1
[2026-07-16T21:15:01+00:00] Colors: green=0 persisted=61, red=1
[2026-07-16T21:15:04+00:00] Cells updated: 2
[2026-07-16T21:15:04+00:00] === color-links end (3.17s) ===
[2026-07-16T21:30:01+00:00] === color-links start ===
[2026-07-16T21:30:01+00:00] Unique deals in sheet: 2
[2026-07-16T21:30:01+00:00] Already green: 61, to check: 1
[2026-07-16T21:30:01+00:00] Categories: [3,5,7]
[2026-07-16T21:30:01+00:00] Fetched deals: 1
[2026-07-16T21:30:01+00:00] Colors: green=0 persisted=61, red=1
[2026-07-16T21:30:04+00:00] Cells updated: 2
[2026-07-16T21:30:04+00:00] === color-links end (3.44s) ===
[2026-07-16T21:45:01+00:00] === color-links start ===
[2026-07-16T21:45:01+00:00] Unique deals in sheet: 2
[2026-07-16T21:45:01+00:00] Already green: 61, to check: 1
[2026-07-16T21:45:01+00:00] Categories: [3,5,7]
[2026-07-16T21:45:01+00:00] Fetched deals: 1
[2026-07-16T21:45:01+00:00] Colors: green=0 persisted=61, red=1
[2026-07-16T21:45:03+00:00] Cells updated: 2
[2026-07-16T21:45:03+00:00] === color-links end (1.71s) ===
[2026-07-16T22:00:01+00:00] === color-links start ===
[2026-07-16T22:00:01+00:00] Unique deals in sheet: 2
[2026-07-16T22:00:01+00:00] Already green: 61, to check: 1
[2026-07-16T22:00:01+00:00] Categories: [3,5,7]
[2026-07-16T22:00:02+00:00] Fetched deals: 1
[2026-07-16T22:00:02+00:00] Colors: green=0 persisted=61, red=1
[2026-07-16T22:00:04+00:00] Cells updated: 2
[2026-07-16T22:00:04+00:00] === color-links end (2.63s) ===
[2026-07-16T22:15:01+00:00] === color-links start ===
[2026-07-16T22:15:01+00:00] Unique deals in sheet: 2
[2026-07-16T22:15:01+00:00] Already green: 61, to check: 1
[2026-07-16T22:15:01+00:00] Categories: [3,5,7]
[2026-07-16T22:15:01+00:00] Fetched deals: 1
[2026-07-16T22:15:01+00:00] Colors: green=0 persisted=61, red=1
[2026-07-16T22:15:03+00:00] Cells updated: 2
[2026-07-16T22:15:03+00:00] === color-links end (2.66s) ===
[2026-07-16T22:30:01+00:00] === color-links start ===
[2026-07-16T22:30:01+00:00] Unique deals in sheet: 2
[2026-07-16T22:30:01+00:00] Already green: 61, to check: 1
[2026-07-16T22:30:01+00:00] Categories: [3,5,7]
[2026-07-16T22:30:01+00:00] Fetched deals: 1
[2026-07-16T22:30:01+00:00] Colors: green=0 persisted=61, red=1
[2026-07-16T22:30:03+00:00] Cells updated: 2
[2026-07-16T22:30:03+00:00] === color-links end (2.23s) ===
[2026-07-16T22:45:01+00:00] === color-links start ===
[2026-07-16T22:45:01+00:00] Unique deals in sheet: 2
[2026-07-16T22:45:01+00:00] Already green: 61, to check: 1
[2026-07-16T22:45:01+00:00] Categories: [3,5,7]
[2026-07-16T22:45:02+00:00] Fetched deals: 1
[2026-07-16T22:45:02+00:00] Colors: green=0 persisted=61, red=1
[2026-07-16T22:45:03+00:00] Cells updated: 2
[2026-07-16T22:45:03+00:00] === color-links end (2.13s) ===
[2026-07-16T23:00:01+00:00] === color-links start ===
[2026-07-16T23:00:01+00:00] Unique deals in sheet: 2
[2026-07-16T23:00:01+00:00] Already green: 61, to check: 1
[2026-07-16T23:00:01+00:00] Categories: [3,5,7]
[2026-07-16T23:00:01+00:00] Fetched deals: 1
[2026-07-16T23:00:01+00:00] Colors: green=0 persisted=61, red=1
[2026-07-16T23:00:02+00:00] Cells updated: 2
[2026-07-16T23:00:02+00:00] === color-links end (1.59s) ===
[2026-07-16T23:15:01+00:00] === color-links start ===
[2026-07-16T23:15:01+00:00] Unique deals in sheet: 2
[2026-07-16T23:15:01+00:00] Already green: 61, to check: 1
[2026-07-16T23:15:01+00:00] Categories: [3,5,7]
[2026-07-16T23:15:01+00:00] Fetched deals: 1
[2026-07-16T23:15:01+00:00] Colors: green=0 persisted=61, red=1
[2026-07-16T23:15:03+00:00] Cells updated: 2
[2026-07-16T23:15:03+00:00] === color-links end (2.14s) ===
[2026-07-16T23:30:01+00:00] === color-links start ===
[2026-07-16T23:30:01+00:00] Unique deals in sheet: 2
[2026-07-16T23:30:01+00:00] Already green: 61, to check: 1
[2026-07-16T23:30:01+00:00] Categories: [3,5,7]
[2026-07-16T23:30:02+00:00] Fetched deals: 1
[2026-07-16T23:30:02+00:00] Colors: green=0 persisted=61, red=1
[2026-07-16T23:30:03+00:00] Cells updated: 2
[2026-07-16T23:30:03+00:00] === color-links end (1.8s) ===
[2026-07-16T23:45:01+00:00] === color-links start ===
[2026-07-16T23:45:01+00:00] Unique deals in sheet: 2
[2026-07-16T23:45:01+00:00] Already green: 61, to check: 1
[2026-07-16T23:45:01+00:00] Categories: [3,5,7]
[2026-07-16T23:45:01+00:00] Fetched deals: 1
[2026-07-16T23:45:01+00:00] Colors: green=0 persisted=61, red=1
[2026-07-16T23:45:02+00:00] Cells updated: 2
[2026-07-16T23:45:02+00:00] === color-links end (1.56s) ===
