[2026-07-13T00:00:01+00:00] === color-links start ===
[2026-07-13T00:00:01+00:00] Unique deals in sheet: 2
[2026-07-13T00:00:01+00:00] Already green: 61, to check: 1
[2026-07-13T00:00:01+00:00] Categories: [3,5,7]
[2026-07-13T00:00:01+00:00] Fetched deals: 1
[2026-07-13T00:00:01+00:00] Colors: green=0 persisted=61, red=1
[2026-07-13T00:00:03+00:00] Cells updated: 2
[2026-07-13T00:00:03+00:00] === color-links end (1.7s) ===
[2026-07-13T00:15:01+00:00] === color-links start ===
[2026-07-13T00:15:01+00:00] Unique deals in sheet: 2
[2026-07-13T00:15:01+00:00] Already green: 61, to check: 1
[2026-07-13T00:15:01+00:00] Categories: [3,5,7]
[2026-07-13T00:15:01+00:00] Fetched deals: 1
[2026-07-13T00:15:01+00:00] Colors: green=0 persisted=61, red=1
[2026-07-13T00:15:04+00:00] Cells updated: 2
[2026-07-13T00:15:04+00:00] === color-links end (2.96s) ===
[2026-07-13T00:30:02+00:00] === color-links start ===
[2026-07-13T00:30:02+00:00] Unique deals in sheet: 2
[2026-07-13T00:30:02+00:00] Already green: 61, to check: 1
[2026-07-13T00:30:02+00:00] Categories: [3,5,7]
[2026-07-13T00:30:02+00:00] Fetched deals: 1
[2026-07-13T00:30:02+00:00] Colors: green=0 persisted=61, red=1
[2026-07-13T00:30:04+00:00] Cells updated: 2
[2026-07-13T00:30:04+00:00] === color-links end (2.64s) ===
[2026-07-13T00:45:01+00:00] === color-links start ===
[2026-07-13T00:45:01+00:00] Unique deals in sheet: 2
[2026-07-13T00:45:01+00:00] Already green: 61, to check: 1
[2026-07-13T00:45:01+00:00] Categories: [3,5,7]
[2026-07-13T00:45:01+00:00] Fetched deals: 1
[2026-07-13T00:45:01+00:00] Colors: green=0 persisted=61, red=1
[2026-07-13T00:45:02+00:00] Cells updated: 2
[2026-07-13T00:45:02+00:00] === color-links end (1.58s) ===
[2026-07-13T01:00:01+00:00] === color-links start ===
[2026-07-13T01:00:01+00:00] Unique deals in sheet: 2
[2026-07-13T01:00:01+00:00] Already green: 61, to check: 1
[2026-07-13T01:00:02+00:00] Categories: [3,5,7]
[2026-07-13T01:00:02+00:00] Fetched deals: 1
[2026-07-13T01:00:02+00:00] Colors: green=0 persisted=61, red=1
[2026-07-13T01:00:04+00:00] Cells updated: 2
[2026-07-13T01:00:04+00:00] === color-links end (2.17s) ===
[2026-07-13T01:15:01+00:00] === color-links start ===
[2026-07-13T01:15:01+00:00] Unique deals in sheet: 2
[2026-07-13T01:15:01+00:00] Already green: 61, to check: 1
[2026-07-13T01:15:01+00:00] Categories: [3,5,7]
[2026-07-13T01:15:02+00:00] Fetched deals: 1
[2026-07-13T01:15:02+00:00] Colors: green=0 persisted=61, red=1
[2026-07-13T01:15:03+00:00] Cells updated: 2
[2026-07-13T01:15:03+00:00] === color-links end (1.81s) ===
[2026-07-13T01:30:01+00:00] === color-links start ===
[2026-07-13T01:30:01+00:00] Unique deals in sheet: 2
[2026-07-13T01:30:01+00:00] Already green: 61, to check: 1
[2026-07-13T01:30:01+00:00] Categories: [3,5,7]
[2026-07-13T01:30:01+00:00] Fetched deals: 1
[2026-07-13T01:30:01+00:00] Colors: green=0 persisted=61, red=1
[2026-07-13T01:30:03+00:00] Cells updated: 2
[2026-07-13T01:30:03+00:00] === color-links end (1.75s) ===
[2026-07-13T01:45:01+00:00] === color-links start ===
[2026-07-13T01:45:01+00:00] Unique deals in sheet: 2
[2026-07-13T01:45:01+00:00] Already green: 61, to check: 1
[2026-07-13T01:45:01+00:00] Categories: [3,5,7]
[2026-07-13T01:45:01+00:00] Fetched deals: 1
[2026-07-13T01:45:01+00:00] Colors: green=0 persisted=61, red=1
[2026-07-13T01:45:03+00:00] Cells updated: 2
[2026-07-13T01:45:03+00:00] === color-links end (2.21s) ===
[2026-07-13T02:00:01+00:00] === color-links start ===
[2026-07-13T02:00:01+00:00] Unique deals in sheet: 2
[2026-07-13T02:00:01+00:00] Already green: 61, to check: 1
[2026-07-13T02:00:01+00:00] Categories: [3,5,7]
[2026-07-13T02:00:01+00:00] Fetched deals: 1
[2026-07-13T02:00:01+00:00] Colors: green=0 persisted=61, red=1
[2026-07-13T02:00:03+00:00] Cells updated: 2
[2026-07-13T02:00:03+00:00] === color-links end (1.86s) ===
[2026-07-13T02:15:01+00:00] === color-links start ===
[2026-07-13T02:15:01+00:00] Unique deals in sheet: 2
[2026-07-13T02:15:01+00:00] Already green: 61, to check: 1
[2026-07-13T02:15:01+00:00] Categories: [3,5,7]
[2026-07-13T02:15:01+00:00] Fetched deals: 1
[2026-07-13T02:15:01+00:00] Colors: green=0 persisted=61, red=1
[2026-07-13T02:15:02+00:00] Cells updated: 2
[2026-07-13T02:15:02+00:00] === color-links end (1.64s) ===
[2026-07-13T02:30:01+00:00] === color-links start ===
[2026-07-13T02:30:01+00:00] Unique deals in sheet: 2
[2026-07-13T02:30:01+00:00] Already green: 61, to check: 1
[2026-07-13T02:30:02+00:00] Categories: [3,5,7]
[2026-07-13T02:30:02+00:00] Fetched deals: 1
[2026-07-13T02:30:02+00:00] Colors: green=0 persisted=61, red=1
[2026-07-13T02:30:04+00:00] Cells updated: 2
[2026-07-13T02:30:04+00:00] === color-links end (2.56s) ===
[2026-07-13T02:45:01+00:00] === color-links start ===
[2026-07-13T02:45:01+00:00] Unique deals in sheet: 2
[2026-07-13T02:45:01+00:00] Already green: 61, to check: 1
[2026-07-13T02:45:01+00:00] Categories: [3,5,7]
[2026-07-13T02:45:01+00:00] Fetched deals: 1
[2026-07-13T02:45:01+00:00] Colors: green=0 persisted=61, red=1
[2026-07-13T02:45:03+00:00] Cells updated: 2
[2026-07-13T02:45:03+00:00] === color-links end (1.63s) ===
[2026-07-13T03:00:01+00:00] === color-links start ===
[2026-07-13T03:00:01+00:00] Unique deals in sheet: 2
[2026-07-13T03:00:01+00:00] Already green: 61, to check: 1
[2026-07-13T03:00:01+00:00] Categories: [3,5,7]
[2026-07-13T03:00:01+00:00] Fetched deals: 1
[2026-07-13T03:00:01+00:00] Colors: green=0 persisted=61, red=1
[2026-07-13T03:00:03+00:00] Cells updated: 2
[2026-07-13T03:00:03+00:00] === color-links end (1.69s) ===
[2026-07-13T03:15:01+00:00] === color-links start ===
[2026-07-13T03:15:01+00:00] Unique deals in sheet: 2
[2026-07-13T03:15:01+00:00] Already green: 61, to check: 1
[2026-07-13T03:15:01+00:00] Categories: [3,5,7]
[2026-07-13T03:15:02+00:00] Fetched deals: 1
[2026-07-13T03:15:02+00:00] Colors: green=0 persisted=61, red=1
[2026-07-13T03:15:03+00:00] Cells updated: 2
[2026-07-13T03:15:03+00:00] === color-links end (1.72s) ===
[2026-07-13T03:30:01+00:00] === color-links start ===
[2026-07-13T03:30:01+00:00] Unique deals in sheet: 2
[2026-07-13T03:30:01+00:00] Already green: 61, to check: 1
[2026-07-13T03:30:01+00:00] Categories: [3,5,7]
[2026-07-13T03:30:01+00:00] Fetched deals: 1
[2026-07-13T03:30:01+00:00] Colors: green=0 persisted=61, red=1
[2026-07-13T03:30:04+00:00] Cells updated: 2
[2026-07-13T03:30:04+00:00] === color-links end (2.85s) ===
[2026-07-13T03:45:01+00:00] === color-links start ===
[2026-07-13T03:45:01+00:00] Unique deals in sheet: 2
[2026-07-13T03:45:01+00:00] Already green: 61, to check: 1
[2026-07-13T03:45:01+00:00] Categories: [3,5,7]
[2026-07-13T03:45:01+00:00] Fetched deals: 1
[2026-07-13T03:45:01+00:00] Colors: green=0 persisted=61, red=1
[2026-07-13T03:45:03+00:00] Cells updated: 2
[2026-07-13T03:45:03+00:00] === color-links end (2.06s) ===
[2026-07-13T04:00:01+00:00] === color-links start ===
[2026-07-13T04:00:01+00:00] Unique deals in sheet: 2
[2026-07-13T04:00:01+00:00] Already green: 61, to check: 1
[2026-07-13T04:00:01+00:00] Categories: [3,5,7]
[2026-07-13T04:00:01+00:00] Fetched deals: 1
[2026-07-13T04:00:01+00:00] Colors: green=0 persisted=61, red=1
[2026-07-13T04:00:04+00:00] Cells updated: 2
[2026-07-13T04:00:04+00:00] === color-links end (2.66s) ===
[2026-07-13T04:15:01+00:00] === color-links start ===
[2026-07-13T04:15:01+00:00] Unique deals in sheet: 2
[2026-07-13T04:15:01+00:00] Already green: 61, to check: 1
[2026-07-13T04:15:01+00:00] Categories: [3,5,7]
[2026-07-13T04:15:01+00:00] Fetched deals: 1
[2026-07-13T04:15:01+00:00] Colors: green=0 persisted=61, red=1
[2026-07-13T04:15:03+00:00] Cells updated: 2
[2026-07-13T04:15:03+00:00] === color-links end (2.41s) ===
[2026-07-13T04:30:01+00:00] === color-links start ===
[2026-07-13T04:30:01+00:00] Unique deals in sheet: 2
[2026-07-13T04:30:01+00:00] Already green: 61, to check: 1
[2026-07-13T04:30:01+00:00] Categories: [3,5,7]
[2026-07-13T04:30:02+00:00] Fetched deals: 1
[2026-07-13T04:30:02+00:00] Colors: green=0 persisted=61, red=1
[2026-07-13T04:30:03+00:00] Cells updated: 2
[2026-07-13T04:30:03+00:00] === color-links end (1.8s) ===
[2026-07-13T04:45:02+00:00] === color-links start ===
[2026-07-13T04:45:02+00:00] Unique deals in sheet: 2
[2026-07-13T04:45:02+00:00] Already green: 61, to check: 1
[2026-07-13T04:45:02+00:00] Categories: [3,5,7]
[2026-07-13T04:45:02+00:00] Fetched deals: 1
[2026-07-13T04:45:02+00:00] Colors: green=0 persisted=61, red=1
[2026-07-13T04:45:04+00:00] Cells updated: 2
[2026-07-13T04:45:04+00:00] === color-links end (2.27s) ===
[2026-07-13T05:00:01+00:00] === color-links start ===
[2026-07-13T05:00:01+00:00] Unique deals in sheet: 2
[2026-07-13T05:00:01+00:00] Already green: 61, to check: 1
[2026-07-13T05:00:02+00:00] Categories: [3,5,7]
[2026-07-13T05:00:02+00:00] Fetched deals: 1
[2026-07-13T05:00:02+00:00] Colors: green=0 persisted=61, red=1
[2026-07-13T05:00:04+00:00] Cells updated: 2
[2026-07-13T05:00:04+00:00] === color-links end (2.78s) ===
[2026-07-13T05:15:01+00:00] === color-links start ===
[2026-07-13T05:15:01+00:00] Unique deals in sheet: 2
[2026-07-13T05:15:01+00:00] Already green: 61, to check: 1
[2026-07-13T05:15:02+00:00] Categories: [3,5,7]
[2026-07-13T05:15:02+00:00] Fetched deals: 1
[2026-07-13T05:15:02+00:00] Colors: green=0 persisted=61, red=1
[2026-07-13T05:15:03+00:00] Cells updated: 2
[2026-07-13T05:15:03+00:00] === color-links end (1.68s) ===
[2026-07-13T05:30:01+00:00] === color-links start ===
[2026-07-13T05:30:01+00:00] Unique deals in sheet: 2
[2026-07-13T05:30:01+00:00] Already green: 61, to check: 1
[2026-07-13T05:30:02+00:00] Categories: [3,5,7]
[2026-07-13T05:30:02+00:00] Fetched deals: 1
[2026-07-13T05:30:02+00:00] Colors: green=0 persisted=61, red=1
[2026-07-13T05:30:03+00:00] Cells updated: 2
[2026-07-13T05:30:03+00:00] === color-links end (1.57s) ===
[2026-07-13T05:45:01+00:00] === color-links start ===
[2026-07-13T05:45:01+00:00] Unique deals in sheet: 2
[2026-07-13T05:45:01+00:00] Already green: 61, to check: 1
[2026-07-13T05:45:02+00:00] Categories: [3,5,7]
[2026-07-13T05:45:02+00:00] Fetched deals: 1
[2026-07-13T05:45:02+00:00] Colors: green=0 persisted=61, red=1
[2026-07-13T05:45:03+00:00] Cells updated: 2
[2026-07-13T05:45:03+00:00] === color-links end (1.64s) ===
[2026-07-13T06:00:01+00:00] === color-links start ===
[2026-07-13T06:00:01+00:00] Unique deals in sheet: 2
[2026-07-13T06:00:01+00:00] Already green: 61, to check: 1
[2026-07-13T06:00:01+00:00] Categories: [3,5,7]
[2026-07-13T06:00:01+00:00] Fetched deals: 1
[2026-07-13T06:00:01+00:00] Colors: green=0 persisted=61, red=1
[2026-07-13T06:00:03+00:00] Cells updated: 2
[2026-07-13T06:00:03+00:00] === color-links end (1.92s) ===
[2026-07-13T06:15:01+00:00] === color-links start ===
[2026-07-13T06:15:01+00:00] Unique deals in sheet: 2
[2026-07-13T06:15:01+00:00] Already green: 61, to check: 1
[2026-07-13T06:15:01+00:00] Categories: [3,5,7]
[2026-07-13T06:15:01+00:00] Fetched deals: 1
[2026-07-13T06:15:01+00:00] Colors: green=0 persisted=61, red=1
[2026-07-13T06:15:03+00:00] Cells updated: 2
[2026-07-13T06:15:03+00:00] === color-links end (1.66s) ===
[2026-07-13T06:30:01+00:00] === color-links start ===
[2026-07-13T06:30:01+00:00] Unique deals in sheet: 2
[2026-07-13T06:30:01+00:00] Already green: 61, to check: 1
[2026-07-13T06:30:02+00:00] Categories: [3,5,7]
[2026-07-13T06:30:02+00:00] Fetched deals: 1
[2026-07-13T06:30:02+00:00] Colors: green=0 persisted=61, red=1
[2026-07-13T06:30:03+00:00] Cells updated: 2
[2026-07-13T06:30:03+00:00] === color-links end (2.25s) ===
[2026-07-13T06:45:01+00:00] === color-links start ===
[2026-07-13T06:45:01+00:00] Unique deals in sheet: 2
[2026-07-13T06:45:01+00:00] Already green: 61, to check: 1
[2026-07-13T06:45:01+00:00] Categories: [3,5,7]
[2026-07-13T06:45:01+00:00] Fetched deals: 1
[2026-07-13T06:45:01+00:00] Colors: green=0 persisted=61, red=1
[2026-07-13T06:45:03+00:00] Cells updated: 2
[2026-07-13T06:45:03+00:00] === color-links end (2.28s) ===
[2026-07-13T07:00:01+00:00] === color-links start ===
[2026-07-13T07:00:01+00:00] Unique deals in sheet: 2
[2026-07-13T07:00:01+00:00] Already green: 61, to check: 1
[2026-07-13T07:00:01+00:00] Categories: [3,5,7]
[2026-07-13T07:00:02+00:00] Fetched deals: 1
[2026-07-13T07:00:02+00:00] Colors: green=0 persisted=61, red=1
[2026-07-13T07:00:03+00:00] Cells updated: 2
[2026-07-13T07:00:03+00:00] === color-links end (2.21s) ===
[2026-07-13T07:15:01+00:00] === color-links start ===
[2026-07-13T07:15:01+00:00] Unique deals in sheet: 2
[2026-07-13T07:15:01+00:00] Already green: 61, to check: 1
[2026-07-13T07:15:01+00:00] Categories: [3,5,7]
[2026-07-13T07:15:01+00:00] Fetched deals: 1
[2026-07-13T07:15:01+00:00] Colors: green=0 persisted=61, red=1
[2026-07-13T07:15:03+00:00] Cells updated: 2
[2026-07-13T07:15:03+00:00] === color-links end (1.75s) ===
[2026-07-13T07:30:01+00:00] === color-links start ===
[2026-07-13T07:30:01+00:00] Unique deals in sheet: 2
[2026-07-13T07:30:01+00:00] Already green: 61, to check: 1
[2026-07-13T07:30:01+00:00] Categories: [3,5,7]
[2026-07-13T07:30:02+00:00] Fetched deals: 1
[2026-07-13T07:30:02+00:00] Colors: green=0 persisted=61, red=1
[2026-07-13T07:30:03+00:00] Cells updated: 2
[2026-07-13T07:30:03+00:00] === color-links end (1.62s) ===
[2026-07-13T07:45:01+00:00] === color-links start ===
[2026-07-13T07:45:01+00:00] Unique deals in sheet: 2
[2026-07-13T07:45:01+00:00] Already green: 61, to check: 1
[2026-07-13T07:45:02+00:00] Categories: [3,5,7]
[2026-07-13T07:45:02+00:00] Fetched deals: 1
[2026-07-13T07:45:02+00:00] Colors: green=0 persisted=61, red=1
[2026-07-13T07:45:04+00:00] Cells updated: 2
[2026-07-13T07:45:04+00:00] === color-links end (2.31s) ===
[2026-07-13T08:00:01+00:00] === color-links start ===
[2026-07-13T08:00:01+00:00] Unique deals in sheet: 2
[2026-07-13T08:00:01+00:00] Already green: 61, to check: 1
[2026-07-13T08:00:02+00:00] Categories: [3,5,7]
[2026-07-13T08:00:02+00:00] Fetched deals: 1
[2026-07-13T08:00:02+00:00] Colors: green=0 persisted=61, red=1
[2026-07-13T08:00:04+00:00] Cells updated: 2
[2026-07-13T08:00:04+00:00] === color-links end (2.23s) ===
[2026-07-13T08:15:01+00:00] === color-links start ===
[2026-07-13T08:15:01+00:00] Unique deals in sheet: 2
[2026-07-13T08:15:01+00:00] Already green: 61, to check: 1
[2026-07-13T08:15:01+00:00] Categories: [3,5,7]
[2026-07-13T08:15:01+00:00] Fetched deals: 1
[2026-07-13T08:15:01+00:00] Colors: green=0 persisted=61, red=1
[2026-07-13T08:15:02+00:00] Cells updated: 2
[2026-07-13T08:15:02+00:00] === color-links end (1.71s) ===
[2026-07-13T08:30:01+00:00] === color-links start ===
[2026-07-13T08:30:01+00:00] Unique deals in sheet: 2
[2026-07-13T08:30:01+00:00] Already green: 61, to check: 1
[2026-07-13T08:30:01+00:00] Categories: [3,5,7]
[2026-07-13T08:30:02+00:00] Fetched deals: 1
[2026-07-13T08:30:02+00:00] Colors: green=0 persisted=61, red=1
[2026-07-13T08:30:03+00:00] Cells updated: 2
[2026-07-13T08:30:03+00:00] === color-links end (2.21s) ===
[2026-07-13T08:45:01+00:00] === color-links start ===
[2026-07-13T08:45:01+00:00] Unique deals in sheet: 2
[2026-07-13T08:45:01+00:00] Already green: 61, to check: 1
[2026-07-13T08:45:02+00:00] Categories: [3,5,7]
[2026-07-13T08:45:02+00:00] Fetched deals: 1
[2026-07-13T08:45:02+00:00] Colors: green=0 persisted=61, red=1
[2026-07-13T08:45:03+00:00] Cells updated: 2
[2026-07-13T08:45:03+00:00] === color-links end (1.86s) ===
[2026-07-13T09:00:01+00:00] === color-links start ===
[2026-07-13T09:00:01+00:00] Unique deals in sheet: 2
[2026-07-13T09:00:01+00:00] Already green: 61, to check: 1
[2026-07-13T09:00:01+00:00] Categories: [3,5,7]
[2026-07-13T09:00:02+00:00] Fetched deals: 1
[2026-07-13T09:00:02+00:00] Colors: green=0 persisted=61, red=1
[2026-07-13T09:00:03+00:00] Cells updated: 2
[2026-07-13T09:00:03+00:00] === color-links end (1.9s) ===
[2026-07-13T09:15:01+00:00] === color-links start ===
[2026-07-13T09:15:01+00:00] Unique deals in sheet: 2
[2026-07-13T09:15:01+00:00] Already green: 61, to check: 1
[2026-07-13T09:15:01+00:00] Categories: [3,5,7]
[2026-07-13T09:15:01+00:00] Fetched deals: 1
[2026-07-13T09:15:01+00:00] Colors: green=0 persisted=61, red=1
[2026-07-13T09:15:03+00:00] Cells updated: 2
[2026-07-13T09:15:03+00:00] === color-links end (2.09s) ===
[2026-07-13T09:30:01+00:00] === color-links start ===
[2026-07-13T09:30:01+00:00] Unique deals in sheet: 2
[2026-07-13T09:30:01+00:00] Already green: 61, to check: 1
[2026-07-13T09:30:02+00:00] Categories: [3,5,7]
[2026-07-13T09:30:02+00:00] Fetched deals: 1
[2026-07-13T09:30:02+00:00] Colors: green=0 persisted=61, red=1
[2026-07-13T09:30:03+00:00] Cells updated: 2
[2026-07-13T09:30:03+00:00] === color-links end (1.85s) ===
[2026-07-13T09:45:01+00:00] === color-links start ===
[2026-07-13T09:45:01+00:00] Unique deals in sheet: 2
[2026-07-13T09:45:01+00:00] Already green: 61, to check: 1
[2026-07-13T09:45:01+00:00] Categories: [3,5,7]
[2026-07-13T09:45:01+00:00] Fetched deals: 1
[2026-07-13T09:45:01+00:00] Colors: green=0 persisted=61, red=1
[2026-07-13T09:45:03+00:00] Cells updated: 2
[2026-07-13T09:45:03+00:00] === color-links end (2.17s) ===
[2026-07-13T10:00:01+00:00] === color-links start ===
[2026-07-13T10:00:01+00:00] Unique deals in sheet: 2
[2026-07-13T10:00:01+00:00] Already green: 61, to check: 1
[2026-07-13T10:00:01+00:00] Categories: [3,5,7]
[2026-07-13T10:00:01+00:00] Fetched deals: 1
[2026-07-13T10:00:01+00:00] Colors: green=0 persisted=61, red=1
[2026-07-13T10:00:03+00:00] Cells updated: 2
[2026-07-13T10:00:03+00:00] === color-links end (1.69s) ===
[2026-07-13T10:15:01+00:00] === color-links start ===
[2026-07-13T10:15:01+00:00] Unique deals in sheet: 2
[2026-07-13T10:15:01+00:00] Already green: 61, to check: 1
[2026-07-13T10:15:01+00:00] Categories: [3,5,7]
[2026-07-13T10:15:01+00:00] Fetched deals: 1
[2026-07-13T10:15:01+00:00] Colors: green=0 persisted=61, red=1
[2026-07-13T10:15:02+00:00] Cells updated: 2
[2026-07-13T10:15:02+00:00] === color-links end (1.67s) ===
[2026-07-13T10:30:01+00:00] === color-links start ===
[2026-07-13T10:30:01+00:00] Unique deals in sheet: 2
[2026-07-13T10:30:01+00:00] Already green: 61, to check: 1
[2026-07-13T10:30:01+00:00] Categories: [3,5,7]
[2026-07-13T10:30:01+00:00] Fetched deals: 1
[2026-07-13T10:30:01+00:00] Colors: green=0 persisted=61, red=1
[2026-07-13T10:30:03+00:00] Cells updated: 2
[2026-07-13T10:30:03+00:00] === color-links end (1.78s) ===
[2026-07-13T10:45:01+00:00] === color-links start ===
[2026-07-13T10:45:01+00:00] Unique deals in sheet: 2
[2026-07-13T10:45:01+00:00] Already green: 61, to check: 1
[2026-07-13T10:45:01+00:00] Categories: [3,5,7]
[2026-07-13T10:45:01+00:00] Fetched deals: 1
[2026-07-13T10:45:01+00:00] Colors: green=0 persisted=61, red=1
[2026-07-13T10:45:03+00:00] Cells updated: 2
[2026-07-13T10:45:03+00:00] === color-links end (1.76s) ===
[2026-07-13T11:00:01+00:00] === color-links start ===
[2026-07-13T11:00:01+00:00] Unique deals in sheet: 2
[2026-07-13T11:00:01+00:00] Already green: 61, to check: 1
[2026-07-13T11:00:01+00:00] Categories: [3,5,7]
[2026-07-13T11:00:01+00:00] Fetched deals: 1
[2026-07-13T11:00:01+00:00] Colors: green=0 persisted=61, red=1
[2026-07-13T11:00:02+00:00] Cells updated: 2
[2026-07-13T11:00:02+00:00] === color-links end (1.76s) ===
[2026-07-13T11:15:01+00:00] === color-links start ===
[2026-07-13T11:15:01+00:00] Unique deals in sheet: 2
[2026-07-13T11:15:01+00:00] Already green: 61, to check: 1
[2026-07-13T11:15:01+00:00] Categories: [3,5,7]
[2026-07-13T11:15:02+00:00] Fetched deals: 1
[2026-07-13T11:15:02+00:00] Colors: green=0 persisted=61, red=1
[2026-07-13T11:15:03+00:00] Cells updated: 2
[2026-07-13T11:15:03+00:00] === color-links end (1.93s) ===
[2026-07-13T11:30:01+00:00] === color-links start ===
[2026-07-13T11:30:01+00:00] Unique deals in sheet: 2
[2026-07-13T11:30:01+00:00] Already green: 61, to check: 1
[2026-07-13T11:30:01+00:00] Categories: [3,5,7]
[2026-07-13T11:30:01+00:00] Fetched deals: 1
[2026-07-13T11:30:01+00:00] Colors: green=0 persisted=61, red=1
[2026-07-13T11:30:03+00:00] Cells updated: 2
[2026-07-13T11:30:03+00:00] === color-links end (1.65s) ===
[2026-07-13T11:45:01+00:00] === color-links start ===
[2026-07-13T11:45:01+00:00] Unique deals in sheet: 2
[2026-07-13T11:45:01+00:00] Already green: 61, to check: 1
[2026-07-13T11:45:01+00:00] Categories: [3,5,7]
[2026-07-13T11:45:01+00:00] Fetched deals: 1
[2026-07-13T11:45:01+00:00] Colors: green=0 persisted=61, red=1
[2026-07-13T11:45:03+00:00] Cells updated: 2
[2026-07-13T11:45:03+00:00] === color-links end (1.64s) ===
[2026-07-13T12:00:01+00:00] === color-links start ===
[2026-07-13T12:00:01+00:00] Unique deals in sheet: 2
[2026-07-13T12:00:01+00:00] Already green: 61, to check: 1
[2026-07-13T12:00:02+00:00] Categories: [3,5,7]
[2026-07-13T12:00:02+00:00] Fetched deals: 1
[2026-07-13T12:00:02+00:00] Colors: green=0 persisted=61, red=1
[2026-07-13T12:00:03+00:00] Cells updated: 2
[2026-07-13T12:00:03+00:00] === color-links end (2.03s) ===
[2026-07-13T12:15:01+00:00] === color-links start ===
[2026-07-13T12:15:01+00:00] Unique deals in sheet: 2
[2026-07-13T12:15:01+00:00] Already green: 61, to check: 1
[2026-07-13T12:15:01+00:00] Categories: [3,5,7]
[2026-07-13T12:15:01+00:00] Fetched deals: 1
[2026-07-13T12:15:01+00:00] Colors: green=0 persisted=61, red=1
[2026-07-13T12:15:03+00:00] Cells updated: 2
[2026-07-13T12:15:03+00:00] === color-links end (1.95s) ===
[2026-07-13T12:30:01+00:00] === color-links start ===
[2026-07-13T12:30:01+00:00] Unique deals in sheet: 2
[2026-07-13T12:30:01+00:00] Already green: 61, to check: 1
[2026-07-13T12:30:01+00:00] Categories: [3,5,7]
[2026-07-13T12:30:02+00:00] Fetched deals: 1
[2026-07-13T12:30:02+00:00] Colors: green=0 persisted=61, red=1
[2026-07-13T12:30:04+00:00] Cells updated: 2
[2026-07-13T12:30:04+00:00] === color-links end (2.64s) ===
[2026-07-13T12:45:01+00:00] === color-links start ===
[2026-07-13T12:45:01+00:00] Unique deals in sheet: 2
[2026-07-13T12:45:01+00:00] Already green: 61, to check: 1
[2026-07-13T12:45:02+00:00] Categories: [3,5,7]
[2026-07-13T12:45:02+00:00] Fetched deals: 1
[2026-07-13T12:45:02+00:00] Colors: green=0 persisted=61, red=1
[2026-07-13T12:45:04+00:00] Cells updated: 2
[2026-07-13T12:45:04+00:00] === color-links end (2.24s) ===
[2026-07-13T13:00:02+00:00] === color-links start ===
[2026-07-13T13:00:02+00:00] Unique deals in sheet: 2
[2026-07-13T13:00:02+00:00] Already green: 61, to check: 1
[2026-07-13T13:00:02+00:00] Categories: [3,5,7]
[2026-07-13T13:00:03+00:00] Fetched deals: 1
[2026-07-13T13:00:03+00:00] Colors: green=0 persisted=61, red=1
[2026-07-13T13:00:05+00:00] Cells updated: 2
[2026-07-13T13:00:05+00:00] === color-links end (3.01s) ===
[2026-07-13T13:15:01+00:00] === color-links start ===
[2026-07-13T13:15:01+00:00] Unique deals in sheet: 2
[2026-07-13T13:15:01+00:00] Already green: 61, to check: 1
[2026-07-13T13:15:01+00:00] Categories: [3,5,7]
[2026-07-13T13:15:02+00:00] Fetched deals: 1
[2026-07-13T13:15:02+00:00] Colors: green=0 persisted=61, red=1
[2026-07-13T13:15:04+00:00] Cells updated: 2
[2026-07-13T13:15:04+00:00] === color-links end (2.66s) ===
[2026-07-13T13:30:01+00:00] === color-links start ===
[2026-07-13T13:30:01+00:00] Unique deals in sheet: 2
[2026-07-13T13:30:01+00:00] Already green: 61, to check: 1
[2026-07-13T13:30:02+00:00] Categories: [3,5,7]
[2026-07-13T13:30:02+00:00] Fetched deals: 1
[2026-07-13T13:30:02+00:00] Colors: green=0 persisted=61, red=1
[2026-07-13T13:30:04+00:00] Cells updated: 2
[2026-07-13T13:30:04+00:00] === color-links end (2.17s) ===
[2026-07-13T13:45:01+00:00] === color-links start ===
[2026-07-13T13:45:01+00:00] Unique deals in sheet: 2
[2026-07-13T13:45:01+00:00] Already green: 61, to check: 1
[2026-07-13T13:45:03+00:00] Categories: [3,5,7]
[2026-07-13T13:45:03+00:00] Fetched deals: 1
[2026-07-13T13:45:03+00:00] Colors: green=0 persisted=61, red=1
[2026-07-13T13:45:04+00:00] Cells updated: 2
[2026-07-13T13:45:04+00:00] === color-links end (2.82s) ===
[2026-07-13T14:00:01+00:00] === color-links start ===
[2026-07-13T14:00:01+00:00] Unique deals in sheet: 2
[2026-07-13T14:00:01+00:00] Already green: 61, to check: 1
[2026-07-13T14:00:01+00:00] Categories: [3,5,7]
[2026-07-13T14:00:01+00:00] Fetched deals: 1
[2026-07-13T14:00:01+00:00] Colors: green=0 persisted=61, red=1
[2026-07-13T14:00:03+00:00] Cells updated: 2
[2026-07-13T14:00:03+00:00] === color-links end (1.92s) ===
[2026-07-13T14:15:01+00:00] === color-links start ===
[2026-07-13T14:15:01+00:00] Unique deals in sheet: 2
[2026-07-13T14:15:01+00:00] Already green: 61, to check: 1
[2026-07-13T14:15:01+00:00] Categories: [3,5,7]
[2026-07-13T14:15:01+00:00] Fetched deals: 1
[2026-07-13T14:15:01+00:00] Colors: green=0 persisted=61, red=1
[2026-07-13T14:15:03+00:00] Cells updated: 2
[2026-07-13T14:15:03+00:00] === color-links end (2.05s) ===
[2026-07-13T14:30:01+00:00] === color-links start ===
[2026-07-13T14:30:01+00:00] Unique deals in sheet: 2
[2026-07-13T14:30:01+00:00] Already green: 61, to check: 1
[2026-07-13T14:30:01+00:00] Categories: [3,5,7]
[2026-07-13T14:30:02+00:00] Fetched deals: 1
[2026-07-13T14:30:02+00:00] Colors: green=0 persisted=61, red=1
[2026-07-13T14:30:03+00:00] Cells updated: 2
[2026-07-13T14:30:03+00:00] === color-links end (1.83s) ===
[2026-07-13T14:45:01+00:00] === color-links start ===
[2026-07-13T14:45:01+00:00] Unique deals in sheet: 2
[2026-07-13T14:45:01+00:00] Already green: 61, to check: 1
[2026-07-13T14:45:01+00:00] Categories: [3,5,7]
[2026-07-13T14:45:01+00:00] Fetched deals: 1
[2026-07-13T14:45:01+00:00] Colors: green=0 persisted=61, red=1
[2026-07-13T14:45:03+00:00] Cells updated: 2
[2026-07-13T14:45:03+00:00] === color-links end (1.76s) ===
[2026-07-13T15:00:01+00:00] === color-links start ===
[2026-07-13T15:00:01+00:00] Unique deals in sheet: 2
[2026-07-13T15:00:01+00:00] Already green: 61, to check: 1
[2026-07-13T15:00:01+00:00] Categories: [3,5,7]
[2026-07-13T15:00:02+00:00] Fetched deals: 1
[2026-07-13T15:00:02+00:00] Colors: green=0 persisted=61, red=1
[2026-07-13T15:00:03+00:00] Cells updated: 2
[2026-07-13T15:00:03+00:00] === color-links end (1.67s) ===
[2026-07-13T15:15:01+00:00] === color-links start ===
[2026-07-13T15:15:01+00:00] Unique deals in sheet: 2
[2026-07-13T15:15:01+00:00] Already green: 61, to check: 1
[2026-07-13T15:15:01+00:00] Categories: [3,5,7]
[2026-07-13T15:15:02+00:00] Fetched deals: 1
[2026-07-13T15:15:02+00:00] Colors: green=0 persisted=61, red=1
[2026-07-13T15:15:03+00:00] Cells updated: 2
[2026-07-13T15:15:03+00:00] === color-links end (2.01s) ===
[2026-07-13T15:30:02+00:00] === color-links start ===
[2026-07-13T15:30:02+00:00] Unique deals in sheet: 2
[2026-07-13T15:30:02+00:00] Already green: 61, to check: 1
[2026-07-13T15:30:02+00:00] Categories: [3,5,7]
[2026-07-13T15:30:02+00:00] Fetched deals: 1
[2026-07-13T15:30:02+00:00] Colors: green=0 persisted=61, red=1
[2026-07-13T15:30:04+00:00] Cells updated: 2
[2026-07-13T15:30:04+00:00] === color-links end (2.36s) ===
[2026-07-13T15:45:01+00:00] === color-links start ===
[2026-07-13T15:45:01+00:00] Unique deals in sheet: 2
[2026-07-13T15:45:01+00:00] Already green: 61, to check: 1
[2026-07-13T15:45:01+00:00] Categories: [3,5,7]
[2026-07-13T15:45:01+00:00] Fetched deals: 1
[2026-07-13T15:45:01+00:00] Colors: green=0 persisted=61, red=1
[2026-07-13T15:45:03+00:00] Cells updated: 2
[2026-07-13T15:45:03+00:00] === color-links end (2.16s) ===
[2026-07-13T16:00:01+00:00] === color-links start ===
[2026-07-13T16:00:01+00:00] Unique deals in sheet: 2
[2026-07-13T16:00:01+00:00] Already green: 61, to check: 1
[2026-07-13T16:00:01+00:00] Categories: [3,5,7]
[2026-07-13T16:00:01+00:00] Fetched deals: 1
[2026-07-13T16:00:01+00:00] Colors: green=0 persisted=61, red=1
[2026-07-13T16:00:03+00:00] Cells updated: 2
[2026-07-13T16:00:03+00:00] === color-links end (2.04s) ===
[2026-07-13T16:15:01+00:00] === color-links start ===
[2026-07-13T16:15:01+00:00] Unique deals in sheet: 2
[2026-07-13T16:15:01+00:00] Already green: 61, to check: 1
[2026-07-13T16:15:01+00:00] Categories: [3,5,7]
[2026-07-13T16:15:02+00:00] Fetched deals: 1
[2026-07-13T16:15:02+00:00] Colors: green=0 persisted=61, red=1
[2026-07-13T16:15:03+00:00] Cells updated: 2
[2026-07-13T16:15:03+00:00] === color-links end (1.87s) ===
[2026-07-13T16:30:01+00:00] === color-links start ===
[2026-07-13T16:30:01+00:00] Unique deals in sheet: 2
[2026-07-13T16:30:01+00:00] Already green: 61, to check: 1
[2026-07-13T16:30:02+00:00] Categories: [3,5,7]
[2026-07-13T16:30:02+00:00] Fetched deals: 1
[2026-07-13T16:30:02+00:00] Colors: green=0 persisted=61, red=1
[2026-07-13T16:30:04+00:00] Cells updated: 2
[2026-07-13T16:30:04+00:00] === color-links end (2.58s) ===
[2026-07-13T16:45:01+00:00] === color-links start ===
[2026-07-13T16:45:01+00:00] Unique deals in sheet: 2
[2026-07-13T16:45:01+00:00] Already green: 61, to check: 1
[2026-07-13T16:45:01+00:00] Categories: [3,5,7]
[2026-07-13T16:45:01+00:00] Fetched deals: 1
[2026-07-13T16:45:01+00:00] Colors: green=0 persisted=61, red=1
[2026-07-13T16:45:03+00:00] Cells updated: 2
[2026-07-13T16:45:03+00:00] === color-links end (1.64s) ===
[2026-07-13T17:00:01+00:00] === color-links start ===
[2026-07-13T17:00:01+00:00] Unique deals in sheet: 2
[2026-07-13T17:00:01+00:00] Already green: 61, to check: 1
[2026-07-13T17:00:01+00:00] Categories: [3,5,7]
[2026-07-13T17:00:01+00:00] Fetched deals: 1
[2026-07-13T17:00:01+00:00] Colors: green=0 persisted=61, red=1
[2026-07-13T17:00:03+00:00] Cells updated: 2
[2026-07-13T17:00:03+00:00] === color-links end (2.37s) ===
[2026-07-13T17:15:01+00:00] === color-links start ===
[2026-07-13T17:15:01+00:00] Unique deals in sheet: 2
[2026-07-13T17:15:01+00:00] Already green: 61, to check: 1
[2026-07-13T17:15:01+00:00] Categories: [3,5,7]
[2026-07-13T17:15:01+00:00] Fetched deals: 1
[2026-07-13T17:15:01+00:00] Colors: green=0 persisted=61, red=1
[2026-07-13T17:15:02+00:00] Cells updated: 2
[2026-07-13T17:15:02+00:00] === color-links end (1.73s) ===
[2026-07-13T17:30:01+00:00] === color-links start ===
[2026-07-13T17:30:01+00:00] Unique deals in sheet: 2
[2026-07-13T17:30:01+00:00] Already green: 61, to check: 1
[2026-07-13T17:30:01+00:00] Categories: [3,5,7]
[2026-07-13T17:30:02+00:00] Fetched deals: 1
[2026-07-13T17:30:02+00:00] Colors: green=0 persisted=61, red=1
[2026-07-13T17:30:03+00:00] Cells updated: 2
[2026-07-13T17:30:03+00:00] === color-links end (1.9s) ===
[2026-07-13T17:45:01+00:00] === color-links start ===
[2026-07-13T17:45:01+00:00] Unique deals in sheet: 2
[2026-07-13T17:45:01+00:00] Already green: 61, to check: 1
[2026-07-13T17:45:01+00:00] Categories: [3,5,7]
[2026-07-13T17:45:01+00:00] Fetched deals: 1
[2026-07-13T17:45:01+00:00] Colors: green=0 persisted=61, red=1
[2026-07-13T17:45:02+00:00] Cells updated: 2
[2026-07-13T17:45:02+00:00] === color-links end (1.79s) ===
[2026-07-13T18:00:01+00:00] === color-links start ===
[2026-07-13T18:00:01+00:00] Unique deals in sheet: 2
[2026-07-13T18:00:01+00:00] Already green: 61, to check: 1
[2026-07-13T18:00:01+00:00] Categories: [3,5,7]
[2026-07-13T18:00:01+00:00] Fetched deals: 1
[2026-07-13T18:00:01+00:00] Colors: green=0 persisted=61, red=1
[2026-07-13T18:00:03+00:00] Cells updated: 2
[2026-07-13T18:00:03+00:00] === color-links end (2.28s) ===
[2026-07-13T18:15:01+00:00] === color-links start ===
[2026-07-13T18:15:01+00:00] Unique deals in sheet: 2
[2026-07-13T18:15:01+00:00] Already green: 61, to check: 1
[2026-07-13T18:15:01+00:00] Categories: [3,5,7]
[2026-07-13T18:15:01+00:00] Fetched deals: 1
[2026-07-13T18:15:01+00:00] Colors: green=0 persisted=61, red=1
[2026-07-13T18:15:03+00:00] Cells updated: 2
[2026-07-13T18:15:03+00:00] === color-links end (2.14s) ===
[2026-07-13T18:30:01+00:00] === color-links start ===
[2026-07-13T18:30:01+00:00] Unique deals in sheet: 2
[2026-07-13T18:30:01+00:00] Already green: 61, to check: 1
[2026-07-13T18:30:01+00:00] Categories: [3,5,7]
[2026-07-13T18:30:01+00:00] Fetched deals: 1
[2026-07-13T18:30:01+00:00] Colors: green=0 persisted=61, red=1
[2026-07-13T18:30:03+00:00] Cells updated: 2
[2026-07-13T18:30:03+00:00] === color-links end (2.07s) ===
[2026-07-13T18:45:01+00:00] === color-links start ===
[2026-07-13T18:45:01+00:00] Unique deals in sheet: 2
[2026-07-13T18:45:01+00:00] Already green: 61, to check: 1
[2026-07-13T18:45:01+00:00] Categories: [3,5,7]
[2026-07-13T18:45:01+00:00] Fetched deals: 1
[2026-07-13T18:45:01+00:00] Colors: green=0 persisted=61, red=1
[2026-07-13T18:45:03+00:00] Cells updated: 2
[2026-07-13T18:45:03+00:00] === color-links end (1.73s) ===
[2026-07-13T19:00:01+00:00] === color-links start ===
[2026-07-13T19:00:01+00:00] Unique deals in sheet: 2
[2026-07-13T19:00:01+00:00] Already green: 61, to check: 1
[2026-07-13T19:00:01+00:00] Categories: [3,5,7]
[2026-07-13T19:00:01+00:00] Fetched deals: 1
[2026-07-13T19:00:01+00:00] Colors: green=0 persisted=61, red=1
[2026-07-13T19:00:03+00:00] Cells updated: 2
[2026-07-13T19:00:03+00:00] === color-links end (1.78s) ===
[2026-07-13T19:15:01+00:00] === color-links start ===
[2026-07-13T19:15:01+00:00] Unique deals in sheet: 2
[2026-07-13T19:15:01+00:00] Already green: 61, to check: 1
[2026-07-13T19:15:01+00:00] Categories: [3,5,7]
[2026-07-13T19:15:01+00:00] Fetched deals: 1
[2026-07-13T19:15:01+00:00] Colors: green=0 persisted=61, red=1
[2026-07-13T19:15:02+00:00] Cells updated: 2
[2026-07-13T19:15:02+00:00] === color-links end (1.71s) ===
[2026-07-13T19:30:01+00:00] === color-links start ===
[2026-07-13T19:30:01+00:00] Unique deals in sheet: 2
[2026-07-13T19:30:01+00:00] Already green: 61, to check: 1
[2026-07-13T19:30:01+00:00] Categories: [3,5,7]
[2026-07-13T19:30:02+00:00] Fetched deals: 1
[2026-07-13T19:30:02+00:00] Colors: green=0 persisted=61, red=1
[2026-07-13T19:30:03+00:00] Cells updated: 2
[2026-07-13T19:30:03+00:00] === color-links end (1.67s) ===
[2026-07-13T19:45:01+00:00] === color-links start ===
[2026-07-13T19:45:01+00:00] Unique deals in sheet: 2
[2026-07-13T19:45:01+00:00] Already green: 61, to check: 1
[2026-07-13T19:45:01+00:00] Categories: [3,5,7]
[2026-07-13T19:45:02+00:00] Fetched deals: 1
[2026-07-13T19:45:02+00:00] Colors: green=0 persisted=61, red=1
[2026-07-13T19:45:03+00:00] Cells updated: 2
[2026-07-13T19:45:03+00:00] === color-links end (2.33s) ===
[2026-07-13T20:00:01+00:00] === color-links start ===
[2026-07-13T20:00:01+00:00] Unique deals in sheet: 2
[2026-07-13T20:00:01+00:00] Already green: 61, to check: 1
[2026-07-13T20:00:02+00:00] Categories: [3,5,7]
[2026-07-13T20:00:02+00:00] Fetched deals: 1
[2026-07-13T20:00:02+00:00] Colors: green=0 persisted=61, red=1
[2026-07-13T20:00:04+00:00] Cells updated: 2
[2026-07-13T20:00:04+00:00] === color-links end (2.36s) ===
[2026-07-13T20:15:01+00:00] === color-links start ===
[2026-07-13T20:15:01+00:00] Unique deals in sheet: 2
[2026-07-13T20:15:01+00:00] Already green: 61, to check: 1
[2026-07-13T20:15:01+00:00] Categories: [3,5,7]
[2026-07-13T20:15:02+00:00] Fetched deals: 1
[2026-07-13T20:15:02+00:00] Colors: green=0 persisted=61, red=1
[2026-07-13T20:15:03+00:00] Cells updated: 2
[2026-07-13T20:15:03+00:00] === color-links end (1.63s) ===
[2026-07-13T20:30:01+00:00] === color-links start ===
[2026-07-13T20:30:01+00:00] Unique deals in sheet: 2
[2026-07-13T20:30:01+00:00] Already green: 61, to check: 1
[2026-07-13T20:30:02+00:00] Categories: [3,5,7]
[2026-07-13T20:30:02+00:00] Fetched deals: 1
[2026-07-13T20:30:02+00:00] Colors: green=0 persisted=61, red=1
[2026-07-13T20:30:03+00:00] Cells updated: 2
[2026-07-13T20:30:03+00:00] === color-links end (2.07s) ===
[2026-07-13T20:45:01+00:00] === color-links start ===
[2026-07-13T20:45:01+00:00] Unique deals in sheet: 2
[2026-07-13T20:45:01+00:00] Already green: 61, to check: 1
[2026-07-13T20:45:01+00:00] Categories: [3,5,7]
[2026-07-13T20:45:01+00:00] Fetched deals: 1
[2026-07-13T20:45:01+00:00] Colors: green=0 persisted=61, red=1
[2026-07-13T20:45:04+00:00] Cells updated: 2
[2026-07-13T20:45:04+00:00] === color-links end (2.42s) ===
[2026-07-13T21:00:01+00:00] === color-links start ===
[2026-07-13T21:00:01+00:00] Unique deals in sheet: 2
[2026-07-13T21:00:01+00:00] Already green: 61, to check: 1
[2026-07-13T21:00:03+00:00] Categories: [3,5,7]
[2026-07-13T21:00:05+00:00] Fetched deals: 1
[2026-07-13T21:00:05+00:00] Colors: green=0 persisted=61, red=1
[2026-07-13T21:00:07+00:00] Cells updated: 2
[2026-07-13T21:00:07+00:00] === color-links end (6.1s) ===
[2026-07-13T21:15:02+00:00] === color-links start ===
[2026-07-13T21:15:02+00:00] Unique deals in sheet: 2
[2026-07-13T21:15:02+00:00] Already green: 61, to check: 1
[2026-07-13T21:15:02+00:00] Categories: [3,5,7]
[2026-07-13T21:15:02+00:00] Fetched deals: 1
[2026-07-13T21:15:02+00:00] Colors: green=0 persisted=61, red=1
[2026-07-13T21:15:03+00:00] Cells updated: 2
[2026-07-13T21:15:03+00:00] === color-links end (1.71s) ===
[2026-07-13T21:30:01+00:00] === color-links start ===
[2026-07-13T21:30:01+00:00] Unique deals in sheet: 2
[2026-07-13T21:30:01+00:00] Already green: 61, to check: 1
[2026-07-13T21:30:02+00:00] Categories: [3,5,7]
[2026-07-13T21:30:02+00:00] Fetched deals: 1
[2026-07-13T21:30:02+00:00] Colors: green=0 persisted=61, red=1
[2026-07-13T21:30:03+00:00] Cells updated: 2
[2026-07-13T21:30:03+00:00] === color-links end (1.84s) ===
[2026-07-13T21:45:01+00:00] === color-links start ===
[2026-07-13T21:45:02+00:00] Unique deals in sheet: 2
[2026-07-13T21:45:02+00:00] Already green: 61, to check: 1
[2026-07-13T21:45:02+00:00] Categories: [3,5,7]
[2026-07-13T21:45:02+00:00] Fetched deals: 1
[2026-07-13T21:45:02+00:00] Colors: green=0 persisted=61, red=1
[2026-07-13T21:45:03+00:00] Cells updated: 2
[2026-07-13T21:45:03+00:00] === color-links end (1.62s) ===
[2026-07-13T22:00:01+00:00] === color-links start ===
[2026-07-13T22:00:01+00:00] Unique deals in sheet: 2
[2026-07-13T22:00:01+00:00] Already green: 61, to check: 1
[2026-07-13T22:00:01+00:00] Categories: [3,5,7]
[2026-07-13T22:00:02+00:00] Fetched deals: 1
[2026-07-13T22:00:02+00:00] Colors: green=0 persisted=61, red=1
[2026-07-13T22:00:03+00:00] Cells updated: 2
[2026-07-13T22:00:03+00:00] === color-links end (2.13s) ===
[2026-07-13T22:15:01+00:00] === color-links start ===
[2026-07-13T22:15:01+00:00] Unique deals in sheet: 2
[2026-07-13T22:15:01+00:00] Already green: 61, to check: 1
[2026-07-13T22:15:02+00:00] Categories: [3,5,7]
[2026-07-13T22:15:02+00:00] Fetched deals: 1
[2026-07-13T22:15:02+00:00] Colors: green=0 persisted=61, red=1
[2026-07-13T22:15:03+00:00] Cells updated: 2
[2026-07-13T22:15:03+00:00] === color-links end (1.99s) ===
[2026-07-13T22:30:01+00:00] === color-links start ===
[2026-07-13T22:30:01+00:00] Unique deals in sheet: 2
[2026-07-13T22:30:01+00:00] Already green: 61, to check: 1
[2026-07-13T22:30:02+00:00] Categories: [3,5,7]
[2026-07-13T22:30:02+00:00] Fetched deals: 1
[2026-07-13T22:30:02+00:00] Colors: green=0 persisted=61, red=1
[2026-07-13T22:30:04+00:00] Cells updated: 2
[2026-07-13T22:30:04+00:00] === color-links end (2.43s) ===
[2026-07-13T22:45:01+00:00] === color-links start ===
[2026-07-13T22:45:01+00:00] Unique deals in sheet: 2
[2026-07-13T22:45:01+00:00] Already green: 61, to check: 1
[2026-07-13T22:45:01+00:00] Categories: [3,5,7]
[2026-07-13T22:45:01+00:00] Fetched deals: 1
[2026-07-13T22:45:01+00:00] Colors: green=0 persisted=61, red=1
[2026-07-13T22:45:05+00:00] Cells updated: 2
[2026-07-13T22:45:05+00:00] === color-links end (3.84s) ===
[2026-07-13T23:00:01+00:00] === color-links start ===
[2026-07-13T23:00:01+00:00] Unique deals in sheet: 2
[2026-07-13T23:00:01+00:00] Already green: 61, to check: 1
[2026-07-13T23:00:01+00:00] Categories: [3,5,7]
[2026-07-13T23:00:01+00:00] Fetched deals: 1
[2026-07-13T23:00:01+00:00] Colors: green=0 persisted=61, red=1
[2026-07-13T23:00:05+00:00] Cells updated: 2
[2026-07-13T23:00:05+00:00] === color-links end (4.1s) ===
[2026-07-13T23:15:01+00:00] === color-links start ===
[2026-07-13T23:15:01+00:00] Unique deals in sheet: 2
[2026-07-13T23:15:01+00:00] Already green: 61, to check: 1
[2026-07-13T23:15:01+00:00] Categories: [3,5,7]
[2026-07-13T23:15:01+00:00] Fetched deals: 1
[2026-07-13T23:15:01+00:00] Colors: green=0 persisted=61, red=1
[2026-07-13T23:15:04+00:00] Cells updated: 2
[2026-07-13T23:15:04+00:00] === color-links end (3.55s) ===
[2026-07-13T23:30:01+00:00] === color-links start ===
[2026-07-13T23:30:01+00:00] Unique deals in sheet: 2
[2026-07-13T23:30:01+00:00] Already green: 61, to check: 1
[2026-07-13T23:30:01+00:00] Categories: [3,5,7]
[2026-07-13T23:30:01+00:00] Fetched deals: 1
[2026-07-13T23:30:01+00:00] Colors: green=0 persisted=61, red=1
[2026-07-13T23:30:03+00:00] Cells updated: 2
[2026-07-13T23:30:03+00:00] === color-links end (2.58s) ===
[2026-07-13T23:45:01+00:00] === color-links start ===
[2026-07-13T23:45:01+00:00] Unique deals in sheet: 2
[2026-07-13T23:45:01+00:00] Already green: 61, to check: 1
[2026-07-13T23:45:01+00:00] Categories: [3,5,7]
[2026-07-13T23:45:01+00:00] Fetched deals: 1
[2026-07-13T23:45:01+00:00] Colors: green=0 persisted=61, red=1
[2026-07-13T23:45:03+00:00] Cells updated: 2
[2026-07-13T23:45:03+00:00] === color-links end (2.65s) ===
