[2026-07-09T00:00:02+00:00] === color-links start ===
[2026-07-09T00:00:02+00:00] Unique deals in sheet: 2
[2026-07-09T00:00:02+00:00] Already green: 61, to check: 1
[2026-07-09T00:00:02+00:00] Categories: [3,5,7]
[2026-07-09T00:00:02+00:00] Fetched deals: 1
[2026-07-09T00:00:02+00:00] Colors: green=0 persisted=61, red=1
[2026-07-09T00:00:03+00:00] Cells updated: 2
[2026-07-09T00:00:03+00:00] === color-links end (1.69s) ===
[2026-07-09T00:15:01+00:00] === color-links start ===
[2026-07-09T00:15:01+00:00] Unique deals in sheet: 2
[2026-07-09T00:15:01+00:00] Already green: 61, to check: 1
[2026-07-09T00:15:02+00:00] Categories: [3,5,7]
[2026-07-09T00:15:02+00:00] Fetched deals: 1
[2026-07-09T00:15:02+00:00] Colors: green=0 persisted=61, red=1
[2026-07-09T00:15:03+00:00] Cells updated: 2
[2026-07-09T00:15:03+00:00] === color-links end (1.68s) ===
[2026-07-09T00:30:01+00:00] === color-links start ===
[2026-07-09T00:30:01+00:00] Unique deals in sheet: 2
[2026-07-09T00:30:01+00:00] Already green: 61, to check: 1
[2026-07-09T00:30:01+00:00] Categories: [3,5,7]
[2026-07-09T00:30:01+00:00] Fetched deals: 1
[2026-07-09T00:30:01+00:00] Colors: green=0 persisted=61, red=1
[2026-07-09T00:30:03+00:00] Cells updated: 2
[2026-07-09T00:30:03+00:00] === color-links end (2.57s) ===
[2026-07-09T00:45:01+00:00] === color-links start ===
[2026-07-09T00:45:01+00:00] Unique deals in sheet: 2
[2026-07-09T00:45:01+00:00] Already green: 61, to check: 1
[2026-07-09T00:45:02+00:00] Categories: [3,5,7]
[2026-07-09T00:45:02+00:00] Fetched deals: 1
[2026-07-09T00:45:02+00:00] Colors: green=0 persisted=61, red=1
[2026-07-09T00:45:04+00:00] Cells updated: 2
[2026-07-09T00:45:04+00:00] === color-links end (2.05s) ===
[2026-07-09T01:00:01+00:00] === color-links start ===
[2026-07-09T01:00:01+00:00] Unique deals in sheet: 2
[2026-07-09T01:00:01+00:00] Already green: 61, to check: 1
[2026-07-09T01:00:02+00:00] Categories: [3,5,7]
[2026-07-09T01:00:02+00:00] Fetched deals: 1
[2026-07-09T01:00:02+00:00] Colors: green=0 persisted=61, red=1
[2026-07-09T01:00:03+00:00] Cells updated: 2
[2026-07-09T01:00:03+00:00] === color-links end (2.1s) ===
[2026-07-09T01:15:01+00:00] === color-links start ===
[2026-07-09T01:15:01+00:00] Unique deals in sheet: 2
[2026-07-09T01:15:01+00:00] Already green: 61, to check: 1
[2026-07-09T01:15:01+00:00] Categories: [3,5,7]
[2026-07-09T01:15:01+00:00] Fetched deals: 1
[2026-07-09T01:15:01+00:00] Colors: green=0 persisted=61, red=1
[2026-07-09T01:15:03+00:00] Cells updated: 2
[2026-07-09T01:15:03+00:00] === color-links end (1.68s) ===
[2026-07-09T01:30:01+00:00] === color-links start ===
[2026-07-09T01:30:01+00:00] Unique deals in sheet: 2
[2026-07-09T01:30:01+00:00] Already green: 61, to check: 1
[2026-07-09T01:30:01+00:00] Categories: [3,5,7]
[2026-07-09T01:30:01+00:00] Fetched deals: 1
[2026-07-09T01:30:01+00:00] Colors: green=0 persisted=61, red=1
[2026-07-09T01:30:03+00:00] Cells updated: 2
[2026-07-09T01:30:03+00:00] === color-links end (2.82s) ===
[2026-07-09T01:45:01+00:00] === color-links start ===
[2026-07-09T01:45:01+00:00] Unique deals in sheet: 2
[2026-07-09T01:45:01+00:00] Already green: 61, to check: 1
[2026-07-09T01:45:02+00:00] Categories: [3,5,7]
[2026-07-09T01:45:02+00:00] Fetched deals: 1
[2026-07-09T01:45:02+00:00] Colors: green=0 persisted=61, red=1
[2026-07-09T01:45:04+00:00] Cells updated: 2
[2026-07-09T01:45:04+00:00] === color-links end (2.45s) ===
[2026-07-09T02:00:01+00:00] === color-links start ===
[2026-07-09T02:00:01+00:00] Unique deals in sheet: 2
[2026-07-09T02:00:01+00:00] Already green: 61, to check: 1
[2026-07-09T02:00:02+00:00] Categories: [3,5,7]
[2026-07-09T02:00:02+00:00] Fetched deals: 1
[2026-07-09T02:00:02+00:00] Colors: green=0 persisted=61, red=1
[2026-07-09T02:00:03+00:00] Cells updated: 2
[2026-07-09T02:00:03+00:00] === color-links end (1.64s) ===
[2026-07-09T02:15:01+00:00] === color-links start ===
[2026-07-09T02:15:01+00:00] Unique deals in sheet: 2
[2026-07-09T02:15:01+00:00] Already green: 61, to check: 1
[2026-07-09T02:15:01+00:00] Categories: [3,5,7]
[2026-07-09T02:15:01+00:00] Fetched deals: 1
[2026-07-09T02:15:01+00:00] Colors: green=0 persisted=61, red=1
[2026-07-09T02:15:04+00:00] Cells updated: 2
[2026-07-09T02:15:04+00:00] === color-links end (2.89s) ===
[2026-07-09T02:30:01+00:00] === color-links start ===
[2026-07-09T02:30:01+00:00] Unique deals in sheet: 2
[2026-07-09T02:30:01+00:00] Already green: 61, to check: 1
[2026-07-09T02:30:01+00:00] Categories: [3,5,7]
[2026-07-09T02:30:02+00:00] Fetched deals: 1
[2026-07-09T02:30:02+00:00] Colors: green=0 persisted=61, red=1
[2026-07-09T02:30:03+00:00] Cells updated: 2
[2026-07-09T02:30:03+00:00] === color-links end (1.61s) ===
[2026-07-09T02:45:01+00:00] === color-links start ===
[2026-07-09T02:45:01+00:00] Unique deals in sheet: 2
[2026-07-09T02:45:01+00:00] Already green: 61, to check: 1
[2026-07-09T02:45:02+00:00] Categories: [3,5,7]
[2026-07-09T02:45:02+00:00] Fetched deals: 1
[2026-07-09T02:45:02+00:00] Colors: green=0 persisted=61, red=1
[2026-07-09T02:45:04+00:00] Cells updated: 2
[2026-07-09T02:45:04+00:00] === color-links end (2.09s) ===
[2026-07-09T03:00:02+00:00] === color-links start ===
[2026-07-09T03:00:02+00:00] Unique deals in sheet: 2
[2026-07-09T03:00:02+00:00] Already green: 61, to check: 1
[2026-07-09T03:00:02+00:00] Categories: [3,5,7]
[2026-07-09T03:00:02+00:00] Fetched deals: 1
[2026-07-09T03:00:02+00:00] Colors: green=0 persisted=61, red=1
[2026-07-09T03:00:03+00:00] Cells updated: 2
[2026-07-09T03:00:03+00:00] === color-links end (1.87s) ===
[2026-07-09T03:15:01+00:00] === color-links start ===
[2026-07-09T03:15:01+00:00] Unique deals in sheet: 2
[2026-07-09T03:15:01+00:00] Already green: 61, to check: 1
[2026-07-09T03:15:01+00:00] Categories: [3,5,7]
[2026-07-09T03:15:01+00:00] Fetched deals: 1
[2026-07-09T03:15:01+00:00] Colors: green=0 persisted=61, red=1
[2026-07-09T03:15:03+00:00] Cells updated: 2
[2026-07-09T03:15:03+00:00] === color-links end (1.84s) ===
[2026-07-09T03:30:01+00:00] === color-links start ===
[2026-07-09T03:30:01+00:00] Unique deals in sheet: 2
[2026-07-09T03:30:01+00:00] Already green: 61, to check: 1
[2026-07-09T03:30:02+00:00] Categories: [3,5,7]
[2026-07-09T03:30:02+00:00] Fetched deals: 1
[2026-07-09T03:30:02+00:00] Colors: green=0 persisted=61, red=1
[2026-07-09T03:30:03+00:00] Cells updated: 2
[2026-07-09T03:30:03+00:00] === color-links end (1.6s) ===
[2026-07-09T03:45:01+00:00] === color-links start ===
[2026-07-09T03:45:01+00:00] Unique deals in sheet: 2
[2026-07-09T03:45:01+00:00] Already green: 61, to check: 1
[2026-07-09T03:45:01+00:00] Categories: [3,5,7]
[2026-07-09T03:45:01+00:00] Fetched deals: 1
[2026-07-09T03:45:01+00:00] Colors: green=0 persisted=61, red=1
[2026-07-09T03:45:03+00:00] Cells updated: 2
[2026-07-09T03:45:03+00:00] === color-links end (2.08s) ===
[2026-07-09T04:00:01+00:00] === color-links start ===
[2026-07-09T04:00:01+00:00] Unique deals in sheet: 2
[2026-07-09T04:00:01+00:00] Already green: 61, to check: 1
[2026-07-09T04:00:02+00:00] Categories: [3,5,7]
[2026-07-09T04:00:02+00:00] Fetched deals: 1
[2026-07-09T04:00:02+00:00] Colors: green=0 persisted=61, red=1
[2026-07-09T04:00:03+00:00] Cells updated: 2
[2026-07-09T04:00:03+00:00] === color-links end (2.08s) ===
[2026-07-09T04:15:01+00:00] === color-links start ===
[2026-07-09T04:15:01+00:00] Unique deals in sheet: 2
[2026-07-09T04:15:01+00:00] Already green: 61, to check: 1
[2026-07-09T04:15:02+00:00] Categories: [3,5,7]
[2026-07-09T04:15:02+00:00] Fetched deals: 1
[2026-07-09T04:15:02+00:00] Colors: green=0 persisted=61, red=1
[2026-07-09T04:15:03+00:00] Cells updated: 2
[2026-07-09T04:15:03+00:00] === color-links end (1.84s) ===
[2026-07-09T04:30:01+00:00] === color-links start ===
[2026-07-09T04:30:01+00:00] Unique deals in sheet: 2
[2026-07-09T04:30:01+00:00] Already green: 61, to check: 1
[2026-07-09T04:30:01+00:00] Categories: [3,5,7]
[2026-07-09T04:30:02+00:00] Fetched deals: 1
[2026-07-09T04:30:02+00:00] Colors: green=0 persisted=61, red=1
[2026-07-09T04:30:03+00:00] Cells updated: 2
[2026-07-09T04:30:03+00:00] === color-links end (2.19s) ===
[2026-07-09T04:45:01+00:00] === color-links start ===
[2026-07-09T04:45:01+00:00] Unique deals in sheet: 2
[2026-07-09T04:45:01+00:00] Already green: 61, to check: 1
[2026-07-09T04:45:01+00:00] Categories: [3,5,7]
[2026-07-09T04:45:01+00:00] Fetched deals: 1
[2026-07-09T04:45:01+00:00] Colors: green=0 persisted=61, red=1
[2026-07-09T04:45:03+00:00] Cells updated: 2
[2026-07-09T04:45:03+00:00] === color-links end (2.12s) ===
[2026-07-09T05:00:01+00:00] === color-links start ===
[2026-07-09T05:00:01+00:00] Unique deals in sheet: 2
[2026-07-09T05:00:01+00:00] Already green: 61, to check: 1
[2026-07-09T05:00:01+00:00] Categories: [3,5,7]
[2026-07-09T05:00:02+00:00] Fetched deals: 1
[2026-07-09T05:00:02+00:00] Colors: green=0 persisted=61, red=1
[2026-07-09T05:00:03+00:00] Cells updated: 2
[2026-07-09T05:00:03+00:00] === color-links end (2.15s) ===
[2026-07-09T05:15:01+00:00] === color-links start ===
[2026-07-09T05:15:01+00:00] Unique deals in sheet: 2
[2026-07-09T05:15:01+00:00] Already green: 61, to check: 1
[2026-07-09T05:15:01+00:00] Categories: [3,5,7]
[2026-07-09T05:15:02+00:00] Fetched deals: 1
[2026-07-09T05:15:02+00:00] Colors: green=0 persisted=61, red=1
[2026-07-09T05:15:04+00:00] Cells updated: 2
[2026-07-09T05:15:04+00:00] === color-links end (2.88s) ===
[2026-07-09T05:30:01+00:00] === color-links start ===
[2026-07-09T05:30:01+00:00] Unique deals in sheet: 2
[2026-07-09T05:30:01+00:00] Already green: 61, to check: 1
[2026-07-09T05:30:01+00:00] Categories: [3,5,7]
[2026-07-09T05:30:02+00:00] Fetched deals: 1
[2026-07-09T05:30:02+00:00] Colors: green=0 persisted=61, red=1
[2026-07-09T05:30:03+00:00] Cells updated: 2
[2026-07-09T05:30:03+00:00] === color-links end (2.03s) ===
[2026-07-09T05:45:01+00:00] === color-links start ===
[2026-07-09T05:45:01+00:00] Unique deals in sheet: 2
[2026-07-09T05:45:01+00:00] Already green: 61, to check: 1
[2026-07-09T05:45:01+00:00] Categories: [3,5,7]
[2026-07-09T05:45:01+00:00] Fetched deals: 1
[2026-07-09T05:45:01+00:00] Colors: green=0 persisted=61, red=1
[2026-07-09T05:45:03+00:00] Cells updated: 2
[2026-07-09T05:45:03+00:00] === color-links end (2.13s) ===
[2026-07-09T06:00:01+00:00] === color-links start ===
[2026-07-09T06:00:01+00:00] Unique deals in sheet: 2
[2026-07-09T06:00:01+00:00] Already green: 61, to check: 1
[2026-07-09T06:00:01+00:00] Categories: [3,5,7]
[2026-07-09T06:00:03+00:00] Fetched deals: 1
[2026-07-09T06:00:03+00:00] Colors: green=0 persisted=61, red=1
[2026-07-09T06:00:04+00:00] Cells updated: 2
[2026-07-09T06:00:04+00:00] === color-links end (3.07s) ===
[2026-07-09T06:15:01+00:00] === color-links start ===
[2026-07-09T06:15:01+00:00] Unique deals in sheet: 2
[2026-07-09T06:15:01+00:00] Already green: 61, to check: 1
[2026-07-09T06:15:01+00:00] Categories: [3,5,7]
[2026-07-09T06:15:01+00:00] Fetched deals: 1
[2026-07-09T06:15:01+00:00] Colors: green=0 persisted=61, red=1
[2026-07-09T06:15:04+00:00] Cells updated: 2
[2026-07-09T06:15:04+00:00] === color-links end (3.21s) ===
[2026-07-09T06:30:01+00:00] === color-links start ===
[2026-07-09T06:30:01+00:00] Unique deals in sheet: 2
[2026-07-09T06:30:01+00:00] Already green: 61, to check: 1
[2026-07-09T06:30:01+00:00] Categories: [3,5,7]
[2026-07-09T06:30:01+00:00] Fetched deals: 1
[2026-07-09T06:30:01+00:00] Colors: green=0 persisted=61, red=1
[2026-07-09T06:30:03+00:00] Cells updated: 2
[2026-07-09T06:30:03+00:00] === color-links end (1.67s) ===
[2026-07-09T06:45:01+00:00] === color-links start ===
[2026-07-09T06:45:01+00:00] Unique deals in sheet: 2
[2026-07-09T06:45:01+00:00] Already green: 61, to check: 1
[2026-07-09T06:45:01+00:00] Categories: [3,5,7]
[2026-07-09T06:45:01+00:00] Fetched deals: 1
[2026-07-09T06:45:01+00:00] Colors: green=0 persisted=61, red=1
[2026-07-09T06:45:02+00:00] Cells updated: 2
[2026-07-09T06:45:02+00:00] === color-links end (1.72s) ===
[2026-07-09T07:00:01+00:00] === color-links start ===
[2026-07-09T07:00:01+00:00] Unique deals in sheet: 2
[2026-07-09T07:00:01+00:00] Already green: 61, to check: 1
[2026-07-09T07:00:02+00:00] Categories: [3,5,7]
[2026-07-09T07:00:03+00:00] Fetched deals: 1
[2026-07-09T07:00:03+00:00] Colors: green=0 persisted=61, red=1
[2026-07-09T07:00:05+00:00] Cells updated: 2
[2026-07-09T07:00:05+00:00] === color-links end (3.53s) ===
[2026-07-09T07:15:01+00:00] === color-links start ===
[2026-07-09T07:15:01+00:00] Unique deals in sheet: 2
[2026-07-09T07:15:01+00:00] Already green: 61, to check: 1
[2026-07-09T07:15:01+00:00] Categories: [3,5,7]
[2026-07-09T07:15:02+00:00] Fetched deals: 1
[2026-07-09T07:15:02+00:00] Colors: green=0 persisted=61, red=1
[2026-07-09T07:15:03+00:00] Cells updated: 2
[2026-07-09T07:15:03+00:00] === color-links end (2s) ===
[2026-07-09T07:30:01+00:00] === color-links start ===
[2026-07-09T07:30:01+00:00] Unique deals in sheet: 2
[2026-07-09T07:30:01+00:00] Already green: 61, to check: 1
[2026-07-09T07:30:02+00:00] Categories: [3,5,7]
[2026-07-09T07:30:02+00:00] Fetched deals: 1
[2026-07-09T07:30:02+00:00] Colors: green=0 persisted=61, red=1
[2026-07-09T07:30:04+00:00] Cells updated: 2
[2026-07-09T07:30:04+00:00] === color-links end (2.64s) ===
[2026-07-09T07:45:01+00:00] === color-links start ===
[2026-07-09T07:45:01+00:00] Unique deals in sheet: 2
[2026-07-09T07:45:01+00:00] Already green: 61, to check: 1
[2026-07-09T07:45:02+00:00] Categories: [3,5,7]
[2026-07-09T07:45:02+00:00] Fetched deals: 1
[2026-07-09T07:45:02+00:00] Colors: green=0 persisted=61, red=1
[2026-07-09T07:45:04+00:00] Cells updated: 2
[2026-07-09T07:45:04+00:00] === color-links end (2.49s) ===
[2026-07-09T08:00:01+00:00] === color-links start ===
[2026-07-09T08:00:01+00:00] Unique deals in sheet: 2
[2026-07-09T08:00:01+00:00] Already green: 61, to check: 1
[2026-07-09T08:00:01+00:00] Categories: [3,5,7]
[2026-07-09T08:00:01+00:00] Fetched deals: 1
[2026-07-09T08:00:01+00:00] Colors: green=0 persisted=61, red=1
[2026-07-09T08:00:03+00:00] Cells updated: 2
[2026-07-09T08:00:03+00:00] === color-links end (1.89s) ===
[2026-07-09T08:15:01+00:00] === color-links start ===
[2026-07-09T08:15:01+00:00] Unique deals in sheet: 2
[2026-07-09T08:15:01+00:00] Already green: 61, to check: 1
[2026-07-09T08:15:01+00:00] Categories: [3,5,7]
[2026-07-09T08:15:01+00:00] Fetched deals: 1
[2026-07-09T08:15:01+00:00] Colors: green=0 persisted=61, red=1
[2026-07-09T08:15:02+00:00] Cells updated: 2
[2026-07-09T08:15:02+00:00] === color-links end (1.7s) ===
[2026-07-09T08:30:01+00:00] === color-links start ===
[2026-07-09T08:30:01+00:00] Unique deals in sheet: 2
[2026-07-09T08:30:01+00:00] Already green: 61, to check: 1
[2026-07-09T08:30:01+00:00] Categories: [3,5,7]
[2026-07-09T08:30:01+00:00] Fetched deals: 1
[2026-07-09T08:30:01+00:00] Colors: green=0 persisted=61, red=1
[2026-07-09T08:30:02+00:00] Cells updated: 2
[2026-07-09T08:30:02+00:00] === color-links end (1.77s) ===
[2026-07-09T08:45:01+00:00] === color-links start ===
[2026-07-09T08:45:01+00:00] Unique deals in sheet: 2
[2026-07-09T08:45:01+00:00] Already green: 61, to check: 1
[2026-07-09T08:45:01+00:00] Categories: [3,5,7]
[2026-07-09T08:45:01+00:00] Fetched deals: 1
[2026-07-09T08:45:01+00:00] Colors: green=0 persisted=61, red=1
[2026-07-09T08:45:03+00:00] Cells updated: 2
[2026-07-09T08:45:03+00:00] === color-links end (2.26s) ===
[2026-07-09T09:00:01+00:00] === color-links start ===
[2026-07-09T09:00:01+00:00] Unique deals in sheet: 2
[2026-07-09T09:00:01+00:00] Already green: 61, to check: 1
[2026-07-09T09:00:02+00:00] Categories: [3,5,7]
[2026-07-09T09:00:03+00:00] Fetched deals: 1
[2026-07-09T09:00:03+00:00] Colors: green=0 persisted=61, red=1
[2026-07-09T09:00:05+00:00] Cells updated: 2
[2026-07-09T09:00:05+00:00] === color-links end (3.65s) ===
[2026-07-09T09:15:01+00:00] === color-links start ===
[2026-07-09T09:15:01+00:00] Unique deals in sheet: 2
[2026-07-09T09:15:01+00:00] Already green: 61, to check: 1
[2026-07-09T09:15:01+00:00] Categories: [3,5,7]
[2026-07-09T09:15:01+00:00] Fetched deals: 1
[2026-07-09T09:15:01+00:00] Colors: green=0 persisted=61, red=1
[2026-07-09T09:15:02+00:00] Cells updated: 2
[2026-07-09T09:15:02+00:00] === color-links end (1.74s) ===
[2026-07-09T09:30:01+00:00] === color-links start ===
[2026-07-09T09:30:01+00:00] Unique deals in sheet: 2
[2026-07-09T09:30:01+00:00] Already green: 61, to check: 1
[2026-07-09T09:30:01+00:00] Categories: [3,5,7]
[2026-07-09T09:30:01+00:00] Fetched deals: 1
[2026-07-09T09:30:01+00:00] Colors: green=0 persisted=61, red=1
[2026-07-09T09:30:03+00:00] Cells updated: 2
[2026-07-09T09:30:03+00:00] === color-links end (1.94s) ===
[2026-07-09T09:45:01+00:00] === color-links start ===
[2026-07-09T09:45:01+00:00] Unique deals in sheet: 2
[2026-07-09T09:45:01+00:00] Already green: 61, to check: 1
[2026-07-09T09:45:01+00:00] Categories: [3,5,7]
[2026-07-09T09:45:01+00:00] Fetched deals: 1
[2026-07-09T09:45:01+00:00] Colors: green=0 persisted=61, red=1
[2026-07-09T09:45:03+00:00] Cells updated: 2
[2026-07-09T09:45:03+00:00] === color-links end (1.71s) ===
[2026-07-09T10:00:01+00:00] === color-links start ===
[2026-07-09T10:00:01+00:00] Unique deals in sheet: 2
[2026-07-09T10:00:01+00:00] Already green: 61, to check: 1
[2026-07-09T10:00:02+00:00] Categories: [3,5,7]
[2026-07-09T10:00:03+00:00] Fetched deals: 1
[2026-07-09T10:00:03+00:00] Colors: green=0 persisted=61, red=1
[2026-07-09T10:00:05+00:00] Cells updated: 2
[2026-07-09T10:00:05+00:00] === color-links end (3.57s) ===
[2026-07-09T10:15:01+00:00] === color-links start ===
[2026-07-09T10:15:01+00:00] Unique deals in sheet: 2
[2026-07-09T10:15:01+00:00] Already green: 61, to check: 1
[2026-07-09T10:15:01+00:00] Categories: [3,5,7]
[2026-07-09T10:15:01+00:00] Fetched deals: 1
[2026-07-09T10:15:01+00:00] Colors: green=0 persisted=61, red=1
[2026-07-09T10:15:03+00:00] Cells updated: 2
[2026-07-09T10:15:03+00:00] === color-links end (1.77s) ===
[2026-07-09T10:30:01+00:00] === color-links start ===
[2026-07-09T10:30:01+00:00] Unique deals in sheet: 2
[2026-07-09T10:30:01+00:00] Already green: 61, to check: 1
[2026-07-09T10:30:01+00:00] Categories: [3,5,7]
[2026-07-09T10:30:01+00:00] Fetched deals: 1
[2026-07-09T10:30:01+00:00] Colors: green=0 persisted=61, red=1
[2026-07-09T10:30:03+00:00] Cells updated: 2
[2026-07-09T10:30:03+00:00] === color-links end (2.02s) ===
[2026-07-09T10:45:01+00:00] === color-links start ===
[2026-07-09T10:45:01+00:00] Unique deals in sheet: 2
[2026-07-09T10:45:01+00:00] Already green: 61, to check: 1
[2026-07-09T10:45:02+00:00] Categories: [3,5,7]
[2026-07-09T10:45:02+00:00] Fetched deals: 1
[2026-07-09T10:45:02+00:00] Colors: green=0 persisted=61, red=1
[2026-07-09T10:45:03+00:00] Cells updated: 2
[2026-07-09T10:45:03+00:00] === color-links end (1.71s) ===
[2026-07-09T11:00:01+00:00] === color-links start ===
[2026-07-09T11:00:01+00:00] Unique deals in sheet: 2
[2026-07-09T11:00:01+00:00] Already green: 61, to check: 1
[2026-07-09T11:00:01+00:00] Categories: [3,5,7]
[2026-07-09T11:00:01+00:00] Fetched deals: 1
[2026-07-09T11:00:01+00:00] Colors: green=0 persisted=61, red=1
[2026-07-09T11:00:02+00:00] Cells updated: 2
[2026-07-09T11:00:02+00:00] === color-links end (1.91s) ===
[2026-07-09T11:15:01+00:00] === color-links start ===
[2026-07-09T11:15:01+00:00] Unique deals in sheet: 2
[2026-07-09T11:15:01+00:00] Already green: 61, to check: 1
[2026-07-09T11:15:02+00:00] Categories: [3,5,7]
[2026-07-09T11:15:02+00:00] Fetched deals: 1
[2026-07-09T11:15:02+00:00] Colors: green=0 persisted=61, red=1
[2026-07-09T11:15:03+00:00] Cells updated: 2
[2026-07-09T11:15:03+00:00] === color-links end (1.87s) ===
[2026-07-09T11:30:01+00:00] === color-links start ===
[2026-07-09T11:30:01+00:00] Unique deals in sheet: 2
[2026-07-09T11:30:01+00:00] Already green: 61, to check: 1
[2026-07-09T11:30:01+00:00] Categories: [3,5,7]
[2026-07-09T11:30:01+00:00] Fetched deals: 1
[2026-07-09T11:30:01+00:00] Colors: green=0 persisted=61, red=1
[2026-07-09T11:30:03+00:00] Cells updated: 2
[2026-07-09T11:30:03+00:00] === color-links end (1.96s) ===
[2026-07-09T11:45:01+00:00] === color-links start ===
[2026-07-09T11:45:01+00:00] Unique deals in sheet: 2
[2026-07-09T11:45:01+00:00] Already green: 61, to check: 1
[2026-07-09T11:45:02+00:00] Categories: [3,5,7]
[2026-07-09T11:45:02+00:00] Fetched deals: 1
[2026-07-09T11:45:02+00:00] Colors: green=0 persisted=61, red=1
[2026-07-09T11:45:03+00:00] Cells updated: 2
[2026-07-09T11:45:03+00:00] === color-links end (1.78s) ===
[2026-07-09T12:00:01+00:00] === color-links start ===
[2026-07-09T12:00:01+00:00] Unique deals in sheet: 2
[2026-07-09T12:00:01+00:00] Already green: 61, to check: 1
[2026-07-09T12:00:01+00:00] Categories: [3,5,7]
[2026-07-09T12:00:01+00:00] Fetched deals: 1
[2026-07-09T12:00:01+00:00] Colors: green=0 persisted=61, red=1
[2026-07-09T12:00:03+00:00] Cells updated: 2
[2026-07-09T12:00:03+00:00] === color-links end (1.94s) ===
[2026-07-09T12:15:01+00:00] === color-links start ===
[2026-07-09T12:15:01+00:00] Unique deals in sheet: 2
[2026-07-09T12:15:01+00:00] Already green: 61, to check: 1
[2026-07-09T12:15:01+00:00] Categories: [3,5,7]
[2026-07-09T12:15:02+00:00] Fetched deals: 1
[2026-07-09T12:15:02+00:00] Colors: green=0 persisted=61, red=1
[2026-07-09T12:15:04+00:00] Cells updated: 2
[2026-07-09T12:15:04+00:00] === color-links end (3.01s) ===
[2026-07-09T12:30:01+00:00] === color-links start ===
[2026-07-09T12:30:01+00:00] Unique deals in sheet: 2
[2026-07-09T12:30:01+00:00] Already green: 61, to check: 1
[2026-07-09T12:30:02+00:00] Categories: [3,5,7]
[2026-07-09T12:30:02+00:00] Fetched deals: 1
[2026-07-09T12:30:02+00:00] Colors: green=0 persisted=61, red=1
[2026-07-09T12:30:04+00:00] Cells updated: 2
[2026-07-09T12:30:04+00:00] === color-links end (2.67s) ===
[2026-07-09T12:45:01+00:00] === color-links start ===
[2026-07-09T12:45:01+00:00] Unique deals in sheet: 2
[2026-07-09T12:45:01+00:00] Already green: 61, to check: 1
[2026-07-09T12:45:01+00:00] Categories: [3,5,7]
[2026-07-09T12:45:02+00:00] Fetched deals: 1
[2026-07-09T12:45:02+00:00] Colors: green=0 persisted=61, red=1
[2026-07-09T12:45:03+00:00] Cells updated: 2
[2026-07-09T12:45:03+00:00] === color-links end (1.94s) ===
[2026-07-09T13:00:01+00:00] === color-links start ===
[2026-07-09T13:00:01+00:00] Unique deals in sheet: 2
[2026-07-09T13:00:01+00:00] Already green: 61, to check: 1
[2026-07-09T13:00:02+00:00] Categories: [3,5,7]
[2026-07-09T13:00:02+00:00] Fetched deals: 1
[2026-07-09T13:00:02+00:00] Colors: green=0 persisted=61, red=1
[2026-07-09T13:00:03+00:00] Cells updated: 2
[2026-07-09T13:00:03+00:00] === color-links end (2s) ===
[2026-07-09T13:15:02+00:00] === color-links start ===
[2026-07-09T13:15:02+00:00] Unique deals in sheet: 2
[2026-07-09T13:15:02+00:00] Already green: 61, to check: 1
[2026-07-09T13:15:02+00:00] Categories: [3,5,7]
[2026-07-09T13:15:02+00:00] Fetched deals: 1
[2026-07-09T13:15:02+00:00] Colors: green=0 persisted=61, red=1
[2026-07-09T13:15:03+00:00] Cells updated: 2
[2026-07-09T13:15:03+00:00] === color-links end (1.86s) ===
[2026-07-09T13:30:01+00:00] === color-links start ===
[2026-07-09T13:30:01+00:00] Unique deals in sheet: 2
[2026-07-09T13:30:01+00:00] Already green: 61, to check: 1
[2026-07-09T13:30:02+00:00] Categories: [3,5,7]
[2026-07-09T13:30:02+00:00] Fetched deals: 1
[2026-07-09T13:30:02+00:00] Colors: green=0 persisted=61, red=1
[2026-07-09T13:30:03+00:00] Cells updated: 2
[2026-07-09T13:30:03+00:00] === color-links end (2s) ===
[2026-07-09T13:45:01+00:00] === color-links start ===
[2026-07-09T13:45:01+00:00] Unique deals in sheet: 2
[2026-07-09T13:45:01+00:00] Already green: 61, to check: 1
[2026-07-09T13:45:01+00:00] Categories: [3,5,7]
[2026-07-09T13:45:01+00:00] Fetched deals: 1
[2026-07-09T13:45:01+00:00] Colors: green=0 persisted=61, red=1
[2026-07-09T13:45:02+00:00] Cells updated: 2
[2026-07-09T13:45:02+00:00] === color-links end (1.68s) ===
[2026-07-09T14:00:01+00:00] === color-links start ===
[2026-07-09T14:00:01+00:00] Unique deals in sheet: 2
[2026-07-09T14:00:01+00:00] Already green: 61, to check: 1
[2026-07-09T14:00:01+00:00] Categories: [3,5,7]
[2026-07-09T14:00:01+00:00] Fetched deals: 1
[2026-07-09T14:00:01+00:00] Colors: green=0 persisted=61, red=1
[2026-07-09T14:00:03+00:00] Cells updated: 2
[2026-07-09T14:00:03+00:00] === color-links end (1.89s) ===
[2026-07-09T14:15:01+00:00] === color-links start ===
[2026-07-09T14:15:01+00:00] Unique deals in sheet: 2
[2026-07-09T14:15:01+00:00] Already green: 61, to check: 1
[2026-07-09T14:15:01+00:00] Categories: [3,5,7]
[2026-07-09T14:15:01+00:00] Fetched deals: 1
[2026-07-09T14:15:01+00:00] Colors: green=0 persisted=61, red=1
[2026-07-09T14:15:02+00:00] Cells updated: 2
[2026-07-09T14:15:02+00:00] === color-links end (1.68s) ===
[2026-07-09T14:30:01+00:00] === color-links start ===
[2026-07-09T14:30:01+00:00] Unique deals in sheet: 2
[2026-07-09T14:30:01+00:00] Already green: 61, to check: 1
[2026-07-09T14:30:01+00:00] Categories: [3,5,7]
[2026-07-09T14:30:01+00:00] Fetched deals: 1
[2026-07-09T14:30:01+00:00] Colors: green=0 persisted=61, red=1
[2026-07-09T14:30:03+00:00] Cells updated: 2
[2026-07-09T14:30:03+00:00] === color-links end (1.96s) ===
[2026-07-09T14:45:01+00:00] === color-links start ===
[2026-07-09T14:45:01+00:00] Unique deals in sheet: 2
[2026-07-09T14:45:01+00:00] Already green: 61, to check: 1
[2026-07-09T14:45:01+00:00] Categories: [3,5,7]
[2026-07-09T14:45:02+00:00] Fetched deals: 1
[2026-07-09T14:45:02+00:00] Colors: green=0 persisted=61, red=1
[2026-07-09T14:45:03+00:00] Cells updated: 2
[2026-07-09T14:45:03+00:00] === color-links end (2.12s) ===
[2026-07-09T15:00:01+00:00] === color-links start ===
[2026-07-09T15:00:01+00:00] Unique deals in sheet: 2
[2026-07-09T15:00:01+00:00] Already green: 61, to check: 1
[2026-07-09T15:00:01+00:00] Categories: [3,5,7]
[2026-07-09T15:00:01+00:00] Fetched deals: 1
[2026-07-09T15:00:01+00:00] Colors: green=0 persisted=61, red=1
[2026-07-09T15:00:03+00:00] Cells updated: 2
[2026-07-09T15:00:03+00:00] === color-links end (2.09s) ===
[2026-07-09T15:15:01+00:00] === color-links start ===
[2026-07-09T15:15:01+00:00] Unique deals in sheet: 2
[2026-07-09T15:15:01+00:00] Already green: 61, to check: 1
[2026-07-09T15:15:01+00:00] Categories: [3,5,7]
[2026-07-09T15:15:02+00:00] Fetched deals: 1
[2026-07-09T15:15:02+00:00] Colors: green=0 persisted=61, red=1
[2026-07-09T15:15:03+00:00] Cells updated: 2
[2026-07-09T15:15:03+00:00] === color-links end (2.06s) ===
[2026-07-09T15:30:01+00:00] === color-links start ===
[2026-07-09T15:30:01+00:00] Unique deals in sheet: 2
[2026-07-09T15:30:01+00:00] Already green: 61, to check: 1
[2026-07-09T15:30:01+00:00] Categories: [3,5,7]
[2026-07-09T15:30:02+00:00] Fetched deals: 1
[2026-07-09T15:30:02+00:00] Colors: green=0 persisted=61, red=1
[2026-07-09T15:30:03+00:00] Cells updated: 2
[2026-07-09T15:30:03+00:00] === color-links end (1.94s) ===
[2026-07-09T15:45:01+00:00] === color-links start ===
[2026-07-09T15:45:01+00:00] Unique deals in sheet: 2
[2026-07-09T15:45:01+00:00] Already green: 61, to check: 1
[2026-07-09T15:45:01+00:00] Categories: [3,5,7]
[2026-07-09T15:45:02+00:00] Fetched deals: 1
[2026-07-09T15:45:02+00:00] Colors: green=0 persisted=61, red=1
[2026-07-09T15:45:03+00:00] Cells updated: 2
[2026-07-09T15:45:03+00:00] === color-links end (1.94s) ===
[2026-07-09T16:00:01+00:00] === color-links start ===
[2026-07-09T16:00:01+00:00] Unique deals in sheet: 2
[2026-07-09T16:00:01+00:00] Already green: 61, to check: 1
[2026-07-09T16:00:01+00:00] Categories: [3,5,7]
[2026-07-09T16:00:01+00:00] Fetched deals: 1
[2026-07-09T16:00:01+00:00] Colors: green=0 persisted=61, red=1
[2026-07-09T16:00:03+00:00] Cells updated: 2
[2026-07-09T16:00:03+00:00] === color-links end (2.01s) ===
[2026-07-09T16:15:01+00:00] === color-links start ===
[2026-07-09T16:15:01+00:00] Unique deals in sheet: 2
[2026-07-09T16:15:01+00:00] Already green: 61, to check: 1
[2026-07-09T16:15:02+00:00] Categories: [3,5,7]
[2026-07-09T16:15:02+00:00] Fetched deals: 1
[2026-07-09T16:15:02+00:00] Colors: green=0 persisted=61, red=1
[2026-07-09T16:15:03+00:00] Cells updated: 2
[2026-07-09T16:15:03+00:00] === color-links end (1.66s) ===
[2026-07-09T16:30:01+00:00] === color-links start ===
[2026-07-09T16:30:01+00:00] Unique deals in sheet: 2
[2026-07-09T16:30:01+00:00] Already green: 61, to check: 1
[2026-07-09T16:30:02+00:00] Categories: [3,5,7]
[2026-07-09T16:30:02+00:00] Fetched deals: 1
[2026-07-09T16:30:02+00:00] Colors: green=0 persisted=61, red=1
[2026-07-09T16:30:03+00:00] Cells updated: 2
[2026-07-09T16:30:03+00:00] === color-links end (1.71s) ===
[2026-07-09T16:45:01+00:00] === color-links start ===
[2026-07-09T16:45:01+00:00] Unique deals in sheet: 2
[2026-07-09T16:45:01+00:00] Already green: 61, to check: 1
[2026-07-09T16:45:01+00:00] Categories: [3,5,7]
[2026-07-09T16:45:01+00:00] Fetched deals: 1
[2026-07-09T16:45:01+00:00] Colors: green=0 persisted=61, red=1
[2026-07-09T16:45:03+00:00] Cells updated: 2
[2026-07-09T16:45:03+00:00] === color-links end (2.04s) ===
[2026-07-09T17:00:01+00:00] === color-links start ===
[2026-07-09T17:00:01+00:00] Unique deals in sheet: 2
[2026-07-09T17:00:01+00:00] Already green: 61, to check: 1
[2026-07-09T17:00:01+00:00] Categories: [3,5,7]
[2026-07-09T17:00:02+00:00] Fetched deals: 1
[2026-07-09T17:00:02+00:00] Colors: green=0 persisted=61, red=1
[2026-07-09T17:00:03+00:00] Cells updated: 2
[2026-07-09T17:00:03+00:00] === color-links end (2.12s) ===
[2026-07-09T17:15:01+00:00] === color-links start ===
[2026-07-09T17:15:01+00:00] Unique deals in sheet: 2
[2026-07-09T17:15:01+00:00] Already green: 61, to check: 1
[2026-07-09T17:15:01+00:00] Categories: [3,5,7]
[2026-07-09T17:15:01+00:00] Fetched deals: 1
[2026-07-09T17:15:01+00:00] Colors: green=0 persisted=61, red=1
[2026-07-09T17:15:03+00:00] Cells updated: 2
[2026-07-09T17:15:03+00:00] === color-links end (2.05s) ===
[2026-07-09T17:30:01+00:00] === color-links start ===
[2026-07-09T17:30:01+00:00] Unique deals in sheet: 2
[2026-07-09T17:30:01+00:00] Already green: 61, to check: 1
[2026-07-09T17:30:01+00:00] Categories: [3,5,7]
[2026-07-09T17:30:02+00:00] Fetched deals: 1
[2026-07-09T17:30:02+00:00] Colors: green=0 persisted=61, red=1
[2026-07-09T17:30:03+00:00] Cells updated: 2
[2026-07-09T17:30:03+00:00] === color-links end (1.64s) ===
[2026-07-09T17:45:01+00:00] === color-links start ===
[2026-07-09T17:45:01+00:00] Unique deals in sheet: 2
[2026-07-09T17:45:01+00:00] Already green: 61, to check: 1
[2026-07-09T17:45:01+00:00] Categories: [3,5,7]
[2026-07-09T17:45:02+00:00] Fetched deals: 1
[2026-07-09T17:45:02+00:00] Colors: green=0 persisted=61, red=1
[2026-07-09T17:45:03+00:00] Cells updated: 2
[2026-07-09T17:45:03+00:00] === color-links end (1.64s) ===
[2026-07-09T18:00:01+00:00] === color-links start ===
[2026-07-09T18:00:01+00:00] Unique deals in sheet: 2
[2026-07-09T18:00:01+00:00] Already green: 61, to check: 1
[2026-07-09T18:00:01+00:00] Categories: [3,5,7]
[2026-07-09T18:00:01+00:00] Fetched deals: 1
[2026-07-09T18:00:01+00:00] Colors: green=0 persisted=61, red=1
[2026-07-09T18:00:03+00:00] Cells updated: 2
[2026-07-09T18:00:03+00:00] === color-links end (1.77s) ===
[2026-07-09T18:15:01+00:00] === color-links start ===
[2026-07-09T18:15:01+00:00] Unique deals in sheet: 2
[2026-07-09T18:15:01+00:00] Already green: 61, to check: 1
[2026-07-09T18:15:01+00:00] Categories: [3,5,7]
[2026-07-09T18:15:02+00:00] Fetched deals: 1
[2026-07-09T18:15:02+00:00] Colors: green=0 persisted=61, red=1
[2026-07-09T18:15:03+00:00] Cells updated: 2
[2026-07-09T18:15:03+00:00] === color-links end (1.96s) ===
[2026-07-09T18:30:01+00:00] === color-links start ===
[2026-07-09T18:30:01+00:00] Unique deals in sheet: 2
[2026-07-09T18:30:01+00:00] Already green: 61, to check: 1
[2026-07-09T18:30:02+00:00] Categories: [3,5,7]
[2026-07-09T18:30:02+00:00] Fetched deals: 1
[2026-07-09T18:30:02+00:00] Colors: green=0 persisted=61, red=1
[2026-07-09T18:30:03+00:00] Cells updated: 2
[2026-07-09T18:30:03+00:00] === color-links end (1.73s) ===
[2026-07-09T18:45:01+00:00] === color-links start ===
[2026-07-09T18:45:01+00:00] Unique deals in sheet: 2
[2026-07-09T18:45:01+00:00] Already green: 61, to check: 1
[2026-07-09T18:45:01+00:00] Categories: [3,5,7]
[2026-07-09T18:45:01+00:00] Fetched deals: 1
[2026-07-09T18:45:01+00:00] Colors: green=0 persisted=61, red=1
[2026-07-09T18:45:03+00:00] Cells updated: 2
[2026-07-09T18:45:03+00:00] === color-links end (1.81s) ===
[2026-07-09T19:00:01+00:00] === color-links start ===
[2026-07-09T19:00:01+00:00] Unique deals in sheet: 2
[2026-07-09T19:00:01+00:00] Already green: 61, to check: 1
[2026-07-09T19:00:01+00:00] Categories: [3,5,7]
[2026-07-09T19:00:01+00:00] Fetched deals: 1
[2026-07-09T19:00:01+00:00] Colors: green=0 persisted=61, red=1
[2026-07-09T19:00:03+00:00] Cells updated: 2
[2026-07-09T19:00:03+00:00] === color-links end (1.68s) ===
[2026-07-09T19:15:01+00:00] === color-links start ===
[2026-07-09T19:15:01+00:00] Unique deals in sheet: 2
[2026-07-09T19:15:01+00:00] Already green: 61, to check: 1
[2026-07-09T19:15:02+00:00] Categories: [3,5,7]
[2026-07-09T19:15:02+00:00] Fetched deals: 1
[2026-07-09T19:15:02+00:00] Colors: green=0 persisted=61, red=1
[2026-07-09T19:15:03+00:00] Cells updated: 2
[2026-07-09T19:15:03+00:00] === color-links end (1.84s) ===
[2026-07-09T19:30:01+00:00] === color-links start ===
[2026-07-09T19:30:01+00:00] Unique deals in sheet: 2
[2026-07-09T19:30:01+00:00] Already green: 61, to check: 1
[2026-07-09T19:30:02+00:00] Categories: [3,5,7]
[2026-07-09T19:30:02+00:00] Fetched deals: 1
[2026-07-09T19:30:02+00:00] Colors: green=0 persisted=61, red=1
[2026-07-09T19:30:04+00:00] Cells updated: 2
[2026-07-09T19:30:04+00:00] === color-links end (2.31s) ===
[2026-07-09T19:45:01+00:00] === color-links start ===
[2026-07-09T19:45:01+00:00] Unique deals in sheet: 2
[2026-07-09T19:45:01+00:00] Already green: 61, to check: 1
[2026-07-09T19:45:01+00:00] Categories: [3,5,7]
[2026-07-09T19:45:01+00:00] Fetched deals: 1
[2026-07-09T19:45:01+00:00] Colors: green=0 persisted=61, red=1
[2026-07-09T19:45:03+00:00] Cells updated: 2
[2026-07-09T19:45:03+00:00] === color-links end (2.25s) ===
[2026-07-09T20:00:01+00:00] === color-links start ===
[2026-07-09T20:00:01+00:00] Unique deals in sheet: 2
[2026-07-09T20:00:01+00:00] Already green: 61, to check: 1
[2026-07-09T20:00:01+00:00] Categories: [3,5,7]
[2026-07-09T20:00:01+00:00] Fetched deals: 1
[2026-07-09T20:00:01+00:00] Colors: green=0 persisted=61, red=1
[2026-07-09T20:00:03+00:00] Cells updated: 2
[2026-07-09T20:00:03+00:00] === color-links end (1.98s) ===
[2026-07-09T20:15:01+00:00] === color-links start ===
[2026-07-09T20:15:01+00:00] Unique deals in sheet: 2
[2026-07-09T20:15:01+00:00] Already green: 61, to check: 1
[2026-07-09T20:15:01+00:00] Categories: [3,5,7]
[2026-07-09T20:15:01+00:00] Fetched deals: 1
[2026-07-09T20:15:01+00:00] Colors: green=0 persisted=61, red=1
[2026-07-09T20:15:03+00:00] Cells updated: 2
[2026-07-09T20:15:03+00:00] === color-links end (1.82s) ===
[2026-07-09T20:30:01+00:00] === color-links start ===
[2026-07-09T20:30:01+00:00] Unique deals in sheet: 2
[2026-07-09T20:30:01+00:00] Already green: 61, to check: 1
[2026-07-09T20:30:02+00:00] Categories: [3,5,7]
[2026-07-09T20:30:02+00:00] Fetched deals: 1
[2026-07-09T20:30:02+00:00] Colors: green=0 persisted=61, red=1
[2026-07-09T20:30:05+00:00] Cells updated: 2
[2026-07-09T20:30:05+00:00] === color-links end (3.64s) ===
[2026-07-09T20:45:01+00:00] === color-links start ===
[2026-07-09T20:45:01+00:00] Unique deals in sheet: 2
[2026-07-09T20:45:01+00:00] Already green: 61, to check: 1
[2026-07-09T20:45:01+00:00] Categories: [3,5,7]
[2026-07-09T20:45:02+00:00] Fetched deals: 1
[2026-07-09T20:45:02+00:00] Colors: green=0 persisted=61, red=1
[2026-07-09T20:45:04+00:00] Cells updated: 2
[2026-07-09T20:45:04+00:00] === color-links end (2.59s) ===
[2026-07-09T21:00:01+00:00] === color-links start ===
[2026-07-09T21:00:01+00:00] Unique deals in sheet: 2
[2026-07-09T21:00:01+00:00] Already green: 61, to check: 1
[2026-07-09T21:00:05+00:00] Categories: [3,5,7]
[2026-07-09T21:00:10+00:00] Fetched deals: 1
[2026-07-09T21:00:10+00:00] Colors: green=0 persisted=61, red=1
[2026-07-09T21:00:12+00:00] Cells updated: 2
[2026-07-09T21:00:12+00:00] === color-links end (11.24s) ===
[2026-07-09T21:15:02+00:00] === color-links start ===
[2026-07-09T21:15:02+00:00] Unique deals in sheet: 2
[2026-07-09T21:15:02+00:00] Already green: 61, to check: 1
[2026-07-09T21:15:02+00:00] Categories: [3,5,7]
[2026-07-09T21:15:02+00:00] Fetched deals: 1
[2026-07-09T21:15:02+00:00] Colors: green=0 persisted=61, red=1
[2026-07-09T21:15:05+00:00] Cells updated: 2
[2026-07-09T21:15:05+00:00] === color-links end (3.82s) ===
[2026-07-09T21:30:01+00:00] === color-links start ===
[2026-07-09T21:30:01+00:00] Unique deals in sheet: 2
[2026-07-09T21:30:01+00:00] Already green: 61, to check: 1
[2026-07-09T21:30:02+00:00] Categories: [3,5,7]
[2026-07-09T21:30:02+00:00] Fetched deals: 1
[2026-07-09T21:30:02+00:00] Colors: green=0 persisted=61, red=1
[2026-07-09T21:30:05+00:00] Cells updated: 2
[2026-07-09T21:30:05+00:00] === color-links end (3.32s) ===
[2026-07-09T21:45:01+00:00] === color-links start ===
[2026-07-09T21:45:01+00:00] Unique deals in sheet: 2
[2026-07-09T21:45:01+00:00] Already green: 61, to check: 1
[2026-07-09T21:45:01+00:00] Categories: [3,5,7]
[2026-07-09T21:45:01+00:00] Fetched deals: 1
[2026-07-09T21:45:01+00:00] Colors: green=0 persisted=61, red=1
[2026-07-09T21:45:04+00:00] Cells updated: 2
[2026-07-09T21:45:04+00:00] === color-links end (3.19s) ===
[2026-07-09T22:00:01+00:00] === color-links start ===
[2026-07-09T22:00:01+00:00] Unique deals in sheet: 2
[2026-07-09T22:00:01+00:00] Already green: 61, to check: 1
[2026-07-09T22:00:01+00:00] Categories: [3,5,7]
[2026-07-09T22:00:01+00:00] Fetched deals: 1
[2026-07-09T22:00:01+00:00] Colors: green=0 persisted=61, red=1
[2026-07-09T22:00:05+00:00] Cells updated: 2
[2026-07-09T22:00:05+00:00] === color-links end (3.71s) ===
[2026-07-09T22:15:01+00:00] === color-links start ===
[2026-07-09T22:15:01+00:00] Unique deals in sheet: 2
[2026-07-09T22:15:01+00:00] Already green: 61, to check: 1
[2026-07-09T22:15:01+00:00] Categories: [3,5,7]
[2026-07-09T22:15:02+00:00] Fetched deals: 1
[2026-07-09T22:15:02+00:00] Colors: green=0 persisted=61, red=1
[2026-07-09T22:15:04+00:00] Cells updated: 2
[2026-07-09T22:15:04+00:00] === color-links end (2.2s) ===
[2026-07-09T22:30:01+00:00] === color-links start ===
[2026-07-09T22:30:01+00:00] Unique deals in sheet: 2
[2026-07-09T22:30:01+00:00] Already green: 61, to check: 1
[2026-07-09T22:30:01+00:00] Categories: [3,5,7]
[2026-07-09T22:30:01+00:00] Fetched deals: 1
[2026-07-09T22:30:01+00:00] Colors: green=0 persisted=61, red=1
[2026-07-09T22:30:04+00:00] Cells updated: 2
[2026-07-09T22:30:04+00:00] === color-links end (3.17s) ===
[2026-07-09T22:45:01+00:00] === color-links start ===
[2026-07-09T22:45:01+00:00] Unique deals in sheet: 2
[2026-07-09T22:45:01+00:00] Already green: 61, to check: 1
[2026-07-09T22:45:01+00:00] Categories: [3,5,7]
[2026-07-09T22:45:01+00:00] Fetched deals: 1
[2026-07-09T22:45:01+00:00] Colors: green=0 persisted=61, red=1
[2026-07-09T22:45:04+00:00] Cells updated: 2
[2026-07-09T22:45:04+00:00] === color-links end (2.62s) ===
[2026-07-09T23:00:01+00:00] === color-links start ===
[2026-07-09T23:00:01+00:00] Unique deals in sheet: 2
[2026-07-09T23:00:01+00:00] Already green: 61, to check: 1
[2026-07-09T23:00:01+00:00] Categories: [3,5,7]
[2026-07-09T23:00:01+00:00] Fetched deals: 1
[2026-07-09T23:00:01+00:00] Colors: green=0 persisted=61, red=1
[2026-07-09T23:00:03+00:00] Cells updated: 2
[2026-07-09T23:00:03+00:00] === color-links end (2.22s) ===
[2026-07-09T23:15:01+00:00] === color-links start ===
[2026-07-09T23:15:01+00:00] Unique deals in sheet: 2
[2026-07-09T23:15:01+00:00] Already green: 61, to check: 1
[2026-07-09T23:15:01+00:00] Categories: [3,5,7]
[2026-07-09T23:15:02+00:00] Fetched deals: 1
[2026-07-09T23:15:02+00:00] Colors: green=0 persisted=61, red=1
[2026-07-09T23:15:04+00:00] Cells updated: 2
[2026-07-09T23:15:04+00:00] === color-links end (2.73s) ===
[2026-07-09T23:30:01+00:00] === color-links start ===
[2026-07-09T23:30:01+00:00] Unique deals in sheet: 2
[2026-07-09T23:30:01+00:00] Already green: 61, to check: 1
[2026-07-09T23:30:01+00:00] Categories: [3,5,7]
[2026-07-09T23:30:01+00:00] Fetched deals: 1
[2026-07-09T23:30:01+00:00] Colors: green=0 persisted=61, red=1
[2026-07-09T23:30:04+00:00] Cells updated: 2
[2026-07-09T23:30:04+00:00] === color-links end (2.55s) ===
[2026-07-09T23:45:01+00:00] === color-links start ===
[2026-07-09T23:45:01+00:00] Unique deals in sheet: 2
[2026-07-09T23:45:01+00:00] Already green: 61, to check: 1
[2026-07-09T23:45:01+00:00] Categories: [3,5,7]
[2026-07-09T23:45:01+00:00] Fetched deals: 1
[2026-07-09T23:45:01+00:00] Colors: green=0 persisted=61, red=1
[2026-07-09T23:45:04+00:00] Cells updated: 2
[2026-07-09T23:45:04+00:00] === color-links end (2.56s) ===
