[2026-07-11T00:00:01+00:00] === color-links start ===
[2026-07-11T00:00:01+00:00] Unique deals in sheet: 2
[2026-07-11T00:00:01+00:00] Already green: 61, to check: 1
[2026-07-11T00:00:01+00:00] Categories: [3,5,7]
[2026-07-11T00:00:01+00:00] Fetched deals: 1
[2026-07-11T00:00:01+00:00] Colors: green=0 persisted=61, red=1
[2026-07-11T00:00:04+00:00] Cells updated: 2
[2026-07-11T00:00:04+00:00] === color-links end (2.63s) ===
[2026-07-11T00:15:01+00:00] === color-links start ===
[2026-07-11T00:15:01+00:00] Unique deals in sheet: 2
[2026-07-11T00:15:01+00:00] Already green: 61, to check: 1
[2026-07-11T00:15:01+00:00] Categories: [3,5,7]
[2026-07-11T00:15:01+00:00] Fetched deals: 1
[2026-07-11T00:15:01+00:00] Colors: green=0 persisted=61, red=1
[2026-07-11T00:15:03+00:00] Cells updated: 2
[2026-07-11T00:15:03+00:00] === color-links end (1.65s) ===
[2026-07-11T00:30:01+00:00] === color-links start ===
[2026-07-11T00:30:01+00:00] Unique deals in sheet: 2
[2026-07-11T00:30:01+00:00] Already green: 61, to check: 1
[2026-07-11T00:30:01+00:00] Categories: [3,5,7]
[2026-07-11T00:30:01+00:00] Fetched deals: 1
[2026-07-11T00:30:01+00:00] Colors: green=0 persisted=61, red=1
[2026-07-11T00:30:03+00:00] Cells updated: 2
[2026-07-11T00:30:03+00:00] === color-links end (2.4s) ===
[2026-07-11T00:45:01+00:00] === color-links start ===
[2026-07-11T00:45:01+00:00] Unique deals in sheet: 2
[2026-07-11T00:45:01+00:00] Already green: 61, to check: 1
[2026-07-11T00:45:01+00:00] Categories: [3,5,7]
[2026-07-11T00:45:02+00:00] Fetched deals: 1
[2026-07-11T00:45:02+00:00] Colors: green=0 persisted=61, red=1
[2026-07-11T00:45:03+00:00] Cells updated: 2
[2026-07-11T00:45:03+00:00] === color-links end (1.78s) ===
[2026-07-11T01:00:01+00:00] === color-links start ===
[2026-07-11T01:00:01+00:00] Unique deals in sheet: 2
[2026-07-11T01:00:01+00:00] Already green: 61, to check: 1
[2026-07-11T01:00:01+00:00] Categories: [3,5,7]
[2026-07-11T01:00:01+00:00] Fetched deals: 1
[2026-07-11T01:00:01+00:00] Colors: green=0 persisted=61, red=1
[2026-07-11T01:00:03+00:00] Cells updated: 2
[2026-07-11T01:00:03+00:00] === color-links end (1.78s) ===
[2026-07-11T01:15:01+00:00] === color-links start ===
[2026-07-11T01:15:01+00:00] Unique deals in sheet: 2
[2026-07-11T01:15:01+00:00] Already green: 61, to check: 1
[2026-07-11T01:15:01+00:00] Categories: [3,5,7]
[2026-07-11T01:15:02+00:00] Fetched deals: 1
[2026-07-11T01:15:02+00:00] Colors: green=0 persisted=61, red=1
[2026-07-11T01:15:04+00:00] Cells updated: 2
[2026-07-11T01:15:04+00:00] === color-links end (2.59s) ===
[2026-07-11T01:30:01+00:00] === color-links start ===
[2026-07-11T01:30:01+00:00] Unique deals in sheet: 2
[2026-07-11T01:30:01+00:00] Already green: 61, to check: 1
[2026-07-11T01:30:02+00:00] Categories: [3,5,7]
[2026-07-11T01:30:02+00:00] Fetched deals: 1
[2026-07-11T01:30:02+00:00] Colors: green=0 persisted=61, red=1
[2026-07-11T01:30:04+00:00] Cells updated: 2
[2026-07-11T01:30:04+00:00] === color-links end (2.7s) ===
[2026-07-11T01:45:02+00:00] === color-links start ===
[2026-07-11T01:45:02+00:00] Unique deals in sheet: 2
[2026-07-11T01:45:02+00:00] Already green: 61, to check: 1
[2026-07-11T01:45:02+00:00] Categories: [3,5,7]
[2026-07-11T01:45:02+00:00] Fetched deals: 1
[2026-07-11T01:45:02+00:00] Colors: green=0 persisted=61, red=1
[2026-07-11T01:45:03+00:00] Cells updated: 2
[2026-07-11T01:45:03+00:00] === color-links end (1.62s) ===
[2026-07-11T02:00:01+00:00] === color-links start ===
[2026-07-11T02:00:01+00:00] Unique deals in sheet: 2
[2026-07-11T02:00:01+00:00] Already green: 61, to check: 1
[2026-07-11T02:00:01+00:00] Categories: [3,5,7]
[2026-07-11T02:00:02+00:00] Fetched deals: 1
[2026-07-11T02:00:02+00:00] Colors: green=0 persisted=61, red=1
[2026-07-11T02:00:03+00:00] Cells updated: 2
[2026-07-11T02:00:03+00:00] === color-links end (2.14s) ===
[2026-07-11T02:15:01+00:00] === color-links start ===
[2026-07-11T02:15:01+00:00] Unique deals in sheet: 2
[2026-07-11T02:15:01+00:00] Already green: 61, to check: 1
[2026-07-11T02:15:02+00:00] Categories: [3,5,7]
[2026-07-11T02:15:02+00:00] Fetched deals: 1
[2026-07-11T02:15:02+00:00] Colors: green=0 persisted=61, red=1
[2026-07-11T02:15:04+00:00] Cells updated: 2
[2026-07-11T02:15:04+00:00] === color-links end (2.24s) ===
[2026-07-11T02:30:01+00:00] === color-links start ===
[2026-07-11T02:30:01+00:00] Unique deals in sheet: 2
[2026-07-11T02:30:01+00:00] Already green: 61, to check: 1
[2026-07-11T02:30:01+00:00] Categories: [3,5,7]
[2026-07-11T02:30:01+00:00] Fetched deals: 1
[2026-07-11T02:30:01+00:00] Colors: green=0 persisted=61, red=1
[2026-07-11T02:30:03+00:00] Cells updated: 2
[2026-07-11T02:30:03+00:00] === color-links end (2.18s) ===
[2026-07-11T02:45:01+00:00] === color-links start ===
[2026-07-11T02:45:01+00:00] Unique deals in sheet: 2
[2026-07-11T02:45:01+00:00] Already green: 61, to check: 1
[2026-07-11T02:45:01+00:00] Categories: [3,5,7]
[2026-07-11T02:45:01+00:00] Fetched deals: 1
[2026-07-11T02:45:01+00:00] Colors: green=0 persisted=61, red=1
[2026-07-11T02:45:03+00:00] Cells updated: 2
[2026-07-11T02:45:03+00:00] === color-links end (1.98s) ===
[2026-07-11T03:00:01+00:00] === color-links start ===
[2026-07-11T03:00:01+00:00] Unique deals in sheet: 2
[2026-07-11T03:00:01+00:00] Already green: 61, to check: 1
[2026-07-11T03:00:01+00:00] Categories: [3,5,7]
[2026-07-11T03:00:02+00:00] Fetched deals: 1
[2026-07-11T03:00:02+00:00] Colors: green=0 persisted=61, red=1
[2026-07-11T03:00:03+00:00] Cells updated: 2
[2026-07-11T03:00:03+00:00] === color-links end (1.79s) ===
[2026-07-11T03:15:02+00:00] === color-links start ===
[2026-07-11T03:15:02+00:00] Unique deals in sheet: 2
[2026-07-11T03:15:02+00:00] Already green: 61, to check: 1
[2026-07-11T03:15:02+00:00] Categories: [3,5,7]
[2026-07-11T03:15:02+00:00] Fetched deals: 1
[2026-07-11T03:15:02+00:00] Colors: green=0 persisted=61, red=1
[2026-07-11T03:15:04+00:00] Cells updated: 2
[2026-07-11T03:15:04+00:00] === color-links end (2.13s) ===
[2026-07-11T03:30:01+00:00] === color-links start ===
[2026-07-11T03:30:01+00:00] Unique deals in sheet: 2
[2026-07-11T03:30:01+00:00] Already green: 61, to check: 1
[2026-07-11T03:30:02+00:00] Categories: [3,5,7]
[2026-07-11T03:30:02+00:00] Fetched deals: 1
[2026-07-11T03:30:02+00:00] Colors: green=0 persisted=61, red=1
[2026-07-11T03:30:03+00:00] Cells updated: 2
[2026-07-11T03:30:03+00:00] === color-links end (1.61s) ===
[2026-07-11T03:45:01+00:00] === color-links start ===
[2026-07-11T03:45:01+00:00] Unique deals in sheet: 2
[2026-07-11T03:45:01+00:00] Already green: 61, to check: 1
[2026-07-11T03:45:01+00:00] Categories: [3,5,7]
[2026-07-11T03:45:01+00:00] Fetched deals: 1
[2026-07-11T03:45:01+00:00] Colors: green=0 persisted=61, red=1
[2026-07-11T03:45:03+00:00] Cells updated: 2
[2026-07-11T03:45:03+00:00] === color-links end (1.99s) ===
[2026-07-11T04:00:01+00:00] === color-links start ===
[2026-07-11T04:00:01+00:00] Unique deals in sheet: 2
[2026-07-11T04:00:01+00:00] Already green: 61, to check: 1
[2026-07-11T04:00:01+00:00] Categories: [3,5,7]
[2026-07-11T04:00:01+00:00] Fetched deals: 1
[2026-07-11T04:00:01+00:00] Colors: green=0 persisted=61, red=1
[2026-07-11T04:00:03+00:00] Cells updated: 2
[2026-07-11T04:00:03+00:00] === color-links end (1.83s) ===
[2026-07-11T04:15:02+00:00] === color-links start ===
[2026-07-11T04:15:02+00:00] Unique deals in sheet: 2
[2026-07-11T04:15:02+00:00] Already green: 61, to check: 1
[2026-07-11T04:15:02+00:00] Categories: [3,5,7]
[2026-07-11T04:15:02+00:00] Fetched deals: 1
[2026-07-11T04:15:02+00:00] Colors: green=0 persisted=61, red=1
[2026-07-11T04:15:04+00:00] Cells updated: 2
[2026-07-11T04:15:04+00:00] === color-links end (2.27s) ===
[2026-07-11T04:30:01+00:00] === color-links start ===
[2026-07-11T04:30:01+00:00] Unique deals in sheet: 2
[2026-07-11T04:30:01+00:00] Already green: 61, to check: 1
[2026-07-11T04:30:01+00:00] Categories: [3,5,7]
[2026-07-11T04:30:02+00:00] Fetched deals: 1
[2026-07-11T04:30:02+00:00] Colors: green=0 persisted=61, red=1
[2026-07-11T04:30:03+00:00] Cells updated: 2
[2026-07-11T04:30:03+00:00] === color-links end (1.59s) ===
[2026-07-11T04:45:01+00:00] === color-links start ===
[2026-07-11T04:45:01+00:00] Unique deals in sheet: 2
[2026-07-11T04:45:01+00:00] Already green: 61, to check: 1
[2026-07-11T04:45:02+00:00] Categories: [3,5,7]
[2026-07-11T04:45:02+00:00] Fetched deals: 1
[2026-07-11T04:45:02+00:00] Colors: green=0 persisted=61, red=1
[2026-07-11T04:45:04+00:00] Cells updated: 2
[2026-07-11T04:45:04+00:00] === color-links end (2.96s) ===
[2026-07-11T05:00:01+00:00] === color-links start ===
[2026-07-11T05:00:01+00:00] Unique deals in sheet: 2
[2026-07-11T05:00:01+00:00] Already green: 61, to check: 1
[2026-07-11T05:00:01+00:00] Categories: [3,5,7]
[2026-07-11T05:00:01+00:00] Fetched deals: 1
[2026-07-11T05:00:01+00:00] Colors: green=0 persisted=61, red=1
[2026-07-11T05:00:04+00:00] Cells updated: 2
[2026-07-11T05:00:04+00:00] === color-links end (2.73s) ===
[2026-07-11T05:15:01+00:00] === color-links start ===
[2026-07-11T05:15:01+00:00] Unique deals in sheet: 2
[2026-07-11T05:15:01+00:00] Already green: 61, to check: 1
[2026-07-11T05:15:01+00:00] Categories: [3,5,7]
[2026-07-11T05:15:02+00:00] Fetched deals: 1
[2026-07-11T05:15:02+00:00] Colors: green=0 persisted=61, red=1
[2026-07-11T05:15:04+00:00] Cells updated: 2
[2026-07-11T05:15:04+00:00] === color-links end (2.63s) ===
[2026-07-11T05:30:01+00:00] === color-links start ===
[2026-07-11T05:30:01+00:00] Unique deals in sheet: 2
[2026-07-11T05:30:01+00:00] Already green: 61, to check: 1
[2026-07-11T05:30:02+00:00] Categories: [3,5,7]
[2026-07-11T05:30:02+00:00] Fetched deals: 1
[2026-07-11T05:30:02+00:00] Colors: green=0 persisted=61, red=1
[2026-07-11T05:30:04+00:00] Cells updated: 2
[2026-07-11T05:30:04+00:00] === color-links end (2.48s) ===
[2026-07-11T05:45:01+00:00] === color-links start ===
[2026-07-11T05:45:01+00:00] Unique deals in sheet: 2
[2026-07-11T05:45:01+00:00] Already green: 61, to check: 1
[2026-07-11T05:45:01+00:00] Categories: [3,5,7]
[2026-07-11T05:45:01+00:00] Fetched deals: 1
[2026-07-11T05:45:01+00:00] Colors: green=0 persisted=61, red=1
[2026-07-11T05:45:04+00:00] Cells updated: 2
[2026-07-11T05:45:04+00:00] === color-links end (2.89s) ===
[2026-07-11T06:00:01+00:00] === color-links start ===
[2026-07-11T06:00:01+00:00] Unique deals in sheet: 2
[2026-07-11T06:00:01+00:00] Already green: 61, to check: 1
[2026-07-11T06:00:01+00:00] Categories: [3,5,7]
[2026-07-11T06:00:02+00:00] Fetched deals: 1
[2026-07-11T06:00:02+00:00] Colors: green=0 persisted=61, red=1
[2026-07-11T06:00:03+00:00] Cells updated: 2
[2026-07-11T06:00:03+00:00] === color-links end (2.23s) ===
[2026-07-11T06:15:01+00:00] === color-links start ===
[2026-07-11T06:15:01+00:00] Unique deals in sheet: 2
[2026-07-11T06:15:01+00:00] Already green: 61, to check: 1
[2026-07-11T06:15:01+00:00] Categories: [3,5,7]
[2026-07-11T06:15:02+00:00] Fetched deals: 1
[2026-07-11T06:15:02+00:00] Colors: green=0 persisted=61, red=1
[2026-07-11T06:15:04+00:00] Cells updated: 2
[2026-07-11T06:15:04+00:00] === color-links end (2.71s) ===
[2026-07-11T06:30:01+00:00] === color-links start ===
[2026-07-11T06:30:01+00:00] Unique deals in sheet: 2
[2026-07-11T06:30:01+00:00] Already green: 61, to check: 1
[2026-07-11T06:30:01+00:00] Categories: [3,5,7]
[2026-07-11T06:30:01+00:00] Fetched deals: 1
[2026-07-11T06:30:01+00:00] Colors: green=0 persisted=61, red=1
[2026-07-11T06:30:03+00:00] Cells updated: 2
[2026-07-11T06:30:03+00:00] === color-links end (2.13s) ===
[2026-07-11T06:45:01+00:00] === color-links start ===
[2026-07-11T06:45:01+00:00] Unique deals in sheet: 2
[2026-07-11T06:45:01+00:00] Already green: 61, to check: 1
[2026-07-11T06:45:01+00:00] Categories: [3,5,7]
[2026-07-11T06:45:02+00:00] Fetched deals: 1
[2026-07-11T06:45:02+00:00] Colors: green=0 persisted=61, red=1
[2026-07-11T06:45:05+00:00] Cells updated: 2
[2026-07-11T06:45:05+00:00] === color-links end (3.57s) ===
[2026-07-11T07:00:01+00:00] === color-links start ===
[2026-07-11T07:00:01+00:00] Unique deals in sheet: 2
[2026-07-11T07:00:01+00:00] Already green: 61, to check: 1
[2026-07-11T07:00:02+00:00] Categories: [3,5,7]
[2026-07-11T07:00:02+00:00] Fetched deals: 1
[2026-07-11T07:00:02+00:00] Colors: green=0 persisted=61, red=1
[2026-07-11T07:00:04+00:00] Cells updated: 2
[2026-07-11T07:00:04+00:00] === color-links end (2.19s) ===
[2026-07-11T07:15:01+00:00] === color-links start ===
[2026-07-11T07:15:01+00:00] Unique deals in sheet: 2
[2026-07-11T07:15:01+00:00] Already green: 61, to check: 1
[2026-07-11T07:15:01+00:00] Categories: [3,5,7]
[2026-07-11T07:15:01+00:00] Fetched deals: 1
[2026-07-11T07:15:01+00:00] Colors: green=0 persisted=61, red=1
[2026-07-11T07:15:03+00:00] Cells updated: 2
[2026-07-11T07:15:03+00:00] === color-links end (2.22s) ===
[2026-07-11T07:30:01+00:00] === color-links start ===
[2026-07-11T07:30:01+00:00] Unique deals in sheet: 2
[2026-07-11T07:30:01+00:00] Already green: 61, to check: 1
[2026-07-11T07:30:02+00:00] Categories: [3,5,7]
[2026-07-11T07:30:02+00:00] Fetched deals: 1
[2026-07-11T07:30:02+00:00] Colors: green=0 persisted=61, red=1
[2026-07-11T07:30:04+00:00] Cells updated: 2
[2026-07-11T07:30:04+00:00] === color-links end (2.16s) ===
[2026-07-11T07:45:01+00:00] === color-links start ===
[2026-07-11T07:45:01+00:00] Unique deals in sheet: 2
[2026-07-11T07:45:01+00:00] Already green: 61, to check: 1
[2026-07-11T07:45:01+00:00] Categories: [3,5,7]
[2026-07-11T07:45:01+00:00] Fetched deals: 1
[2026-07-11T07:45:01+00:00] Colors: green=0 persisted=61, red=1
[2026-07-11T07:45:03+00:00] Cells updated: 2
[2026-07-11T07:45:03+00:00] === color-links end (1.82s) ===
[2026-07-11T08:00:01+00:00] === color-links start ===
[2026-07-11T08:00:01+00:00] Unique deals in sheet: 2
[2026-07-11T08:00:01+00:00] Already green: 61, to check: 1
[2026-07-11T08:00:01+00:00] Categories: [3,5,7]
[2026-07-11T08:00:01+00:00] Fetched deals: 1
[2026-07-11T08:00:01+00:00] Colors: green=0 persisted=61, red=1
[2026-07-11T08:00:03+00:00] Cells updated: 2
[2026-07-11T08:00:03+00:00] === color-links end (2.19s) ===
[2026-07-11T08:15:01+00:00] === color-links start ===
[2026-07-11T08:15:01+00:00] Unique deals in sheet: 2
[2026-07-11T08:15:01+00:00] Already green: 61, to check: 1
[2026-07-11T08:15:01+00:00] Categories: [3,5,7]
[2026-07-11T08:15:01+00:00] Fetched deals: 1
[2026-07-11T08:15:01+00:00] Colors: green=0 persisted=61, red=1
[2026-07-11T08:15:03+00:00] Cells updated: 2
[2026-07-11T08:15:03+00:00] === color-links end (1.77s) ===
[2026-07-11T08:30:01+00:00] === color-links start ===
[2026-07-11T08:30:01+00:00] Unique deals in sheet: 2
[2026-07-11T08:30:01+00:00] Already green: 61, to check: 1
[2026-07-11T08:30:01+00:00] Categories: [3,5,7]
[2026-07-11T08:30:01+00:00] Fetched deals: 1
[2026-07-11T08:30:01+00:00] Colors: green=0 persisted=61, red=1
[2026-07-11T08:30:03+00:00] Cells updated: 2
[2026-07-11T08:30:03+00:00] === color-links end (1.93s) ===
[2026-07-11T08:45:01+00:00] === color-links start ===
[2026-07-11T08:45:01+00:00] Unique deals in sheet: 2
[2026-07-11T08:45:01+00:00] Already green: 61, to check: 1
[2026-07-11T08:45:02+00:00] Categories: [3,5,7]
[2026-07-11T08:45:02+00:00] Fetched deals: 1
[2026-07-11T08:45:02+00:00] Colors: green=0 persisted=61, red=1
[2026-07-11T08:45:04+00:00] Cells updated: 2
[2026-07-11T08:45:04+00:00] === color-links end (2.16s) ===
[2026-07-11T09:00:01+00:00] === color-links start ===
[2026-07-11T09:00:01+00:00] Unique deals in sheet: 2
[2026-07-11T09:00:01+00:00] Already green: 61, to check: 1
[2026-07-11T09:00:02+00:00] Categories: [3,5,7]
[2026-07-11T09:00:02+00:00] Fetched deals: 1
[2026-07-11T09:00:02+00:00] Colors: green=0 persisted=61, red=1
[2026-07-11T09:00:03+00:00] Cells updated: 2
[2026-07-11T09:00:03+00:00] === color-links end (1.86s) ===
[2026-07-11T09:15:01+00:00] === color-links start ===
[2026-07-11T09:15:01+00:00] Unique deals in sheet: 2
[2026-07-11T09:15:01+00:00] Already green: 61, to check: 1
[2026-07-11T09:15:01+00:00] Categories: [3,5,7]
[2026-07-11T09:15:02+00:00] Fetched deals: 1
[2026-07-11T09:15:02+00:00] Colors: green=0 persisted=61, red=1
[2026-07-11T09:15:03+00:00] Cells updated: 2
[2026-07-11T09:15:03+00:00] === color-links end (1.59s) ===
[2026-07-11T09:30:01+00:00] === color-links start ===
[2026-07-11T09:30:01+00:00] Unique deals in sheet: 2
[2026-07-11T09:30:01+00:00] Already green: 61, to check: 1
[2026-07-11T09:30:01+00:00] Categories: [3,5,7]
[2026-07-11T09:30:01+00:00] Fetched deals: 1
[2026-07-11T09:30:01+00:00] Colors: green=0 persisted=61, red=1
[2026-07-11T09:30:03+00:00] Cells updated: 2
[2026-07-11T09:30:03+00:00] === color-links end (2.48s) ===
[2026-07-11T09:45:01+00:00] === color-links start ===
[2026-07-11T09:45:01+00:00] Unique deals in sheet: 2
[2026-07-11T09:45:01+00:00] Already green: 61, to check: 1
[2026-07-11T09:45:01+00:00] Categories: [3,5,7]
[2026-07-11T09:45:02+00:00] Fetched deals: 1
[2026-07-11T09:45:02+00:00] Colors: green=0 persisted=61, red=1
[2026-07-11T09:45:03+00:00] Cells updated: 2
[2026-07-11T09:45:03+00:00] === color-links end (1.58s) ===
[2026-07-11T10:00:01+00:00] === color-links start ===
[2026-07-11T10:00:01+00:00] Unique deals in sheet: 2
[2026-07-11T10:00:01+00:00] Already green: 61, to check: 1
[2026-07-11T10:00:02+00:00] Categories: [3,5,7]
[2026-07-11T10:00:02+00:00] Fetched deals: 1
[2026-07-11T10:00:02+00:00] Colors: green=0 persisted=61, red=1
[2026-07-11T10:00:03+00:00] Cells updated: 2
[2026-07-11T10:00:03+00:00] === color-links end (1.63s) ===
[2026-07-11T10:15:01+00:00] === color-links start ===
[2026-07-11T10:15:01+00:00] Unique deals in sheet: 2
[2026-07-11T10:15:01+00:00] Already green: 61, to check: 1
[2026-07-11T10:15:01+00:00] Categories: [3,5,7]
[2026-07-11T10:15:02+00:00] Fetched deals: 1
[2026-07-11T10:15:02+00:00] Colors: green=0 persisted=61, red=1
[2026-07-11T10:15:03+00:00] Cells updated: 2
[2026-07-11T10:15:03+00:00] === color-links end (1.75s) ===
[2026-07-11T10:30:01+00:00] === color-links start ===
[2026-07-11T10:30:01+00:00] Unique deals in sheet: 2
[2026-07-11T10:30:01+00:00] Already green: 61, to check: 1
[2026-07-11T10:30:01+00:00] Categories: [3,5,7]
[2026-07-11T10:30:02+00:00] Fetched deals: 1
[2026-07-11T10:30:02+00:00] Colors: green=0 persisted=61, red=1
[2026-07-11T10:30:03+00:00] Cells updated: 2
[2026-07-11T10:30:03+00:00] === color-links end (2.23s) ===
[2026-07-11T10:45:01+00:00] === color-links start ===
[2026-07-11T10:45:01+00:00] Unique deals in sheet: 2
[2026-07-11T10:45:01+00:00] Already green: 61, to check: 1
[2026-07-11T10:45:01+00:00] Categories: [3,5,7]
[2026-07-11T10:45:02+00:00] Fetched deals: 1
[2026-07-11T10:45:02+00:00] Colors: green=0 persisted=61, red=1
[2026-07-11T10:45:04+00:00] Cells updated: 2
[2026-07-11T10:45:04+00:00] === color-links end (2.18s) ===
[2026-07-11T11:00:01+00:00] === color-links start ===
[2026-07-11T11:00:01+00:00] Unique deals in sheet: 2
[2026-07-11T11:00:01+00:00] Already green: 61, to check: 1
[2026-07-11T11:00:01+00:00] Categories: [3,5,7]
[2026-07-11T11:00:02+00:00] Fetched deals: 1
[2026-07-11T11:00:02+00:00] Colors: green=0 persisted=61, red=1
[2026-07-11T11:00:03+00:00] Cells updated: 2
[2026-07-11T11:00:03+00:00] === color-links end (1.99s) ===
[2026-07-11T11:15:01+00:00] === color-links start ===
[2026-07-11T11:15:01+00:00] Unique deals in sheet: 2
[2026-07-11T11:15:01+00:00] Already green: 61, to check: 1
[2026-07-11T11:15:01+00:00] Categories: [3,5,7]
[2026-07-11T11:15:01+00:00] Fetched deals: 1
[2026-07-11T11:15:01+00:00] Colors: green=0 persisted=61, red=1
[2026-07-11T11:15:03+00:00] Cells updated: 2
[2026-07-11T11:15:03+00:00] === color-links end (2.2s) ===
[2026-07-11T11:30:01+00:00] === color-links start ===
[2026-07-11T11:30:01+00:00] Unique deals in sheet: 2
[2026-07-11T11:30:01+00:00] Already green: 61, to check: 1
[2026-07-11T11:30:01+00:00] Categories: [3,5,7]
[2026-07-11T11:30:01+00:00] Fetched deals: 1
[2026-07-11T11:30:01+00:00] Colors: green=0 persisted=61, red=1
[2026-07-11T11:30:03+00:00] Cells updated: 2
[2026-07-11T11:30:03+00:00] === color-links end (1.93s) ===
[2026-07-11T11:45:01+00:00] === color-links start ===
[2026-07-11T11:45:01+00:00] Unique deals in sheet: 2
[2026-07-11T11:45:01+00:00] Already green: 61, to check: 1
[2026-07-11T11:45:01+00:00] Categories: [3,5,7]
[2026-07-11T11:45:01+00:00] Fetched deals: 1
[2026-07-11T11:45:01+00:00] Colors: green=0 persisted=61, red=1
[2026-07-11T11:45:03+00:00] Cells updated: 2
[2026-07-11T11:45:03+00:00] === color-links end (2.1s) ===
[2026-07-11T12:00:01+00:00] === color-links start ===
[2026-07-11T12:00:01+00:00] Unique deals in sheet: 2
[2026-07-11T12:00:01+00:00] Already green: 61, to check: 1
[2026-07-11T12:00:01+00:00] Categories: [3,5,7]
[2026-07-11T12:00:01+00:00] Fetched deals: 1
[2026-07-11T12:00:01+00:00] Colors: green=0 persisted=61, red=1
[2026-07-11T12:00:03+00:00] Cells updated: 2
[2026-07-11T12:00:03+00:00] === color-links end (2.58s) ===
[2026-07-11T12:15:01+00:00] === color-links start ===
[2026-07-11T12:15:01+00:00] Unique deals in sheet: 2
[2026-07-11T12:15:01+00:00] Already green: 61, to check: 1
[2026-07-11T12:15:01+00:00] Categories: [3,5,7]
[2026-07-11T12:15:02+00:00] Fetched deals: 1
[2026-07-11T12:15:02+00:00] Colors: green=0 persisted=61, red=1
[2026-07-11T12:15:03+00:00] Cells updated: 2
[2026-07-11T12:15:03+00:00] === color-links end (1.59s) ===
[2026-07-11T12:30:01+00:00] === color-links start ===
[2026-07-11T12:30:01+00:00] Unique deals in sheet: 2
[2026-07-11T12:30:01+00:00] Already green: 61, to check: 1
[2026-07-11T12:30:01+00:00] Categories: [3,5,7]
[2026-07-11T12:30:02+00:00] Fetched deals: 1
[2026-07-11T12:30:02+00:00] Colors: green=0 persisted=61, red=1
[2026-07-11T12:30:03+00:00] Cells updated: 2
[2026-07-11T12:30:03+00:00] === color-links end (1.64s) ===
[2026-07-11T12:45:01+00:00] === color-links start ===
[2026-07-11T12:45:01+00:00] Unique deals in sheet: 2
[2026-07-11T12:45:01+00:00] Already green: 61, to check: 1
[2026-07-11T12:45:02+00:00] Categories: [3,5,7]
[2026-07-11T12:45:02+00:00] Fetched deals: 1
[2026-07-11T12:45:02+00:00] Colors: green=0 persisted=61, red=1
[2026-07-11T12:45:04+00:00] Cells updated: 2
[2026-07-11T12:45:04+00:00] === color-links end (2.43s) ===
[2026-07-11T13:00:02+00:00] === color-links start ===
[2026-07-11T13:00:02+00:00] Unique deals in sheet: 2
[2026-07-11T13:00:02+00:00] Already green: 61, to check: 1
[2026-07-11T13:00:02+00:00] Categories: [3,5,7]
[2026-07-11T13:00:02+00:00] Fetched deals: 1
[2026-07-11T13:00:02+00:00] Colors: green=0 persisted=61, red=1
[2026-07-11T13:00:04+00:00] Cells updated: 2
[2026-07-11T13:00:04+00:00] === color-links end (2.25s) ===
[2026-07-11T13:15:02+00:00] === color-links start ===
[2026-07-11T13:15:02+00:00] Unique deals in sheet: 2
[2026-07-11T13:15:02+00:00] Already green: 61, to check: 1
[2026-07-11T13:15:02+00:00] Categories: [3,5,7]
[2026-07-11T13:15:02+00:00] Fetched deals: 1
[2026-07-11T13:15:02+00:00] Colors: green=0 persisted=61, red=1
[2026-07-11T13:15:04+00:00] Cells updated: 2
[2026-07-11T13:15:04+00:00] === color-links end (2.21s) ===
[2026-07-11T13:30:01+00:00] === color-links start ===
[2026-07-11T13:30:01+00:00] Unique deals in sheet: 2
[2026-07-11T13:30:01+00:00] Already green: 61, to check: 1
[2026-07-11T13:30:01+00:00] Categories: [3,5,7]
[2026-07-11T13:30:02+00:00] Fetched deals: 1
[2026-07-11T13:30:02+00:00] Colors: green=0 persisted=61, red=1
[2026-07-11T13:30:03+00:00] Cells updated: 2
[2026-07-11T13:30:03+00:00] === color-links end (2.19s) ===
[2026-07-11T13:45:01+00:00] === color-links start ===
[2026-07-11T13:45:01+00:00] Unique deals in sheet: 2
[2026-07-11T13:45:01+00:00] Already green: 61, to check: 1
[2026-07-11T13:45:01+00:00] Categories: [3,5,7]
[2026-07-11T13:45:02+00:00] Fetched deals: 1
[2026-07-11T13:45:02+00:00] Colors: green=0 persisted=61, red=1
[2026-07-11T13:45:03+00:00] Cells updated: 2
[2026-07-11T13:45:03+00:00] === color-links end (1.76s) ===
[2026-07-11T14:00:01+00:00] === color-links start ===
[2026-07-11T14:00:01+00:00] Unique deals in sheet: 2
[2026-07-11T14:00:01+00:00] Already green: 61, to check: 1
[2026-07-11T14:00:01+00:00] Categories: [3,5,7]
[2026-07-11T14:00:02+00:00] Fetched deals: 1
[2026-07-11T14:00:02+00:00] Colors: green=0 persisted=61, red=1
[2026-07-11T14:00:03+00:00] Cells updated: 2
[2026-07-11T14:00:03+00:00] === color-links end (2.26s) ===
[2026-07-11T14:15:01+00:00] === color-links start ===
[2026-07-11T14:15:01+00:00] Unique deals in sheet: 2
[2026-07-11T14:15:01+00:00] Already green: 61, to check: 1
[2026-07-11T14:15:01+00:00] Categories: [3,5,7]
[2026-07-11T14:15:01+00:00] Fetched deals: 1
[2026-07-11T14:15:01+00:00] Colors: green=0 persisted=61, red=1
[2026-07-11T14:15:03+00:00] Cells updated: 2
[2026-07-11T14:15:03+00:00] === color-links end (2.09s) ===
[2026-07-11T14:30:01+00:00] === color-links start ===
[2026-07-11T14:30:01+00:00] Unique deals in sheet: 2
[2026-07-11T14:30:01+00:00] Already green: 61, to check: 1
[2026-07-11T14:30:01+00:00] Categories: [3,5,7]
[2026-07-11T14:30:01+00:00] Fetched deals: 1
[2026-07-11T14:30:01+00:00] Colors: green=0 persisted=61, red=1
[2026-07-11T14:30:03+00:00] Cells updated: 2
[2026-07-11T14:30:03+00:00] === color-links end (2.12s) ===
[2026-07-11T14:45:01+00:00] === color-links start ===
[2026-07-11T14:45:01+00:00] Unique deals in sheet: 2
[2026-07-11T14:45:01+00:00] Already green: 61, to check: 1
[2026-07-11T14:45:01+00:00] Categories: [3,5,7]
[2026-07-11T14:45:02+00:00] Fetched deals: 1
[2026-07-11T14:45:02+00:00] Colors: green=0 persisted=61, red=1
[2026-07-11T14:45:04+00:00] Cells updated: 2
[2026-07-11T14:45:04+00:00] === color-links end (2.63s) ===
[2026-07-11T15:00:01+00:00] === color-links start ===
[2026-07-11T15:00:01+00:00] Unique deals in sheet: 2
[2026-07-11T15:00:01+00:00] Already green: 61, to check: 1
[2026-07-11T15:00:01+00:00] Categories: [3,5,7]
[2026-07-11T15:00:01+00:00] Fetched deals: 1
[2026-07-11T15:00:01+00:00] Colors: green=0 persisted=61, red=1
[2026-07-11T15:00:03+00:00] Cells updated: 2
[2026-07-11T15:00:03+00:00] === color-links end (1.88s) ===
[2026-07-11T15:15:01+00:00] === color-links start ===
[2026-07-11T15:15:01+00:00] Unique deals in sheet: 2
[2026-07-11T15:15:01+00:00] Already green: 61, to check: 1
[2026-07-11T15:15:01+00:00] Categories: [3,5,7]
[2026-07-11T15:15:01+00:00] Fetched deals: 1
[2026-07-11T15:15:01+00:00] Colors: green=0 persisted=61, red=1
[2026-07-11T15:15:03+00:00] Cells updated: 2
[2026-07-11T15:15:03+00:00] === color-links end (2.19s) ===
[2026-07-11T15:30:01+00:00] === color-links start ===
[2026-07-11T15:30:01+00:00] Unique deals in sheet: 2
[2026-07-11T15:30:01+00:00] Already green: 61, to check: 1
[2026-07-11T15:30:02+00:00] Categories: [3,5,7]
[2026-07-11T15:30:02+00:00] Fetched deals: 1
[2026-07-11T15:30:02+00:00] Colors: green=0 persisted=61, red=1
[2026-07-11T15:30:04+00:00] Cells updated: 2
[2026-07-11T15:30:04+00:00] === color-links end (2.61s) ===
[2026-07-11T15:45:01+00:00] === color-links start ===
[2026-07-11T15:45:01+00:00] Unique deals in sheet: 2
[2026-07-11T15:45:01+00:00] Already green: 61, to check: 1
[2026-07-11T15:45:01+00:00] Categories: [3,5,7]
[2026-07-11T15:45:02+00:00] Fetched deals: 1
[2026-07-11T15:45:02+00:00] Colors: green=0 persisted=61, red=1
[2026-07-11T15:45:03+00:00] Cells updated: 2
[2026-07-11T15:45:03+00:00] === color-links end (1.73s) ===
[2026-07-11T16:00:01+00:00] === color-links start ===
[2026-07-11T16:00:01+00:00] Unique deals in sheet: 2
[2026-07-11T16:00:01+00:00] Already green: 61, to check: 1
[2026-07-11T16:00:01+00:00] Categories: [3,5,7]
[2026-07-11T16:00:01+00:00] Fetched deals: 1
[2026-07-11T16:00:01+00:00] Colors: green=0 persisted=61, red=1
[2026-07-11T16:00:02+00:00] Cells updated: 2
[2026-07-11T16:00:02+00:00] === color-links end (1.59s) ===
[2026-07-11T16:15:01+00:00] === color-links start ===
[2026-07-11T16:15:01+00:00] Unique deals in sheet: 2
[2026-07-11T16:15:01+00:00] Already green: 61, to check: 1
[2026-07-11T16:15:02+00:00] Categories: [3,5,7]
[2026-07-11T16:15:02+00:00] Fetched deals: 1
[2026-07-11T16:15:02+00:00] Colors: green=0 persisted=61, red=1
[2026-07-11T16:15:04+00:00] Cells updated: 2
[2026-07-11T16:15:04+00:00] === color-links end (2.09s) ===
[2026-07-11T16:30:01+00:00] === color-links start ===
[2026-07-11T16:30:01+00:00] Unique deals in sheet: 2
[2026-07-11T16:30:01+00:00] Already green: 61, to check: 1
[2026-07-11T16:30:02+00:00] Categories: [3,5,7]
[2026-07-11T16:30:02+00:00] Fetched deals: 1
[2026-07-11T16:30:02+00:00] Colors: green=0 persisted=61, red=1
[2026-07-11T16:30:04+00:00] Cells updated: 2
[2026-07-11T16:30:04+00:00] === color-links end (2.38s) ===
[2026-07-11T16:45:01+00:00] === color-links start ===
[2026-07-11T16:45:01+00:00] Unique deals in sheet: 2
[2026-07-11T16:45:01+00:00] Already green: 61, to check: 1
[2026-07-11T16:45:01+00:00] Categories: [3,5,7]
[2026-07-11T16:45:01+00:00] Fetched deals: 1
[2026-07-11T16:45:01+00:00] Colors: green=0 persisted=61, red=1
[2026-07-11T16:45:04+00:00] Cells updated: 2
[2026-07-11T16:45:04+00:00] === color-links end (2.87s) ===
[2026-07-11T17:00:01+00:00] === color-links start ===
[2026-07-11T17:00:01+00:00] Unique deals in sheet: 2
[2026-07-11T17:00:01+00:00] Already green: 61, to check: 1
[2026-07-11T17:00:01+00:00] Categories: [3,5,7]
[2026-07-11T17:00:01+00:00] Fetched deals: 1
[2026-07-11T17:00:01+00:00] Colors: green=0 persisted=61, red=1
[2026-07-11T17:00:03+00:00] Cells updated: 2
[2026-07-11T17:00:03+00:00] === color-links end (1.9s) ===
[2026-07-11T17:15:01+00:00] === color-links start ===
[2026-07-11T17:15:01+00:00] Unique deals in sheet: 2
[2026-07-11T17:15:01+00:00] Already green: 61, to check: 1
[2026-07-11T17:15:01+00:00] Categories: [3,5,7]
[2026-07-11T17:15:02+00:00] Fetched deals: 1
[2026-07-11T17:15:02+00:00] Colors: green=0 persisted=61, red=1
[2026-07-11T17:15:04+00:00] Cells updated: 2
[2026-07-11T17:15:04+00:00] === color-links end (2.85s) ===
[2026-07-11T17:30:01+00:00] === color-links start ===
[2026-07-11T17:30:01+00:00] Unique deals in sheet: 2
[2026-07-11T17:30:01+00:00] Already green: 61, to check: 1
[2026-07-11T17:30:02+00:00] Categories: [3,5,7]
[2026-07-11T17:30:02+00:00] Fetched deals: 1
[2026-07-11T17:30:02+00:00] Colors: green=0 persisted=61, red=1
[2026-07-11T17:30:03+00:00] Cells updated: 2
[2026-07-11T17:30:03+00:00] === color-links end (1.61s) ===
[2026-07-11T17:45:01+00:00] === color-links start ===
[2026-07-11T17:45:01+00:00] Unique deals in sheet: 2
[2026-07-11T17:45:01+00:00] Already green: 61, to check: 1
[2026-07-11T17:45:01+00:00] Categories: [3,5,7]
[2026-07-11T17:45:01+00:00] Fetched deals: 1
[2026-07-11T17:45:01+00:00] Colors: green=0 persisted=61, red=1
[2026-07-11T17:45:03+00:00] Cells updated: 2
[2026-07-11T17:45:03+00:00] === color-links end (1.8s) ===
[2026-07-11T18:00:01+00:00] === color-links start ===
[2026-07-11T18:00:01+00:00] Unique deals in sheet: 2
[2026-07-11T18:00:01+00:00] Already green: 61, to check: 1
[2026-07-11T18:00:01+00:00] Categories: [3,5,7]
[2026-07-11T18:00:01+00:00] Fetched deals: 1
[2026-07-11T18:00:01+00:00] Colors: green=0 persisted=61, red=1
[2026-07-11T18:00:04+00:00] Cells updated: 2
[2026-07-11T18:00:04+00:00] === color-links end (2.64s) ===
[2026-07-11T18:15:01+00:00] === color-links start ===
[2026-07-11T18:15:01+00:00] Unique deals in sheet: 2
[2026-07-11T18:15:01+00:00] Already green: 61, to check: 1
[2026-07-11T18:15:01+00:00] Categories: [3,5,7]
[2026-07-11T18:15:01+00:00] Fetched deals: 1
[2026-07-11T18:15:01+00:00] Colors: green=0 persisted=61, red=1
[2026-07-11T18:15:03+00:00] Cells updated: 2
[2026-07-11T18:15:03+00:00] === color-links end (1.93s) ===
[2026-07-11T18:30:01+00:00] === color-links start ===
[2026-07-11T18:30:01+00:00] Unique deals in sheet: 2
[2026-07-11T18:30:01+00:00] Already green: 61, to check: 1
[2026-07-11T18:30:02+00:00] Categories: [3,5,7]
[2026-07-11T18:30:02+00:00] Fetched deals: 1
[2026-07-11T18:30:02+00:00] Colors: green=0 persisted=61, red=1
[2026-07-11T18:30:04+00:00] Cells updated: 2
[2026-07-11T18:30:04+00:00] === color-links end (2.07s) ===
[2026-07-11T18:45:01+00:00] === color-links start ===
[2026-07-11T18:45:01+00:00] Unique deals in sheet: 2
[2026-07-11T18:45:01+00:00] Already green: 61, to check: 1
[2026-07-11T18:45:01+00:00] Categories: [3,5,7]
[2026-07-11T18:45:01+00:00] Fetched deals: 1
[2026-07-11T18:45:01+00:00] Colors: green=0 persisted=61, red=1
[2026-07-11T18:45:03+00:00] Cells updated: 2
[2026-07-11T18:45:03+00:00] === color-links end (2.15s) ===
[2026-07-11T19:00:01+00:00] === color-links start ===
[2026-07-11T19:00:01+00:00] Unique deals in sheet: 2
[2026-07-11T19:00:01+00:00] Already green: 61, to check: 1
[2026-07-11T19:00:01+00:00] Categories: [3,5,7]
[2026-07-11T19:00:01+00:00] Fetched deals: 1
[2026-07-11T19:00:01+00:00] Colors: green=0 persisted=61, red=1
[2026-07-11T19:00:03+00:00] Cells updated: 2
[2026-07-11T19:00:03+00:00] === color-links end (2.24s) ===
[2026-07-11T19:15:01+00:00] === color-links start ===
[2026-07-11T19:15:01+00:00] Unique deals in sheet: 2
[2026-07-11T19:15:01+00:00] Already green: 61, to check: 1
[2026-07-11T19:15:01+00:00] Categories: [3,5,7]
[2026-07-11T19:15:01+00:00] Fetched deals: 1
[2026-07-11T19:15:01+00:00] Colors: green=0 persisted=61, red=1
[2026-07-11T19:15:03+00:00] Cells updated: 2
[2026-07-11T19:15:03+00:00] === color-links end (1.91s) ===
[2026-07-11T19:30:01+00:00] === color-links start ===
[2026-07-11T19:30:01+00:00] Unique deals in sheet: 2
[2026-07-11T19:30:01+00:00] Already green: 61, to check: 1
[2026-07-11T19:30:01+00:00] Categories: [3,5,7]
[2026-07-11T19:30:01+00:00] Fetched deals: 1
[2026-07-11T19:30:01+00:00] Colors: green=0 persisted=61, red=1
[2026-07-11T19:30:03+00:00] Cells updated: 2
[2026-07-11T19:30:03+00:00] === color-links end (1.69s) ===
[2026-07-11T19:45:01+00:00] === color-links start ===
[2026-07-11T19:45:01+00:00] Unique deals in sheet: 2
[2026-07-11T19:45:01+00:00] Already green: 61, to check: 1
[2026-07-11T19:45:01+00:00] Categories: [3,5,7]
[2026-07-11T19:45:01+00:00] Fetched deals: 1
[2026-07-11T19:45:01+00:00] Colors: green=0 persisted=61, red=1
[2026-07-11T19:45:03+00:00] Cells updated: 2
[2026-07-11T19:45:03+00:00] === color-links end (2.55s) ===
[2026-07-11T20:00:01+00:00] === color-links start ===
[2026-07-11T20:00:01+00:00] Unique deals in sheet: 2
[2026-07-11T20:00:01+00:00] Already green: 61, to check: 1
[2026-07-11T20:00:01+00:00] Categories: [3,5,7]
[2026-07-11T20:00:01+00:00] Fetched deals: 1
[2026-07-11T20:00:01+00:00] Colors: green=0 persisted=61, red=1
[2026-07-11T20:00:03+00:00] Cells updated: 2
[2026-07-11T20:00:03+00:00] === color-links end (2.28s) ===
[2026-07-11T20:15:01+00:00] === color-links start ===
[2026-07-11T20:15:01+00:00] Unique deals in sheet: 2
[2026-07-11T20:15:01+00:00] Already green: 61, to check: 1
[2026-07-11T20:15:01+00:00] Categories: [3,5,7]
[2026-07-11T20:15:01+00:00] Fetched deals: 1
[2026-07-11T20:15:01+00:00] Colors: green=0 persisted=61, red=1
[2026-07-11T20:15:03+00:00] Cells updated: 2
[2026-07-11T20:15:03+00:00] === color-links end (2.11s) ===
[2026-07-11T20:30:01+00:00] === color-links start ===
[2026-07-11T20:30:01+00:00] Unique deals in sheet: 2
[2026-07-11T20:30:01+00:00] Already green: 61, to check: 1
[2026-07-11T20:30:01+00:00] Categories: [3,5,7]
[2026-07-11T20:30:01+00:00] Fetched deals: 1
[2026-07-11T20:30:01+00:00] Colors: green=0 persisted=61, red=1
[2026-07-11T20:30:04+00:00] Cells updated: 2
[2026-07-11T20:30:04+00:00] === color-links end (2.69s) ===
[2026-07-11T20:45:01+00:00] === color-links start ===
[2026-07-11T20:45:01+00:00] Unique deals in sheet: 2
[2026-07-11T20:45:01+00:00] Already green: 61, to check: 1
[2026-07-11T20:45:02+00:00] Categories: [3,5,7]
[2026-07-11T20:45:02+00:00] Fetched deals: 1
[2026-07-11T20:45:02+00:00] Colors: green=0 persisted=61, red=1
[2026-07-11T20:45:04+00:00] Cells updated: 2
[2026-07-11T20:45:04+00:00] === color-links end (2.16s) ===
[2026-07-11T21:00:01+00:00] === color-links start ===
[2026-07-11T21:00:01+00:00] Unique deals in sheet: 2
[2026-07-11T21:00:01+00:00] Already green: 61, to check: 1
[2026-07-11T21:00:01+00:00] Categories: [3,5,7]
[2026-07-11T21:00:02+00:00] Fetched deals: 1
[2026-07-11T21:00:02+00:00] Colors: green=0 persisted=61, red=1
[2026-07-11T21:00:04+00:00] Cells updated: 2
[2026-07-11T21:00:04+00:00] === color-links end (3.04s) ===
[2026-07-11T21:15:01+00:00] === color-links start ===
[2026-07-11T21:15:01+00:00] Unique deals in sheet: 2
[2026-07-11T21:15:01+00:00] Already green: 61, to check: 1
[2026-07-11T21:15:01+00:00] Categories: [3,5,7]
[2026-07-11T21:15:01+00:00] Fetched deals: 1
[2026-07-11T21:15:01+00:00] Colors: green=0 persisted=61, red=1
[2026-07-11T21:15:04+00:00] Cells updated: 2
[2026-07-11T21:15:04+00:00] === color-links end (3.13s) ===
[2026-07-11T21:30:01+00:00] === color-links start ===
[2026-07-11T21:30:01+00:00] Unique deals in sheet: 2
[2026-07-11T21:30:01+00:00] Already green: 61, to check: 1
[2026-07-11T21:30:02+00:00] Categories: [3,5,7]
[2026-07-11T21:30:02+00:00] Fetched deals: 1
[2026-07-11T21:30:02+00:00] Colors: green=0 persisted=61, red=1
[2026-07-11T21:30:04+00:00] Cells updated: 2
[2026-07-11T21:30:04+00:00] === color-links end (2.1s) ===
[2026-07-11T21:45:01+00:00] === color-links start ===
[2026-07-11T21:45:01+00:00] Unique deals in sheet: 2
[2026-07-11T21:45:01+00:00] Already green: 61, to check: 1
[2026-07-11T21:45:02+00:00] Categories: [3,5,7]
[2026-07-11T21:45:02+00:00] Fetched deals: 1
[2026-07-11T21:45:02+00:00] Colors: green=0 persisted=61, red=1
[2026-07-11T21:45:03+00:00] Cells updated: 2
[2026-07-11T21:45:03+00:00] === color-links end (1.63s) ===
[2026-07-11T22:00:01+00:00] === color-links start ===
[2026-07-11T22:00:01+00:00] Unique deals in sheet: 2
[2026-07-11T22:00:01+00:00] Already green: 61, to check: 1
[2026-07-11T22:00:01+00:00] Categories: [3,5,7]
[2026-07-11T22:00:01+00:00] Fetched deals: 1
[2026-07-11T22:00:01+00:00] Colors: green=0 persisted=61, red=1
[2026-07-11T22:00:03+00:00] Cells updated: 2
[2026-07-11T22:00:03+00:00] === color-links end (1.83s) ===
[2026-07-11T22:15:01+00:00] === color-links start ===
[2026-07-11T22:15:01+00:00] Unique deals in sheet: 2
[2026-07-11T22:15:01+00:00] Already green: 61, to check: 1
[2026-07-11T22:15:01+00:00] Categories: [3,5,7]
[2026-07-11T22:15:01+00:00] Fetched deals: 1
[2026-07-11T22:15:01+00:00] Colors: green=0 persisted=61, red=1
[2026-07-11T22:15:03+00:00] Cells updated: 2
[2026-07-11T22:15:03+00:00] === color-links end (2.57s) ===
[2026-07-11T22:30:01+00:00] === color-links start ===
[2026-07-11T22:30:01+00:00] Unique deals in sheet: 2
[2026-07-11T22:30:01+00:00] Already green: 61, to check: 1
[2026-07-11T22:30:02+00:00] Categories: [3,5,7]
[2026-07-11T22:30:02+00:00] Fetched deals: 1
[2026-07-11T22:30:02+00:00] Colors: green=0 persisted=61, red=1
[2026-07-11T22:30:03+00:00] Cells updated: 2
[2026-07-11T22:30:03+00:00] === color-links end (1.77s) ===
[2026-07-11T22:45:01+00:00] === color-links start ===
[2026-07-11T22:45:01+00:00] Unique deals in sheet: 2
[2026-07-11T22:45:01+00:00] Already green: 61, to check: 1
[2026-07-11T22:45:01+00:00] Categories: [3,5,7]
[2026-07-11T22:45:01+00:00] Fetched deals: 1
[2026-07-11T22:45:01+00:00] Colors: green=0 persisted=61, red=1
[2026-07-11T22:45:02+00:00] Cells updated: 2
[2026-07-11T22:45:02+00:00] === color-links end (1.62s) ===
[2026-07-11T23:00:01+00:00] === color-links start ===
[2026-07-11T23:00:01+00:00] Unique deals in sheet: 2
[2026-07-11T23:00:01+00:00] Already green: 61, to check: 1
[2026-07-11T23:00:01+00:00] Categories: [3,5,7]
[2026-07-11T23:00:01+00:00] Fetched deals: 1
[2026-07-11T23:00:01+00:00] Colors: green=0 persisted=61, red=1
[2026-07-11T23:00:02+00:00] Cells updated: 2
[2026-07-11T23:00:02+00:00] === color-links end (1.61s) ===
[2026-07-11T23:15:01+00:00] === color-links start ===
[2026-07-11T23:15:01+00:00] Unique deals in sheet: 2
[2026-07-11T23:15:01+00:00] Already green: 61, to check: 1
[2026-07-11T23:15:01+00:00] Categories: [3,5,7]
[2026-07-11T23:15:02+00:00] Fetched deals: 1
[2026-07-11T23:15:02+00:00] Colors: green=0 persisted=61, red=1
[2026-07-11T23:15:03+00:00] Cells updated: 2
[2026-07-11T23:15:03+00:00] === color-links end (2.23s) ===
[2026-07-11T23:30:01+00:00] === color-links start ===
[2026-07-11T23:30:01+00:00] Unique deals in sheet: 2
[2026-07-11T23:30:01+00:00] Already green: 61, to check: 1
[2026-07-11T23:30:01+00:00] Categories: [3,5,7]
[2026-07-11T23:30:01+00:00] Fetched deals: 1
[2026-07-11T23:30:01+00:00] Colors: green=0 persisted=61, red=1
[2026-07-11T23:30:03+00:00] Cells updated: 2
[2026-07-11T23:30:03+00:00] === color-links end (2.2s) ===
[2026-07-11T23:45:01+00:00] === color-links start ===
[2026-07-11T23:45:01+00:00] Unique deals in sheet: 2
[2026-07-11T23:45:01+00:00] Already green: 61, to check: 1
[2026-07-11T23:45:01+00:00] Categories: [3,5,7]
[2026-07-11T23:45:01+00:00] Fetched deals: 1
[2026-07-11T23:45:01+00:00] Colors: green=0 persisted=61, red=1
[2026-07-11T23:45:03+00:00] Cells updated: 2
[2026-07-11T23:45:03+00:00] === color-links end (2.05s) ===
