[2026-08-04T00:00:01+00:00] === color-links start ===
[2026-08-04T00:00:01+00:00] No cells state, nothing to color
[2026-08-04T00:00:01+00:00] === color-links end (0s) ===
[2026-08-04T00:15:01+00:00] === color-links start ===
[2026-08-04T00:15:01+00:00] No cells state, nothing to color
[2026-08-04T00:15:01+00:00] === color-links end (0s) ===
[2026-08-04T00:30:01+00:00] === color-links start ===
[2026-08-04T00:30:01+00:00] No cells state, nothing to color
[2026-08-04T00:30:01+00:00] === color-links end (0s) ===
[2026-08-04T00:45:01+00:00] === color-links start ===
[2026-08-04T00:45:01+00:00] No cells state, nothing to color
[2026-08-04T00:45:01+00:00] === color-links end (0s) ===
[2026-08-04T01:00:01+00:00] === color-links start ===
[2026-08-04T01:00:01+00:00] No cells state, nothing to color
[2026-08-04T01:00:01+00:00] === color-links end (0s) ===
[2026-08-04T01:15:01+00:00] === color-links start ===
[2026-08-04T01:15:01+00:00] No cells state, nothing to color
[2026-08-04T01:15:01+00:00] === color-links end (0s) ===
[2026-08-04T01:30:01+00:00] === color-links start ===
[2026-08-04T01:30:01+00:00] No cells state, nothing to color
[2026-08-04T01:30:01+00:00] === color-links end (0s) ===
[2026-08-04T01:45:01+00:00] === color-links start ===
[2026-08-04T01:45:01+00:00] No cells state, nothing to color
[2026-08-04T01:45:01+00:00] === color-links end (0s) ===
[2026-08-04T02:00:01+00:00] === color-links start ===
[2026-08-04T02:00:01+00:00] No cells state, nothing to color
[2026-08-04T02:00:01+00:00] === color-links end (0s) ===
[2026-08-04T02:15:02+00:00] === color-links start ===
[2026-08-04T02:15:02+00:00] No cells state, nothing to color
[2026-08-04T02:15:02+00:00] === color-links end (0s) ===
[2026-08-04T02:30:01+00:00] === color-links start ===
[2026-08-04T02:30:01+00:00] No cells state, nothing to color
[2026-08-04T02:30:01+00:00] === color-links end (0s) ===
[2026-08-04T02:45:01+00:00] === color-links start ===
[2026-08-04T02:45:01+00:00] No cells state, nothing to color
[2026-08-04T02:45:01+00:00] === color-links end (0s) ===
[2026-08-04T03:00:01+00:00] === color-links start ===
[2026-08-04T03:00:01+00:00] No cells state, nothing to color
[2026-08-04T03:00:01+00:00] === color-links end (0s) ===
[2026-08-04T03:15:02+00:00] === color-links start ===
[2026-08-04T03:15:02+00:00] No cells state, nothing to color
[2026-08-04T03:15:02+00:00] === color-links end (0s) ===
[2026-08-04T03:30:01+00:00] === color-links start ===
[2026-08-04T03:30:01+00:00] No cells state, nothing to color
[2026-08-04T03:30:01+00:00] === color-links end (0s) ===
[2026-08-04T03:45:01+00:00] === color-links start ===
[2026-08-04T03:45:01+00:00] No cells state, nothing to color
[2026-08-04T03:45:01+00:00] === color-links end (0s) ===
[2026-08-04T04:00:01+00:00] === color-links start ===
[2026-08-04T04:00:01+00:00] No cells state, nothing to color
[2026-08-04T04:00:01+00:00] === color-links end (0s) ===
[2026-08-04T04:15:02+00:00] === color-links start ===
[2026-08-04T04:15:02+00:00] No cells state, nothing to color
[2026-08-04T04:15:02+00:00] === color-links end (0s) ===
[2026-08-04T04:30:01+00:00] === color-links start ===
[2026-08-04T04:30:01+00:00] No cells state, nothing to color
[2026-08-04T04:30:01+00:00] === color-links end (0s) ===
[2026-08-04T04:45:01+00:00] === color-links start ===
[2026-08-04T04:45:01+00:00] No cells state, nothing to color
[2026-08-04T04:45:01+00:00] === color-links end (0s) ===
[2026-08-04T05:00:01+00:00] === color-links start ===
[2026-08-04T05:00:01+00:00] No cells state, nothing to color
[2026-08-04T05:00:01+00:00] === color-links end (0s) ===
[2026-08-04T05:15:01+00:00] === color-links start ===
[2026-08-04T05:15:01+00:00] No cells state, nothing to color
[2026-08-04T05:15:01+00:00] === color-links end (0s) ===
[2026-08-04T05:30:01+00:00] === color-links start ===
[2026-08-04T05:30:01+00:00] No cells state, nothing to color
[2026-08-04T05:30:01+00:00] === color-links end (0s) ===
[2026-08-04T05:45:01+00:00] === color-links start ===
[2026-08-04T05:45:01+00:00] No cells state, nothing to color
[2026-08-04T05:45:01+00:00] === color-links end (0s) ===
[2026-08-04T06:00:01+00:00] === color-links start ===
[2026-08-04T06:00:01+00:00] No cells state, nothing to color
[2026-08-04T06:00:01+00:00] === color-links end (0s) ===
[2026-08-04T06:15:01+00:00] === color-links start ===
[2026-08-04T06:15:01+00:00] Unique deals in sheet: 1
[2026-08-04T06:15:01+00:00] Already green: 317, to check: 1
[2026-08-04T06:15:01+00:00] Categories: [3,5,7]
[2026-08-04T06:15:02+00:00] Fetched deals: 1
[2026-08-04T06:15:02+00:00] Deals with rules: 1, persisted green=317
[2026-08-04T06:15:03+00:00] Cells updated: 2
[2026-08-04T06:15:03+00:00] === color-links end (1.77s) ===
[2026-08-04T06:30:01+00:00] === color-links start ===
[2026-08-04T06:30:01+00:00] No cells state, nothing to color
[2026-08-04T06:30:01+00:00] === color-links end (0s) ===
[2026-08-04T06:45:01+00:00] === color-links start ===
[2026-08-04T06:45:01+00:00] No cells state, nothing to color
[2026-08-04T06:45:01+00:00] === color-links end (0s) ===
[2026-08-04T07:00:01+00:00] === color-links start ===
[2026-08-04T07:00:01+00:00] No cells state, nothing to color
[2026-08-04T07:00:01+00:00] === color-links end (0s) ===
[2026-08-04T07:15:01+00:00] === color-links start ===
[2026-08-04T07:15:01+00:00] No cells state, nothing to color
[2026-08-04T07:15:01+00:00] === color-links end (0s) ===
[2026-08-04T07:30:01+00:00] === color-links start ===
[2026-08-04T07:30:01+00:00] No cells state, nothing to color
[2026-08-04T07:30:01+00:00] === color-links end (0s) ===
[2026-08-04T07:45:01+00:00] === color-links start ===
[2026-08-04T07:45:01+00:00] No cells state, nothing to color
[2026-08-04T07:45:01+00:00] === color-links end (0s) ===
[2026-08-04T08:00:01+00:00] === color-links start ===
[2026-08-04T08:00:01+00:00] No cells state, nothing to color
[2026-08-04T08:00:01+00:00] === color-links end (0s) ===
[2026-08-04T08:15:01+00:00] === color-links start ===
[2026-08-04T08:15:01+00:00] No cells state, nothing to color
[2026-08-04T08:15:01+00:00] === color-links end (0s) ===
[2026-08-04T08:30:01+00:00] === color-links start ===
[2026-08-04T08:30:01+00:00] No cells state, nothing to color
[2026-08-04T08:30:01+00:00] === color-links end (0s) ===
[2026-08-04T08:45:01+00:00] === color-links start ===
[2026-08-04T08:45:01+00:00] No cells state, nothing to color
[2026-08-04T08:45:01+00:00] === color-links end (0s) ===
[2026-08-04T09:00:01+00:00] === color-links start ===
[2026-08-04T09:00:01+00:00] No cells state, nothing to color
[2026-08-04T09:00:01+00:00] === color-links end (0s) ===
[2026-08-04T09:15:01+00:00] === color-links start ===
[2026-08-04T09:15:01+00:00] No cells state, nothing to color
[2026-08-04T09:15:01+00:00] === color-links end (0s) ===
[2026-08-04T09:30:01+00:00] === color-links start ===
[2026-08-04T09:30:01+00:00] No cells state, nothing to color
[2026-08-04T09:30:01+00:00] === color-links end (0s) ===
[2026-08-04T09:45:01+00:00] === color-links start ===
[2026-08-04T09:45:01+00:00] No cells state, nothing to color
[2026-08-04T09:45:01+00:00] === color-links end (0s) ===
[2026-08-04T10:00:01+00:00] === color-links start ===
[2026-08-04T10:00:01+00:00] No cells state, nothing to color
[2026-08-04T10:00:01+00:00] === color-links end (0s) ===
[2026-08-04T10:15:01+00:00] === color-links start ===
[2026-08-04T10:15:01+00:00] No cells state, nothing to color
[2026-08-04T10:15:01+00:00] === color-links end (0s) ===
[2026-08-04T10:30:01+00:00] === color-links start ===
[2026-08-04T10:30:01+00:00] No cells state, nothing to color
[2026-08-04T10:30:01+00:00] === color-links end (0s) ===
[2026-08-04T10:45:01+00:00] === color-links start ===
[2026-08-04T10:45:01+00:00] No cells state, nothing to color
[2026-08-04T10:45:01+00:00] === color-links end (0s) ===
[2026-08-04T11:00:01+00:00] === color-links start ===
[2026-08-04T11:00:01+00:00] No cells state, nothing to color
[2026-08-04T11:00:01+00:00] === color-links end (0s) ===
[2026-08-04T11:15:01+00:00] === color-links start ===
[2026-08-04T11:15:01+00:00] No cells state, nothing to color
[2026-08-04T11:15:01+00:00] === color-links end (0s) ===
[2026-08-04T11:30:01+00:00] === color-links start ===
[2026-08-04T11:30:01+00:00] No cells state, nothing to color
[2026-08-04T11:30:01+00:00] === color-links end (0s) ===
[2026-08-04T11:45:01+00:00] === color-links start ===
[2026-08-04T11:45:01+00:00] No cells state, nothing to color
[2026-08-04T11:45:01+00:00] === color-links end (0s) ===
[2026-08-04T12:00:01+00:00] === color-links start ===
[2026-08-04T12:00:01+00:00] No cells state, nothing to color
[2026-08-04T12:00:01+00:00] === color-links end (0s) ===
[2026-08-04T12:15:01+00:00] === color-links start ===
[2026-08-04T12:15:01+00:00] No cells state, nothing to color
[2026-08-04T12:15:01+00:00] === color-links end (0s) ===
[2026-08-04T12:30:01+00:00] === color-links start ===
[2026-08-04T12:30:01+00:00] No cells state, nothing to color
[2026-08-04T12:30:01+00:00] === color-links end (0s) ===
[2026-08-04T12:45:01+00:00] === color-links start ===
[2026-08-04T12:45:01+00:00] No cells state, nothing to color
[2026-08-04T12:45:01+00:00] === color-links end (0s) ===
[2026-08-04T13:00:01+00:00] === color-links start ===
[2026-08-04T13:00:01+00:00] No cells state, nothing to color
[2026-08-04T13:00:01+00:00] === color-links end (0s) ===
[2026-08-04T13:15:01+00:00] === color-links start ===
[2026-08-04T13:15:01+00:00] No cells state, nothing to color
[2026-08-04T13:15:01+00:00] === color-links end (0s) ===
[2026-08-04T13:30:01+00:00] === color-links start ===
[2026-08-04T13:30:01+00:00] No cells state, nothing to color
[2026-08-04T13:30:01+00:00] === color-links end (0s) ===
[2026-08-04T13:45:01+00:00] === color-links start ===
[2026-08-04T13:45:01+00:00] No cells state, nothing to color
[2026-08-04T13:45:01+00:00] === color-links end (0s) ===
[2026-08-04T14:00:01+00:00] === color-links start ===
[2026-08-04T14:00:01+00:00] No cells state, nothing to color
[2026-08-04T14:00:01+00:00] === color-links end (0s) ===
[2026-08-04T14:15:01+00:00] === color-links start ===
[2026-08-04T14:15:01+00:00] No cells state, nothing to color
[2026-08-04T14:15:01+00:00] === color-links end (0s) ===
[2026-08-04T14:30:01+00:00] === color-links start ===
[2026-08-04T14:30:01+00:00] No cells state, nothing to color
[2026-08-04T14:30:01+00:00] === color-links end (0s) ===
[2026-08-04T14:45:01+00:00] === color-links start ===
[2026-08-04T14:45:01+00:00] No cells state, nothing to color
[2026-08-04T14:45:01+00:00] === color-links end (0s) ===
[2026-08-04T15:00:01+00:00] === color-links start ===
[2026-08-04T15:00:01+00:00] No cells state, nothing to color
[2026-08-04T15:00:01+00:00] === color-links end (0s) ===
[2026-08-04T15:15:01+00:00] === color-links start ===
[2026-08-04T15:15:01+00:00] No cells state, nothing to color
[2026-08-04T15:15:01+00:00] === color-links end (0s) ===
[2026-08-04T15:30:01+00:00] === color-links start ===
[2026-08-04T15:30:01+00:00] No cells state, nothing to color
[2026-08-04T15:30:01+00:00] === color-links end (0s) ===
[2026-08-04T15:45:01+00:00] === color-links start ===
[2026-08-04T15:45:01+00:00] No cells state, nothing to color
[2026-08-04T15:45:01+00:00] === color-links end (0s) ===
[2026-08-04T16:00:01+00:00] === color-links start ===
[2026-08-04T16:00:01+00:00] No cells state, nothing to color
[2026-08-04T16:00:01+00:00] === color-links end (0s) ===
[2026-08-04T16:15:01+00:00] === color-links start ===
[2026-08-04T16:15:01+00:00] No cells state, nothing to color
[2026-08-04T16:15:01+00:00] === color-links end (0s) ===
[2026-08-04T16:30:01+00:00] === color-links start ===
[2026-08-04T16:30:01+00:00] No cells state, nothing to color
[2026-08-04T16:30:01+00:00] === color-links end (0s) ===
[2026-08-04T16:45:01+00:00] === color-links start ===
[2026-08-04T16:45:01+00:00] No cells state, nothing to color
[2026-08-04T16:45:01+00:00] === color-links end (0s) ===
[2026-08-04T17:00:01+00:00] === color-links start ===
[2026-08-04T17:00:01+00:00] No cells state, nothing to color
[2026-08-04T17:00:01+00:00] === color-links end (0s) ===
[2026-08-04T17:15:01+00:00] === color-links start ===
[2026-08-04T17:15:01+00:00] No cells state, nothing to color
[2026-08-04T17:15:01+00:00] === color-links end (0s) ===
[2026-08-04T17:30:01+00:00] === color-links start ===
[2026-08-04T17:30:01+00:00] No cells state, nothing to color
[2026-08-04T17:30:01+00:00] === color-links end (0s) ===
[2026-08-04T17:45:01+00:00] === color-links start ===
[2026-08-04T17:45:01+00:00] No cells state, nothing to color
[2026-08-04T17:45:01+00:00] === color-links end (0s) ===
[2026-08-04T18:00:01+00:00] === color-links start ===
[2026-08-04T18:00:01+00:00] No cells state, nothing to color
[2026-08-04T18:00:01+00:00] === color-links end (0s) ===
[2026-08-04T18:15:01+00:00] === color-links start ===
[2026-08-04T18:15:01+00:00] No cells state, nothing to color
[2026-08-04T18:15:01+00:00] === color-links end (0s) ===
[2026-08-04T18:30:01+00:00] === color-links start ===
[2026-08-04T18:30:01+00:00] No cells state, nothing to color
[2026-08-04T18:30:01+00:00] === color-links end (0s) ===
[2026-08-04T18:45:01+00:00] === color-links start ===
[2026-08-04T18:45:01+00:00] No cells state, nothing to color
[2026-08-04T18:45:01+00:00] === color-links end (0s) ===
[2026-08-04T19:00:01+00:00] === color-links start ===
[2026-08-04T19:00:01+00:00] No cells state, nothing to color
[2026-08-04T19:00:01+00:00] === color-links end (0s) ===
[2026-08-04T19:15:01+00:00] === color-links start ===
[2026-08-04T19:15:01+00:00] No cells state, nothing to color
[2026-08-04T19:15:01+00:00] === color-links end (0s) ===
[2026-08-04T19:30:01+00:00] === color-links start ===
[2026-08-04T19:30:01+00:00] No cells state, nothing to color
[2026-08-04T19:30:01+00:00] === color-links end (0s) ===
[2026-08-04T19:45:02+00:00] === color-links start ===
[2026-08-04T19:45:02+00:00] No cells state, nothing to color
[2026-08-04T19:45:02+00:00] === color-links end (0s) ===
[2026-08-04T20:00:01+00:00] === color-links start ===
[2026-08-04T20:00:01+00:00] No cells state, nothing to color
[2026-08-04T20:00:01+00:00] === color-links end (0s) ===
[2026-08-04T20:15:01+00:00] === color-links start ===
[2026-08-04T20:15:01+00:00] No cells state, nothing to color
[2026-08-04T20:15:01+00:00] === color-links end (0s) ===
[2026-08-04T20:30:01+00:00] === color-links start ===
[2026-08-04T20:30:01+00:00] No cells state, nothing to color
[2026-08-04T20:30:01+00:00] === color-links end (0s) ===
[2026-08-04T20:45:01+00:00] === color-links start ===
[2026-08-04T20:45:01+00:00] No cells state, nothing to color
[2026-08-04T20:45:01+00:00] === color-links end (0s) ===
[2026-08-04T21:00:02+00:00] === color-links start ===
[2026-08-04T21:00:02+00:00] No cells state, nothing to color
[2026-08-04T21:00:02+00:00] === color-links end (0s) ===
[2026-08-04T21:15:01+00:00] === color-links start ===
[2026-08-04T21:15:01+00:00] No cells state, nothing to color
[2026-08-04T21:15:01+00:00] === color-links end (0s) ===
[2026-08-04T21:30:01+00:00] === color-links start ===
[2026-08-04T21:30:01+00:00] No cells state, nothing to color
[2026-08-04T21:30:01+00:00] === color-links end (0s) ===
[2026-08-04T21:45:01+00:00] === color-links start ===
[2026-08-04T21:45:01+00:00] No cells state, nothing to color
[2026-08-04T21:45:01+00:00] === color-links end (0s) ===
[2026-08-04T22:00:01+00:00] === color-links start ===
[2026-08-04T22:00:01+00:00] No cells state, nothing to color
[2026-08-04T22:00:01+00:00] === color-links end (0s) ===
[2026-08-04T22:15:01+00:00] === color-links start ===
[2026-08-04T22:15:01+00:00] No cells state, nothing to color
[2026-08-04T22:15:01+00:00] === color-links end (0s) ===
[2026-08-04T22:30:01+00:00] === color-links start ===
[2026-08-04T22:30:01+00:00] No cells state, nothing to color
[2026-08-04T22:30:01+00:00] === color-links end (0s) ===
[2026-08-04T22:45:01+00:00] === color-links start ===
[2026-08-04T22:45:01+00:00] No cells state, nothing to color
[2026-08-04T22:45:01+00:00] === color-links end (0s) ===
[2026-08-04T23:00:01+00:00] === color-links start ===
[2026-08-04T23:00:01+00:00] No cells state, nothing to color
[2026-08-04T23:00:01+00:00] === color-links end (0s) ===
[2026-08-04T23:15:01+00:00] === color-links start ===
[2026-08-04T23:15:01+00:00] No cells state, nothing to color
[2026-08-04T23:15:01+00:00] === color-links end (0s) ===
[2026-08-04T23:30:01+00:00] === color-links start ===
[2026-08-04T23:30:01+00:00] No cells state, nothing to color
[2026-08-04T23:30:01+00:00] === color-links end (0s) ===
[2026-08-04T23:45:01+00:00] === color-links start ===
[2026-08-04T23:45:01+00:00] No cells state, nothing to color
[2026-08-04T23:45:01+00:00] === color-links end (0s) ===
