[2026-07-17T00:00:01+00:00] === color-links start ===
[2026-07-17T00:00:01+00:00] Unique deals in sheet: 2
[2026-07-17T00:00:01+00:00] Already green: 61, to check: 1
[2026-07-17T00:00:01+00:00] Categories: [3,5,7]
[2026-07-17T00:00:01+00:00] Fetched deals: 1
[2026-07-17T00:00:01+00:00] Colors: green=0 persisted=61, red=1
[2026-07-17T00:00:03+00:00] Cells updated: 2
[2026-07-17T00:00:03+00:00] === color-links end (2.06s) ===
[2026-07-17T00:15:01+00:00] === color-links start ===
[2026-07-17T00:15:01+00:00] Unique deals in sheet: 2
[2026-07-17T00:15:01+00:00] Already green: 61, to check: 1
[2026-07-17T00:15:02+00:00] Categories: [3,5,7]
[2026-07-17T00:15:02+00:00] Fetched deals: 1
[2026-07-17T00:15:02+00:00] Colors: green=0 persisted=61, red=1
[2026-07-17T00:15:03+00:00] Cells updated: 2
[2026-07-17T00:15:03+00:00] === color-links end (1.59s) ===
[2026-07-17T00:30:01+00:00] === color-links start ===
[2026-07-17T00:30:01+00:00] Unique deals in sheet: 2
[2026-07-17T00:30:01+00:00] Already green: 61, to check: 1
[2026-07-17T00:30:02+00:00] Categories: [3,5,7]
[2026-07-17T00:30:02+00:00] Fetched deals: 1
[2026-07-17T00:30:02+00:00] Colors: green=0 persisted=61, red=1
[2026-07-17T00:30:03+00:00] Cells updated: 2
[2026-07-17T00:30:03+00:00] === color-links end (1.56s) ===
[2026-07-17T00:45:01+00:00] === color-links start ===
[2026-07-17T00:45:01+00:00] Unique deals in sheet: 2
[2026-07-17T00:45:01+00:00] Already green: 61, to check: 1
[2026-07-17T00:45:01+00:00] Categories: [3,5,7]
[2026-07-17T00:45:02+00:00] Fetched deals: 1
[2026-07-17T00:45:02+00:00] Colors: green=0 persisted=61, red=1
[2026-07-17T00:45:03+00:00] Cells updated: 2
[2026-07-17T00:45:03+00:00] === color-links end (1.82s) ===
[2026-07-17T01:00:01+00:00] === color-links start ===
[2026-07-17T01:00:01+00:00] Unique deals in sheet: 2
[2026-07-17T01:00:01+00:00] Already green: 61, to check: 1
[2026-07-17T01:00:01+00:00] Categories: [3,5,7]
[2026-07-17T01:00:01+00:00] Fetched deals: 1
[2026-07-17T01:00:01+00:00] Colors: green=0 persisted=61, red=1
[2026-07-17T01:00:03+00:00] Cells updated: 2
[2026-07-17T01:00:03+00:00] === color-links end (1.65s) ===
[2026-07-17T01:15:01+00:00] === color-links start ===
[2026-07-17T01:15:01+00:00] Unique deals in sheet: 2
[2026-07-17T01:15:01+00:00] Already green: 61, to check: 1
[2026-07-17T01:15:02+00:00] Categories: [3,5,7]
[2026-07-17T01:15:02+00:00] Fetched deals: 1
[2026-07-17T01:15:02+00:00] Colors: green=0 persisted=61, red=1
[2026-07-17T01:15:03+00:00] Cells updated: 2
[2026-07-17T01:15:03+00:00] === color-links end (1.78s) ===
[2026-07-17T01:30:01+00:00] === color-links start ===
[2026-07-17T01:30:01+00:00] Unique deals in sheet: 2
[2026-07-17T01:30:01+00:00] Already green: 61, to check: 1
[2026-07-17T01:30:01+00:00] Categories: [3,5,7]
[2026-07-17T01:30:01+00:00] Fetched deals: 1
[2026-07-17T01:30:01+00:00] Colors: green=0 persisted=61, red=1
[2026-07-17T01:30:03+00:00] Cells updated: 2
[2026-07-17T01:30:03+00:00] === color-links end (2.36s) ===
[2026-07-17T01:45:01+00:00] === color-links start ===
[2026-07-17T01:45:01+00:00] Unique deals in sheet: 2
[2026-07-17T01:45:01+00:00] Already green: 61, to check: 1
[2026-07-17T01:45:01+00:00] Categories: [3,5,7]
[2026-07-17T01:45:01+00:00] Fetched deals: 1
[2026-07-17T01:45:01+00:00] Colors: green=0 persisted=61, red=1
[2026-07-17T01:45:03+00:00] Cells updated: 2
[2026-07-17T01:45:03+00:00] === color-links end (2.21s) ===
[2026-07-17T02:00:02+00:00] === color-links start ===
[2026-07-17T02:00:02+00:00] Unique deals in sheet: 2
[2026-07-17T02:00:02+00:00] Already green: 61, to check: 1
[2026-07-17T02:00:02+00:00] Categories: [3,5,7]
[2026-07-17T02:00:02+00:00] Fetched deals: 1
[2026-07-17T02:00:02+00:00] Colors: green=0 persisted=61, red=1
[2026-07-17T02:00:04+00:00] Cells updated: 2
[2026-07-17T02:00:04+00:00] === color-links end (2.22s) ===
[2026-07-17T02:15:01+00:00] === color-links start ===
[2026-07-17T02:15:01+00:00] Unique deals in sheet: 2
[2026-07-17T02:15:01+00:00] Already green: 61, to check: 1
[2026-07-17T02:15:01+00:00] Categories: [3,5,7]
[2026-07-17T02:15:01+00:00] Fetched deals: 1
[2026-07-17T02:15:01+00:00] Colors: green=0 persisted=61, red=1
[2026-07-17T02:15:03+00:00] Cells updated: 2
[2026-07-17T02:15:03+00:00] === color-links end (2.11s) ===
[2026-07-17T02:30:02+00:00] === color-links start ===
[2026-07-17T02:30:02+00:00] Unique deals in sheet: 2
[2026-07-17T02:30:02+00:00] Already green: 61, to check: 1
[2026-07-17T02:30:02+00:00] Categories: [3,5,7]
[2026-07-17T02:30:02+00:00] Fetched deals: 1
[2026-07-17T02:30:02+00:00] Colors: green=0 persisted=61, red=1
[2026-07-17T02:30:03+00:00] Cells updated: 2
[2026-07-17T02:30:03+00:00] === color-links end (1.82s) ===
[2026-07-17T02:45:01+00:00] === color-links start ===
[2026-07-17T02:45:01+00:00] Unique deals in sheet: 2
[2026-07-17T02:45:01+00:00] Already green: 61, to check: 1
[2026-07-17T02:45:01+00:00] Categories: [3,5,7]
[2026-07-17T02:45:01+00:00] Fetched deals: 1
[2026-07-17T02:45:01+00:00] Colors: green=0 persisted=61, red=1
[2026-07-17T02:45:03+00:00] Cells updated: 2
[2026-07-17T02:45:03+00:00] === color-links end (1.64s) ===
[2026-07-17T03:00:01+00:00] === color-links start ===
[2026-07-17T03:00:01+00:00] Unique deals in sheet: 2
[2026-07-17T03:00:01+00:00] Already green: 61, to check: 1
[2026-07-17T03:00:01+00:00] Categories: [3,5,7]
[2026-07-17T03:00:01+00:00] Fetched deals: 1
[2026-07-17T03:00:01+00:00] Colors: green=0 persisted=61, red=1
[2026-07-17T03:00:02+00:00] Cells updated: 2
[2026-07-17T03:00:02+00:00] === color-links end (1.6s) ===
[2026-07-17T03:15:01+00:00] === color-links start ===
[2026-07-17T03:15:01+00:00] Unique deals in sheet: 2
[2026-07-17T03:15:01+00:00] Already green: 61, to check: 1
[2026-07-17T03:15:01+00:00] Categories: [3,5,7]
[2026-07-17T03:15:01+00:00] Fetched deals: 1
[2026-07-17T03:15:01+00:00] Colors: green=0 persisted=61, red=1
[2026-07-17T03:15:03+00:00] Cells updated: 2
[2026-07-17T03:15:03+00:00] === color-links end (2.23s) ===
[2026-07-17T03:30:01+00:00] === color-links start ===
[2026-07-17T03:30:01+00:00] Unique deals in sheet: 2
[2026-07-17T03:30:01+00:00] Already green: 61, to check: 1
[2026-07-17T03:30:01+00:00] Categories: [3,5,7]
[2026-07-17T03:30:02+00:00] Fetched deals: 1
[2026-07-17T03:30:02+00:00] Colors: green=0 persisted=61, red=1
[2026-07-17T03:30:03+00:00] Cells updated: 2
[2026-07-17T03:30:03+00:00] === color-links end (1.51s) ===
[2026-07-17T03:45:01+00:00] === color-links start ===
[2026-07-17T03:45:01+00:00] Unique deals in sheet: 2
[2026-07-17T03:45:01+00:00] Already green: 61, to check: 1
[2026-07-17T03:45:01+00:00] Categories: [3,5,7]
[2026-07-17T03:45:02+00:00] Fetched deals: 1
[2026-07-17T03:45:02+00:00] Colors: green=0 persisted=61, red=1
[2026-07-17T03:45:03+00:00] Cells updated: 2
[2026-07-17T03:45:03+00:00] === color-links end (1.88s) ===
[2026-07-17T04:00:01+00:00] === color-links start ===
[2026-07-17T04:00:01+00:00] Unique deals in sheet: 2
[2026-07-17T04:00:01+00:00] Already green: 61, to check: 1
[2026-07-17T04:00:01+00:00] Categories: [3,5,7]
[2026-07-17T04:00:01+00:00] Fetched deals: 1
[2026-07-17T04:00:01+00:00] Colors: green=0 persisted=61, red=1
[2026-07-17T04:00:03+00:00] Cells updated: 2
[2026-07-17T04:00:03+00:00] === color-links end (1.81s) ===
[2026-07-17T04:15:01+00:00] === color-links start ===
[2026-07-17T04:15:01+00:00] Unique deals in sheet: 2
[2026-07-17T04:15:01+00:00] Already green: 61, to check: 1
[2026-07-17T04:15:01+00:00] Categories: [3,5,7]
[2026-07-17T04:15:01+00:00] Fetched deals: 1
[2026-07-17T04:15:01+00:00] Colors: green=0 persisted=61, red=1
[2026-07-17T04:15:03+00:00] Cells updated: 2
[2026-07-17T04:15:03+00:00] === color-links end (1.92s) ===
[2026-07-17T04:30:01+00:00] === color-links start ===
[2026-07-17T04:30:01+00:00] Unique deals in sheet: 2
[2026-07-17T04:30:01+00:00] Already green: 61, to check: 1
[2026-07-17T04:30:02+00:00] Categories: [3,5,7]
[2026-07-17T04:30:02+00:00] Fetched deals: 1
[2026-07-17T04:30:02+00:00] Colors: green=0 persisted=61, red=1
[2026-07-17T04:30:03+00:00] Cells updated: 2
[2026-07-17T04:30:03+00:00] === color-links end (1.71s) ===
[2026-07-17T04:45:01+00:00] === color-links start ===
[2026-07-17T04:45:01+00:00] Unique deals in sheet: 2
[2026-07-17T04:45:01+00:00] Already green: 61, to check: 1
[2026-07-17T04:45:01+00:00] Categories: [3,5,7]
[2026-07-17T04:45:02+00:00] Fetched deals: 1
[2026-07-17T04:45:02+00:00] Colors: green=0 persisted=61, red=1
[2026-07-17T04:45:03+00:00] Cells updated: 2
[2026-07-17T04:45:03+00:00] === color-links end (1.65s) ===
[2026-07-17T05:00:01+00:00] === color-links start ===
[2026-07-17T05:00:01+00:00] Unique deals in sheet: 2
[2026-07-17T05:00:01+00:00] Already green: 61, to check: 1
[2026-07-17T05:00:01+00:00] Categories: [3,5,7]
[2026-07-17T05:00:02+00:00] Fetched deals: 1
[2026-07-17T05:00:02+00:00] Colors: green=0 persisted=61, red=1
[2026-07-17T05:00:03+00:00] Cells updated: 2
[2026-07-17T05:00:03+00:00] === color-links end (1.96s) ===
[2026-07-17T05:15:01+00:00] === color-links start ===
[2026-07-17T05:15:01+00:00] Unique deals in sheet: 2
[2026-07-17T05:15:01+00:00] Already green: 61, to check: 1
[2026-07-17T05:15:01+00:00] Categories: [3,5,7]
[2026-07-17T05:15:02+00:00] Fetched deals: 1
[2026-07-17T05:15:02+00:00] Colors: green=0 persisted=61, red=1
[2026-07-17T05:15:03+00:00] Cells updated: 2
[2026-07-17T05:15:03+00:00] === color-links end (1.84s) ===
[2026-07-17T05:30:01+00:00] === color-links start ===
[2026-07-17T05:30:01+00:00] Unique deals in sheet: 2
[2026-07-17T05:30:01+00:00] Already green: 61, to check: 1
[2026-07-17T05:30:01+00:00] Categories: [3,5,7]
[2026-07-17T05:30:01+00:00] Fetched deals: 1
[2026-07-17T05:30:01+00:00] Colors: green=0 persisted=61, red=1
[2026-07-17T05:30:03+00:00] Cells updated: 2
[2026-07-17T05:30:03+00:00] === color-links end (1.9s) ===
[2026-07-17T05:45:01+00:00] === color-links start ===
[2026-07-17T05:45:01+00:00] Unique deals in sheet: 2
[2026-07-17T05:45:01+00:00] Already green: 61, to check: 1
[2026-07-17T05:45:01+00:00] Categories: [3,5,7]
[2026-07-17T05:45:01+00:00] Fetched deals: 1
[2026-07-17T05:45:01+00:00] Colors: green=0 persisted=61, red=1
[2026-07-17T05:45:03+00:00] Cells updated: 2
[2026-07-17T05:45:03+00:00] === color-links end (1.92s) ===
[2026-07-17T06:00:01+00:00] === color-links start ===
[2026-07-17T06:00:01+00:00] Unique deals in sheet: 2
[2026-07-17T06:00:01+00:00] Already green: 61, to check: 1
[2026-07-17T06:00:02+00:00] Categories: [3,5,7]
[2026-07-17T06:00:02+00:00] Fetched deals: 1
[2026-07-17T06:00:02+00:00] Colors: green=0 persisted=61, red=1
[2026-07-17T06:00:03+00:00] Cells updated: 2
[2026-07-17T06:00:03+00:00] === color-links end (2s) ===
[2026-07-17T06:15:01+00:00] === color-links start ===
[2026-07-17T06:15:01+00:00] Unique deals in sheet: 2
[2026-07-17T06:15:01+00:00] Already green: 61, to check: 1
[2026-07-17T06:15:01+00:00] Categories: [3,5,7]
[2026-07-17T06:15:01+00:00] Fetched deals: 1
[2026-07-17T06:15:01+00:00] Colors: green=0 persisted=61, red=1
[2026-07-17T06:15:03+00:00] Cells updated: 2
[2026-07-17T06:15:03+00:00] === color-links end (1.99s) ===
[2026-07-17T06:30:01+00:00] === color-links start ===
[2026-07-17T06:30:01+00:00] Unique deals in sheet: 2
[2026-07-17T06:30:01+00:00] Already green: 61, to check: 1
[2026-07-17T06:30:01+00:00] Categories: [3,5,7]
[2026-07-17T06:30:01+00:00] Fetched deals: 1
[2026-07-17T06:30:01+00:00] Colors: green=0 persisted=61, red=1
[2026-07-17T06:30:03+00:00] Cells updated: 2
[2026-07-17T06:30:03+00:00] === color-links end (1.68s) ===
[2026-07-17T06:45:01+00:00] === color-links start ===
[2026-07-17T06:45:01+00:00] Unique deals in sheet: 2
[2026-07-17T06:45:01+00:00] Already green: 61, to check: 1
[2026-07-17T06:45:01+00:00] Categories: [3,5,7]
[2026-07-17T06:45:01+00:00] Fetched deals: 1
[2026-07-17T06:45:01+00:00] Colors: green=0 persisted=61, red=1
[2026-07-17T06:45:02+00:00] Cells updated: 2
[2026-07-17T06:45:02+00:00] === color-links end (1.63s) ===
[2026-07-17T07:00:01+00:00] === color-links start ===
[2026-07-17T07:00:01+00:00] Unique deals in sheet: 3
[2026-07-17T07:00:01+00:00] Already green: 62, to check: 1
[2026-07-17T07:00:01+00:00] Categories: [3,5,7]
[2026-07-17T07:00:02+00:00] Fetched deals: 0
[2026-07-17T07:00:02+00:00] Colors: green=0 persisted=62, red=0
[2026-07-17T07:00:03+00:00] Cells updated: 3
[2026-07-17T07:00:03+00:00] === color-links end (1.76s) ===
[2026-07-17T07:15:01+00:00] === color-links start ===
[2026-07-17T07:15:01+00:00] Unique deals in sheet: 2
[2026-07-17T07:15:01+00:00] Already green: 62, to check: 0
[2026-07-17T07:15:01+00:00] Categories: [3,5,7]
[2026-07-17T07:15:01+00:00] Colors: green=0 persisted=62, red=0
[2026-07-17T07:15:02+00:00] Cells updated: 2
[2026-07-17T07:15:02+00:00] === color-links end (1.69s) ===
[2026-07-17T07:30:01+00:00] === color-links start ===
[2026-07-17T07:30:01+00:00] Unique deals in sheet: 2
[2026-07-17T07:30:01+00:00] Already green: 62, to check: 0
[2026-07-17T07:30:01+00:00] Categories: [3,5,7]
[2026-07-17T07:30:01+00:00] Colors: green=0 persisted=62, red=0
[2026-07-17T07:30:03+00:00] Cells updated: 2
[2026-07-17T07:30:03+00:00] === color-links end (1.51s) ===
[2026-07-17T07:45:01+00:00] === color-links start ===
[2026-07-17T07:45:01+00:00] Unique deals in sheet: 2
[2026-07-17T07:45:01+00:00] Already green: 62, to check: 0
[2026-07-17T07:45:01+00:00] Categories: [3,5,7]
[2026-07-17T07:45:01+00:00] Colors: green=0 persisted=62, red=0
[2026-07-17T07:45:02+00:00] Cells updated: 2
[2026-07-17T07:45:02+00:00] === color-links end (1.6s) ===
[2026-07-17T08:00:01+00:00] === color-links start ===
[2026-07-17T08:00:01+00:00] Unique deals in sheet: 2
[2026-07-17T08:00:01+00:00] Already green: 62, to check: 0
[2026-07-17T08:00:01+00:00] Categories: [3,5,7]
[2026-07-17T08:00:01+00:00] Colors: green=0 persisted=62, red=0
[2026-07-17T08:00:03+00:00] Cells updated: 2
[2026-07-17T08:00:03+00:00] === color-links end (1.52s) ===
[2026-07-17T08:15:01+00:00] === color-links start ===
[2026-07-17T08:15:01+00:00] Unique deals in sheet: 2
[2026-07-17T08:15:01+00:00] Already green: 62, to check: 0
[2026-07-17T08:15:02+00:00] Categories: [3,5,7]
[2026-07-17T08:15:02+00:00] Colors: green=0 persisted=62, red=0
[2026-07-17T08:15:04+00:00] Cells updated: 2
[2026-07-17T08:15:04+00:00] === color-links end (2.21s) ===
[2026-07-17T08:30:01+00:00] === color-links start ===
[2026-07-17T08:30:01+00:00] Unique deals in sheet: 2
[2026-07-17T08:30:01+00:00] Already green: 62, to check: 0
[2026-07-17T08:30:01+00:00] Categories: [3,5,7]
[2026-07-17T08:30:01+00:00] Colors: green=0 persisted=62, red=0
[2026-07-17T08:30:03+00:00] Cells updated: 2
[2026-07-17T08:30:03+00:00] === color-links end (1.56s) ===
[2026-07-17T08:45:01+00:00] === color-links start ===
[2026-07-17T08:45:01+00:00] Unique deals in sheet: 2
[2026-07-17T08:45:01+00:00] Already green: 62, to check: 0
[2026-07-17T08:45:01+00:00] Categories: [3,5,7]
[2026-07-17T08:45:01+00:00] Colors: green=0 persisted=62, red=0
[2026-07-17T08:45:02+00:00] Cells updated: 2
[2026-07-17T08:45:02+00:00] === color-links end (1.44s) ===
[2026-07-17T09:00:01+00:00] === color-links start ===
[2026-07-17T09:00:01+00:00] Unique deals in sheet: 4
[2026-07-17T09:00:01+00:00] Already green: 62, to check: 2
[2026-07-17T09:00:01+00:00] Categories: [3,5,7]
[2026-07-17T09:00:01+00:00] Fetched deals: 0
[2026-07-17T09:00:01+00:00] Colors: green=0 persisted=62, red=0
[2026-07-17T09:00:02+00:00] Cells updated: 6
[2026-07-17T09:00:02+00:00] === color-links end (1.73s) ===
[2026-07-17T09:15:01+00:00] === color-links start ===
[2026-07-17T09:15:01+00:00] Unique deals in sheet: 2
[2026-07-17T09:15:01+00:00] Already green: 62, to check: 0
[2026-07-17T09:15:01+00:00] Categories: [3,5,7]
[2026-07-17T09:15:01+00:00] Colors: green=0 persisted=62, red=0
[2026-07-17T09:15:03+00:00] Cells updated: 2
[2026-07-17T09:15:03+00:00] === color-links end (1.7s) ===
[2026-07-17T09:30:01+00:00] === color-links start ===
[2026-07-17T09:30:01+00:00] Unique deals in sheet: 2
[2026-07-17T09:30:01+00:00] Already green: 62, to check: 0
[2026-07-17T09:30:01+00:00] Categories: [3,5,7]
[2026-07-17T09:30:01+00:00] Colors: green=0 persisted=62, red=0
[2026-07-17T09:30:03+00:00] Cells updated: 2
[2026-07-17T09:30:03+00:00] === color-links end (1.9s) ===
[2026-07-17T09:45:01+00:00] === color-links start ===
[2026-07-17T09:45:01+00:00] Unique deals in sheet: 2
[2026-07-17T09:45:01+00:00] Already green: 62, to check: 0
[2026-07-17T09:45:03+00:00] Categories: [3,5,7]
[2026-07-17T09:45:03+00:00] Colors: green=0 persisted=62, red=0
[2026-07-17T09:45:05+00:00] Cells updated: 2
[2026-07-17T09:45:05+00:00] === color-links end (4.23s) ===
[2026-07-17T10:00:01+00:00] === color-links start ===
[2026-07-17T10:00:01+00:00] Unique deals in sheet: 2
[2026-07-17T10:00:01+00:00] Already green: 62, to check: 0
[2026-07-17T10:00:02+00:00] Categories: [3,5,7]
[2026-07-17T10:00:02+00:00] Colors: green=0 persisted=62, red=0
[2026-07-17T10:00:04+00:00] Cells updated: 2
[2026-07-17T10:00:04+00:00] === color-links end (2.65s) ===
[2026-07-17T10:15:01+00:00] === color-links start ===
[2026-07-17T10:15:01+00:00] Unique deals in sheet: 2
[2026-07-17T10:15:01+00:00] Already green: 62, to check: 0
[2026-07-17T10:15:02+00:00] Categories: [3,5,7]
[2026-07-17T10:15:02+00:00] Colors: green=0 persisted=62, red=0
[2026-07-17T10:15:04+00:00] Cells updated: 2
[2026-07-17T10:15:04+00:00] === color-links end (2.83s) ===
[2026-07-17T10:30:01+00:00] === color-links start ===
[2026-07-17T10:30:01+00:00] Unique deals in sheet: 2
[2026-07-17T10:30:01+00:00] Already green: 62, to check: 0
[2026-07-17T10:30:01+00:00] Categories: [3,5,7]
[2026-07-17T10:30:01+00:00] Colors: green=0 persisted=62, red=0
[2026-07-17T10:30:02+00:00] Cells updated: 2
[2026-07-17T10:30:02+00:00] === color-links end (1.69s) ===
[2026-07-17T10:45:01+00:00] === color-links start ===
[2026-07-17T10:45:01+00:00] Unique deals in sheet: 2
[2026-07-17T10:45:01+00:00] Already green: 62, to check: 0
[2026-07-17T10:45:03+00:00] Categories: [3,5,7]
[2026-07-17T10:45:03+00:00] Colors: green=0 persisted=62, red=0
[2026-07-17T10:45:04+00:00] Cells updated: 2
[2026-07-17T10:45:04+00:00] === color-links end (2.89s) ===
[2026-07-17T11:00:01+00:00] === color-links start ===
[2026-07-17T11:00:01+00:00] Unique deals in sheet: 2
[2026-07-17T11:00:01+00:00] Already green: 62, to check: 0
[2026-07-17T11:00:01+00:00] Categories: [3,5,7]
[2026-07-17T11:00:01+00:00] Colors: green=0 persisted=62, red=0
[2026-07-17T11:00:02+00:00] Cells updated: 2
[2026-07-17T11:00:02+00:00] === color-links end (1.49s) ===
[2026-07-17T11:15:01+00:00] === color-links start ===
[2026-07-17T11:15:01+00:00] Unique deals in sheet: 2
[2026-07-17T11:15:01+00:00] Already green: 62, to check: 0
[2026-07-17T11:15:02+00:00] Categories: [3,5,7]
[2026-07-17T11:15:02+00:00] Colors: green=0 persisted=62, red=0
[2026-07-17T11:15:03+00:00] Cells updated: 2
[2026-07-17T11:15:03+00:00] === color-links end (1.5s) ===
[2026-07-17T11:30:01+00:00] === color-links start ===
[2026-07-17T11:30:01+00:00] Unique deals in sheet: 2
[2026-07-17T11:30:01+00:00] Already green: 62, to check: 0
[2026-07-17T11:30:02+00:00] Categories: [3,5,7]
[2026-07-17T11:30:02+00:00] Colors: green=0 persisted=62, red=0
[2026-07-17T11:30:03+00:00] Cells updated: 2
[2026-07-17T11:30:03+00:00] === color-links end (1.95s) ===
[2026-07-17T11:45:01+00:00] === color-links start ===
[2026-07-17T11:45:01+00:00] Unique deals in sheet: 2
[2026-07-17T11:45:01+00:00] Already green: 62, to check: 0
[2026-07-17T11:45:02+00:00] Categories: [3,5,7]
[2026-07-17T11:45:02+00:00] Colors: green=0 persisted=62, red=0
[2026-07-17T11:45:03+00:00] Cells updated: 2
[2026-07-17T11:45:03+00:00] === color-links end (1.7s) ===
[2026-07-17T12:00:01+00:00] === color-links start ===
[2026-07-17T12:00:01+00:00] Unique deals in sheet: 2
[2026-07-17T12:00:01+00:00] Already green: 62, to check: 0
[2026-07-17T12:00:01+00:00] Categories: [3,5,7]
[2026-07-17T12:00:01+00:00] Colors: green=0 persisted=62, red=0
[2026-07-17T12:00:03+00:00] Cells updated: 2
[2026-07-17T12:00:03+00:00] === color-links end (1.75s) ===
[2026-07-17T12:15:01+00:00] === color-links start ===
[2026-07-17T12:15:01+00:00] Unique deals in sheet: 2
[2026-07-17T12:15:01+00:00] Already green: 62, to check: 0
[2026-07-17T12:15:01+00:00] Categories: [3,5,7]
[2026-07-17T12:15:01+00:00] Colors: green=0 persisted=62, red=0
[2026-07-17T12:15:02+00:00] Cells updated: 2
[2026-07-17T12:15:02+00:00] === color-links end (1.49s) ===
[2026-07-17T12:30:01+00:00] === color-links start ===
[2026-07-17T12:30:01+00:00] Unique deals in sheet: 2
[2026-07-17T12:30:01+00:00] Already green: 62, to check: 0
[2026-07-17T12:30:01+00:00] Categories: [3,5,7]
[2026-07-17T12:30:01+00:00] Colors: green=0 persisted=62, red=0
[2026-07-17T12:30:03+00:00] Cells updated: 2
[2026-07-17T12:30:03+00:00] === color-links end (1.74s) ===
[2026-07-17T12:45:01+00:00] === color-links start ===
[2026-07-17T12:45:01+00:00] Unique deals in sheet: 2
[2026-07-17T12:45:01+00:00] Already green: 62, to check: 0
[2026-07-17T12:45:02+00:00] Categories: [3,5,7]
[2026-07-17T12:45:02+00:00] Colors: green=0 persisted=62, red=0
[2026-07-17T12:45:03+00:00] Cells updated: 2
[2026-07-17T12:45:03+00:00] === color-links end (1.51s) ===
[2026-07-17T13:00:01+00:00] === color-links start ===
[2026-07-17T13:00:01+00:00] Unique deals in sheet: 2
[2026-07-17T13:00:01+00:00] Already green: 62, to check: 0
[2026-07-17T13:00:01+00:00] Categories: [3,5,7]
[2026-07-17T13:00:01+00:00] Colors: green=0 persisted=62, red=0
[2026-07-17T13:00:03+00:00] Cells updated: 2
[2026-07-17T13:00:03+00:00] === color-links end (1.7s) ===
[2026-07-17T13:15:01+00:00] === color-links start ===
[2026-07-17T13:15:01+00:00] Unique deals in sheet: 2
[2026-07-17T13:15:01+00:00] Already green: 62, to check: 0
[2026-07-17T13:15:01+00:00] Categories: [3,5,7]
[2026-07-17T13:15:01+00:00] Colors: green=0 persisted=62, red=0
[2026-07-17T13:15:02+00:00] Cells updated: 2
[2026-07-17T13:15:02+00:00] === color-links end (1.52s) ===
[2026-07-17T13:30:01+00:00] === color-links start ===
[2026-07-17T13:30:01+00:00] Unique deals in sheet: 2
[2026-07-17T13:30:01+00:00] Already green: 62, to check: 0
[2026-07-17T13:30:01+00:00] Categories: [3,5,7]
[2026-07-17T13:30:01+00:00] Colors: green=0 persisted=62, red=0
[2026-07-17T13:30:03+00:00] Cells updated: 2
[2026-07-17T13:30:03+00:00] === color-links end (2.35s) ===
[2026-07-17T13:45:01+00:00] === color-links start ===
[2026-07-17T13:45:01+00:00] Unique deals in sheet: 2
[2026-07-17T13:45:01+00:00] Already green: 62, to check: 0
[2026-07-17T13:45:02+00:00] Categories: [3,5,7]
[2026-07-17T13:45:02+00:00] Colors: green=0 persisted=62, red=0
[2026-07-17T13:45:03+00:00] Cells updated: 2
[2026-07-17T13:45:03+00:00] === color-links end (2.12s) ===
[2026-07-17T14:00:01+00:00] === color-links start ===
[2026-07-17T14:00:01+00:00] Unique deals in sheet: 2
[2026-07-17T14:00:01+00:00] Already green: 62, to check: 0
[2026-07-17T14:00:01+00:00] Categories: [3,5,7]
[2026-07-17T14:00:01+00:00] Colors: green=0 persisted=62, red=0
[2026-07-17T14:00:02+00:00] Cells updated: 2
[2026-07-17T14:00:02+00:00] === color-links end (1.68s) ===
[2026-07-17T14:15:01+00:00] === color-links start ===
[2026-07-17T14:15:01+00:00] Unique deals in sheet: 2
[2026-07-17T14:15:01+00:00] Already green: 62, to check: 0
[2026-07-17T14:15:01+00:00] Categories: [3,5,7]
[2026-07-17T14:15:01+00:00] Colors: green=0 persisted=62, red=0
[2026-07-17T14:15:03+00:00] Cells updated: 2
[2026-07-17T14:15:03+00:00] === color-links end (1.66s) ===
[2026-07-17T14:30:01+00:00] === color-links start ===
[2026-07-17T14:30:01+00:00] Unique deals in sheet: 2
[2026-07-17T14:30:01+00:00] Already green: 62, to check: 0
[2026-07-17T14:30:01+00:00] Categories: [3,5,7]
[2026-07-17T14:30:01+00:00] Colors: green=0 persisted=62, red=0
[2026-07-17T14:30:03+00:00] Cells updated: 2
[2026-07-17T14:30:03+00:00] === color-links end (1.42s) ===
[2026-07-17T14:45:01+00:00] === color-links start ===
[2026-07-17T14:45:01+00:00] Unique deals in sheet: 2
[2026-07-17T14:45:01+00:00] Already green: 62, to check: 0
[2026-07-17T14:45:01+00:00] Categories: [3,5,7]
[2026-07-17T14:45:01+00:00] Colors: green=0 persisted=62, red=0
[2026-07-17T14:45:02+00:00] Cells updated: 2
[2026-07-17T14:45:02+00:00] === color-links end (1.57s) ===
[2026-07-17T15:00:01+00:00] === color-links start ===
[2026-07-17T15:00:01+00:00] Unique deals in sheet: 2
[2026-07-17T15:00:01+00:00] Already green: 62, to check: 0
[2026-07-17T15:00:01+00:00] Categories: [3,5,7]
[2026-07-17T15:00:01+00:00] Colors: green=0 persisted=62, red=0
[2026-07-17T15:00:02+00:00] Cells updated: 2
[2026-07-17T15:00:02+00:00] === color-links end (1.47s) ===
[2026-07-17T15:15:01+00:00] === color-links start ===
[2026-07-17T15:15:01+00:00] Unique deals in sheet: 2
[2026-07-17T15:15:01+00:00] Already green: 62, to check: 0
[2026-07-17T15:15:01+00:00] Categories: [3,5,7]
[2026-07-17T15:15:01+00:00] Colors: green=0 persisted=62, red=0
[2026-07-17T15:15:03+00:00] Cells updated: 2
[2026-07-17T15:15:03+00:00] === color-links end (1.45s) ===
[2026-07-17T15:30:01+00:00] === color-links start ===
[2026-07-17T15:30:01+00:00] Unique deals in sheet: 2
[2026-07-17T15:30:01+00:00] Already green: 62, to check: 0
[2026-07-17T15:30:01+00:00] Categories: [3,5,7]
[2026-07-17T15:30:01+00:00] Colors: green=0 persisted=62, red=0
[2026-07-17T15:30:02+00:00] Cells updated: 2
[2026-07-17T15:30:02+00:00] === color-links end (1.47s) ===
[2026-07-17T15:45:01+00:00] === color-links start ===
[2026-07-17T15:45:01+00:00] Unique deals in sheet: 2
[2026-07-17T15:45:01+00:00] Already green: 62, to check: 0
[2026-07-17T15:45:01+00:00] Categories: [3,5,7]
[2026-07-17T15:45:01+00:00] Colors: green=0 persisted=62, red=0
[2026-07-17T15:45:02+00:00] Cells updated: 2
[2026-07-17T15:45:02+00:00] === color-links end (1.63s) ===
[2026-07-17T16:00:01+00:00] === color-links start ===
[2026-07-17T16:00:01+00:00] Unique deals in sheet: 2
[2026-07-17T16:00:01+00:00] Already green: 62, to check: 0
[2026-07-17T16:00:01+00:00] Categories: [3,5,7]
[2026-07-17T16:00:01+00:00] Colors: green=0 persisted=62, red=0
[2026-07-17T16:00:03+00:00] Cells updated: 2
[2026-07-17T16:00:03+00:00] === color-links end (1.57s) ===
[2026-07-17T16:15:01+00:00] === color-links start ===
[2026-07-17T16:15:01+00:00] Unique deals in sheet: 2
[2026-07-17T16:15:01+00:00] Already green: 62, to check: 0
[2026-07-17T16:15:02+00:00] Categories: [3,5,7]
[2026-07-17T16:15:02+00:00] Colors: green=0 persisted=62, red=0
[2026-07-17T16:15:03+00:00] Cells updated: 2
[2026-07-17T16:15:03+00:00] === color-links end (1.64s) ===
[2026-07-17T16:30:01+00:00] === color-links start ===
[2026-07-17T16:30:01+00:00] Unique deals in sheet: 2
[2026-07-17T16:30:01+00:00] Already green: 62, to check: 0
[2026-07-17T16:30:01+00:00] Categories: [3,5,7]
[2026-07-17T16:30:01+00:00] Colors: green=0 persisted=62, red=0
[2026-07-17T16:30:02+00:00] Cells updated: 2
[2026-07-17T16:30:02+00:00] === color-links end (1.38s) ===
[2026-07-17T16:45:01+00:00] === color-links start ===
[2026-07-17T16:45:01+00:00] Unique deals in sheet: 2
[2026-07-17T16:45:01+00:00] Already green: 62, to check: 0
[2026-07-17T16:45:01+00:00] Categories: [3,5,7]
[2026-07-17T16:45:01+00:00] Colors: green=0 persisted=62, red=0
[2026-07-17T16:45:02+00:00] Cells updated: 2
[2026-07-17T16:45:02+00:00] === color-links end (1.47s) ===
[2026-07-17T17:00:01+00:00] === color-links start ===
[2026-07-17T17:00:01+00:00] Unique deals in sheet: 2
[2026-07-17T17:00:01+00:00] Already green: 62, to check: 0
[2026-07-17T17:00:02+00:00] Categories: [3,5,7]
[2026-07-17T17:00:02+00:00] Colors: green=0 persisted=62, red=0
[2026-07-17T17:00:03+00:00] Cells updated: 2
[2026-07-17T17:00:03+00:00] === color-links end (1.47s) ===
[2026-07-17T17:15:01+00:00] === color-links start ===
[2026-07-17T17:15:01+00:00] Unique deals in sheet: 2
[2026-07-17T17:15:01+00:00] Already green: 62, to check: 0
[2026-07-17T17:15:01+00:00] Categories: [3,5,7]
[2026-07-17T17:15:01+00:00] Colors: green=0 persisted=62, red=0
[2026-07-17T17:15:03+00:00] Cells updated: 2
[2026-07-17T17:15:03+00:00] === color-links end (1.48s) ===
[2026-07-17T17:30:01+00:00] === color-links start ===
[2026-07-17T17:30:01+00:00] Unique deals in sheet: 2
[2026-07-17T17:30:01+00:00] Already green: 62, to check: 0
[2026-07-17T17:30:01+00:00] Categories: [3,5,7]
[2026-07-17T17:30:01+00:00] Colors: green=0 persisted=62, red=0
[2026-07-17T17:30:04+00:00] Cells updated: 2
[2026-07-17T17:30:04+00:00] === color-links end (2.49s) ===
[2026-07-17T17:45:01+00:00] === color-links start ===
[2026-07-17T17:45:01+00:00] Unique deals in sheet: 2
[2026-07-17T17:45:01+00:00] Already green: 62, to check: 0
[2026-07-17T17:45:01+00:00] Categories: [3,5,7]
[2026-07-17T17:45:01+00:00] Colors: green=0 persisted=62, red=0
[2026-07-17T17:45:02+00:00] Cells updated: 2
[2026-07-17T17:45:02+00:00] === color-links end (1.49s) ===
[2026-07-17T18:00:01+00:00] === color-links start ===
[2026-07-17T18:00:01+00:00] Unique deals in sheet: 2
[2026-07-17T18:00:01+00:00] Already green: 62, to check: 0
[2026-07-17T18:00:01+00:00] Categories: [3,5,7]
[2026-07-17T18:00:01+00:00] Colors: green=0 persisted=62, red=0
[2026-07-17T18:00:03+00:00] Cells updated: 2
[2026-07-17T18:00:03+00:00] === color-links end (1.45s) ===
[2026-07-17T18:15:01+00:00] === color-links start ===
[2026-07-17T18:15:01+00:00] Unique deals in sheet: 2
[2026-07-17T18:15:01+00:00] Already green: 62, to check: 0
[2026-07-17T18:15:01+00:00] Categories: [3,5,7]
[2026-07-17T18:15:01+00:00] Colors: green=0 persisted=62, red=0
[2026-07-17T18:15:03+00:00] Cells updated: 2
[2026-07-17T18:15:03+00:00] === color-links end (1.72s) ===
[2026-07-17T18:30:01+00:00] === color-links start ===
[2026-07-17T18:30:01+00:00] Unique deals in sheet: 2
[2026-07-17T18:30:01+00:00] Already green: 62, to check: 0
[2026-07-17T18:30:01+00:00] Categories: [3,5,7]
[2026-07-17T18:30:01+00:00] Colors: green=0 persisted=62, red=0
[2026-07-17T18:30:03+00:00] Cells updated: 2
[2026-07-17T18:30:03+00:00] === color-links end (1.84s) ===
[2026-07-17T18:45:01+00:00] === color-links start ===
[2026-07-17T18:45:01+00:00] Unique deals in sheet: 2
[2026-07-17T18:45:01+00:00] Already green: 62, to check: 0
[2026-07-17T18:45:01+00:00] Categories: [3,5,7]
[2026-07-17T18:45:01+00:00] Colors: green=0 persisted=62, red=0
[2026-07-17T18:45:02+00:00] Cells updated: 2
[2026-07-17T18:45:02+00:00] === color-links end (1.46s) ===
[2026-07-17T19:00:01+00:00] === color-links start ===
[2026-07-17T19:00:01+00:00] Unique deals in sheet: 2
[2026-07-17T19:00:01+00:00] Already green: 62, to check: 0
[2026-07-17T19:00:01+00:00] Categories: [3,5,7]
[2026-07-17T19:00:01+00:00] Colors: green=0 persisted=62, red=0
[2026-07-17T19:00:02+00:00] Cells updated: 2
[2026-07-17T19:00:02+00:00] === color-links end (1.57s) ===
[2026-07-17T19:15:01+00:00] === color-links start ===
[2026-07-17T19:15:01+00:00] Unique deals in sheet: 2
[2026-07-17T19:15:01+00:00] Already green: 62, to check: 0
[2026-07-17T19:15:01+00:00] Categories: [3,5,7]
[2026-07-17T19:15:01+00:00] Colors: green=0 persisted=62, red=0
[2026-07-17T19:15:03+00:00] Cells updated: 2
[2026-07-17T19:15:03+00:00] === color-links end (1.59s) ===
[2026-07-17T19:30:01+00:00] === color-links start ===
[2026-07-17T19:30:01+00:00] Unique deals in sheet: 2
[2026-07-17T19:30:01+00:00] Already green: 62, to check: 0
[2026-07-17T19:30:01+00:00] Categories: [3,5,7]
[2026-07-17T19:30:01+00:00] Colors: green=0 persisted=62, red=0
[2026-07-17T19:30:02+00:00] Cells updated: 2
[2026-07-17T19:30:02+00:00] === color-links end (1.41s) ===
[2026-07-17T19:45:01+00:00] === color-links start ===
[2026-07-17T19:45:01+00:00] Unique deals in sheet: 2
[2026-07-17T19:45:01+00:00] Already green: 62, to check: 0
[2026-07-17T19:45:01+00:00] Categories: [3,5,7]
[2026-07-17T19:45:01+00:00] Colors: green=0 persisted=62, red=0
[2026-07-17T19:45:02+00:00] Cells updated: 2
[2026-07-17T19:45:02+00:00] === color-links end (1.4s) ===
[2026-07-17T20:00:01+00:00] === color-links start ===
[2026-07-17T20:00:01+00:00] Unique deals in sheet: 2
[2026-07-17T20:00:01+00:00] Already green: 62, to check: 0
[2026-07-17T20:00:01+00:00] Categories: [3,5,7]
[2026-07-17T20:00:01+00:00] Colors: green=0 persisted=62, red=0
[2026-07-17T20:00:03+00:00] Cells updated: 2
[2026-07-17T20:00:03+00:00] === color-links end (1.51s) ===
[2026-07-17T20:15:01+00:00] === color-links start ===
[2026-07-17T20:15:01+00:00] Unique deals in sheet: 2
[2026-07-17T20:15:01+00:00] Already green: 62, to check: 0
[2026-07-17T20:15:01+00:00] Categories: [3,5,7]
[2026-07-17T20:15:01+00:00] Colors: green=0 persisted=62, red=0
[2026-07-17T20:15:03+00:00] Cells updated: 2
[2026-07-17T20:15:03+00:00] === color-links end (1.52s) ===
[2026-07-17T20:30:01+00:00] === color-links start ===
[2026-07-17T20:30:01+00:00] Unique deals in sheet: 2
[2026-07-17T20:30:01+00:00] Already green: 62, to check: 0
[2026-07-17T20:30:01+00:00] Categories: [3,5,7]
[2026-07-17T20:30:01+00:00] Colors: green=0 persisted=62, red=0
[2026-07-17T20:30:02+00:00] Cells updated: 2
[2026-07-17T20:30:02+00:00] === color-links end (1.39s) ===
[2026-07-17T20:45:01+00:00] === color-links start ===
[2026-07-17T20:45:01+00:00] Unique deals in sheet: 2
[2026-07-17T20:45:01+00:00] Already green: 62, to check: 0
[2026-07-17T20:45:01+00:00] Categories: [3,5,7]
[2026-07-17T20:45:01+00:00] Colors: green=0 persisted=62, red=0
[2026-07-17T20:45:02+00:00] Cells updated: 2
[2026-07-17T20:45:02+00:00] === color-links end (1.41s) ===
[2026-07-17T21:00:01+00:00] === color-links start ===
[2026-07-17T21:00:01+00:00] Unique deals in sheet: 2
[2026-07-17T21:00:01+00:00] Already green: 62, to check: 0
[2026-07-17T21:00:04+00:00] Categories: [3,5,7]
[2026-07-17T21:00:04+00:00] Colors: green=0 persisted=62, red=0
[2026-07-17T21:00:05+00:00] Cells updated: 2
[2026-07-17T21:00:05+00:00] === color-links end (4.01s) ===
[2026-07-17T21:15:01+00:00] === color-links start ===
[2026-07-17T21:15:01+00:00] Unique deals in sheet: 2
[2026-07-17T21:15:01+00:00] Already green: 62, to check: 0
[2026-07-17T21:15:01+00:00] Categories: [3,5,7]
[2026-07-17T21:15:01+00:00] Colors: green=0 persisted=62, red=0
[2026-07-17T21:15:02+00:00] Cells updated: 2
[2026-07-17T21:15:02+00:00] === color-links end (1.42s) ===
[2026-07-17T21:30:01+00:00] === color-links start ===
[2026-07-17T21:30:01+00:00] Unique deals in sheet: 2
[2026-07-17T21:30:01+00:00] Already green: 62, to check: 0
[2026-07-17T21:30:01+00:00] Categories: [3,5,7]
[2026-07-17T21:30:01+00:00] Colors: green=0 persisted=62, red=0
[2026-07-17T21:30:03+00:00] Cells updated: 2
[2026-07-17T21:30:03+00:00] === color-links end (1.74s) ===
[2026-07-17T21:45:01+00:00] === color-links start ===
[2026-07-17T21:45:01+00:00] Unique deals in sheet: 2
[2026-07-17T21:45:01+00:00] Already green: 62, to check: 0
[2026-07-17T21:45:01+00:00] Categories: [3,5,7]
[2026-07-17T21:45:01+00:00] Colors: green=0 persisted=62, red=0
[2026-07-17T21:45:02+00:00] Cells updated: 2
[2026-07-17T21:45:02+00:00] === color-links end (1.55s) ===
[2026-07-17T22:00:01+00:00] === color-links start ===
[2026-07-17T22:00:01+00:00] Unique deals in sheet: 2
[2026-07-17T22:00:01+00:00] Already green: 62, to check: 0
[2026-07-17T22:00:01+00:00] Categories: [3,5,7]
[2026-07-17T22:00:01+00:00] Colors: green=0 persisted=62, red=0
[2026-07-17T22:00:03+00:00] Cells updated: 2
[2026-07-17T22:00:03+00:00] === color-links end (1.51s) ===
[2026-07-17T22:15:01+00:00] === color-links start ===
[2026-07-17T22:15:01+00:00] Unique deals in sheet: 2
[2026-07-17T22:15:01+00:00] Already green: 62, to check: 0
[2026-07-17T22:15:01+00:00] Categories: [3,5,7]
[2026-07-17T22:15:01+00:00] Colors: green=0 persisted=62, red=0
[2026-07-17T22:15:02+00:00] Cells updated: 2
[2026-07-17T22:15:02+00:00] === color-links end (1.63s) ===
[2026-07-17T22:30:01+00:00] === color-links start ===
[2026-07-17T22:30:01+00:00] Unique deals in sheet: 2
[2026-07-17T22:30:01+00:00] Already green: 62, to check: 0
[2026-07-17T22:30:01+00:00] Categories: [3,5,7]
[2026-07-17T22:30:01+00:00] Colors: green=0 persisted=62, red=0
[2026-07-17T22:30:02+00:00] Cells updated: 2
[2026-07-17T22:30:02+00:00] === color-links end (1.49s) ===
[2026-07-17T22:45:01+00:00] === color-links start ===
[2026-07-17T22:45:01+00:00] Unique deals in sheet: 2
[2026-07-17T22:45:01+00:00] Already green: 62, to check: 0
[2026-07-17T22:45:01+00:00] Categories: [3,5,7]
[2026-07-17T22:45:01+00:00] Colors: green=0 persisted=62, red=0
[2026-07-17T22:45:02+00:00] Cells updated: 2
[2026-07-17T22:45:02+00:00] === color-links end (1.53s) ===
[2026-07-17T23:00:01+00:00] === color-links start ===
[2026-07-17T23:00:01+00:00] Unique deals in sheet: 2
[2026-07-17T23:00:01+00:00] Already green: 62, to check: 0
[2026-07-17T23:00:02+00:00] Categories: [3,5,7]
[2026-07-17T23:00:02+00:00] Colors: green=0 persisted=62, red=0
[2026-07-17T23:00:03+00:00] Cells updated: 2
[2026-07-17T23:00:03+00:00] === color-links end (1.41s) ===
[2026-07-17T23:15:01+00:00] === color-links start ===
[2026-07-17T23:15:01+00:00] Unique deals in sheet: 2
[2026-07-17T23:15:01+00:00] Already green: 62, to check: 0
[2026-07-17T23:15:01+00:00] Categories: [3,5,7]
[2026-07-17T23:15:01+00:00] Colors: green=0 persisted=62, red=0
[2026-07-17T23:15:02+00:00] Cells updated: 2
[2026-07-17T23:15:02+00:00] === color-links end (1.45s) ===
[2026-07-17T23:30:01+00:00] === color-links start ===
[2026-07-17T23:30:01+00:00] Unique deals in sheet: 2
[2026-07-17T23:30:01+00:00] Already green: 62, to check: 0
[2026-07-17T23:30:01+00:00] Categories: [3,5,7]
[2026-07-17T23:30:01+00:00] Colors: green=0 persisted=62, red=0
[2026-07-17T23:30:02+00:00] Cells updated: 2
[2026-07-17T23:30:02+00:00] === color-links end (1.41s) ===
[2026-07-17T23:45:02+00:00] === color-links start ===
[2026-07-17T23:45:02+00:00] Unique deals in sheet: 2
[2026-07-17T23:45:02+00:00] Already green: 62, to check: 0
[2026-07-17T23:45:02+00:00] Categories: [3,5,7]
[2026-07-17T23:45:02+00:00] Colors: green=0 persisted=62, red=0
[2026-07-17T23:45:03+00:00] Cells updated: 2
[2026-07-17T23:45:03+00:00] === color-links end (1.46s) ===
