[2026-07-29T00:00:01+00:00] === color-links start ===
[2026-07-29T00:00:01+00:00] Unique deals in sheet: 5
[2026-07-29T00:00:01+00:00] Already green: 63, to check: 4
[2026-07-29T00:00:01+00:00] Categories: [3,5,7]
[2026-07-29T00:00:01+00:00] Fetched deals: 4
[2026-07-29T00:00:01+00:00] NO-COLOR: {"id":"995","cat_id":"5","all_dates":["2026-07-30"],"UF_CRM_1750775559215":"[]","UF_CRM_1751015039070":"false","UF_CRM_1750920048783":"[595]","UF_CRM_1750920231839":"[]","UF_CRM_1770287721239":"[]","UF_CRM_1760359069161":"null","UF_CRM_1758266160075":"[]","UF_CRM_1758530158437":"null"}
[2026-07-29T00:00:01+00:00] NO-COLOR: {"id":"999","cat_id":"5","all_dates":["2026-07-30"],"UF_CRM_1750775559215":"[]","UF_CRM_1751015039070":"false","UF_CRM_1750920048783":"[599]","UF_CRM_1750920231839":"[]","UF_CRM_1770287721239":"[]","UF_CRM_1760359069161":"null","UF_CRM_1758266160075":"[]","UF_CRM_1758530158437":"null"}
[2026-07-29T00:00:01+00:00] Colors: green=0 persisted=63, red=2
[2026-07-29T00:00:03+00:00] Cells updated: 4
[2026-07-29T00:00:03+00:00] === color-links end (1.6s) ===
[2026-07-29T00:15:01+00:00] === color-links start ===
[2026-07-29T00:15:01+00:00] Unique deals in sheet: 5
[2026-07-29T00:15:01+00:00] Already green: 63, to check: 4
[2026-07-29T00:15:01+00:00] Categories: [3,5,7]
[2026-07-29T00:15:01+00:00] Fetched deals: 4
[2026-07-29T00:15:01+00:00] NO-COLOR: {"id":"995","cat_id":"5","all_dates":["2026-07-30"],"UF_CRM_1750775559215":"[]","UF_CRM_1751015039070":"false","UF_CRM_1750920048783":"[595]","UF_CRM_1750920231839":"[]","UF_CRM_1770287721239":"[]","UF_CRM_1760359069161":"null","UF_CRM_1758266160075":"[]","UF_CRM_1758530158437":"null"}
[2026-07-29T00:15:01+00:00] NO-COLOR: {"id":"999","cat_id":"5","all_dates":["2026-07-30"],"UF_CRM_1750775559215":"[]","UF_CRM_1751015039070":"false","UF_CRM_1750920048783":"[599]","UF_CRM_1750920231839":"[]","UF_CRM_1770287721239":"[]","UF_CRM_1760359069161":"null","UF_CRM_1758266160075":"[]","UF_CRM_1758530158437":"null"}
[2026-07-29T00:15:01+00:00] Colors: green=0 persisted=63, red=2
[2026-07-29T00:15:02+00:00] Cells updated: 4
[2026-07-29T00:15:02+00:00] === color-links end (1.68s) ===
[2026-07-29T00:30:01+00:00] === color-links start ===
[2026-07-29T00:30:01+00:00] Unique deals in sheet: 5
[2026-07-29T00:30:01+00:00] Already green: 63, to check: 4
[2026-07-29T00:30:01+00:00] Categories: [3,5,7]
[2026-07-29T00:30:01+00:00] Fetched deals: 4
[2026-07-29T00:30:01+00:00] NO-COLOR: {"id":"995","cat_id":"5","all_dates":["2026-07-30"],"UF_CRM_1750775559215":"[]","UF_CRM_1751015039070":"false","UF_CRM_1750920048783":"[595]","UF_CRM_1750920231839":"[]","UF_CRM_1770287721239":"[]","UF_CRM_1760359069161":"null","UF_CRM_1758266160075":"[]","UF_CRM_1758530158437":"null"}
[2026-07-29T00:30:01+00:00] NO-COLOR: {"id":"999","cat_id":"5","all_dates":["2026-07-30"],"UF_CRM_1750775559215":"[]","UF_CRM_1751015039070":"false","UF_CRM_1750920048783":"[599]","UF_CRM_1750920231839":"[]","UF_CRM_1770287721239":"[]","UF_CRM_1760359069161":"null","UF_CRM_1758266160075":"[]","UF_CRM_1758530158437":"null"}
[2026-07-29T00:30:01+00:00] Colors: green=0 persisted=63, red=2
[2026-07-29T00:30:03+00:00] Cells updated: 4
[2026-07-29T00:30:03+00:00] === color-links end (1.7s) ===
[2026-07-29T00:45:01+00:00] === color-links start ===
[2026-07-29T00:45:01+00:00] Unique deals in sheet: 5
[2026-07-29T00:45:01+00:00] Already green: 63, to check: 4
[2026-07-29T00:45:01+00:00] Categories: [3,5,7]
[2026-07-29T00:45:02+00:00] Fetched deals: 4
[2026-07-29T00:45:02+00:00] NO-COLOR: {"id":"995","cat_id":"5","all_dates":["2026-07-30"],"UF_CRM_1750775559215":"[]","UF_CRM_1751015039070":"false","UF_CRM_1750920048783":"[595]","UF_CRM_1750920231839":"[]","UF_CRM_1770287721239":"[]","UF_CRM_1760359069161":"null","UF_CRM_1758266160075":"[]","UF_CRM_1758530158437":"null"}
[2026-07-29T00:45:02+00:00] NO-COLOR: {"id":"999","cat_id":"5","all_dates":["2026-07-30"],"UF_CRM_1750775559215":"[]","UF_CRM_1751015039070":"false","UF_CRM_1750920048783":"[599]","UF_CRM_1750920231839":"[]","UF_CRM_1770287721239":"[]","UF_CRM_1760359069161":"null","UF_CRM_1758266160075":"[]","UF_CRM_1758530158437":"null"}
[2026-07-29T00:45:02+00:00] Colors: green=0 persisted=63, red=2
[2026-07-29T00:45:03+00:00] Cells updated: 4
[2026-07-29T00:45:03+00:00] === color-links end (1.68s) ===
[2026-07-29T01:00:01+00:00] === color-links start ===
[2026-07-29T01:00:01+00:00] Unique deals in sheet: 5
[2026-07-29T01:00:01+00:00] Already green: 63, to check: 4
[2026-07-29T01:00:01+00:00] Categories: [3,5,7]
[2026-07-29T01:00:01+00:00] Fetched deals: 4
[2026-07-29T01:00:01+00:00] NO-COLOR: {"id":"995","cat_id":"5","all_dates":["2026-07-30"],"UF_CRM_1750775559215":"[]","UF_CRM_1751015039070":"false","UF_CRM_1750920048783":"[595]","UF_CRM_1750920231839":"[]","UF_CRM_1770287721239":"[]","UF_CRM_1760359069161":"null","UF_CRM_1758266160075":"[]","UF_CRM_1758530158437":"null"}
[2026-07-29T01:00:01+00:00] NO-COLOR: {"id":"999","cat_id":"5","all_dates":["2026-07-30"],"UF_CRM_1750775559215":"[]","UF_CRM_1751015039070":"false","UF_CRM_1750920048783":"[599]","UF_CRM_1750920231839":"[]","UF_CRM_1770287721239":"[]","UF_CRM_1760359069161":"null","UF_CRM_1758266160075":"[]","UF_CRM_1758530158437":"null"}
[2026-07-29T01:00:01+00:00] Colors: green=0 persisted=63, red=2
[2026-07-29T01:00:02+00:00] Cells updated: 4
[2026-07-29T01:00:02+00:00] === color-links end (1.77s) ===
[2026-07-29T01:15:01+00:00] === color-links start ===
[2026-07-29T01:15:01+00:00] Unique deals in sheet: 5
[2026-07-29T01:15:01+00:00] Already green: 63, to check: 4
[2026-07-29T01:15:01+00:00] Categories: [3,5,7]
[2026-07-29T01:15:01+00:00] Fetched deals: 4
[2026-07-29T01:15:01+00:00] NO-COLOR: {"id":"995","cat_id":"5","all_dates":["2026-07-30"],"UF_CRM_1750775559215":"[]","UF_CRM_1751015039070":"false","UF_CRM_1750920048783":"[595]","UF_CRM_1750920231839":"[]","UF_CRM_1770287721239":"[]","UF_CRM_1760359069161":"null","UF_CRM_1758266160075":"[]","UF_CRM_1758530158437":"null"}
[2026-07-29T01:15:01+00:00] NO-COLOR: {"id":"999","cat_id":"5","all_dates":["2026-07-30"],"UF_CRM_1750775559215":"[]","UF_CRM_1751015039070":"false","UF_CRM_1750920048783":"[599]","UF_CRM_1750920231839":"[]","UF_CRM_1770287721239":"[]","UF_CRM_1760359069161":"null","UF_CRM_1758266160075":"[]","UF_CRM_1758530158437":"null"}
[2026-07-29T01:15:01+00:00] Colors: green=0 persisted=63, red=2
[2026-07-29T01:15:03+00:00] Cells updated: 4
[2026-07-29T01:15:03+00:00] === color-links end (2.1s) ===
[2026-07-29T01:30:01+00:00] === color-links start ===
[2026-07-29T01:30:01+00:00] Unique deals in sheet: 5
[2026-07-29T01:30:01+00:00] Already green: 63, to check: 4
[2026-07-29T01:30:02+00:00] Categories: [3,5,7]
[2026-07-29T01:30:02+00:00] Fetched deals: 4
[2026-07-29T01:30:02+00:00] NO-COLOR: {"id":"995","cat_id":"5","all_dates":["2026-07-30"],"UF_CRM_1750775559215":"[]","UF_CRM_1751015039070":"false","UF_CRM_1750920048783":"[595]","UF_CRM_1750920231839":"[]","UF_CRM_1770287721239":"[]","UF_CRM_1760359069161":"null","UF_CRM_1758266160075":"[]","UF_CRM_1758530158437":"null"}
[2026-07-29T01:30:02+00:00] NO-COLOR: {"id":"999","cat_id":"5","all_dates":["2026-07-30"],"UF_CRM_1750775559215":"[]","UF_CRM_1751015039070":"false","UF_CRM_1750920048783":"[599]","UF_CRM_1750920231839":"[]","UF_CRM_1770287721239":"[]","UF_CRM_1760359069161":"null","UF_CRM_1758266160075":"[]","UF_CRM_1758530158437":"null"}
[2026-07-29T01:30:02+00:00] Colors: green=0 persisted=63, red=2
[2026-07-29T01:30:04+00:00] Cells updated: 4
[2026-07-29T01:30:04+00:00] === color-links end (2.2s) ===
[2026-07-29T01:45:01+00:00] === color-links start ===
[2026-07-29T01:45:01+00:00] Unique deals in sheet: 5
[2026-07-29T01:45:01+00:00] Already green: 63, to check: 4
[2026-07-29T01:45:01+00:00] Categories: [3,5,7]
[2026-07-29T01:45:01+00:00] Fetched deals: 4
[2026-07-29T01:45:01+00:00] NO-COLOR: {"id":"995","cat_id":"5","all_dates":["2026-07-30"],"UF_CRM_1750775559215":"[]","UF_CRM_1751015039070":"false","UF_CRM_1750920048783":"[595]","UF_CRM_1750920231839":"[]","UF_CRM_1770287721239":"[]","UF_CRM_1760359069161":"null","UF_CRM_1758266160075":"[]","UF_CRM_1758530158437":"null"}
[2026-07-29T01:45:01+00:00] NO-COLOR: {"id":"999","cat_id":"5","all_dates":["2026-07-30"],"UF_CRM_1750775559215":"[]","UF_CRM_1751015039070":"false","UF_CRM_1750920048783":"[599]","UF_CRM_1750920231839":"[]","UF_CRM_1770287721239":"[]","UF_CRM_1760359069161":"null","UF_CRM_1758266160075":"[]","UF_CRM_1758530158437":"null"}
[2026-07-29T01:45:01+00:00] Colors: green=0 persisted=63, red=2
[2026-07-29T01:45:03+00:00] Cells updated: 4
[2026-07-29T01:45:03+00:00] === color-links end (1.63s) ===
[2026-07-29T02:00:01+00:00] === color-links start ===
[2026-07-29T02:00:01+00:00] Unique deals in sheet: 5
[2026-07-29T02:00:01+00:00] Already green: 63, to check: 4
[2026-07-29T02:00:01+00:00] Categories: [3,5,7]
[2026-07-29T02:00:01+00:00] Fetched deals: 4
[2026-07-29T02:00:01+00:00] NO-COLOR: {"id":"995","cat_id":"5","all_dates":["2026-07-30"],"UF_CRM_1750775559215":"[]","UF_CRM_1751015039070":"false","UF_CRM_1750920048783":"[595]","UF_CRM_1750920231839":"[]","UF_CRM_1770287721239":"[]","UF_CRM_1760359069161":"null","UF_CRM_1758266160075":"[]","UF_CRM_1758530158437":"null"}
[2026-07-29T02:00:01+00:00] NO-COLOR: {"id":"999","cat_id":"5","all_dates":["2026-07-30"],"UF_CRM_1750775559215":"[]","UF_CRM_1751015039070":"false","UF_CRM_1750920048783":"[599]","UF_CRM_1750920231839":"[]","UF_CRM_1770287721239":"[]","UF_CRM_1760359069161":"null","UF_CRM_1758266160075":"[]","UF_CRM_1758530158437":"null"}
[2026-07-29T02:00:01+00:00] Colors: green=0 persisted=63, red=2
[2026-07-29T02:00:03+00:00] Cells updated: 4
[2026-07-29T02:00:03+00:00] === color-links end (2.11s) ===
[2026-07-29T02:15:01+00:00] === color-links start ===
[2026-07-29T02:15:01+00:00] Unique deals in sheet: 5
[2026-07-29T02:15:01+00:00] Already green: 63, to check: 4
[2026-07-29T02:15:01+00:00] Categories: [3,5,7]
[2026-07-29T02:15:01+00:00] Fetched deals: 4
[2026-07-29T02:15:01+00:00] NO-COLOR: {"id":"995","cat_id":"5","all_dates":["2026-07-30"],"UF_CRM_1750775559215":"[]","UF_CRM_1751015039070":"false","UF_CRM_1750920048783":"[595]","UF_CRM_1750920231839":"[]","UF_CRM_1770287721239":"[]","UF_CRM_1760359069161":"null","UF_CRM_1758266160075":"[]","UF_CRM_1758530158437":"null"}
[2026-07-29T02:15:01+00:00] NO-COLOR: {"id":"999","cat_id":"5","all_dates":["2026-07-30"],"UF_CRM_1750775559215":"[]","UF_CRM_1751015039070":"false","UF_CRM_1750920048783":"[599]","UF_CRM_1750920231839":"[]","UF_CRM_1770287721239":"[]","UF_CRM_1760359069161":"null","UF_CRM_1758266160075":"[]","UF_CRM_1758530158437":"null"}
[2026-07-29T02:15:01+00:00] Colors: green=0 persisted=63, red=2
[2026-07-29T02:15:03+00:00] Cells updated: 4
[2026-07-29T02:15:03+00:00] === color-links end (1.64s) ===
[2026-07-29T02:30:01+00:00] === color-links start ===
[2026-07-29T02:30:01+00:00] Unique deals in sheet: 5
[2026-07-29T02:30:01+00:00] Already green: 63, to check: 4
[2026-07-29T02:30:01+00:00] Categories: [3,5,7]
[2026-07-29T02:30:02+00:00] Fetched deals: 4
[2026-07-29T02:30:02+00:00] NO-COLOR: {"id":"995","cat_id":"5","all_dates":["2026-07-30"],"UF_CRM_1750775559215":"[]","UF_CRM_1751015039070":"false","UF_CRM_1750920048783":"[595]","UF_CRM_1750920231839":"[]","UF_CRM_1770287721239":"[]","UF_CRM_1760359069161":"null","UF_CRM_1758266160075":"[]","UF_CRM_1758530158437":"null"}
[2026-07-29T02:30:02+00:00] NO-COLOR: {"id":"999","cat_id":"5","all_dates":["2026-07-30"],"UF_CRM_1750775559215":"[]","UF_CRM_1751015039070":"false","UF_CRM_1750920048783":"[599]","UF_CRM_1750920231839":"[]","UF_CRM_1770287721239":"[]","UF_CRM_1760359069161":"null","UF_CRM_1758266160075":"[]","UF_CRM_1758530158437":"null"}
[2026-07-29T02:30:02+00:00] Colors: green=0 persisted=63, red=2
[2026-07-29T02:30:03+00:00] Cells updated: 4
[2026-07-29T02:30:03+00:00] === color-links end (2.26s) ===
[2026-07-29T02:45:02+00:00] === color-links start ===
[2026-07-29T02:45:02+00:00] Unique deals in sheet: 5
[2026-07-29T02:45:02+00:00] Already green: 63, to check: 4
[2026-07-29T02:45:02+00:00] Categories: [3,5,7]
[2026-07-29T02:45:02+00:00] Fetched deals: 4
[2026-07-29T02:45:02+00:00] NO-COLOR: {"id":"995","cat_id":"5","all_dates":["2026-07-30"],"UF_CRM_1750775559215":"[]","UF_CRM_1751015039070":"false","UF_CRM_1750920048783":"[595]","UF_CRM_1750920231839":"[]","UF_CRM_1770287721239":"[]","UF_CRM_1760359069161":"null","UF_CRM_1758266160075":"[]","UF_CRM_1758530158437":"null"}
[2026-07-29T02:45:02+00:00] NO-COLOR: {"id":"999","cat_id":"5","all_dates":["2026-07-30"],"UF_CRM_1750775559215":"[]","UF_CRM_1751015039070":"false","UF_CRM_1750920048783":"[599]","UF_CRM_1750920231839":"[]","UF_CRM_1770287721239":"[]","UF_CRM_1760359069161":"null","UF_CRM_1758266160075":"[]","UF_CRM_1758530158437":"null"}
[2026-07-29T02:45:02+00:00] Colors: green=0 persisted=63, red=2
[2026-07-29T02:45:03+00:00] Cells updated: 4
[2026-07-29T02:45:03+00:00] === color-links end (1.55s) ===
[2026-07-29T03:00:01+00:00] === color-links start ===
[2026-07-29T03:00:01+00:00] Unique deals in sheet: 5
[2026-07-29T03:00:01+00:00] Already green: 63, to check: 4
[2026-07-29T03:00:01+00:00] Categories: [3,5,7]
[2026-07-29T03:00:01+00:00] Fetched deals: 4
[2026-07-29T03:00:01+00:00] NO-COLOR: {"id":"995","cat_id":"5","all_dates":["2026-07-30"],"UF_CRM_1750775559215":"[]","UF_CRM_1751015039070":"false","UF_CRM_1750920048783":"[595]","UF_CRM_1750920231839":"[]","UF_CRM_1770287721239":"[]","UF_CRM_1760359069161":"null","UF_CRM_1758266160075":"[]","UF_CRM_1758530158437":"null"}
[2026-07-29T03:00:01+00:00] NO-COLOR: {"id":"999","cat_id":"5","all_dates":["2026-07-30"],"UF_CRM_1750775559215":"[]","UF_CRM_1751015039070":"false","UF_CRM_1750920048783":"[599]","UF_CRM_1750920231839":"[]","UF_CRM_1770287721239":"[]","UF_CRM_1760359069161":"null","UF_CRM_1758266160075":"[]","UF_CRM_1758530158437":"null"}
[2026-07-29T03:00:01+00:00] Colors: green=0 persisted=63, red=2
[2026-07-29T03:00:04+00:00] Cells updated: 4
[2026-07-29T03:00:04+00:00] === color-links end (3.01s) ===
[2026-07-29T03:15:01+00:00] === color-links start ===
[2026-07-29T03:15:01+00:00] Unique deals in sheet: 5
[2026-07-29T03:15:01+00:00] Already green: 63, to check: 4
[2026-07-29T03:15:01+00:00] Categories: [3,5,7]
[2026-07-29T03:15:01+00:00] Fetched deals: 4
[2026-07-29T03:15:01+00:00] NO-COLOR: {"id":"995","cat_id":"5","all_dates":["2026-07-30"],"UF_CRM_1750775559215":"[]","UF_CRM_1751015039070":"false","UF_CRM_1750920048783":"[595]","UF_CRM_1750920231839":"[]","UF_CRM_1770287721239":"[]","UF_CRM_1760359069161":"null","UF_CRM_1758266160075":"[]","UF_CRM_1758530158437":"null"}
[2026-07-29T03:15:01+00:00] NO-COLOR: {"id":"999","cat_id":"5","all_dates":["2026-07-30"],"UF_CRM_1750775559215":"[]","UF_CRM_1751015039070":"false","UF_CRM_1750920048783":"[599]","UF_CRM_1750920231839":"[]","UF_CRM_1770287721239":"[]","UF_CRM_1760359069161":"null","UF_CRM_1758266160075":"[]","UF_CRM_1758530158437":"null"}
[2026-07-29T03:15:01+00:00] Colors: green=0 persisted=63, red=2
[2026-07-29T03:15:03+00:00] Cells updated: 4
[2026-07-29T03:15:03+00:00] === color-links end (1.61s) ===
[2026-07-29T03:30:01+00:00] === color-links start ===
[2026-07-29T03:30:01+00:00] Unique deals in sheet: 5
[2026-07-29T03:30:01+00:00] Already green: 63, to check: 4
[2026-07-29T03:30:01+00:00] Categories: [3,5,7]
[2026-07-29T03:30:01+00:00] Fetched deals: 4
[2026-07-29T03:30:01+00:00] NO-COLOR: {"id":"995","cat_id":"5","all_dates":["2026-07-30"],"UF_CRM_1750775559215":"[]","UF_CRM_1751015039070":"false","UF_CRM_1750920048783":"[595]","UF_CRM_1750920231839":"[]","UF_CRM_1770287721239":"[]","UF_CRM_1760359069161":"null","UF_CRM_1758266160075":"[]","UF_CRM_1758530158437":"null"}
[2026-07-29T03:30:01+00:00] NO-COLOR: {"id":"999","cat_id":"5","all_dates":["2026-07-30"],"UF_CRM_1750775559215":"[]","UF_CRM_1751015039070":"false","UF_CRM_1750920048783":"[599]","UF_CRM_1750920231839":"[]","UF_CRM_1770287721239":"[]","UF_CRM_1760359069161":"null","UF_CRM_1758266160075":"[]","UF_CRM_1758530158437":"null"}
[2026-07-29T03:30:01+00:00] Colors: green=0 persisted=63, red=2
[2026-07-29T03:30:03+00:00] Cells updated: 4
[2026-07-29T03:30:03+00:00] === color-links end (1.71s) ===
[2026-07-29T03:45:01+00:00] === color-links start ===
[2026-07-29T03:45:01+00:00] Unique deals in sheet: 5
[2026-07-29T03:45:01+00:00] Already green: 63, to check: 4
[2026-07-29T03:45:01+00:00] Categories: [3,5,7]
[2026-07-29T03:45:01+00:00] Fetched deals: 4
[2026-07-29T03:45:01+00:00] NO-COLOR: {"id":"995","cat_id":"5","all_dates":["2026-07-30"],"UF_CRM_1750775559215":"[]","UF_CRM_1751015039070":"false","UF_CRM_1750920048783":"[595]","UF_CRM_1750920231839":"[]","UF_CRM_1770287721239":"[]","UF_CRM_1760359069161":"null","UF_CRM_1758266160075":"[]","UF_CRM_1758530158437":"null"}
[2026-07-29T03:45:01+00:00] NO-COLOR: {"id":"999","cat_id":"5","all_dates":["2026-07-30"],"UF_CRM_1750775559215":"[]","UF_CRM_1751015039070":"false","UF_CRM_1750920048783":"[599]","UF_CRM_1750920231839":"[]","UF_CRM_1770287721239":"[]","UF_CRM_1760359069161":"null","UF_CRM_1758266160075":"[]","UF_CRM_1758530158437":"null"}
[2026-07-29T03:45:01+00:00] Colors: green=0 persisted=63, red=2
[2026-07-29T03:45:03+00:00] Cells updated: 4
[2026-07-29T03:45:03+00:00] === color-links end (1.72s) ===
[2026-07-29T04:00:01+00:00] === color-links start ===
[2026-07-29T04:00:01+00:00] Unique deals in sheet: 5
[2026-07-29T04:00:01+00:00] Already green: 63, to check: 4
[2026-07-29T04:00:01+00:00] Categories: [3,5,7]
[2026-07-29T04:00:02+00:00] Fetched deals: 4
[2026-07-29T04:00:02+00:00] NO-COLOR: {"id":"995","cat_id":"5","all_dates":["2026-07-30"],"UF_CRM_1750775559215":"[]","UF_CRM_1751015039070":"false","UF_CRM_1750920048783":"[595]","UF_CRM_1750920231839":"[]","UF_CRM_1770287721239":"[]","UF_CRM_1760359069161":"null","UF_CRM_1758266160075":"[]","UF_CRM_1758530158437":"null"}
[2026-07-29T04:00:02+00:00] NO-COLOR: {"id":"999","cat_id":"5","all_dates":["2026-07-30"],"UF_CRM_1750775559215":"[]","UF_CRM_1751015039070":"false","UF_CRM_1750920048783":"[599]","UF_CRM_1750920231839":"[]","UF_CRM_1770287721239":"[]","UF_CRM_1760359069161":"null","UF_CRM_1758266160075":"[]","UF_CRM_1758530158437":"null"}
[2026-07-29T04:00:02+00:00] Colors: green=0 persisted=63, red=2
[2026-07-29T04:00:04+00:00] Cells updated: 4
[2026-07-29T04:00:04+00:00] === color-links end (2.47s) ===
[2026-07-29T04:15:01+00:00] === color-links start ===
[2026-07-29T04:15:01+00:00] Unique deals in sheet: 5
[2026-07-29T04:15:01+00:00] Already green: 63, to check: 4
[2026-07-29T04:15:01+00:00] Categories: [3,5,7]
[2026-07-29T04:15:02+00:00] Fetched deals: 4
[2026-07-29T04:15:02+00:00] NO-COLOR: {"id":"995","cat_id":"5","all_dates":["2026-07-30"],"UF_CRM_1750775559215":"[]","UF_CRM_1751015039070":"false","UF_CRM_1750920048783":"[595]","UF_CRM_1750920231839":"[]","UF_CRM_1770287721239":"[]","UF_CRM_1760359069161":"null","UF_CRM_1758266160075":"[]","UF_CRM_1758530158437":"null"}
[2026-07-29T04:15:02+00:00] NO-COLOR: {"id":"999","cat_id":"5","all_dates":["2026-07-30"],"UF_CRM_1750775559215":"[]","UF_CRM_1751015039070":"false","UF_CRM_1750920048783":"[599]","UF_CRM_1750920231839":"[]","UF_CRM_1770287721239":"[]","UF_CRM_1760359069161":"null","UF_CRM_1758266160075":"[]","UF_CRM_1758530158437":"null"}
[2026-07-29T04:15:02+00:00] Colors: green=0 persisted=63, red=2
[2026-07-29T04:15:03+00:00] Cells updated: 4
[2026-07-29T04:15:03+00:00] === color-links end (1.79s) ===
[2026-07-29T04:30:01+00:00] === color-links start ===
[2026-07-29T04:30:01+00:00] Unique deals in sheet: 5
[2026-07-29T04:30:01+00:00] Already green: 63, to check: 4
[2026-07-29T04:30:01+00:00] Categories: [3,5,7]
[2026-07-29T04:30:01+00:00] Fetched deals: 4
[2026-07-29T04:30:01+00:00] NO-COLOR: {"id":"995","cat_id":"5","all_dates":["2026-07-30"],"UF_CRM_1750775559215":"[]","UF_CRM_1751015039070":"false","UF_CRM_1750920048783":"[595]","UF_CRM_1750920231839":"[]","UF_CRM_1770287721239":"[]","UF_CRM_1760359069161":"null","UF_CRM_1758266160075":"[]","UF_CRM_1758530158437":"null"}
[2026-07-29T04:30:01+00:00] NO-COLOR: {"id":"999","cat_id":"5","all_dates":["2026-07-30"],"UF_CRM_1750775559215":"[]","UF_CRM_1751015039070":"false","UF_CRM_1750920048783":"[599]","UF_CRM_1750920231839":"[]","UF_CRM_1770287721239":"[]","UF_CRM_1760359069161":"null","UF_CRM_1758266160075":"[]","UF_CRM_1758530158437":"null"}
[2026-07-29T04:30:01+00:00] Colors: green=0 persisted=63, red=2
[2026-07-29T04:30:03+00:00] Cells updated: 4
[2026-07-29T04:30:03+00:00] === color-links end (2.07s) ===
[2026-07-29T04:45:01+00:00] === color-links start ===
[2026-07-29T04:45:01+00:00] Unique deals in sheet: 5
[2026-07-29T04:45:01+00:00] Already green: 63, to check: 4
[2026-07-29T04:45:01+00:00] Categories: [3,5,7]
[2026-07-29T04:45:01+00:00] Fetched deals: 4
[2026-07-29T04:45:01+00:00] NO-COLOR: {"id":"995","cat_id":"5","all_dates":["2026-07-30"],"UF_CRM_1750775559215":"[]","UF_CRM_1751015039070":"false","UF_CRM_1750920048783":"[595]","UF_CRM_1750920231839":"[]","UF_CRM_1770287721239":"[]","UF_CRM_1760359069161":"null","UF_CRM_1758266160075":"[]","UF_CRM_1758530158437":"null"}
[2026-07-29T04:45:01+00:00] NO-COLOR: {"id":"999","cat_id":"5","all_dates":["2026-07-30"],"UF_CRM_1750775559215":"[]","UF_CRM_1751015039070":"false","UF_CRM_1750920048783":"[599]","UF_CRM_1750920231839":"[]","UF_CRM_1770287721239":"[]","UF_CRM_1760359069161":"null","UF_CRM_1758266160075":"[]","UF_CRM_1758530158437":"null"}
[2026-07-29T04:45:01+00:00] Colors: green=0 persisted=63, red=2
[2026-07-29T04:45:03+00:00] Cells updated: 4
[2026-07-29T04:45:03+00:00] === color-links end (1.69s) ===
[2026-07-29T05:00:01+00:00] === color-links start ===
[2026-07-29T05:00:01+00:00] Unique deals in sheet: 5
[2026-07-29T05:00:01+00:00] Already green: 63, to check: 4
[2026-07-29T05:00:01+00:00] Categories: [3,5,7]
[2026-07-29T05:00:02+00:00] Fetched deals: 4
[2026-07-29T05:00:02+00:00] NO-COLOR: {"id":"995","cat_id":"5","all_dates":["2026-07-30"],"UF_CRM_1750775559215":"[]","UF_CRM_1751015039070":"false","UF_CRM_1750920048783":"[595]","UF_CRM_1750920231839":"[]","UF_CRM_1770287721239":"[]","UF_CRM_1760359069161":"null","UF_CRM_1758266160075":"[]","UF_CRM_1758530158437":"null"}
[2026-07-29T05:00:02+00:00] NO-COLOR: {"id":"999","cat_id":"5","all_dates":["2026-07-30"],"UF_CRM_1750775559215":"[]","UF_CRM_1751015039070":"false","UF_CRM_1750920048783":"[599]","UF_CRM_1750920231839":"[]","UF_CRM_1770287721239":"[]","UF_CRM_1760359069161":"null","UF_CRM_1758266160075":"[]","UF_CRM_1758530158437":"null"}
[2026-07-29T05:00:02+00:00] Colors: green=0 persisted=63, red=2
[2026-07-29T05:00:03+00:00] Cells updated: 4
[2026-07-29T05:00:03+00:00] === color-links end (1.71s) ===
[2026-07-29T05:15:01+00:00] === color-links start ===
[2026-07-29T05:15:01+00:00] Unique deals in sheet: 5
[2026-07-29T05:15:01+00:00] Already green: 63, to check: 4
[2026-07-29T05:15:01+00:00] Categories: [3,5,7]
[2026-07-29T05:15:01+00:00] Fetched deals: 4
[2026-07-29T05:15:01+00:00] NO-COLOR: {"id":"995","cat_id":"5","all_dates":["2026-07-30"],"UF_CRM_1750775559215":"[]","UF_CRM_1751015039070":"false","UF_CRM_1750920048783":"[595]","UF_CRM_1750920231839":"[]","UF_CRM_1770287721239":"[]","UF_CRM_1760359069161":"null","UF_CRM_1758266160075":"[]","UF_CRM_1758530158437":"null"}
[2026-07-29T05:15:01+00:00] NO-COLOR: {"id":"999","cat_id":"5","all_dates":["2026-07-30"],"UF_CRM_1750775559215":"[]","UF_CRM_1751015039070":"false","UF_CRM_1750920048783":"[599]","UF_CRM_1750920231839":"[]","UF_CRM_1770287721239":"[]","UF_CRM_1760359069161":"null","UF_CRM_1758266160075":"[]","UF_CRM_1758530158437":"null"}
[2026-07-29T05:15:01+00:00] Colors: green=0 persisted=63, red=2
[2026-07-29T05:15:04+00:00] Cells updated: 4
[2026-07-29T05:15:04+00:00] === color-links end (2.67s) ===
[2026-07-29T05:30:01+00:00] === color-links start ===
[2026-07-29T05:30:01+00:00] Unique deals in sheet: 5
[2026-07-29T05:30:01+00:00] Already green: 63, to check: 4
[2026-07-29T05:30:01+00:00] Categories: [3,5,7]
[2026-07-29T05:30:01+00:00] Fetched deals: 4
[2026-07-29T05:30:01+00:00] NO-COLOR: {"id":"995","cat_id":"5","all_dates":["2026-07-30"],"UF_CRM_1750775559215":"[]","UF_CRM_1751015039070":"false","UF_CRM_1750920048783":"[595]","UF_CRM_1750920231839":"[]","UF_CRM_1770287721239":"[]","UF_CRM_1760359069161":"null","UF_CRM_1758266160075":"[]","UF_CRM_1758530158437":"null"}
[2026-07-29T05:30:01+00:00] NO-COLOR: {"id":"999","cat_id":"5","all_dates":["2026-07-30"],"UF_CRM_1750775559215":"[]","UF_CRM_1751015039070":"false","UF_CRM_1750920048783":"[599]","UF_CRM_1750920231839":"[]","UF_CRM_1770287721239":"[]","UF_CRM_1760359069161":"null","UF_CRM_1758266160075":"[]","UF_CRM_1758530158437":"null"}
[2026-07-29T05:30:01+00:00] Colors: green=0 persisted=63, red=2
[2026-07-29T05:30:03+00:00] Cells updated: 4
[2026-07-29T05:30:03+00:00] === color-links end (1.67s) ===
[2026-07-29T05:45:01+00:00] === color-links start ===
[2026-07-29T05:45:01+00:00] Unique deals in sheet: 5
[2026-07-29T05:45:01+00:00] Already green: 63, to check: 4
[2026-07-29T05:45:01+00:00] Categories: [3,5,7]
[2026-07-29T05:45:01+00:00] Fetched deals: 4
[2026-07-29T05:45:01+00:00] NO-COLOR: {"id":"995","cat_id":"5","all_dates":["2026-07-30"],"UF_CRM_1750775559215":"[]","UF_CRM_1751015039070":"false","UF_CRM_1750920048783":"[595]","UF_CRM_1750920231839":"[]","UF_CRM_1770287721239":"[]","UF_CRM_1760359069161":"null","UF_CRM_1758266160075":"[]","UF_CRM_1758530158437":"null"}
[2026-07-29T05:45:01+00:00] NO-COLOR: {"id":"999","cat_id":"5","all_dates":["2026-07-30"],"UF_CRM_1750775559215":"[]","UF_CRM_1751015039070":"false","UF_CRM_1750920048783":"[599]","UF_CRM_1750920231839":"[]","UF_CRM_1770287721239":"[]","UF_CRM_1760359069161":"null","UF_CRM_1758266160075":"[]","UF_CRM_1758530158437":"null"}
[2026-07-29T05:45:01+00:00] Colors: green=0 persisted=63, red=2
[2026-07-29T05:45:02+00:00] Cells updated: 4
[2026-07-29T05:45:02+00:00] === color-links end (1.61s) ===
[2026-07-29T06:00:01+00:00] === color-links start ===
[2026-07-29T06:00:01+00:00] Unique deals in sheet: 5
[2026-07-29T06:00:01+00:00] Already green: 63, to check: 4
[2026-07-29T06:00:01+00:00] Categories: [3,5,7]
[2026-07-29T06:00:01+00:00] Fetched deals: 4
[2026-07-29T06:00:01+00:00] NO-COLOR: {"id":"995","cat_id":"5","all_dates":["2026-07-30"],"UF_CRM_1750775559215":"[]","UF_CRM_1751015039070":"false","UF_CRM_1750920048783":"[595]","UF_CRM_1750920231839":"[]","UF_CRM_1770287721239":"[]","UF_CRM_1760359069161":"null","UF_CRM_1758266160075":"[]","UF_CRM_1758530158437":"null"}
[2026-07-29T06:00:01+00:00] NO-COLOR: {"id":"999","cat_id":"5","all_dates":["2026-07-30"],"UF_CRM_1750775559215":"[]","UF_CRM_1751015039070":"false","UF_CRM_1750920048783":"[599]","UF_CRM_1750920231839":"[]","UF_CRM_1770287721239":"[]","UF_CRM_1760359069161":"null","UF_CRM_1758266160075":"[]","UF_CRM_1758530158437":"null"}
[2026-07-29T06:00:01+00:00] Colors: green=0 persisted=63, red=2
[2026-07-29T06:00:03+00:00] Cells updated: 4
[2026-07-29T06:00:03+00:00] === color-links end (1.8s) ===
[2026-07-29T06:15:01+00:00] === color-links start ===
[2026-07-29T06:15:01+00:00] Unique deals in sheet: 5
[2026-07-29T06:15:01+00:00] Already green: 63, to check: 4
[2026-07-29T06:15:01+00:00] Categories: [3,5,7]
[2026-07-29T06:15:02+00:00] Fetched deals: 4
[2026-07-29T06:15:02+00:00] NO-COLOR: {"id":"995","cat_id":"5","all_dates":["2026-07-30"],"UF_CRM_1750775559215":"[]","UF_CRM_1751015039070":"false","UF_CRM_1750920048783":"[595]","UF_CRM_1750920231839":"[]","UF_CRM_1770287721239":"[]","UF_CRM_1760359069161":"null","UF_CRM_1758266160075":"[]","UF_CRM_1758530158437":"null"}
[2026-07-29T06:15:02+00:00] NO-COLOR: {"id":"999","cat_id":"5","all_dates":["2026-07-30"],"UF_CRM_1750775559215":"[]","UF_CRM_1751015039070":"false","UF_CRM_1750920048783":"[599]","UF_CRM_1750920231839":"[]","UF_CRM_1770287721239":"[]","UF_CRM_1760359069161":"null","UF_CRM_1758266160075":"[]","UF_CRM_1758530158437":"null"}
[2026-07-29T06:15:02+00:00] Colors: green=0 persisted=63, red=2
[2026-07-29T06:15:04+00:00] Cells updated: 4
[2026-07-29T06:15:04+00:00] === color-links end (2.51s) ===
[2026-07-29T06:30:01+00:00] === color-links start ===
[2026-07-29T06:30:01+00:00] Unique deals in sheet: 5
[2026-07-29T06:30:01+00:00] Already green: 63, to check: 4
[2026-07-29T06:30:02+00:00] Categories: [3,5,7]
[2026-07-29T06:30:02+00:00] Fetched deals: 4
[2026-07-29T06:30:02+00:00] NO-COLOR: {"id":"995","cat_id":"5","all_dates":["2026-07-30"],"UF_CRM_1750775559215":"[]","UF_CRM_1751015039070":"false","UF_CRM_1750920048783":"[595]","UF_CRM_1750920231839":"[]","UF_CRM_1770287721239":"[]","UF_CRM_1760359069161":"null","UF_CRM_1758266160075":"[]","UF_CRM_1758530158437":"null"}
[2026-07-29T06:30:02+00:00] NO-COLOR: {"id":"999","cat_id":"5","all_dates":["2026-07-30"],"UF_CRM_1750775559215":"[]","UF_CRM_1751015039070":"false","UF_CRM_1750920048783":"[599]","UF_CRM_1750920231839":"[]","UF_CRM_1770287721239":"[]","UF_CRM_1760359069161":"null","UF_CRM_1758266160075":"[]","UF_CRM_1758530158437":"null"}
[2026-07-29T06:30:02+00:00] Colors: green=0 persisted=63, red=2
[2026-07-29T06:30:03+00:00] Cells updated: 4
[2026-07-29T06:30:03+00:00] === color-links end (1.61s) ===
[2026-07-29T06:45:01+00:00] === color-links start ===
[2026-07-29T06:45:01+00:00] Unique deals in sheet: 5
[2026-07-29T06:45:01+00:00] Already green: 63, to check: 4
[2026-07-29T06:45:01+00:00] Categories: [3,5,7]
[2026-07-29T06:45:02+00:00] Fetched deals: 4
[2026-07-29T06:45:02+00:00] NO-COLOR: {"id":"995","cat_id":"5","all_dates":["2026-07-30"],"UF_CRM_1750775559215":"[]","UF_CRM_1751015039070":"false","UF_CRM_1750920048783":"[595]","UF_CRM_1750920231839":"[]","UF_CRM_1770287721239":"[]","UF_CRM_1760359069161":"null","UF_CRM_1758266160075":"[]","UF_CRM_1758530158437":"null"}
[2026-07-29T06:45:02+00:00] NO-COLOR: {"id":"999","cat_id":"5","all_dates":["2026-07-30"],"UF_CRM_1750775559215":"[]","UF_CRM_1751015039070":"false","UF_CRM_1750920048783":"[599]","UF_CRM_1750920231839":"[]","UF_CRM_1770287721239":"[]","UF_CRM_1760359069161":"null","UF_CRM_1758266160075":"[]","UF_CRM_1758530158437":"null"}
[2026-07-29T06:45:02+00:00] Colors: green=0 persisted=63, red=2
[2026-07-29T06:45:04+00:00] Cells updated: 4
[2026-07-29T06:45:04+00:00] === color-links end (2.35s) ===
[2026-07-29T07:00:01+00:00] === color-links start ===
[2026-07-29T07:00:01+00:00] Unique deals in sheet: 6
[2026-07-29T07:00:01+00:00] Already green: 63, to check: 5
[2026-07-29T07:00:02+00:00] Categories: [3,5,7]
[2026-07-29T07:00:03+00:00] Fetched deals: 5
[2026-07-29T07:00:03+00:00] NO-COLOR: {"id":"995","cat_id":"5","all_dates":["2026-07-30"],"UF_CRM_1750775559215":"[]","UF_CRM_1751015039070":"false","UF_CRM_1750920048783":"[595]","UF_CRM_1750920231839":"[]","UF_CRM_1770287721239":"[]","UF_CRM_1760359069161":"null","UF_CRM_1758266160075":"[]","UF_CRM_1758530158437":"null"}
[2026-07-29T07:00:03+00:00] NO-COLOR: {"id":"999","cat_id":"5","all_dates":["2026-07-30"],"UF_CRM_1750775559215":"[]","UF_CRM_1751015039070":"false","UF_CRM_1750920048783":"[599]","UF_CRM_1750920231839":"[]","UF_CRM_1770287721239":"[]","UF_CRM_1760359069161":"null","UF_CRM_1758266160075":"[]","UF_CRM_1758530158437":"null"}
[2026-07-29T07:00:03+00:00] Colors: green=0 persisted=63, red=3
[2026-07-29T07:00:04+00:00] Cells updated: 5
[2026-07-29T07:00:04+00:00] === color-links end (2.47s) ===
[2026-07-29T07:15:01+00:00] === color-links start ===
[2026-07-29T07:15:01+00:00] Unique deals in sheet: 6
[2026-07-29T07:15:01+00:00] Already green: 63, to check: 5
[2026-07-29T07:15:01+00:00] Categories: [3,5,7]
[2026-07-29T07:15:02+00:00] Fetched deals: 5
[2026-07-29T07:15:02+00:00] NO-COLOR: {"id":"995","cat_id":"5","all_dates":["2026-07-30"],"UF_CRM_1750775559215":"[]","UF_CRM_1751015039070":"false","UF_CRM_1750920048783":"[595]","UF_CRM_1750920231839":"[]","UF_CRM_1770287721239":"[]","UF_CRM_1760359069161":"null","UF_CRM_1758266160075":"[]","UF_CRM_1758530158437":"null"}
[2026-07-29T07:15:02+00:00] NO-COLOR: {"id":"999","cat_id":"5","all_dates":["2026-07-30"],"UF_CRM_1750775559215":"[]","UF_CRM_1751015039070":"false","UF_CRM_1750920048783":"[599]","UF_CRM_1750920231839":"[]","UF_CRM_1770287721239":"[]","UF_CRM_1760359069161":"null","UF_CRM_1758266160075":"[]","UF_CRM_1758530158437":"null"}
[2026-07-29T07:15:02+00:00] Colors: green=0 persisted=63, red=3
[2026-07-29T07:15:04+00:00] Cells updated: 5
[2026-07-29T07:15:04+00:00] === color-links end (3.11s) ===
[2026-07-29T07:30:01+00:00] === color-links start ===
[2026-07-29T07:30:01+00:00] Unique deals in sheet: 6
[2026-07-29T07:30:01+00:00] Already green: 63, to check: 5
[2026-07-29T07:30:01+00:00] Categories: [3,5,7]
[2026-07-29T07:30:01+00:00] Fetched deals: 5
[2026-07-29T07:30:01+00:00] NO-COLOR: {"id":"995","cat_id":"5","all_dates":["2026-07-30"],"UF_CRM_1750775559215":"[]","UF_CRM_1751015039070":"false","UF_CRM_1750920048783":"[595]","UF_CRM_1750920231839":"[]","UF_CRM_1770287721239":"[]","UF_CRM_1760359069161":"null","UF_CRM_1758266160075":"[]","UF_CRM_1758530158437":"null"}
[2026-07-29T07:30:01+00:00] NO-COLOR: {"id":"999","cat_id":"5","all_dates":["2026-07-30"],"UF_CRM_1750775559215":"[]","UF_CRM_1751015039070":"false","UF_CRM_1750920048783":"[599]","UF_CRM_1750920231839":"[]","UF_CRM_1770287721239":"[]","UF_CRM_1760359069161":"null","UF_CRM_1758266160075":"[]","UF_CRM_1758530158437":"null"}
[2026-07-29T07:30:01+00:00] Colors: green=0 persisted=63, red=3
[2026-07-29T07:30:03+00:00] Cells updated: 5
[2026-07-29T07:30:03+00:00] === color-links end (2.16s) ===
[2026-07-29T07:45:01+00:00] === color-links start ===
[2026-07-29T07:45:01+00:00] Unique deals in sheet: 6
[2026-07-29T07:45:01+00:00] Already green: 63, to check: 5
[2026-07-29T07:45:01+00:00] Categories: [3,5,7]
[2026-07-29T07:45:01+00:00] Fetched deals: 5
[2026-07-29T07:45:01+00:00] NO-COLOR: {"id":"995","cat_id":"5","all_dates":["2026-07-30"],"UF_CRM_1750775559215":"[]","UF_CRM_1751015039070":"false","UF_CRM_1750920048783":"[595]","UF_CRM_1750920231839":"[]","UF_CRM_1770287721239":"[]","UF_CRM_1760359069161":"null","UF_CRM_1758266160075":"[]","UF_CRM_1758530158437":"null"}
[2026-07-29T07:45:01+00:00] NO-COLOR: {"id":"999","cat_id":"5","all_dates":["2026-07-30"],"UF_CRM_1750775559215":"[]","UF_CRM_1751015039070":"false","UF_CRM_1750920048783":"[599]","UF_CRM_1750920231839":"[]","UF_CRM_1770287721239":"[]","UF_CRM_1760359069161":"null","UF_CRM_1758266160075":"[]","UF_CRM_1758530158437":"null"}
[2026-07-29T07:45:01+00:00] Colors: green=0 persisted=63, red=3
[2026-07-29T07:45:02+00:00] Cells updated: 5
[2026-07-29T07:45:02+00:00] === color-links end (1.7s) ===
[2026-07-29T08:00:01+00:00] === color-links start ===
[2026-07-29T08:00:01+00:00] Unique deals in sheet: 6
[2026-07-29T08:00:01+00:00] Already green: 63, to check: 5
[2026-07-29T08:00:01+00:00] Categories: [3,5,7]
[2026-07-29T08:00:01+00:00] Fetched deals: 5
[2026-07-29T08:00:01+00:00] NO-COLOR: {"id":"995","cat_id":"5","all_dates":["2026-07-30"],"UF_CRM_1750775559215":"[]","UF_CRM_1751015039070":"false","UF_CRM_1750920048783":"[595]","UF_CRM_1750920231839":"[]","UF_CRM_1770287721239":"[]","UF_CRM_1760359069161":"null","UF_CRM_1758266160075":"[]","UF_CRM_1758530158437":"null"}
[2026-07-29T08:00:01+00:00] NO-COLOR: {"id":"999","cat_id":"5","all_dates":["2026-07-30"],"UF_CRM_1750775559215":"[]","UF_CRM_1751015039070":"false","UF_CRM_1750920048783":"[599]","UF_CRM_1750920231839":"[]","UF_CRM_1770287721239":"[]","UF_CRM_1760359069161":"null","UF_CRM_1758266160075":"[]","UF_CRM_1758530158437":"null"}
[2026-07-29T08:00:01+00:00] Colors: green=0 persisted=63, red=3
[2026-07-29T08:00:03+00:00] Cells updated: 5
[2026-07-29T08:00:03+00:00] === color-links end (2.64s) ===
[2026-07-29T08:15:01+00:00] === color-links start ===
[2026-07-29T08:15:01+00:00] Unique deals in sheet: 6
[2026-07-29T08:15:01+00:00] Already green: 63, to check: 5
[2026-07-29T08:15:02+00:00] Categories: [3,5,7]
[2026-07-29T08:15:02+00:00] Fetched deals: 5
[2026-07-29T08:15:02+00:00] NO-COLOR: {"id":"995","cat_id":"5","all_dates":["2026-07-30"],"UF_CRM_1750775559215":"[]","UF_CRM_1751015039070":"false","UF_CRM_1750920048783":"[595]","UF_CRM_1750920231839":"[]","UF_CRM_1770287721239":"[]","UF_CRM_1760359069161":"null","UF_CRM_1758266160075":"[]","UF_CRM_1758530158437":"null"}
[2026-07-29T08:15:02+00:00] NO-COLOR: {"id":"999","cat_id":"5","all_dates":["2026-07-30"],"UF_CRM_1750775559215":"[]","UF_CRM_1751015039070":"false","UF_CRM_1750920048783":"[599]","UF_CRM_1750920231839":"[]","UF_CRM_1770287721239":"[]","UF_CRM_1760359069161":"null","UF_CRM_1758266160075":"[]","UF_CRM_1758530158437":"null"}
[2026-07-29T08:15:02+00:00] Colors: green=0 persisted=63, red=3
[2026-07-29T08:15:03+00:00] Cells updated: 5
[2026-07-29T08:15:03+00:00] === color-links end (1.95s) ===
[2026-07-29T08:30:01+00:00] === color-links start ===
[2026-07-29T08:30:01+00:00] Unique deals in sheet: 6
[2026-07-29T08:30:01+00:00] Already green: 63, to check: 5
[2026-07-29T08:30:01+00:00] Categories: [3,5,7]
[2026-07-29T08:30:01+00:00] Fetched deals: 5
[2026-07-29T08:30:01+00:00] NO-COLOR: {"id":"995","cat_id":"5","all_dates":["2026-07-30"],"UF_CRM_1750775559215":"[]","UF_CRM_1751015039070":"false","UF_CRM_1750920048783":"[595]","UF_CRM_1750920231839":"[]","UF_CRM_1770287721239":"[]","UF_CRM_1760359069161":"null","UF_CRM_1758266160075":"[]","UF_CRM_1758530158437":"null"}
[2026-07-29T08:30:01+00:00] NO-COLOR: {"id":"999","cat_id":"5","all_dates":["2026-07-30"],"UF_CRM_1750775559215":"[]","UF_CRM_1751015039070":"false","UF_CRM_1750920048783":"[599]","UF_CRM_1750920231839":"[]","UF_CRM_1770287721239":"[]","UF_CRM_1760359069161":"null","UF_CRM_1758266160075":"[]","UF_CRM_1758530158437":"null"}
[2026-07-29T08:30:01+00:00] Colors: green=0 persisted=63, red=3
[2026-07-29T08:30:02+00:00] Cells updated: 5
[2026-07-29T08:30:02+00:00] === color-links end (1.59s) ===
[2026-07-29T08:45:01+00:00] === color-links start ===
[2026-07-29T08:45:01+00:00] Unique deals in sheet: 6
[2026-07-29T08:45:01+00:00] Already green: 63, to check: 5
[2026-07-29T08:45:01+00:00] Categories: [3,5,7]
[2026-07-29T08:45:01+00:00] Fetched deals: 5
[2026-07-29T08:45:01+00:00] NO-COLOR: {"id":"995","cat_id":"5","all_dates":["2026-07-30"],"UF_CRM_1750775559215":"[]","UF_CRM_1751015039070":"false","UF_CRM_1750920048783":"[595]","UF_CRM_1750920231839":"[]","UF_CRM_1770287721239":"[]","UF_CRM_1760359069161":"null","UF_CRM_1758266160075":"[]","UF_CRM_1758530158437":"null"}
[2026-07-29T08:45:01+00:00] NO-COLOR: {"id":"999","cat_id":"5","all_dates":["2026-07-30"],"UF_CRM_1750775559215":"[]","UF_CRM_1751015039070":"false","UF_CRM_1750920048783":"[599]","UF_CRM_1750920231839":"[]","UF_CRM_1770287721239":"[]","UF_CRM_1760359069161":"null","UF_CRM_1758266160075":"[]","UF_CRM_1758530158437":"null"}
[2026-07-29T08:45:01+00:00] Colors: green=0 persisted=63, red=3
[2026-07-29T08:45:04+00:00] Cells updated: 5
[2026-07-29T08:45:04+00:00] === color-links end (2.61s) ===
[2026-07-29T09:00:01+00:00] === color-links start ===
[2026-07-29T09:00:01+00:00] Unique deals in sheet: 8
[2026-07-29T09:00:01+00:00] Already green: 63, to check: 7
[2026-07-29T09:00:01+00:00] Categories: [3,5,7]
[2026-07-29T09:00:02+00:00] Fetched deals: 7
[2026-07-29T09:00:02+00:00] NO-COLOR: {"id":"995","cat_id":"5","all_dates":["2026-07-30"],"UF_CRM_1750775559215":"[]","UF_CRM_1751015039070":"false","UF_CRM_1750920048783":"[595]","UF_CRM_1750920231839":"[]","UF_CRM_1770287721239":"[]","UF_CRM_1760359069161":"null","UF_CRM_1758266160075":"[]","UF_CRM_1758530158437":"null"}
[2026-07-29T09:00:02+00:00] NO-COLOR: {"id":"999","cat_id":"5","all_dates":["2026-07-30"],"UF_CRM_1750775559215":"[]","UF_CRM_1751015039070":"false","UF_CRM_1750920048783":"[599]","UF_CRM_1750920231839":"[]","UF_CRM_1770287721239":"[]","UF_CRM_1760359069161":"null","UF_CRM_1758266160075":"[]","UF_CRM_1758530158437":"null"}
[2026-07-29T09:00:02+00:00] NO-COLOR: {"id":"1003","cat_id":"3","all_dates":["2026-07-29","2026-07-29"],"UF_CRM_1750775559215":"[609]","UF_CRM_1751015039070":"[611]","UF_CRM_1750920048783":"false","UF_CRM_1750920231839":"false","UF_CRM_1770287721239":"[]","UF_CRM_1760359069161":"null","UF_CRM_1758266160075":"[]","UF_CRM_1758530158437":"null"}
[2026-07-29T09:00:02+00:00] NO-COLOR: {"id":"1005","cat_id":"3","all_dates":["2026-07-28","2026-07-29"],"UF_CRM_1750775559215":"[613]","UF_CRM_1751015039070":"[615]","UF_CRM_1750920048783":"false","UF_CRM_1750920231839":"false","UF_CRM_1770287721239":"[]","UF_CRM_1760359069161":"null","UF_CRM_1758266160075":"[]","UF_CRM_1758530158437":"null"}
[2026-07-29T09:00:02+00:00] Colors: green=0 persisted=63, red=3
[2026-07-29T09:00:03+00:00] Cells updated: 6
[2026-07-29T09:00:03+00:00] === color-links end (2.15s) ===
[2026-07-29T09:15:01+00:00] === color-links start ===
[2026-07-29T09:15:01+00:00] Unique deals in sheet: 8
[2026-07-29T09:15:01+00:00] Already green: 63, to check: 7
[2026-07-29T09:15:02+00:00] Categories: [3,5,7]
[2026-07-29T09:15:02+00:00] Fetched deals: 7
[2026-07-29T09:15:02+00:00] NO-COLOR: {"id":"995","cat_id":"5","all_dates":["2026-07-30"],"UF_CRM_1750775559215":"[]","UF_CRM_1751015039070":"false","UF_CRM_1750920048783":"[595]","UF_CRM_1750920231839":"[]","UF_CRM_1770287721239":"[]","UF_CRM_1760359069161":"null","UF_CRM_1758266160075":"[]","UF_CRM_1758530158437":"null"}
[2026-07-29T09:15:02+00:00] NO-COLOR: {"id":"999","cat_id":"5","all_dates":["2026-07-30"],"UF_CRM_1750775559215":"[]","UF_CRM_1751015039070":"false","UF_CRM_1750920048783":"[599]","UF_CRM_1750920231839":"[]","UF_CRM_1770287721239":"[]","UF_CRM_1760359069161":"null","UF_CRM_1758266160075":"[]","UF_CRM_1758530158437":"null"}
[2026-07-29T09:15:02+00:00] Colors: green=0 persisted=63, red=5
[2026-07-29T09:15:04+00:00] Cells updated: 6
[2026-07-29T09:15:04+00:00] === color-links end (2.24s) ===
[2026-07-29T09:24:31+00:00] === color-links start ===
[2026-07-29T09:24:31+00:00] Unique deals in sheet: 8
[2026-07-29T09:24:31+00:00] Already green: 63, to check: 7
[2026-07-29T09:24:31+00:00] Categories: [3,5,7]
[2026-07-29T09:24:31+00:00] Fetched deals: 7
[2026-07-29T09:24:31+00:00] Deals with rules: 7, persisted green=63
[2026-07-29T09:24:32+00:00] Persisted new greens: 1
[2026-07-29T09:24:33+00:00] Cells updated: 6
[2026-07-29T09:24:33+00:00] === color-links end (2.49s) ===
[2026-07-29T09:28:20+00:00] === color-links start ===
[2026-07-29T09:28:20+00:00] Unique deals in sheet: 8
[2026-07-29T09:28:20+00:00] Already green: 64, to check: 8
[2026-07-29T09:28:20+00:00] Categories: [3,5,7]
[2026-07-29T09:28:20+00:00] Fetched deals: 8
[2026-07-29T09:28:20+00:00] Deals with rules: 8, persisted green=64
[2026-07-29T09:28:21+00:00] Persisted new greens: 1
[2026-07-29T09:28:22+00:00] Cells updated: 6
[2026-07-29T09:28:22+00:00] === color-links end (2.14s) ===
[2026-07-29T09:30:01+00:00] === color-links start ===
[2026-07-29T09:30:01+00:00] Unique deals in sheet: 8
[2026-07-29T09:30:01+00:00] Already green: 65, to check: 8
[2026-07-29T09:30:01+00:00] Categories: [3,5,7]
[2026-07-29T09:30:01+00:00] Fetched deals: 8
[2026-07-29T09:30:01+00:00] Deals with rules: 8, persisted green=65
[2026-07-29T09:30:02+00:00] Persisted new greens: 1
[2026-07-29T09:30:03+00:00] Cells updated: 6
[2026-07-29T09:30:03+00:00] === color-links end (2.21s) ===
[2026-07-29T09:37:26+00:00] === color-links start ===
[2026-07-29T09:37:26+00:00] Unique deals in sheet: 8
[2026-07-29T09:37:26+00:00] Already green: 66, to check: 8
[2026-07-29T09:37:26+00:00] Categories: [3,5,7]
[2026-07-29T09:37:26+00:00] Fetched deals: 8
[2026-07-29T09:37:26+00:00] Deals with rules: 8, persisted green=66
[2026-07-29T09:37:27+00:00] Persisted new greens: 1
[2026-07-29T09:37:28+00:00] Cells updated: 6
[2026-07-29T09:37:28+00:00] === color-links end (1.64s) ===
[2026-07-29T09:45:01+00:00] === color-links start ===
[2026-07-29T09:45:01+00:00] Unique deals in sheet: 8
[2026-07-29T09:45:01+00:00] Already green: 67, to check: 8
[2026-07-29T09:45:01+00:00] Categories: [3,5,7]
[2026-07-29T09:45:01+00:00] Fetched deals: 8
[2026-07-29T09:45:01+00:00] Deals with rules: 8, persisted green=67
[2026-07-29T09:45:02+00:00] Persisted new greens: 1
[2026-07-29T09:45:03+00:00] Cells updated: 6
[2026-07-29T09:45:03+00:00] === color-links end (2.2s) ===
[2026-07-29T10:00:01+00:00] === color-links start ===
[2026-07-29T10:00:01+00:00] Unique deals in sheet: 8
[2026-07-29T10:00:01+00:00] Already green: 68, to check: 8
[2026-07-29T10:00:01+00:00] Categories: [3,5,7]
[2026-07-29T10:00:01+00:00] Fetched deals: 8
[2026-07-29T10:00:01+00:00] Deals with rules: 8, persisted green=68
[2026-07-29T10:00:02+00:00] Persisted new greens: 1
[2026-07-29T10:00:03+00:00] Cells updated: 6
[2026-07-29T10:00:03+00:00] === color-links end (2.27s) ===
[2026-07-29T10:15:01+00:00] === color-links start ===
[2026-07-29T10:15:01+00:00] Unique deals in sheet: 8
[2026-07-29T10:15:01+00:00] Already green: 69, to check: 8
[2026-07-29T10:15:01+00:00] Categories: [3,5,7]
[2026-07-29T10:15:02+00:00] Fetched deals: 8
[2026-07-29T10:15:02+00:00] Deals with rules: 8, persisted green=69
[2026-07-29T10:15:02+00:00] Persisted new greens: 1
[2026-07-29T10:15:03+00:00] Cells updated: 6
[2026-07-29T10:15:03+00:00] === color-links end (2.12s) ===
[2026-07-29T10:30:01+00:00] === color-links start ===
[2026-07-29T10:30:01+00:00] Unique deals in sheet: 8
[2026-07-29T10:30:01+00:00] Already green: 70, to check: 8
[2026-07-29T10:30:01+00:00] Categories: [3,5,7]
[2026-07-29T10:30:01+00:00] Fetched deals: 8
[2026-07-29T10:30:01+00:00] Deals with rules: 8, persisted green=70
[2026-07-29T10:30:02+00:00] Persisted new greens: 1
[2026-07-29T10:30:03+00:00] Cells updated: 6
[2026-07-29T10:30:03+00:00] === color-links end (2.14s) ===
[2026-07-29T10:45:01+00:00] === color-links start ===
[2026-07-29T10:45:01+00:00] Unique deals in sheet: 8
[2026-07-29T10:45:01+00:00] Already green: 71, to check: 8
[2026-07-29T10:45:01+00:00] Categories: [3,5,7]
[2026-07-29T10:45:02+00:00] Fetched deals: 8
[2026-07-29T10:45:02+00:00] Deals with rules: 8, persisted green=71
[2026-07-29T10:45:03+00:00] Persisted new greens: 1
[2026-07-29T10:45:03+00:00] Cells updated: 6
[2026-07-29T10:45:03+00:00] === color-links end (2.16s) ===
[2026-07-29T11:00:01+00:00] === color-links start ===
[2026-07-29T11:00:01+00:00] Unique deals in sheet: 9
[2026-07-29T11:00:01+00:00] Already green: 72, to check: 9
[2026-07-29T11:00:01+00:00] Categories: [3,5,7]
[2026-07-29T11:00:01+00:00] Fetched deals: 9
[2026-07-29T11:00:01+00:00] Deals with rules: 9, persisted green=72
[2026-07-29T11:00:02+00:00] Persisted new greens: 1
[2026-07-29T11:00:03+00:00] Cells updated: 6
[2026-07-29T11:00:03+00:00] === color-links end (2.23s) ===
[2026-07-29T11:15:01+00:00] === color-links start ===
[2026-07-29T11:15:01+00:00] Unique deals in sheet: 9
[2026-07-29T11:15:01+00:00] Already green: 73, to check: 9
[2026-07-29T11:15:02+00:00] Categories: [3,5,7]
[2026-07-29T11:15:02+00:00] Fetched deals: 9
[2026-07-29T11:15:02+00:00] Deals with rules: 9, persisted green=73
[2026-07-29T11:15:03+00:00] Persisted new greens: 1
[2026-07-29T11:15:03+00:00] Cells updated: 6
[2026-07-29T11:15:03+00:00] === color-links end (1.92s) ===
[2026-07-29T11:30:01+00:00] === color-links start ===
[2026-07-29T11:30:01+00:00] Unique deals in sheet: 9
[2026-07-29T11:30:01+00:00] Already green: 74, to check: 9
[2026-07-29T11:30:02+00:00] Categories: [3,5,7]
[2026-07-29T11:30:02+00:00] Fetched deals: 9
[2026-07-29T11:30:02+00:00] Deals with rules: 9, persisted green=74
[2026-07-29T11:30:02+00:00] Persisted new greens: 1
[2026-07-29T11:30:03+00:00] Cells updated: 6
[2026-07-29T11:30:03+00:00] === color-links end (1.93s) ===
[2026-07-29T11:45:01+00:00] === color-links start ===
[2026-07-29T11:45:01+00:00] Unique deals in sheet: 9
[2026-07-29T11:45:01+00:00] Already green: 75, to check: 9
[2026-07-29T11:45:01+00:00] Categories: [3,5,7]
[2026-07-29T11:45:02+00:00] Fetched deals: 9
[2026-07-29T11:45:02+00:00] Deals with rules: 9, persisted green=75
[2026-07-29T11:45:03+00:00] Persisted new greens: 1
[2026-07-29T11:45:03+00:00] Cells updated: 6
[2026-07-29T11:45:03+00:00] === color-links end (2.12s) ===
[2026-07-29T12:00:02+00:00] === color-links start ===
[2026-07-29T12:00:02+00:00] Unique deals in sheet: 9
[2026-07-29T12:00:02+00:00] Already green: 76, to check: 9
[2026-07-29T12:00:02+00:00] Categories: [3,5,7]
[2026-07-29T12:00:02+00:00] Fetched deals: 9
[2026-07-29T12:00:02+00:00] Deals with rules: 9, persisted green=76
[2026-07-29T12:00:03+00:00] Persisted new greens: 1
[2026-07-29T12:00:04+00:00] Cells updated: 6
[2026-07-29T12:00:04+00:00] === color-links end (2.19s) ===
[2026-07-29T12:15:01+00:00] === color-links start ===
[2026-07-29T12:15:01+00:00] Unique deals in sheet: 9
[2026-07-29T12:15:01+00:00] Already green: 77, to check: 9
[2026-07-29T12:15:02+00:00] Categories: [3,5,7]
[2026-07-29T12:15:02+00:00] Fetched deals: 9
[2026-07-29T12:15:02+00:00] Deals with rules: 9, persisted green=77
[2026-07-29T12:15:03+00:00] Persisted new greens: 1
[2026-07-29T12:15:03+00:00] Cells updated: 6
[2026-07-29T12:15:03+00:00] === color-links end (1.72s) ===
[2026-07-29T12:30:01+00:00] === color-links start ===
[2026-07-29T12:30:01+00:00] Unique deals in sheet: 9
[2026-07-29T12:30:01+00:00] Already green: 78, to check: 9
[2026-07-29T12:30:01+00:00] Categories: [3,5,7]
[2026-07-29T12:30:02+00:00] Fetched deals: 9
[2026-07-29T12:30:02+00:00] Deals with rules: 9, persisted green=78
[2026-07-29T12:30:02+00:00] Persisted new greens: 1
[2026-07-29T12:30:03+00:00] Cells updated: 6
[2026-07-29T12:30:03+00:00] === color-links end (1.84s) ===
[2026-07-29T12:45:01+00:00] === color-links start ===
[2026-07-29T12:45:01+00:00] Unique deals in sheet: 9
[2026-07-29T12:45:01+00:00] Already green: 79, to check: 9
[2026-07-29T12:45:01+00:00] Categories: [3,5,7]
[2026-07-29T12:45:02+00:00] Fetched deals: 9
[2026-07-29T12:45:02+00:00] Deals with rules: 9, persisted green=79
[2026-07-29T12:45:02+00:00] Persisted new greens: 1
[2026-07-29T12:45:03+00:00] Cells updated: 6
[2026-07-29T12:45:03+00:00] === color-links end (2.03s) ===
[2026-07-29T13:00:01+00:00] === color-links start ===
[2026-07-29T13:00:01+00:00] Unique deals in sheet: 9
[2026-07-29T13:00:01+00:00] Already green: 80, to check: 9
[2026-07-29T13:00:01+00:00] Categories: [3,5,7]
[2026-07-29T13:00:01+00:00] Fetched deals: 9
[2026-07-29T13:00:01+00:00] Deals with rules: 9, persisted green=80
[2026-07-29T13:00:02+00:00] Persisted new greens: 1
[2026-07-29T13:00:03+00:00] Cells updated: 6
[2026-07-29T13:00:03+00:00] === color-links end (1.91s) ===
[2026-07-29T13:15:01+00:00] === color-links start ===
[2026-07-29T13:15:01+00:00] Unique deals in sheet: 9
[2026-07-29T13:15:01+00:00] Already green: 81, to check: 9
[2026-07-29T13:15:01+00:00] Categories: [3,5,7]
[2026-07-29T13:15:01+00:00] Fetched deals: 9
[2026-07-29T13:15:01+00:00] Deals with rules: 9, persisted green=81
[2026-07-29T13:15:02+00:00] Persisted new greens: 1
[2026-07-29T13:15:03+00:00] Cells updated: 6
[2026-07-29T13:15:03+00:00] === color-links end (1.65s) ===
[2026-07-29T13:30:01+00:00] === color-links start ===
[2026-07-29T13:30:01+00:00] Unique deals in sheet: 9
[2026-07-29T13:30:01+00:00] Already green: 82, to check: 9
[2026-07-29T13:30:01+00:00] Categories: [3,5,7]
[2026-07-29T13:30:01+00:00] Fetched deals: 9
[2026-07-29T13:30:01+00:00] Deals with rules: 9, persisted green=82
[2026-07-29T13:30:02+00:00] Persisted new greens: 1
[2026-07-29T13:30:03+00:00] Cells updated: 6
[2026-07-29T13:30:03+00:00] === color-links end (2.24s) ===
[2026-07-29T13:45:01+00:00] === color-links start ===
[2026-07-29T13:45:01+00:00] Unique deals in sheet: 9
[2026-07-29T13:45:01+00:00] Already green: 83, to check: 9
[2026-07-29T13:45:01+00:00] Categories: [3,5,7]
[2026-07-29T13:45:02+00:00] Fetched deals: 9
[2026-07-29T13:45:02+00:00] Deals with rules: 9, persisted green=83
[2026-07-29T13:45:02+00:00] Persisted new greens: 1
[2026-07-29T13:45:03+00:00] Cells updated: 6
[2026-07-29T13:45:03+00:00] === color-links end (1.75s) ===
[2026-07-29T14:00:02+00:00] === color-links start ===
[2026-07-29T14:00:02+00:00] Unique deals in sheet: 9
[2026-07-29T14:00:02+00:00] Already green: 84, to check: 9
[2026-07-29T14:00:02+00:00] Categories: [3,5,7]
[2026-07-29T14:00:02+00:00] Fetched deals: 9
[2026-07-29T14:00:02+00:00] Deals with rules: 9, persisted green=84
[2026-07-29T14:00:03+00:00] Persisted new greens: 1
[2026-07-29T14:00:04+00:00] Cells updated: 6
[2026-07-29T14:00:04+00:00] === color-links end (2.24s) ===
[2026-07-29T14:15:01+00:00] === color-links start ===
[2026-07-29T14:15:01+00:00] Unique deals in sheet: 9
[2026-07-29T14:15:01+00:00] Already green: 85, to check: 9
[2026-07-29T14:15:01+00:00] Categories: [3,5,7]
[2026-07-29T14:15:01+00:00] Fetched deals: 9
[2026-07-29T14:15:01+00:00] Deals with rules: 9, persisted green=85
[2026-07-29T14:15:02+00:00] Persisted new greens: 1
[2026-07-29T14:15:03+00:00] Cells updated: 6
[2026-07-29T14:15:03+00:00] === color-links end (1.84s) ===
[2026-07-29T14:30:01+00:00] === color-links start ===
[2026-07-29T14:30:01+00:00] Unique deals in sheet: 9
[2026-07-29T14:30:01+00:00] Already green: 86, to check: 9
[2026-07-29T14:30:01+00:00] Categories: [3,5,7]
[2026-07-29T14:30:01+00:00] Fetched deals: 9
[2026-07-29T14:30:01+00:00] Deals with rules: 9, persisted green=86
[2026-07-29T14:30:02+00:00] Persisted new greens: 1
[2026-07-29T14:30:02+00:00] Cells updated: 6
[2026-07-29T14:30:02+00:00] === color-links end (1.7s) ===
[2026-07-29T14:45:01+00:00] === color-links start ===
[2026-07-29T14:45:01+00:00] Unique deals in sheet: 9
[2026-07-29T14:45:01+00:00] Already green: 87, to check: 9
[2026-07-29T14:45:01+00:00] Categories: [3,5,7]
[2026-07-29T14:45:02+00:00] Fetched deals: 9
[2026-07-29T14:45:02+00:00] Deals with rules: 9, persisted green=87
[2026-07-29T14:45:03+00:00] Persisted new greens: 1
[2026-07-29T14:45:04+00:00] Cells updated: 6
[2026-07-29T14:45:04+00:00] === color-links end (2.28s) ===
[2026-07-29T15:00:01+00:00] === color-links start ===
[2026-07-29T15:00:01+00:00] Unique deals in sheet: 9
[2026-07-29T15:00:01+00:00] Already green: 88, to check: 9
[2026-07-29T15:00:01+00:00] Categories: [3,5,7]
[2026-07-29T15:00:01+00:00] Fetched deals: 9
[2026-07-29T15:00:01+00:00] Deals with rules: 9, persisted green=88
[2026-07-29T15:00:02+00:00] Persisted new greens: 1
[2026-07-29T15:00:03+00:00] Cells updated: 6
[2026-07-29T15:00:03+00:00] === color-links end (2.72s) ===
[2026-07-29T15:15:01+00:00] === color-links start ===
[2026-07-29T15:15:01+00:00] Unique deals in sheet: 9
[2026-07-29T15:15:01+00:00] Already green: 89, to check: 9
[2026-07-29T15:15:01+00:00] Categories: [3,5,7]
[2026-07-29T15:15:01+00:00] Fetched deals: 9
[2026-07-29T15:15:01+00:00] Deals with rules: 9, persisted green=89
[2026-07-29T15:15:02+00:00] Persisted new greens: 1
[2026-07-29T15:15:03+00:00] Cells updated: 6
[2026-07-29T15:15:03+00:00] === color-links end (1.99s) ===
[2026-07-29T15:30:01+00:00] === color-links start ===
[2026-07-29T15:30:01+00:00] Unique deals in sheet: 9
[2026-07-29T15:30:01+00:00] Already green: 90, to check: 9
[2026-07-29T15:30:01+00:00] Categories: [3,5,7]
[2026-07-29T15:30:01+00:00] Fetched deals: 9
[2026-07-29T15:30:01+00:00] Deals with rules: 9, persisted green=90
[2026-07-29T15:30:02+00:00] Persisted new greens: 1
[2026-07-29T15:30:03+00:00] Cells updated: 6
[2026-07-29T15:30:03+00:00] === color-links end (2.6s) ===
[2026-07-29T15:45:01+00:00] === color-links start ===
[2026-07-29T15:45:01+00:00] Unique deals in sheet: 9
[2026-07-29T15:45:01+00:00] Already green: 91, to check: 9
[2026-07-29T15:45:01+00:00] Categories: [3,5,7]
[2026-07-29T15:45:02+00:00] Fetched deals: 9
[2026-07-29T15:45:02+00:00] Deals with rules: 9, persisted green=91
[2026-07-29T15:45:02+00:00] Persisted new greens: 1
[2026-07-29T15:45:03+00:00] Cells updated: 6
[2026-07-29T15:45:03+00:00] === color-links end (1.88s) ===
[2026-07-29T16:00:01+00:00] === color-links start ===
[2026-07-29T16:00:01+00:00] Unique deals in sheet: 9
[2026-07-29T16:00:01+00:00] Already green: 92, to check: 9
[2026-07-29T16:00:01+00:00] Categories: [3,5,7]
[2026-07-29T16:00:01+00:00] Fetched deals: 9
[2026-07-29T16:00:01+00:00] Deals with rules: 9, persisted green=92
[2026-07-29T16:00:02+00:00] Persisted new greens: 1
[2026-07-29T16:00:03+00:00] Cells updated: 6
[2026-07-29T16:00:03+00:00] === color-links end (1.77s) ===
[2026-07-29T16:15:01+00:00] === color-links start ===
[2026-07-29T16:15:01+00:00] Unique deals in sheet: 9
[2026-07-29T16:15:01+00:00] Already green: 93, to check: 9
[2026-07-29T16:15:01+00:00] Categories: [3,5,7]
[2026-07-29T16:15:01+00:00] Fetched deals: 9
[2026-07-29T16:15:01+00:00] Deals with rules: 9, persisted green=93
[2026-07-29T16:15:02+00:00] Persisted new greens: 1
[2026-07-29T16:15:03+00:00] Cells updated: 6
[2026-07-29T16:15:03+00:00] === color-links end (1.7s) ===
[2026-07-29T16:30:01+00:00] === color-links start ===
[2026-07-29T16:30:01+00:00] Unique deals in sheet: 9
[2026-07-29T16:30:01+00:00] Already green: 94, to check: 9
[2026-07-29T16:30:01+00:00] Categories: [3,5,7]
[2026-07-29T16:30:01+00:00] Fetched deals: 9
[2026-07-29T16:30:01+00:00] Deals with rules: 9, persisted green=94
[2026-07-29T16:30:02+00:00] Persisted new greens: 1
[2026-07-29T16:30:02+00:00] Cells updated: 6
[2026-07-29T16:30:02+00:00] === color-links end (1.65s) ===
[2026-07-29T16:45:01+00:00] === color-links start ===
[2026-07-29T16:45:01+00:00] Unique deals in sheet: 9
[2026-07-29T16:45:01+00:00] Already green: 95, to check: 9
[2026-07-29T16:45:01+00:00] Categories: [3,5,7]
[2026-07-29T16:45:02+00:00] Fetched deals: 9
[2026-07-29T16:45:02+00:00] Deals with rules: 9, persisted green=95
[2026-07-29T16:45:03+00:00] Persisted new greens: 1
[2026-07-29T16:45:04+00:00] Cells updated: 6
[2026-07-29T16:45:04+00:00] === color-links end (2.21s) ===
[2026-07-29T17:00:01+00:00] === color-links start ===
[2026-07-29T17:00:01+00:00] Unique deals in sheet: 9
[2026-07-29T17:00:01+00:00] Already green: 96, to check: 9
[2026-07-29T17:00:02+00:00] Categories: [3,5,7]
[2026-07-29T17:00:02+00:00] Fetched deals: 9
[2026-07-29T17:00:02+00:00] Deals with rules: 9, persisted green=96
[2026-07-29T17:00:02+00:00] Persisted new greens: 1
[2026-07-29T17:00:03+00:00] Cells updated: 6
[2026-07-29T17:00:03+00:00] === color-links end (2.13s) ===
[2026-07-29T17:15:01+00:00] === color-links start ===
[2026-07-29T17:15:01+00:00] Unique deals in sheet: 9
[2026-07-29T17:15:01+00:00] Already green: 97, to check: 9
[2026-07-29T17:15:01+00:00] Categories: [3,5,7]
[2026-07-29T17:15:01+00:00] Fetched deals: 9
[2026-07-29T17:15:01+00:00] Deals with rules: 9, persisted green=97
[2026-07-29T17:15:02+00:00] Persisted new greens: 1
[2026-07-29T17:15:03+00:00] Cells updated: 6
[2026-07-29T17:15:03+00:00] === color-links end (1.61s) ===
[2026-07-29T17:30:01+00:00] === color-links start ===
[2026-07-29T17:30:01+00:00] Unique deals in sheet: 9
[2026-07-29T17:30:01+00:00] Already green: 98, to check: 9
[2026-07-29T17:30:01+00:00] Categories: [3,5,7]
[2026-07-29T17:30:02+00:00] Fetched deals: 9
[2026-07-29T17:30:02+00:00] Deals with rules: 9, persisted green=98
[2026-07-29T17:30:03+00:00] Persisted new greens: 1
[2026-07-29T17:30:04+00:00] Cells updated: 6
[2026-07-29T17:30:04+00:00] === color-links end (2.88s) ===
[2026-07-29T17:45:01+00:00] === color-links start ===
[2026-07-29T17:45:01+00:00] Unique deals in sheet: 9
[2026-07-29T17:45:01+00:00] Already green: 99, to check: 9
[2026-07-29T17:45:02+00:00] Categories: [3,5,7]
[2026-07-29T17:45:02+00:00] Fetched deals: 9
[2026-07-29T17:45:02+00:00] Deals with rules: 9, persisted green=99
[2026-07-29T17:45:02+00:00] Persisted new greens: 1
[2026-07-29T17:45:03+00:00] Cells updated: 6
[2026-07-29T17:45:03+00:00] === color-links end (1.64s) ===
[2026-07-29T18:00:01+00:00] === color-links start ===
[2026-07-29T18:00:01+00:00] Unique deals in sheet: 9
[2026-07-29T18:00:01+00:00] Already green: 100, to check: 9
[2026-07-29T18:00:02+00:00] Categories: [3,5,7]
[2026-07-29T18:00:02+00:00] Fetched deals: 9
[2026-07-29T18:00:02+00:00] Deals with rules: 9, persisted green=100
[2026-07-29T18:00:02+00:00] Persisted new greens: 1
[2026-07-29T18:00:04+00:00] Cells updated: 6
[2026-07-29T18:00:04+00:00] === color-links end (2.58s) ===
[2026-07-29T18:15:01+00:00] === color-links start ===
[2026-07-29T18:15:01+00:00] Unique deals in sheet: 9
[2026-07-29T18:15:01+00:00] Already green: 101, to check: 9
[2026-07-29T18:15:02+00:00] Categories: [3,5,7]
[2026-07-29T18:15:02+00:00] Fetched deals: 9
[2026-07-29T18:15:02+00:00] Deals with rules: 9, persisted green=101
[2026-07-29T18:15:02+00:00] Persisted new greens: 1
[2026-07-29T18:15:04+00:00] Cells updated: 6
[2026-07-29T18:15:04+00:00] === color-links end (2.08s) ===
[2026-07-29T18:30:01+00:00] === color-links start ===
[2026-07-29T18:30:01+00:00] Unique deals in sheet: 9
[2026-07-29T18:30:01+00:00] Already green: 102, to check: 9
[2026-07-29T18:30:02+00:00] Categories: [3,5,7]
[2026-07-29T18:30:02+00:00] Fetched deals: 9
[2026-07-29T18:30:02+00:00] Deals with rules: 9, persisted green=102
[2026-07-29T18:30:03+00:00] Persisted new greens: 1
[2026-07-29T18:30:04+00:00] Cells updated: 6
[2026-07-29T18:30:04+00:00] === color-links end (2.7s) ===
[2026-07-29T18:45:01+00:00] === color-links start ===
[2026-07-29T18:45:01+00:00] Unique deals in sheet: 9
[2026-07-29T18:45:01+00:00] Already green: 103, to check: 9
[2026-07-29T18:45:01+00:00] Categories: [3,5,7]
[2026-07-29T18:45:01+00:00] Fetched deals: 9
[2026-07-29T18:45:01+00:00] Deals with rules: 9, persisted green=103
[2026-07-29T18:45:02+00:00] Persisted new greens: 1
[2026-07-29T18:45:03+00:00] Cells updated: 6
[2026-07-29T18:45:03+00:00] === color-links end (2.64s) ===
[2026-07-29T19:00:01+00:00] === color-links start ===
[2026-07-29T19:00:01+00:00] Unique deals in sheet: 9
[2026-07-29T19:00:01+00:00] Already green: 104, to check: 9
[2026-07-29T19:00:01+00:00] Categories: [3,5,7]
[2026-07-29T19:00:01+00:00] Fetched deals: 9
[2026-07-29T19:00:01+00:00] Deals with rules: 9, persisted green=104
[2026-07-29T19:00:02+00:00] Persisted new greens: 1
[2026-07-29T19:00:02+00:00] Cells updated: 6
[2026-07-29T19:00:02+00:00] === color-links end (1.77s) ===
[2026-07-29T19:15:01+00:00] === color-links start ===
[2026-07-29T19:15:01+00:00] Unique deals in sheet: 9
[2026-07-29T19:15:01+00:00] Already green: 105, to check: 9
[2026-07-29T19:15:01+00:00] Categories: [3,5,7]
[2026-07-29T19:15:02+00:00] Fetched deals: 9
[2026-07-29T19:15:02+00:00] Deals with rules: 9, persisted green=105
[2026-07-29T19:15:03+00:00] Persisted new greens: 1
[2026-07-29T19:15:04+00:00] Cells updated: 6
[2026-07-29T19:15:04+00:00] === color-links end (2.29s) ===
[2026-07-29T19:30:01+00:00] === color-links start ===
[2026-07-29T19:30:01+00:00] Unique deals in sheet: 9
[2026-07-29T19:30:01+00:00] Already green: 106, to check: 9
[2026-07-29T19:30:01+00:00] Categories: [3,5,7]
[2026-07-29T19:30:02+00:00] Fetched deals: 9
[2026-07-29T19:30:02+00:00] Deals with rules: 9, persisted green=106
[2026-07-29T19:30:02+00:00] Persisted new greens: 1
[2026-07-29T19:30:03+00:00] Cells updated: 6
[2026-07-29T19:30:03+00:00] === color-links end (2.12s) ===
[2026-07-29T19:45:01+00:00] === color-links start ===
[2026-07-29T19:45:01+00:00] Unique deals in sheet: 9
[2026-07-29T19:45:01+00:00] Already green: 107, to check: 9
[2026-07-29T19:45:01+00:00] Categories: [3,5,7]
[2026-07-29T19:45:01+00:00] Fetched deals: 9
[2026-07-29T19:45:01+00:00] Deals with rules: 9, persisted green=107
[2026-07-29T19:45:02+00:00] Persisted new greens: 1
[2026-07-29T19:45:03+00:00] Cells updated: 6
[2026-07-29T19:45:03+00:00] === color-links end (2.1s) ===
[2026-07-29T20:00:01+00:00] === color-links start ===
[2026-07-29T20:00:01+00:00] Unique deals in sheet: 9
[2026-07-29T20:00:01+00:00] Already green: 108, to check: 9
[2026-07-29T20:00:01+00:00] Categories: [3,5,7]
[2026-07-29T20:00:01+00:00] Fetched deals: 9
[2026-07-29T20:00:01+00:00] Deals with rules: 9, persisted green=108
[2026-07-29T20:00:02+00:00] Persisted new greens: 1
[2026-07-29T20:00:03+00:00] Cells updated: 6
[2026-07-29T20:00:03+00:00] === color-links end (2.15s) ===
[2026-07-29T20:15:01+00:00] === color-links start ===
[2026-07-29T20:15:01+00:00] Unique deals in sheet: 9
[2026-07-29T20:15:01+00:00] Already green: 109, to check: 9
[2026-07-29T20:15:01+00:00] Categories: [3,5,7]
[2026-07-29T20:15:01+00:00] Fetched deals: 9
[2026-07-29T20:15:01+00:00] Deals with rules: 9, persisted green=109
[2026-07-29T20:15:02+00:00] Persisted new greens: 1
[2026-07-29T20:15:03+00:00] Cells updated: 6
[2026-07-29T20:15:03+00:00] === color-links end (2.03s) ===
[2026-07-29T20:30:01+00:00] === color-links start ===
[2026-07-29T20:30:01+00:00] Unique deals in sheet: 9
[2026-07-29T20:30:01+00:00] Already green: 110, to check: 9
[2026-07-29T20:30:01+00:00] Categories: [3,5,7]
[2026-07-29T20:30:02+00:00] Fetched deals: 9
[2026-07-29T20:30:02+00:00] Deals with rules: 9, persisted green=110
[2026-07-29T20:30:02+00:00] Persisted new greens: 1
[2026-07-29T20:30:03+00:00] Cells updated: 6
[2026-07-29T20:30:03+00:00] === color-links end (1.59s) ===
[2026-07-29T20:45:01+00:00] === color-links start ===
[2026-07-29T20:45:01+00:00] Unique deals in sheet: 9
[2026-07-29T20:45:01+00:00] Already green: 111, to check: 9
[2026-07-29T20:45:01+00:00] Categories: [3,5,7]
[2026-07-29T20:45:01+00:00] Fetched deals: 9
[2026-07-29T20:45:01+00:00] Deals with rules: 9, persisted green=111
[2026-07-29T20:45:02+00:00] Persisted new greens: 1
[2026-07-29T20:45:03+00:00] Cells updated: 6
[2026-07-29T20:45:03+00:00] === color-links end (2.31s) ===
[2026-07-29T21:00:01+00:00] === color-links start ===
[2026-07-29T21:00:01+00:00] Unique deals in sheet: 9
[2026-07-29T21:00:01+00:00] Already green: 112, to check: 9
[2026-07-29T21:00:07+00:00] Categories: [3,5,7]
[2026-07-29T21:00:16+00:00] Fetched deals: 9
[2026-07-29T21:00:16+00:00] Deals with rules: 9, persisted green=112
[2026-07-29T21:00:17+00:00] Persisted new greens: 1
[2026-07-29T21:00:18+00:00] Cells updated: 6
[2026-07-29T21:00:18+00:00] === color-links end (16.08s) ===
[2026-07-29T21:15:01+00:00] === color-links start ===
[2026-07-29T21:15:01+00:00] Unique deals in sheet: 9
[2026-07-29T21:15:01+00:00] Already green: 113, to check: 9
[2026-07-29T21:15:01+00:00] Categories: [3,5,7]
[2026-07-29T21:15:01+00:00] Fetched deals: 9
[2026-07-29T21:15:01+00:00] Deals with rules: 9, persisted green=113
[2026-07-29T21:15:02+00:00] Persisted new greens: 1
[2026-07-29T21:15:03+00:00] Cells updated: 6
[2026-07-29T21:15:03+00:00] === color-links end (2s) ===
[2026-07-29T21:30:01+00:00] === color-links start ===
[2026-07-29T21:30:01+00:00] Unique deals in sheet: 9
[2026-07-29T21:30:01+00:00] Already green: 114, to check: 9
[2026-07-29T21:30:01+00:00] Categories: [3,5,7]
[2026-07-29T21:30:02+00:00] Fetched deals: 9
[2026-07-29T21:30:02+00:00] Deals with rules: 9, persisted green=114
[2026-07-29T21:30:03+00:00] Persisted new greens: 1
[2026-07-29T21:30:04+00:00] Cells updated: 6
[2026-07-29T21:30:04+00:00] === color-links end (2.57s) ===
[2026-07-29T21:45:01+00:00] === color-links start ===
[2026-07-29T21:45:01+00:00] Unique deals in sheet: 9
[2026-07-29T21:45:01+00:00] Already green: 115, to check: 9
[2026-07-29T21:45:01+00:00] Categories: [3,5,7]
[2026-07-29T21:45:01+00:00] Fetched deals: 9
[2026-07-29T21:45:01+00:00] Deals with rules: 9, persisted green=115
[2026-07-29T21:45:02+00:00] Persisted new greens: 1
[2026-07-29T21:45:02+00:00] Cells updated: 6
[2026-07-29T21:45:02+00:00] === color-links end (1.57s) ===
[2026-07-29T22:00:01+00:00] === color-links start ===
[2026-07-29T22:00:01+00:00] Unique deals in sheet: 9
[2026-07-29T22:00:01+00:00] Already green: 116, to check: 9
[2026-07-29T22:00:01+00:00] Categories: [3,5,7]
[2026-07-29T22:00:01+00:00] Fetched deals: 9
[2026-07-29T22:00:01+00:00] Deals with rules: 9, persisted green=116
[2026-07-29T22:00:02+00:00] Persisted new greens: 1
[2026-07-29T22:00:02+00:00] Cells updated: 6
[2026-07-29T22:00:02+00:00] === color-links end (1.6s) ===
[2026-07-29T22:15:01+00:00] === color-links start ===
[2026-07-29T22:15:01+00:00] Unique deals in sheet: 9
[2026-07-29T22:15:01+00:00] Already green: 117, to check: 9
[2026-07-29T22:15:02+00:00] Categories: [3,5,7]
[2026-07-29T22:15:02+00:00] Fetched deals: 9
[2026-07-29T22:15:02+00:00] Deals with rules: 9, persisted green=117
[2026-07-29T22:15:02+00:00] Persisted new greens: 1
[2026-07-29T22:15:03+00:00] Cells updated: 6
[2026-07-29T22:15:03+00:00] === color-links end (1.63s) ===
[2026-07-29T22:30:01+00:00] === color-links start ===
[2026-07-29T22:30:01+00:00] Unique deals in sheet: 9
[2026-07-29T22:30:01+00:00] Already green: 118, to check: 9
[2026-07-29T22:30:01+00:00] Categories: [3,5,7]
[2026-07-29T22:30:02+00:00] Fetched deals: 9
[2026-07-29T22:30:02+00:00] Deals with rules: 9, persisted green=118
[2026-07-29T22:30:03+00:00] Persisted new greens: 1
[2026-07-29T22:30:03+00:00] Cells updated: 6
[2026-07-29T22:30:03+00:00] === color-links end (2.04s) ===
[2026-07-29T22:45:01+00:00] === color-links start ===
[2026-07-29T22:45:01+00:00] Unique deals in sheet: 9
[2026-07-29T22:45:01+00:00] Already green: 119, to check: 9
[2026-07-29T22:45:02+00:00] Categories: [3,5,7]
[2026-07-29T22:45:02+00:00] Fetched deals: 9
[2026-07-29T22:45:02+00:00] Deals with rules: 9, persisted green=119
[2026-07-29T22:45:03+00:00] Persisted new greens: 1
[2026-07-29T22:45:04+00:00] Cells updated: 6
[2026-07-29T22:45:04+00:00] === color-links end (2.25s) ===
[2026-07-29T23:00:01+00:00] === color-links start ===
[2026-07-29T23:00:01+00:00] Unique deals in sheet: 9
[2026-07-29T23:00:01+00:00] Already green: 120, to check: 9
[2026-07-29T23:00:01+00:00] Categories: [3,5,7]
[2026-07-29T23:00:02+00:00] Fetched deals: 9
[2026-07-29T23:00:02+00:00] Deals with rules: 9, persisted green=120
[2026-07-29T23:00:02+00:00] Persisted new greens: 1
[2026-07-29T23:00:03+00:00] Cells updated: 6
[2026-07-29T23:00:03+00:00] === color-links end (1.99s) ===
[2026-07-29T23:15:01+00:00] === color-links start ===
[2026-07-29T23:15:01+00:00] Unique deals in sheet: 9
[2026-07-29T23:15:01+00:00] Already green: 121, to check: 9
[2026-07-29T23:15:01+00:00] Categories: [3,5,7]
[2026-07-29T23:15:01+00:00] Fetched deals: 9
[2026-07-29T23:15:01+00:00] Deals with rules: 9, persisted green=121
[2026-07-29T23:15:02+00:00] Persisted new greens: 1
[2026-07-29T23:15:02+00:00] Cells updated: 6
[2026-07-29T23:15:02+00:00] === color-links end (1.55s) ===
[2026-07-29T23:30:01+00:00] === color-links start ===
[2026-07-29T23:30:01+00:00] Unique deals in sheet: 9
[2026-07-29T23:30:01+00:00] Already green: 122, to check: 9
[2026-07-29T23:30:01+00:00] Categories: [3,5,7]
[2026-07-29T23:30:01+00:00] Fetched deals: 9
[2026-07-29T23:30:01+00:00] Deals with rules: 9, persisted green=122
[2026-07-29T23:30:02+00:00] Persisted new greens: 1
[2026-07-29T23:30:03+00:00] Cells updated: 6
[2026-07-29T23:30:03+00:00] === color-links end (2.24s) ===
[2026-07-29T23:45:01+00:00] === color-links start ===
[2026-07-29T23:45:01+00:00] Unique deals in sheet: 9
[2026-07-29T23:45:01+00:00] Already green: 123, to check: 9
[2026-07-29T23:45:01+00:00] Categories: [3,5,7]
[2026-07-29T23:45:01+00:00] Fetched deals: 9
[2026-07-29T23:45:01+00:00] Deals with rules: 9, persisted green=123
[2026-07-29T23:45:02+00:00] Persisted new greens: 1
[2026-07-29T23:45:02+00:00] Cells updated: 6
[2026-07-29T23:45:02+00:00] === color-links end (1.56s) ===
