[2026-07-14T00:00:01+00:00] === color-links start ===
[2026-07-14T00:00:01+00:00] Unique deals in sheet: 2
[2026-07-14T00:00:01+00:00] Already green: 61, to check: 1
[2026-07-14T00:00:02+00:00] Categories: [3,5,7]
[2026-07-14T00:00:02+00:00] Fetched deals: 1
[2026-07-14T00:00:02+00:00] Colors: green=0 persisted=61, red=1
[2026-07-14T00:00:04+00:00] Cells updated: 2
[2026-07-14T00:00:04+00:00] === color-links end (3.24s) ===
[2026-07-14T00:15:01+00:00] === color-links start ===
[2026-07-14T00:15:01+00:00] Unique deals in sheet: 2
[2026-07-14T00:15:01+00:00] Already green: 61, to check: 1
[2026-07-14T00:15:01+00:00] Categories: [3,5,7]
[2026-07-14T00:15:01+00:00] Fetched deals: 1
[2026-07-14T00:15:01+00:00] Colors: green=0 persisted=61, red=1
[2026-07-14T00:15:03+00:00] Cells updated: 2
[2026-07-14T00:15:03+00:00] === color-links end (2.82s) ===
[2026-07-14T00:30:01+00:00] === color-links start ===
[2026-07-14T00:30:01+00:00] Unique deals in sheet: 2
[2026-07-14T00:30:01+00:00] Already green: 61, to check: 1
[2026-07-14T00:30:01+00:00] Categories: [3,5,7]
[2026-07-14T00:30:01+00:00] Fetched deals: 1
[2026-07-14T00:30:01+00:00] Colors: green=0 persisted=61, red=1
[2026-07-14T00:30:03+00:00] Cells updated: 2
[2026-07-14T00:30:03+00:00] === color-links end (2.58s) ===
[2026-07-14T00:45:01+00:00] === color-links start ===
[2026-07-14T00:45:01+00:00] Unique deals in sheet: 2
[2026-07-14T00:45:01+00:00] Already green: 61, to check: 1
[2026-07-14T00:45:01+00:00] Categories: [3,5,7]
[2026-07-14T00:45:01+00:00] Fetched deals: 1
[2026-07-14T00:45:01+00:00] Colors: green=0 persisted=61, red=1
[2026-07-14T00:45:03+00:00] Cells updated: 2
[2026-07-14T00:45:03+00:00] === color-links end (2.69s) ===
[2026-07-14T01:00:01+00:00] === color-links start ===
[2026-07-14T01:00:01+00:00] Unique deals in sheet: 2
[2026-07-14T01:00:01+00:00] Already green: 61, to check: 1
[2026-07-14T01:00:01+00:00] Categories: [3,5,7]
[2026-07-14T01:00:02+00:00] Fetched deals: 1
[2026-07-14T01:00:02+00:00] Colors: green=0 persisted=61, red=1
[2026-07-14T01:00:04+00:00] Cells updated: 2
[2026-07-14T01:00:04+00:00] === color-links end (2.57s) ===
[2026-07-14T01:15:01+00:00] === color-links start ===
[2026-07-14T01:15:01+00:00] Unique deals in sheet: 2
[2026-07-14T01:15:01+00:00] Already green: 61, to check: 1
[2026-07-14T01:15:01+00:00] Categories: [3,5,7]
[2026-07-14T01:15:01+00:00] Fetched deals: 1
[2026-07-14T01:15:01+00:00] Colors: green=0 persisted=61, red=1
[2026-07-14T01:15:03+00:00] Cells updated: 2
[2026-07-14T01:15:03+00:00] === color-links end (2.09s) ===
[2026-07-14T01:30:01+00:00] === color-links start ===
[2026-07-14T01:30:01+00:00] Unique deals in sheet: 2
[2026-07-14T01:30:01+00:00] Already green: 61, to check: 1
[2026-07-14T01:30:01+00:00] Categories: [3,5,7]
[2026-07-14T01:30:05+00:00] Fetched deals: 1
[2026-07-14T01:30:05+00:00] Colors: green=0 persisted=61, red=1
[2026-07-14T01:30:07+00:00] Cells updated: 2
[2026-07-14T01:30:07+00:00] === color-links end (6.35s) ===
[2026-07-14T01:45:01+00:00] === color-links start ===
[2026-07-14T01:45:01+00:00] Unique deals in sheet: 2
[2026-07-14T01:45:01+00:00] Already green: 61, to check: 1
[2026-07-14T01:45:01+00:00] Categories: [3,5,7]
[2026-07-14T01:45:02+00:00] Fetched deals: 1
[2026-07-14T01:45:02+00:00] Colors: green=0 persisted=61, red=1
[2026-07-14T01:45:03+00:00] Cells updated: 2
[2026-07-14T01:45:03+00:00] === color-links end (2.19s) ===
[2026-07-14T02:00:01+00:00] === color-links start ===
[2026-07-14T02:00:01+00:00] Unique deals in sheet: 2
[2026-07-14T02:00:01+00:00] Already green: 61, to check: 1
[2026-07-14T02:00:02+00:00] Categories: [3,5,7]
[2026-07-14T02:00:02+00:00] Fetched deals: 1
[2026-07-14T02:00:02+00:00] Colors: green=0 persisted=61, red=1
[2026-07-14T02:00:04+00:00] Cells updated: 2
[2026-07-14T02:00:04+00:00] === color-links end (2.29s) ===
[2026-07-14T02:15:01+00:00] === color-links start ===
[2026-07-14T02:15:01+00:00] Unique deals in sheet: 2
[2026-07-14T02:15:01+00:00] Already green: 61, to check: 1
[2026-07-14T02:15:01+00:00] Categories: [3,5,7]
[2026-07-14T02:15:01+00:00] Fetched deals: 1
[2026-07-14T02:15:01+00:00] Colors: green=0 persisted=61, red=1
[2026-07-14T02:15:03+00:00] Cells updated: 2
[2026-07-14T02:15:03+00:00] === color-links end (1.7s) ===
[2026-07-14T02:30:01+00:00] === color-links start ===
[2026-07-14T02:30:01+00:00] Unique deals in sheet: 2
[2026-07-14T02:30:01+00:00] Already green: 61, to check: 1
[2026-07-14T02:30:01+00:00] Categories: [3,5,7]
[2026-07-14T02:30:01+00:00] Fetched deals: 1
[2026-07-14T02:30:01+00:00] Colors: green=0 persisted=61, red=1
[2026-07-14T02:30:03+00:00] Cells updated: 2
[2026-07-14T02:30:03+00:00] === color-links end (1.88s) ===
[2026-07-14T02:45:01+00:00] === color-links start ===
[2026-07-14T02:45:01+00:00] Unique deals in sheet: 2
[2026-07-14T02:45:01+00:00] Already green: 61, to check: 1
[2026-07-14T02:45:01+00:00] Categories: [3,5,7]
[2026-07-14T02:45:01+00:00] Fetched deals: 1
[2026-07-14T02:45:01+00:00] Colors: green=0 persisted=61, red=1
[2026-07-14T02:45:03+00:00] Cells updated: 2
[2026-07-14T02:45:03+00:00] === color-links end (1.95s) ===
[2026-07-14T03:00:01+00:00] === color-links start ===
[2026-07-14T03:00:01+00:00] Unique deals in sheet: 2
[2026-07-14T03:00:01+00:00] Already green: 61, to check: 1
[2026-07-14T03:00:02+00:00] Categories: [3,5,7]
[2026-07-14T03:00:02+00:00] Fetched deals: 1
[2026-07-14T03:00:02+00:00] Colors: green=0 persisted=61, red=1
[2026-07-14T03:00:03+00:00] Cells updated: 2
[2026-07-14T03:00:03+00:00] === color-links end (1.72s) ===
[2026-07-14T03:15:01+00:00] === color-links start ===
[2026-07-14T03:15:01+00:00] Unique deals in sheet: 2
[2026-07-14T03:15:01+00:00] Already green: 61, to check: 1
[2026-07-14T03:15:02+00:00] Categories: [3,5,7]
[2026-07-14T03:15:02+00:00] Fetched deals: 1
[2026-07-14T03:15:02+00:00] Colors: green=0 persisted=61, red=1
[2026-07-14T03:15:04+00:00] Cells updated: 2
[2026-07-14T03:15:04+00:00] === color-links end (2.39s) ===
[2026-07-14T03:30:01+00:00] === color-links start ===
[2026-07-14T03:30:01+00:00] Unique deals in sheet: 2
[2026-07-14T03:30:01+00:00] Already green: 61, to check: 1
[2026-07-14T03:30:02+00:00] Categories: [3,5,7]
[2026-07-14T03:30:02+00:00] Fetched deals: 1
[2026-07-14T03:30:02+00:00] Colors: green=0 persisted=61, red=1
[2026-07-14T03:30:03+00:00] Cells updated: 2
[2026-07-14T03:30:03+00:00] === color-links end (1.81s) ===
[2026-07-14T03:45:01+00:00] === color-links start ===
[2026-07-14T03:45:01+00:00] Unique deals in sheet: 2
[2026-07-14T03:45:01+00:00] Already green: 61, to check: 1
[2026-07-14T03:45:01+00:00] Categories: [3,5,7]
[2026-07-14T03:45:01+00:00] Fetched deals: 1
[2026-07-14T03:45:01+00:00] Colors: green=0 persisted=61, red=1
[2026-07-14T03:45:03+00:00] Cells updated: 2
[2026-07-14T03:45:03+00:00] === color-links end (2.56s) ===
[2026-07-14T04:00:01+00:00] === color-links start ===
[2026-07-14T04:00:01+00:00] Unique deals in sheet: 2
[2026-07-14T04:00:01+00:00] Already green: 61, to check: 1
[2026-07-14T04:00:02+00:00] Categories: [3,5,7]
[2026-07-14T04:00:02+00:00] Fetched deals: 1
[2026-07-14T04:00:02+00:00] Colors: green=0 persisted=61, red=1
[2026-07-14T04:00:03+00:00] Cells updated: 2
[2026-07-14T04:00:03+00:00] === color-links end (1.84s) ===
[2026-07-14T04:15:01+00:00] === color-links start ===
[2026-07-14T04:15:01+00:00] Unique deals in sheet: 2
[2026-07-14T04:15:01+00:00] Already green: 61, to check: 1
[2026-07-14T04:15:01+00:00] Categories: [3,5,7]
[2026-07-14T04:15:02+00:00] Fetched deals: 1
[2026-07-14T04:15:02+00:00] Colors: green=0 persisted=61, red=1
[2026-07-14T04:15:03+00:00] Cells updated: 2
[2026-07-14T04:15:03+00:00] === color-links end (1.68s) ===
[2026-07-14T04:30:01+00:00] === color-links start ===
[2026-07-14T04:30:01+00:00] Unique deals in sheet: 2
[2026-07-14T04:30:01+00:00] Already green: 61, to check: 1
[2026-07-14T04:30:01+00:00] Categories: [3,5,7]
[2026-07-14T04:30:02+00:00] Fetched deals: 1
[2026-07-14T04:30:02+00:00] Colors: green=0 persisted=61, red=1
[2026-07-14T04:30:04+00:00] Cells updated: 2
[2026-07-14T04:30:04+00:00] === color-links end (2.48s) ===
[2026-07-14T04:45:01+00:00] === color-links start ===
[2026-07-14T04:45:01+00:00] Unique deals in sheet: 2
[2026-07-14T04:45:01+00:00] Already green: 61, to check: 1
[2026-07-14T04:45:01+00:00] Categories: [3,5,7]
[2026-07-14T04:45:01+00:00] Fetched deals: 1
[2026-07-14T04:45:01+00:00] Colors: green=0 persisted=61, red=1
[2026-07-14T04:45:03+00:00] Cells updated: 2
[2026-07-14T04:45:03+00:00] === color-links end (1.73s) ===
[2026-07-14T05:00:01+00:00] === color-links start ===
[2026-07-14T05:00:01+00:00] Unique deals in sheet: 2
[2026-07-14T05:00:01+00:00] Already green: 61, to check: 1
[2026-07-14T05:00:01+00:00] Categories: [3,5,7]
[2026-07-14T05:00:01+00:00] Fetched deals: 1
[2026-07-14T05:00:01+00:00] Colors: green=0 persisted=61, red=1
[2026-07-14T05:00:03+00:00] Cells updated: 2
[2026-07-14T05:00:03+00:00] === color-links end (2.09s) ===
[2026-07-14T05:15:02+00:00] === color-links start ===
[2026-07-14T05:15:02+00:00] Unique deals in sheet: 2
[2026-07-14T05:15:02+00:00] Already green: 61, to check: 1
[2026-07-14T05:15:02+00:00] Categories: [3,5,7]
[2026-07-14T05:15:02+00:00] Fetched deals: 1
[2026-07-14T05:15:02+00:00] Colors: green=0 persisted=61, red=1
[2026-07-14T05:15:04+00:00] Cells updated: 2
[2026-07-14T05:15:04+00:00] === color-links end (2.56s) ===
[2026-07-14T05:30:02+00:00] === color-links start ===
[2026-07-14T05:30:02+00:00] Unique deals in sheet: 2
[2026-07-14T05:30:02+00:00] Already green: 61, to check: 1
[2026-07-14T05:30:02+00:00] Categories: [3,5,7]
[2026-07-14T05:30:02+00:00] Fetched deals: 1
[2026-07-14T05:30:02+00:00] Colors: green=0 persisted=61, red=1
[2026-07-14T05:30:04+00:00] Cells updated: 2
[2026-07-14T05:30:04+00:00] === color-links end (1.99s) ===
[2026-07-14T05:45:01+00:00] === color-links start ===
[2026-07-14T05:45:01+00:00] Unique deals in sheet: 2
[2026-07-14T05:45:01+00:00] Already green: 61, to check: 1
[2026-07-14T05:45:01+00:00] Categories: [3,5,7]
[2026-07-14T05:45:02+00:00] Fetched deals: 1
[2026-07-14T05:45:02+00:00] Colors: green=0 persisted=61, red=1
[2026-07-14T05:45:03+00:00] Cells updated: 2
[2026-07-14T05:45:03+00:00] === color-links end (2.09s) ===
[2026-07-14T06:00:02+00:00] === color-links start ===
[2026-07-14T06:00:02+00:00] Unique deals in sheet: 2
[2026-07-14T06:00:02+00:00] Already green: 61, to check: 1
[2026-07-14T06:00:02+00:00] Categories: [3,5,7]
[2026-07-14T06:00:03+00:00] Fetched deals: 1
[2026-07-14T06:00:03+00:00] Colors: green=0 persisted=61, red=1
[2026-07-14T06:00:04+00:00] Cells updated: 2
[2026-07-14T06:00:04+00:00] === color-links end (2.28s) ===
[2026-07-14T06:15:01+00:00] === color-links start ===
[2026-07-14T06:15:01+00:00] Unique deals in sheet: 2
[2026-07-14T06:15:01+00:00] Already green: 61, to check: 1
[2026-07-14T06:15:01+00:00] Categories: [3,5,7]
[2026-07-14T06:15:01+00:00] Fetched deals: 1
[2026-07-14T06:15:01+00:00] Colors: green=0 persisted=61, red=1
[2026-07-14T06:15:04+00:00] Cells updated: 2
[2026-07-14T06:15:04+00:00] === color-links end (3.05s) ===
[2026-07-14T06:30:01+00:00] === color-links start ===
[2026-07-14T06:30:01+00:00] Unique deals in sheet: 2
[2026-07-14T06:30:01+00:00] Already green: 61, to check: 1
[2026-07-14T06:30:01+00:00] Categories: [3,5,7]
[2026-07-14T06:30:02+00:00] Fetched deals: 1
[2026-07-14T06:30:02+00:00] Colors: green=0 persisted=61, red=1
[2026-07-14T06:30:03+00:00] Cells updated: 2
[2026-07-14T06:30:03+00:00] === color-links end (1.82s) ===
[2026-07-14T06:45:01+00:00] === color-links start ===
[2026-07-14T06:45:01+00:00] Unique deals in sheet: 2
[2026-07-14T06:45:01+00:00] Already green: 61, to check: 1
[2026-07-14T06:45:02+00:00] Categories: [3,5,7]
[2026-07-14T06:45:02+00:00] Fetched deals: 1
[2026-07-14T06:45:02+00:00] Colors: green=0 persisted=61, red=1
[2026-07-14T06:45:03+00:00] Cells updated: 2
[2026-07-14T06:45:03+00:00] === color-links end (2.29s) ===
[2026-07-14T07:00:01+00:00] === color-links start ===
[2026-07-14T07:00:01+00:00] Unique deals in sheet: 2
[2026-07-14T07:00:01+00:00] Already green: 61, to check: 1
[2026-07-14T07:00:01+00:00] Categories: [3,5,7]
[2026-07-14T07:00:02+00:00] Fetched deals: 1
[2026-07-14T07:00:02+00:00] Colors: green=0 persisted=61, red=1
[2026-07-14T07:00:03+00:00] Cells updated: 2
[2026-07-14T07:00:03+00:00] === color-links end (2.64s) ===
[2026-07-14T07:15:01+00:00] === color-links start ===
[2026-07-14T07:15:01+00:00] Unique deals in sheet: 2
[2026-07-14T07:15:01+00:00] Already green: 61, to check: 1
[2026-07-14T07:15:02+00:00] Categories: [3,5,7]
[2026-07-14T07:15:02+00:00] Fetched deals: 1
[2026-07-14T07:15:02+00:00] Colors: green=0 persisted=61, red=1
[2026-07-14T07:15:04+00:00] Cells updated: 2
[2026-07-14T07:15:04+00:00] === color-links end (2.15s) ===
[2026-07-14T07:30:01+00:00] === color-links start ===
[2026-07-14T07:30:01+00:00] Unique deals in sheet: 2
[2026-07-14T07:30:01+00:00] Already green: 61, to check: 1
[2026-07-14T07:30:02+00:00] Categories: [3,5,7]
[2026-07-14T07:30:03+00:00] Fetched deals: 1
[2026-07-14T07:30:03+00:00] Colors: green=0 persisted=61, red=1
[2026-07-14T07:30:05+00:00] Cells updated: 2
[2026-07-14T07:30:05+00:00] === color-links end (3.34s) ===
[2026-07-14T07:45:01+00:00] === color-links start ===
[2026-07-14T07:45:01+00:00] Unique deals in sheet: 2
[2026-07-14T07:45:01+00:00] Already green: 61, to check: 1
[2026-07-14T07:45:01+00:00] Categories: [3,5,7]
[2026-07-14T07:45:02+00:00] Fetched deals: 1
[2026-07-14T07:45:02+00:00] Colors: green=0 persisted=61, red=1
[2026-07-14T07:45:03+00:00] Cells updated: 2
[2026-07-14T07:45:03+00:00] === color-links end (2.01s) ===
[2026-07-14T08:00:01+00:00] === color-links start ===
[2026-07-14T08:00:01+00:00] Unique deals in sheet: 2
[2026-07-14T08:00:01+00:00] Already green: 61, to check: 1
[2026-07-14T08:00:02+00:00] Categories: [3,5,7]
[2026-07-14T08:00:02+00:00] Fetched deals: 1
[2026-07-14T08:00:02+00:00] Colors: green=0 persisted=61, red=1
[2026-07-14T08:00:03+00:00] Cells updated: 2
[2026-07-14T08:00:03+00:00] === color-links end (1.81s) ===
[2026-07-14T08:15:01+00:00] === color-links start ===
[2026-07-14T08:15:01+00:00] Unique deals in sheet: 2
[2026-07-14T08:15:01+00:00] Already green: 61, to check: 1
[2026-07-14T08:15:02+00:00] Categories: [3,5,7]
[2026-07-14T08:15:02+00:00] Fetched deals: 1
[2026-07-14T08:15:02+00:00] Colors: green=0 persisted=61, red=1
[2026-07-14T08:15:04+00:00] Cells updated: 2
[2026-07-14T08:15:04+00:00] === color-links end (2.42s) ===
[2026-07-14T08:30:01+00:00] === color-links start ===
[2026-07-14T08:30:01+00:00] Unique deals in sheet: 2
[2026-07-14T08:30:01+00:00] Already green: 61, to check: 1
[2026-07-14T08:30:02+00:00] Categories: [3,5,7]
[2026-07-14T08:30:02+00:00] Fetched deals: 1
[2026-07-14T08:30:02+00:00] Colors: green=0 persisted=61, red=1
[2026-07-14T08:30:04+00:00] Cells updated: 2
[2026-07-14T08:30:04+00:00] === color-links end (2.42s) ===
[2026-07-14T08:45:01+00:00] === color-links start ===
[2026-07-14T08:45:01+00:00] Unique deals in sheet: 2
[2026-07-14T08:45:01+00:00] Already green: 61, to check: 1
[2026-07-14T08:45:01+00:00] Categories: [3,5,7]
[2026-07-14T08:45:01+00:00] Fetched deals: 1
[2026-07-14T08:45:01+00:00] Colors: green=0 persisted=61, red=1
[2026-07-14T08:45:03+00:00] Cells updated: 2
[2026-07-14T08:45:03+00:00] === color-links end (2.02s) ===
[2026-07-14T09:00:01+00:00] === color-links start ===
[2026-07-14T09:00:01+00:00] Unique deals in sheet: 2
[2026-07-14T09:00:01+00:00] Already green: 61, to check: 1
[2026-07-14T09:00:01+00:00] Categories: [3,5,7]
[2026-07-14T09:00:02+00:00] Fetched deals: 1
[2026-07-14T09:00:02+00:00] Colors: green=0 persisted=61, red=1
[2026-07-14T09:00:03+00:00] Cells updated: 2
[2026-07-14T09:00:03+00:00] === color-links end (1.88s) ===
[2026-07-14T09:15:01+00:00] === color-links start ===
[2026-07-14T09:15:01+00:00] Unique deals in sheet: 2
[2026-07-14T09:15:01+00:00] Already green: 61, to check: 1
[2026-07-14T09:15:01+00:00] Categories: [3,5,7]
[2026-07-14T09:15:02+00:00] Fetched deals: 1
[2026-07-14T09:15:02+00:00] Colors: green=0 persisted=61, red=1
[2026-07-14T09:15:04+00:00] Cells updated: 2
[2026-07-14T09:15:04+00:00] === color-links end (2.56s) ===
[2026-07-14T09:30:01+00:00] === color-links start ===
[2026-07-14T09:30:01+00:00] Unique deals in sheet: 2
[2026-07-14T09:30:01+00:00] Already green: 61, to check: 1
[2026-07-14T09:30:01+00:00] Categories: [3,5,7]
[2026-07-14T09:30:01+00:00] Fetched deals: 1
[2026-07-14T09:30:01+00:00] Colors: green=0 persisted=61, red=1
[2026-07-14T09:30:03+00:00] Cells updated: 2
[2026-07-14T09:30:03+00:00] === color-links end (1.77s) ===
[2026-07-14T09:45:01+00:00] === color-links start ===
[2026-07-14T09:45:01+00:00] Unique deals in sheet: 2
[2026-07-14T09:45:01+00:00] Already green: 61, to check: 1
[2026-07-14T09:45:01+00:00] Categories: [3,5,7]
[2026-07-14T09:45:01+00:00] Fetched deals: 1
[2026-07-14T09:45:01+00:00] Colors: green=0 persisted=61, red=1
[2026-07-14T09:45:03+00:00] Cells updated: 2
[2026-07-14T09:45:03+00:00] === color-links end (2.46s) ===
[2026-07-14T10:00:01+00:00] === color-links start ===
[2026-07-14T10:00:01+00:00] Unique deals in sheet: 2
[2026-07-14T10:00:01+00:00] Already green: 61, to check: 1
[2026-07-14T10:00:01+00:00] Categories: [3,5,7]
[2026-07-14T10:00:01+00:00] Fetched deals: 1
[2026-07-14T10:00:01+00:00] Colors: green=0 persisted=61, red=1
[2026-07-14T10:00:03+00:00] Cells updated: 2
[2026-07-14T10:00:03+00:00] === color-links end (2.38s) ===
[2026-07-14T10:15:01+00:00] === color-links start ===
[2026-07-14T10:15:01+00:00] Unique deals in sheet: 2
[2026-07-14T10:15:01+00:00] Already green: 61, to check: 1
[2026-07-14T10:15:01+00:00] Categories: [3,5,7]
[2026-07-14T10:15:02+00:00] Fetched deals: 1
[2026-07-14T10:15:02+00:00] Colors: green=0 persisted=61, red=1
[2026-07-14T10:15:03+00:00] Cells updated: 2
[2026-07-14T10:15:03+00:00] === color-links end (1.71s) ===
[2026-07-14T10:30:01+00:00] === color-links start ===
[2026-07-14T10:30:01+00:00] Unique deals in sheet: 2
[2026-07-14T10:30:01+00:00] Already green: 61, to check: 1
[2026-07-14T10:30:02+00:00] Categories: [3,5,7]
[2026-07-14T10:30:02+00:00] Fetched deals: 1
[2026-07-14T10:30:02+00:00] Colors: green=0 persisted=61, red=1
[2026-07-14T10:30:03+00:00] Cells updated: 2
[2026-07-14T10:30:03+00:00] === color-links end (1.79s) ===
[2026-07-14T10:45:01+00:00] === color-links start ===
[2026-07-14T10:45:01+00:00] Unique deals in sheet: 2
[2026-07-14T10:45:01+00:00] Already green: 61, to check: 1
[2026-07-14T10:45:01+00:00] Categories: [3,5,7]
[2026-07-14T10:45:01+00:00] Fetched deals: 1
[2026-07-14T10:45:01+00:00] Colors: green=0 persisted=61, red=1
[2026-07-14T10:45:03+00:00] Cells updated: 2
[2026-07-14T10:45:03+00:00] === color-links end (1.77s) ===
[2026-07-14T11:00:01+00:00] === color-links start ===
[2026-07-14T11:00:01+00:00] Unique deals in sheet: 2
[2026-07-14T11:00:01+00:00] Already green: 61, to check: 1
[2026-07-14T11:00:01+00:00] Categories: [3,5,7]
[2026-07-14T11:00:02+00:00] Fetched deals: 1
[2026-07-14T11:00:02+00:00] Colors: green=0 persisted=61, red=1
[2026-07-14T11:00:03+00:00] Cells updated: 2
[2026-07-14T11:00:03+00:00] === color-links end (1.71s) ===
[2026-07-14T11:15:01+00:00] === color-links start ===
[2026-07-14T11:15:01+00:00] Unique deals in sheet: 2
[2026-07-14T11:15:01+00:00] Already green: 61, to check: 1
[2026-07-14T11:15:01+00:00] Categories: [3,5,7]
[2026-07-14T11:15:01+00:00] Fetched deals: 1
[2026-07-14T11:15:01+00:00] Colors: green=0 persisted=61, red=1
[2026-07-14T11:15:03+00:00] Cells updated: 2
[2026-07-14T11:15:03+00:00] === color-links end (2.36s) ===
[2026-07-14T11:30:01+00:00] === color-links start ===
[2026-07-14T11:30:01+00:00] Unique deals in sheet: 2
[2026-07-14T11:30:01+00:00] Already green: 61, to check: 1
[2026-07-14T11:30:01+00:00] Categories: [3,5,7]
[2026-07-14T11:30:02+00:00] Fetched deals: 1
[2026-07-14T11:30:02+00:00] Colors: green=0 persisted=61, red=1
[2026-07-14T11:30:03+00:00] Cells updated: 2
[2026-07-14T11:30:03+00:00] === color-links end (1.87s) ===
[2026-07-14T11:45:01+00:00] === color-links start ===
[2026-07-14T11:45:01+00:00] Unique deals in sheet: 2
[2026-07-14T11:45:01+00:00] Already green: 61, to check: 1
[2026-07-14T11:45:01+00:00] Categories: [3,5,7]
[2026-07-14T11:45:02+00:00] Fetched deals: 1
[2026-07-14T11:45:02+00:00] Colors: green=0 persisted=61, red=1
[2026-07-14T11:45:03+00:00] Cells updated: 2
[2026-07-14T11:45:03+00:00] === color-links end (1.73s) ===
[2026-07-14T12:00:01+00:00] === color-links start ===
[2026-07-14T12:00:01+00:00] Unique deals in sheet: 2
[2026-07-14T12:00:01+00:00] Already green: 61, to check: 1
[2026-07-14T12:00:01+00:00] Categories: [3,5,7]
[2026-07-14T12:00:02+00:00] Fetched deals: 1
[2026-07-14T12:00:02+00:00] Colors: green=0 persisted=61, red=1
[2026-07-14T12:00:03+00:00] Cells updated: 2
[2026-07-14T12:00:03+00:00] === color-links end (1.78s) ===
[2026-07-14T12:15:01+00:00] === color-links start ===
[2026-07-14T12:15:01+00:00] Unique deals in sheet: 2
[2026-07-14T12:15:01+00:00] Already green: 61, to check: 1
[2026-07-14T12:15:01+00:00] Categories: [3,5,7]
[2026-07-14T12:15:02+00:00] Fetched deals: 1
[2026-07-14T12:15:02+00:00] Colors: green=0 persisted=61, red=1
[2026-07-14T12:15:03+00:00] Cells updated: 2
[2026-07-14T12:15:03+00:00] === color-links end (2.08s) ===
[2026-07-14T12:30:01+00:00] === color-links start ===
[2026-07-14T12:30:01+00:00] Unique deals in sheet: 2
[2026-07-14T12:30:01+00:00] Already green: 61, to check: 1
[2026-07-14T12:30:01+00:00] Categories: [3,5,7]
[2026-07-14T12:30:01+00:00] Fetched deals: 1
[2026-07-14T12:30:01+00:00] Colors: green=0 persisted=61, red=1
[2026-07-14T12:30:03+00:00] Cells updated: 2
[2026-07-14T12:30:03+00:00] === color-links end (1.68s) ===
[2026-07-14T12:45:01+00:00] === color-links start ===
[2026-07-14T12:45:01+00:00] Unique deals in sheet: 2
[2026-07-14T12:45:01+00:00] Already green: 61, to check: 1
[2026-07-14T12:45:01+00:00] Categories: [3,5,7]
[2026-07-14T12:45:01+00:00] Fetched deals: 1
[2026-07-14T12:45:01+00:00] Colors: green=0 persisted=61, red=1
[2026-07-14T12:45:03+00:00] Cells updated: 2
[2026-07-14T12:45:03+00:00] === color-links end (1.9s) ===
[2026-07-14T13:00:01+00:00] === color-links start ===
[2026-07-14T13:00:01+00:00] Unique deals in sheet: 2
[2026-07-14T13:00:01+00:00] Already green: 61, to check: 1
[2026-07-14T13:00:01+00:00] Categories: [3,5,7]
[2026-07-14T13:00:02+00:00] Fetched deals: 1
[2026-07-14T13:00:02+00:00] Colors: green=0 persisted=61, red=1
[2026-07-14T13:00:03+00:00] Cells updated: 2
[2026-07-14T13:00:03+00:00] === color-links end (1.75s) ===
[2026-07-14T13:15:01+00:00] === color-links start ===
[2026-07-14T13:15:01+00:00] Unique deals in sheet: 2
[2026-07-14T13:15:01+00:00] Already green: 61, to check: 1
[2026-07-14T13:15:01+00:00] Categories: [3,5,7]
[2026-07-14T13:15:01+00:00] Fetched deals: 1
[2026-07-14T13:15:01+00:00] Colors: green=0 persisted=61, red=1
[2026-07-14T13:15:03+00:00] Cells updated: 2
[2026-07-14T13:15:03+00:00] === color-links end (1.84s) ===
[2026-07-14T13:30:02+00:00] === color-links start ===
[2026-07-14T13:30:02+00:00] Unique deals in sheet: 2
[2026-07-14T13:30:02+00:00] Already green: 61, to check: 1
[2026-07-14T13:30:02+00:00] Categories: [3,5,7]
[2026-07-14T13:30:02+00:00] Fetched deals: 1
[2026-07-14T13:30:02+00:00] Colors: green=0 persisted=61, red=1
[2026-07-14T13:30:03+00:00] Cells updated: 2
[2026-07-14T13:30:03+00:00] === color-links end (1.72s) ===
[2026-07-14T13:45:01+00:00] === color-links start ===
[2026-07-14T13:45:01+00:00] Unique deals in sheet: 2
[2026-07-14T13:45:01+00:00] Already green: 61, to check: 1
[2026-07-14T13:45:01+00:00] Categories: [3,5,7]
[2026-07-14T13:45:02+00:00] Fetched deals: 1
[2026-07-14T13:45:02+00:00] Colors: green=0 persisted=61, red=1
[2026-07-14T13:45:03+00:00] Cells updated: 2
[2026-07-14T13:45:03+00:00] === color-links end (1.72s) ===
[2026-07-14T14:00:02+00:00] === color-links start ===
[2026-07-14T14:00:02+00:00] Unique deals in sheet: 2
[2026-07-14T14:00:02+00:00] Already green: 61, to check: 1
[2026-07-14T14:00:02+00:00] Categories: [3,5,7]
[2026-07-14T14:00:02+00:00] Fetched deals: 1
[2026-07-14T14:00:02+00:00] Colors: green=0 persisted=61, red=1
[2026-07-14T14:00:03+00:00] Cells updated: 2
[2026-07-14T14:00:03+00:00] === color-links end (1.77s) ===
[2026-07-14T14:15:01+00:00] === color-links start ===
[2026-07-14T14:15:01+00:00] Unique deals in sheet: 2
[2026-07-14T14:15:01+00:00] Already green: 61, to check: 1
[2026-07-14T14:15:01+00:00] Categories: [3,5,7]
[2026-07-14T14:15:01+00:00] Fetched deals: 1
[2026-07-14T14:15:01+00:00] Colors: green=0 persisted=61, red=1
[2026-07-14T14:15:03+00:00] Cells updated: 2
[2026-07-14T14:15:03+00:00] === color-links end (1.62s) ===
[2026-07-14T14:30:02+00:00] === color-links start ===
[2026-07-14T14:30:02+00:00] Unique deals in sheet: 2
[2026-07-14T14:30:02+00:00] Already green: 61, to check: 1
[2026-07-14T14:30:02+00:00] Categories: [3,5,7]
[2026-07-14T14:30:02+00:00] Fetched deals: 1
[2026-07-14T14:30:02+00:00] Colors: green=0 persisted=61, red=1
[2026-07-14T14:30:03+00:00] Cells updated: 2
[2026-07-14T14:30:03+00:00] === color-links end (1.63s) ===
[2026-07-14T14:45:01+00:00] === color-links start ===
[2026-07-14T14:45:01+00:00] Unique deals in sheet: 2
[2026-07-14T14:45:01+00:00] Already green: 61, to check: 1
[2026-07-14T14:45:02+00:00] Categories: [3,5,7]
[2026-07-14T14:45:02+00:00] Fetched deals: 1
[2026-07-14T14:45:02+00:00] Colors: green=0 persisted=61, red=1
[2026-07-14T14:45:03+00:00] Cells updated: 2
[2026-07-14T14:45:03+00:00] === color-links end (1.87s) ===
[2026-07-14T15:00:01+00:00] === color-links start ===
[2026-07-14T15:00:01+00:00] Unique deals in sheet: 2
[2026-07-14T15:00:01+00:00] Already green: 61, to check: 1
[2026-07-14T15:00:01+00:00] Categories: [3,5,7]
[2026-07-14T15:00:02+00:00] Fetched deals: 1
[2026-07-14T15:00:02+00:00] Colors: green=0 persisted=61, red=1
[2026-07-14T15:00:03+00:00] Cells updated: 2
[2026-07-14T15:00:03+00:00] === color-links end (1.74s) ===
[2026-07-14T15:15:01+00:00] === color-links start ===
[2026-07-14T15:15:01+00:00] Unique deals in sheet: 2
[2026-07-14T15:15:01+00:00] Already green: 61, to check: 1
[2026-07-14T15:15:01+00:00] Categories: [3,5,7]
[2026-07-14T15:15:01+00:00] Fetched deals: 1
[2026-07-14T15:15:01+00:00] Colors: green=0 persisted=61, red=1
[2026-07-14T15:15:03+00:00] Cells updated: 2
[2026-07-14T15:15:03+00:00] === color-links end (1.71s) ===
[2026-07-14T15:30:01+00:00] === color-links start ===
[2026-07-14T15:30:01+00:00] Unique deals in sheet: 2
[2026-07-14T15:30:01+00:00] Already green: 61, to check: 1
[2026-07-14T15:30:01+00:00] Categories: [3,5,7]
[2026-07-14T15:30:01+00:00] Fetched deals: 1
[2026-07-14T15:30:01+00:00] Colors: green=0 persisted=61, red=1
[2026-07-14T15:30:03+00:00] Cells updated: 2
[2026-07-14T15:30:03+00:00] === color-links end (1.74s) ===
[2026-07-14T15:45:01+00:00] === color-links start ===
[2026-07-14T15:45:01+00:00] Unique deals in sheet: 2
[2026-07-14T15:45:01+00:00] Already green: 61, to check: 1
[2026-07-14T15:45:01+00:00] Categories: [3,5,7]
[2026-07-14T15:45:01+00:00] Fetched deals: 1
[2026-07-14T15:45:01+00:00] Colors: green=0 persisted=61, red=1
[2026-07-14T15:45:03+00:00] Cells updated: 2
[2026-07-14T15:45:03+00:00] === color-links end (1.9s) ===
[2026-07-14T16:00:01+00:00] === color-links start ===
[2026-07-14T16:00:01+00:00] Unique deals in sheet: 2
[2026-07-14T16:00:01+00:00] Already green: 61, to check: 1
[2026-07-14T16:00:01+00:00] Categories: [3,5,7]
[2026-07-14T16:00:01+00:00] Fetched deals: 1
[2026-07-14T16:00:01+00:00] Colors: green=0 persisted=61, red=1
[2026-07-14T16:00:03+00:00] Cells updated: 2
[2026-07-14T16:00:03+00:00] === color-links end (1.78s) ===
[2026-07-14T16:15:01+00:00] === color-links start ===
[2026-07-14T16:15:01+00:00] Unique deals in sheet: 2
[2026-07-14T16:15:01+00:00] Already green: 61, to check: 1
[2026-07-14T16:15:01+00:00] Categories: [3,5,7]
[2026-07-14T16:15:01+00:00] Fetched deals: 1
[2026-07-14T16:15:01+00:00] Colors: green=0 persisted=61, red=1
[2026-07-14T16:15:03+00:00] Cells updated: 2
[2026-07-14T16:15:03+00:00] === color-links end (1.95s) ===
[2026-07-14T16:30:01+00:00] === color-links start ===
[2026-07-14T16:30:01+00:00] Unique deals in sheet: 2
[2026-07-14T16:30:01+00:00] Already green: 61, to check: 1
[2026-07-14T16:30:01+00:00] Categories: [3,5,7]
[2026-07-14T16:30:01+00:00] Fetched deals: 1
[2026-07-14T16:30:01+00:00] Colors: green=0 persisted=61, red=1
[2026-07-14T16:30:03+00:00] Cells updated: 2
[2026-07-14T16:30:03+00:00] === color-links end (1.6s) ===
[2026-07-14T16:45:01+00:00] === color-links start ===
[2026-07-14T16:45:01+00:00] Unique deals in sheet: 2
[2026-07-14T16:45:01+00:00] Already green: 61, to check: 1
[2026-07-14T16:45:02+00:00] Categories: [3,5,7]
[2026-07-14T16:45:02+00:00] Fetched deals: 1
[2026-07-14T16:45:02+00:00] Colors: green=0 persisted=61, red=1
[2026-07-14T16:45:03+00:00] Cells updated: 2
[2026-07-14T16:45:03+00:00] === color-links end (1.7s) ===
[2026-07-14T17:00:01+00:00] === color-links start ===
[2026-07-14T17:00:01+00:00] Unique deals in sheet: 2
[2026-07-14T17:00:01+00:00] Already green: 61, to check: 1
[2026-07-14T17:00:01+00:00] Categories: [3,5,7]
[2026-07-14T17:00:01+00:00] Fetched deals: 1
[2026-07-14T17:00:01+00:00] Colors: green=0 persisted=61, red=1
[2026-07-14T17:00:03+00:00] Cells updated: 2
[2026-07-14T17:00:03+00:00] === color-links end (2.29s) ===
[2026-07-14T17:15:01+00:00] === color-links start ===
[2026-07-14T17:15:01+00:00] Unique deals in sheet: 2
[2026-07-14T17:15:01+00:00] Already green: 61, to check: 1
[2026-07-14T17:15:01+00:00] Categories: [3,5,7]
[2026-07-14T17:15:02+00:00] Fetched deals: 1
[2026-07-14T17:15:02+00:00] Colors: green=0 persisted=61, red=1
[2026-07-14T17:15:04+00:00] Cells updated: 2
[2026-07-14T17:15:04+00:00] === color-links end (2.65s) ===
[2026-07-14T17:30:01+00:00] === color-links start ===
[2026-07-14T17:30:01+00:00] Unique deals in sheet: 2
[2026-07-14T17:30:01+00:00] Already green: 61, to check: 1
[2026-07-14T17:30:01+00:00] Categories: [3,5,7]
[2026-07-14T17:30:01+00:00] Fetched deals: 1
[2026-07-14T17:30:01+00:00] Colors: green=0 persisted=61, red=1
[2026-07-14T17:30:03+00:00] Cells updated: 2
[2026-07-14T17:30:03+00:00] === color-links end (1.95s) ===
[2026-07-14T17:45:02+00:00] === color-links start ===
[2026-07-14T17:45:02+00:00] Unique deals in sheet: 2
[2026-07-14T17:45:02+00:00] Already green: 61, to check: 1
[2026-07-14T17:45:02+00:00] Categories: [3,5,7]
[2026-07-14T17:45:02+00:00] Fetched deals: 1
[2026-07-14T17:45:02+00:00] Colors: green=0 persisted=61, red=1
[2026-07-14T17:45:04+00:00] Cells updated: 2
[2026-07-14T17:45:04+00:00] === color-links end (2.5s) ===
[2026-07-14T18:00:01+00:00] === color-links start ===
[2026-07-14T18:00:01+00:00] Unique deals in sheet: 2
[2026-07-14T18:00:01+00:00] Already green: 61, to check: 1
[2026-07-14T18:00:01+00:00] Categories: [3,5,7]
[2026-07-14T18:00:01+00:00] Fetched deals: 1
[2026-07-14T18:00:01+00:00] Colors: green=0 persisted=61, red=1
[2026-07-14T18:00:03+00:00] Cells updated: 2
[2026-07-14T18:00:03+00:00] === color-links end (2.38s) ===
[2026-07-14T18:15:01+00:00] === color-links start ===
[2026-07-14T18:15:01+00:00] Unique deals in sheet: 2
[2026-07-14T18:15:01+00:00] Already green: 61, to check: 1
[2026-07-14T18:15:01+00:00] Categories: [3,5,7]
[2026-07-14T18:15:01+00:00] Fetched deals: 1
[2026-07-14T18:15:01+00:00] Colors: green=0 persisted=61, red=1
[2026-07-14T18:15:03+00:00] Cells updated: 2
[2026-07-14T18:15:03+00:00] === color-links end (2.23s) ===
[2026-07-14T18:30:01+00:00] === color-links start ===
[2026-07-14T18:30:01+00:00] Unique deals in sheet: 2
[2026-07-14T18:30:01+00:00] Already green: 61, to check: 1
[2026-07-14T18:30:01+00:00] Categories: [3,5,7]
[2026-07-14T18:30:01+00:00] Fetched deals: 1
[2026-07-14T18:30:01+00:00] Colors: green=0 persisted=61, red=1
[2026-07-14T18:30:03+00:00] Cells updated: 2
[2026-07-14T18:30:03+00:00] === color-links end (1.85s) ===
[2026-07-14T18:45:02+00:00] === color-links start ===
[2026-07-14T18:45:02+00:00] Unique deals in sheet: 2
[2026-07-14T18:45:02+00:00] Already green: 61, to check: 1
[2026-07-14T18:45:02+00:00] Categories: [3,5,7]
[2026-07-14T18:45:02+00:00] Fetched deals: 1
[2026-07-14T18:45:02+00:00] Colors: green=0 persisted=61, red=1
[2026-07-14T18:45:03+00:00] Cells updated: 2
[2026-07-14T18:45:03+00:00] === color-links end (1.83s) ===
[2026-07-14T19:00:01+00:00] === color-links start ===
[2026-07-14T19:00:01+00:00] Unique deals in sheet: 2
[2026-07-14T19:00:01+00:00] Already green: 61, to check: 1
[2026-07-14T19:00:02+00:00] Categories: [3,5,7]
[2026-07-14T19:00:02+00:00] Fetched deals: 1
[2026-07-14T19:00:02+00:00] Colors: green=0 persisted=61, red=1
[2026-07-14T19:00:04+00:00] Cells updated: 2
[2026-07-14T19:00:04+00:00] === color-links end (2.27s) ===
[2026-07-14T19:15:01+00:00] === color-links start ===
[2026-07-14T19:15:01+00:00] Unique deals in sheet: 2
[2026-07-14T19:15:01+00:00] Already green: 61, to check: 1
[2026-07-14T19:15:01+00:00] Categories: [3,5,7]
[2026-07-14T19:15:01+00:00] Fetched deals: 1
[2026-07-14T19:15:01+00:00] Colors: green=0 persisted=61, red=1
[2026-07-14T19:15:03+00:00] Cells updated: 2
[2026-07-14T19:15:03+00:00] === color-links end (2.26s) ===
[2026-07-14T19:30:01+00:00] === color-links start ===
[2026-07-14T19:30:01+00:00] Unique deals in sheet: 2
[2026-07-14T19:30:01+00:00] Already green: 61, to check: 1
[2026-07-14T19:30:02+00:00] Categories: [3,5,7]
[2026-07-14T19:30:02+00:00] Fetched deals: 1
[2026-07-14T19:30:02+00:00] Colors: green=0 persisted=61, red=1
[2026-07-14T19:30:03+00:00] Cells updated: 2
[2026-07-14T19:30:03+00:00] === color-links end (2.06s) ===
[2026-07-14T19:45:01+00:00] === color-links start ===
[2026-07-14T19:45:01+00:00] Unique deals in sheet: 2
[2026-07-14T19:45:01+00:00] Already green: 61, to check: 1
[2026-07-14T19:45:01+00:00] Categories: [3,5,7]
[2026-07-14T19:45:01+00:00] Fetched deals: 1
[2026-07-14T19:45:01+00:00] Colors: green=0 persisted=61, red=1
[2026-07-14T19:45:02+00:00] Cells updated: 2
[2026-07-14T19:45:02+00:00] === color-links end (1.76s) ===
[2026-07-14T20:00:01+00:00] === color-links start ===
[2026-07-14T20:00:01+00:00] Unique deals in sheet: 2
[2026-07-14T20:00:01+00:00] Already green: 61, to check: 1
[2026-07-14T20:00:01+00:00] Categories: [3,5,7]
[2026-07-14T20:00:02+00:00] Fetched deals: 1
[2026-07-14T20:00:02+00:00] Colors: green=0 persisted=61, red=1
[2026-07-14T20:00:03+00:00] Cells updated: 2
[2026-07-14T20:00:03+00:00] === color-links end (2.36s) ===
[2026-07-14T20:15:01+00:00] === color-links start ===
[2026-07-14T20:15:01+00:00] Unique deals in sheet: 2
[2026-07-14T20:15:01+00:00] Already green: 61, to check: 1
[2026-07-14T20:15:01+00:00] Categories: [3,5,7]
[2026-07-14T20:15:01+00:00] Fetched deals: 1
[2026-07-14T20:15:01+00:00] Colors: green=0 persisted=61, red=1
[2026-07-14T20:15:02+00:00] Cells updated: 2
[2026-07-14T20:15:02+00:00] === color-links end (1.64s) ===
[2026-07-14T20:30:01+00:00] === color-links start ===
[2026-07-14T20:30:01+00:00] Unique deals in sheet: 2
[2026-07-14T20:30:01+00:00] Already green: 61, to check: 1
[2026-07-14T20:30:02+00:00] Categories: [3,5,7]
[2026-07-14T20:30:02+00:00] Fetched deals: 1
[2026-07-14T20:30:02+00:00] Colors: green=0 persisted=61, red=1
[2026-07-14T20:30:03+00:00] Cells updated: 2
[2026-07-14T20:30:03+00:00] === color-links end (1.69s) ===
[2026-07-14T20:45:01+00:00] === color-links start ===
[2026-07-14T20:45:01+00:00] Unique deals in sheet: 2
[2026-07-14T20:45:01+00:00] Already green: 61, to check: 1
[2026-07-14T20:45:01+00:00] Categories: [3,5,7]
[2026-07-14T20:45:01+00:00] Fetched deals: 1
[2026-07-14T20:45:01+00:00] Colors: green=0 persisted=61, red=1
[2026-07-14T20:45:03+00:00] Cells updated: 2
[2026-07-14T20:45:03+00:00] === color-links end (1.8s) ===
[2026-07-14T21:00:01+00:00] === color-links start ===
[2026-07-14T21:00:01+00:00] Unique deals in sheet: 2
[2026-07-14T21:00:01+00:00] Already green: 61, to check: 1
[2026-07-14T21:00:06+00:00] Categories: [3,5,7]
[2026-07-14T21:00:11+00:00] Fetched deals: 1
[2026-07-14T21:00:11+00:00] Colors: green=0 persisted=61, red=1
[2026-07-14T21:00:12+00:00] Cells updated: 2
[2026-07-14T21:00:12+00:00] === color-links end (11.12s) ===
[2026-07-14T21:15:01+00:00] === color-links start ===
[2026-07-14T21:15:01+00:00] Unique deals in sheet: 2
[2026-07-14T21:15:01+00:00] Already green: 61, to check: 1
[2026-07-14T21:15:01+00:00] Categories: [3,5,7]
[2026-07-14T21:15:01+00:00] Fetched deals: 1
[2026-07-14T21:15:01+00:00] Colors: green=0 persisted=61, red=1
[2026-07-14T21:15:02+00:00] Cells updated: 2
[2026-07-14T21:15:02+00:00] === color-links end (1.67s) ===
[2026-07-14T21:30:01+00:00] === color-links start ===
[2026-07-14T21:30:01+00:00] Unique deals in sheet: 2
[2026-07-14T21:30:01+00:00] Already green: 61, to check: 1
[2026-07-14T21:30:01+00:00] Categories: [3,5,7]
[2026-07-14T21:30:01+00:00] Fetched deals: 1
[2026-07-14T21:30:01+00:00] Colors: green=0 persisted=61, red=1
[2026-07-14T21:30:02+00:00] Cells updated: 2
[2026-07-14T21:30:02+00:00] === color-links end (1.84s) ===
[2026-07-14T21:45:01+00:00] === color-links start ===
[2026-07-14T21:45:01+00:00] Unique deals in sheet: 2
[2026-07-14T21:45:01+00:00] Already green: 61, to check: 1
[2026-07-14T21:45:01+00:00] Categories: [3,5,7]
[2026-07-14T21:45:01+00:00] Fetched deals: 1
[2026-07-14T21:45:01+00:00] Colors: green=0 persisted=61, red=1
[2026-07-14T21:45:03+00:00] Cells updated: 2
[2026-07-14T21:45:03+00:00] === color-links end (1.65s) ===
[2026-07-14T22:00:01+00:00] === color-links start ===
[2026-07-14T22:00:01+00:00] Unique deals in sheet: 2
[2026-07-14T22:00:01+00:00] Already green: 61, to check: 1
[2026-07-14T22:00:01+00:00] Categories: [3,5,7]
[2026-07-14T22:00:02+00:00] Fetched deals: 1
[2026-07-14T22:00:02+00:00] Colors: green=0 persisted=61, red=1
[2026-07-14T22:00:03+00:00] Cells updated: 2
[2026-07-14T22:00:03+00:00] === color-links end (1.97s) ===
[2026-07-14T22:15:01+00:00] === color-links start ===
[2026-07-14T22:15:01+00:00] Unique deals in sheet: 2
[2026-07-14T22:15:01+00:00] Already green: 61, to check: 1
[2026-07-14T22:15:01+00:00] Categories: [3,5,7]
[2026-07-14T22:15:01+00:00] Fetched deals: 1
[2026-07-14T22:15:01+00:00] Colors: green=0 persisted=61, red=1
[2026-07-14T22:15:02+00:00] Cells updated: 2
[2026-07-14T22:15:02+00:00] === color-links end (1.59s) ===
[2026-07-14T22:30:01+00:00] === color-links start ===
[2026-07-14T22:30:01+00:00] Unique deals in sheet: 2
[2026-07-14T22:30:01+00:00] Already green: 61, to check: 1
[2026-07-14T22:30:02+00:00] Categories: [3,5,7]
[2026-07-14T22:30:02+00:00] Fetched deals: 1
[2026-07-14T22:30:02+00:00] Colors: green=0 persisted=61, red=1
[2026-07-14T22:30:03+00:00] Cells updated: 2
[2026-07-14T22:30:03+00:00] === color-links end (1.58s) ===
[2026-07-14T22:45:01+00:00] === color-links start ===
[2026-07-14T22:45:01+00:00] Unique deals in sheet: 2
[2026-07-14T22:45:01+00:00] Already green: 61, to check: 1
[2026-07-14T22:45:01+00:00] Categories: [3,5,7]
[2026-07-14T22:45:01+00:00] Fetched deals: 1
[2026-07-14T22:45:01+00:00] Colors: green=0 persisted=61, red=1
[2026-07-14T22:45:02+00:00] Cells updated: 2
[2026-07-14T22:45:02+00:00] === color-links end (1.79s) ===
[2026-07-14T23:00:01+00:00] === color-links start ===
[2026-07-14T23:00:01+00:00] Unique deals in sheet: 2
[2026-07-14T23:00:01+00:00] Already green: 61, to check: 1
[2026-07-14T23:00:01+00:00] Categories: [3,5,7]
[2026-07-14T23:00:01+00:00] Fetched deals: 1
[2026-07-14T23:00:01+00:00] Colors: green=0 persisted=61, red=1
[2026-07-14T23:00:02+00:00] Cells updated: 2
[2026-07-14T23:00:02+00:00] === color-links end (1.6s) ===
[2026-07-14T23:15:01+00:00] === color-links start ===
[2026-07-14T23:15:01+00:00] Unique deals in sheet: 2
[2026-07-14T23:15:01+00:00] Already green: 61, to check: 1
[2026-07-14T23:15:01+00:00] Categories: [3,5,7]
[2026-07-14T23:15:01+00:00] Fetched deals: 1
[2026-07-14T23:15:01+00:00] Colors: green=0 persisted=61, red=1
[2026-07-14T23:15:03+00:00] Cells updated: 2
[2026-07-14T23:15:03+00:00] === color-links end (2.16s) ===
[2026-07-14T23:30:01+00:00] === color-links start ===
[2026-07-14T23:30:01+00:00] Unique deals in sheet: 2
[2026-07-14T23:30:01+00:00] Already green: 61, to check: 1
[2026-07-14T23:30:02+00:00] Categories: [3,5,7]
[2026-07-14T23:30:02+00:00] Fetched deals: 1
[2026-07-14T23:30:02+00:00] Colors: green=0 persisted=61, red=1
[2026-07-14T23:30:05+00:00] Cells updated: 2
[2026-07-14T23:30:05+00:00] === color-links end (3.53s) ===
[2026-07-14T23:45:01+00:00] === color-links start ===
[2026-07-14T23:45:01+00:00] Unique deals in sheet: 2
[2026-07-14T23:45:01+00:00] Already green: 61, to check: 1
[2026-07-14T23:45:01+00:00] Categories: [3,5,7]
[2026-07-14T23:45:02+00:00] Fetched deals: 1
[2026-07-14T23:45:02+00:00] Colors: green=0 persisted=61, red=1
[2026-07-14T23:45:04+00:00] Cells updated: 2
[2026-07-14T23:45:04+00:00] === color-links end (3.01s) ===
