[2026-07-10T00:00:01+00:00] === color-links start ===
[2026-07-10T00:00:01+00:00] Unique deals in sheet: 2
[2026-07-10T00:00:01+00:00] Already green: 61, to check: 1
[2026-07-10T00:00:02+00:00] Categories: [3,5,7]
[2026-07-10T00:00:02+00:00] Fetched deals: 1
[2026-07-10T00:00:02+00:00] Colors: green=0 persisted=61, red=1
[2026-07-10T00:00:04+00:00] Cells updated: 2
[2026-07-10T00:00:04+00:00] === color-links end (2.81s) ===
[2026-07-10T00:15:01+00:00] === color-links start ===
[2026-07-10T00:15:01+00:00] Unique deals in sheet: 2
[2026-07-10T00:15:01+00:00] Already green: 61, to check: 1
[2026-07-10T00:15:01+00:00] Categories: [3,5,7]
[2026-07-10T00:15:01+00:00] Fetched deals: 1
[2026-07-10T00:15:01+00:00] Colors: green=0 persisted=61, red=1
[2026-07-10T00:15:03+00:00] Cells updated: 2
[2026-07-10T00:15:03+00:00] === color-links end (2.59s) ===
[2026-07-10T00:30:01+00:00] === color-links start ===
[2026-07-10T00:30:01+00:00] Unique deals in sheet: 2
[2026-07-10T00:30:01+00:00] Already green: 61, to check: 1
[2026-07-10T00:30:01+00:00] Categories: [3,5,7]
[2026-07-10T00:30:01+00:00] Fetched deals: 1
[2026-07-10T00:30:01+00:00] Colors: green=0 persisted=61, red=1
[2026-07-10T00:30:03+00:00] Cells updated: 2
[2026-07-10T00:30:03+00:00] === color-links end (2.29s) ===
[2026-07-10T00:45:01+00:00] === color-links start ===
[2026-07-10T00:45:01+00:00] Unique deals in sheet: 2
[2026-07-10T00:45:01+00:00] Already green: 61, to check: 1
[2026-07-10T00:45:01+00:00] Categories: [3,5,7]
[2026-07-10T00:45:01+00:00] Fetched deals: 1
[2026-07-10T00:45:01+00:00] Colors: green=0 persisted=61, red=1
[2026-07-10T00:45:03+00:00] Cells updated: 2
[2026-07-10T00:45:03+00:00] === color-links end (2.19s) ===
[2026-07-10T01:00:01+00:00] === color-links start ===
[2026-07-10T01:00:01+00:00] Unique deals in sheet: 2
[2026-07-10T01:00:01+00:00] Already green: 61, to check: 1
[2026-07-10T01:00:01+00:00] Categories: [3,5,7]
[2026-07-10T01:00:01+00:00] Fetched deals: 1
[2026-07-10T01:00:01+00:00] Colors: green=0 persisted=61, red=1
[2026-07-10T01:00:03+00:00] Cells updated: 2
[2026-07-10T01:00:03+00:00] === color-links end (1.8s) ===
[2026-07-10T01:15:01+00:00] === color-links start ===
[2026-07-10T01:15:01+00:00] Unique deals in sheet: 2
[2026-07-10T01:15:01+00:00] Already green: 61, to check: 1
[2026-07-10T01:15:01+00:00] Categories: [3,5,7]
[2026-07-10T01:15:01+00:00] Fetched deals: 1
[2026-07-10T01:15:01+00:00] Colors: green=0 persisted=61, red=1
[2026-07-10T01:15:04+00:00] Cells updated: 2
[2026-07-10T01:15:04+00:00] === color-links end (3.1s) ===
[2026-07-10T01:30:01+00:00] === color-links start ===
[2026-07-10T01:30:01+00:00] Unique deals in sheet: 2
[2026-07-10T01:30:01+00:00] Already green: 61, to check: 1
[2026-07-10T01:30:01+00:00] Categories: [3,5,7]
[2026-07-10T01:30:01+00:00] Fetched deals: 1
[2026-07-10T01:30:01+00:00] Colors: green=0 persisted=61, red=1
[2026-07-10T01:30:03+00:00] Cells updated: 2
[2026-07-10T01:30:03+00:00] === color-links end (1.92s) ===
[2026-07-10T01:45:01+00:00] === color-links start ===
[2026-07-10T01:45:01+00:00] Unique deals in sheet: 2
[2026-07-10T01:45:01+00:00] Already green: 61, to check: 1
[2026-07-10T01:45:02+00:00] Categories: [3,5,7]
[2026-07-10T01:45:02+00:00] Fetched deals: 1
[2026-07-10T01:45:02+00:00] Colors: green=0 persisted=61, red=1
[2026-07-10T01:45:04+00:00] Cells updated: 2
[2026-07-10T01:45:04+00:00] === color-links end (2.26s) ===
[2026-07-10T02:00:01+00:00] === color-links start ===
[2026-07-10T02:00:01+00:00] Unique deals in sheet: 2
[2026-07-10T02:00:01+00:00] Already green: 61, to check: 1
[2026-07-10T02:00:02+00:00] Categories: [3,5,7]
[2026-07-10T02:00:02+00:00] Fetched deals: 1
[2026-07-10T02:00:02+00:00] Colors: green=0 persisted=61, red=1
[2026-07-10T02:00:03+00:00] Cells updated: 2
[2026-07-10T02:00:03+00:00] === color-links end (2.1s) ===
[2026-07-10T02:15:01+00:00] === color-links start ===
[2026-07-10T02:15:01+00:00] Unique deals in sheet: 2
[2026-07-10T02:15:01+00:00] Already green: 61, to check: 1
[2026-07-10T02:15:01+00:00] Categories: [3,5,7]
[2026-07-10T02:15:01+00:00] Fetched deals: 1
[2026-07-10T02:15:01+00:00] Colors: green=0 persisted=61, red=1
[2026-07-10T02:15:03+00:00] Cells updated: 2
[2026-07-10T02:15:03+00:00] === color-links end (2.37s) ===
[2026-07-10T02:30:01+00:00] === color-links start ===
[2026-07-10T02:30:01+00:00] Unique deals in sheet: 2
[2026-07-10T02:30:01+00:00] Already green: 61, to check: 1
[2026-07-10T02:30:01+00:00] Categories: [3,5,7]
[2026-07-10T02:30:01+00:00] Fetched deals: 1
[2026-07-10T02:30:01+00:00] Colors: green=0 persisted=61, red=1
[2026-07-10T02:30:04+00:00] Cells updated: 2
[2026-07-10T02:30:04+00:00] === color-links end (2.83s) ===
[2026-07-10T02:45:01+00:00] === color-links start ===
[2026-07-10T02:45:01+00:00] Unique deals in sheet: 2
[2026-07-10T02:45:01+00:00] Already green: 61, to check: 1
[2026-07-10T02:45:01+00:00] Categories: [3,5,7]
[2026-07-10T02:45:01+00:00] Fetched deals: 1
[2026-07-10T02:45:01+00:00] Colors: green=0 persisted=61, red=1
[2026-07-10T02:45:03+00:00] Cells updated: 2
[2026-07-10T02:45:03+00:00] === color-links end (2.11s) ===
[2026-07-10T03:00:01+00:00] === color-links start ===
[2026-07-10T03:00:01+00:00] Unique deals in sheet: 2
[2026-07-10T03:00:01+00:00] Already green: 61, to check: 1
[2026-07-10T03:00:01+00:00] Categories: [3,5,7]
[2026-07-10T03:00:01+00:00] Fetched deals: 1
[2026-07-10T03:00:01+00:00] Colors: green=0 persisted=61, red=1
[2026-07-10T03:00:03+00:00] Cells updated: 2
[2026-07-10T03:00:03+00:00] === color-links end (2.56s) ===
[2026-07-10T03:15:01+00:00] === color-links start ===
[2026-07-10T03:15:01+00:00] Unique deals in sheet: 2
[2026-07-10T03:15:01+00:00] Already green: 61, to check: 1
[2026-07-10T03:15:01+00:00] Categories: [3,5,7]
[2026-07-10T03:15:01+00:00] Fetched deals: 1
[2026-07-10T03:15:01+00:00] Colors: green=0 persisted=61, red=1
[2026-07-10T03:15:02+00:00] Cells updated: 2
[2026-07-10T03:15:02+00:00] === color-links end (1.54s) ===
[2026-07-10T03:30:01+00:00] === color-links start ===
[2026-07-10T03:30:01+00:00] Unique deals in sheet: 2
[2026-07-10T03:30:01+00:00] Already green: 61, to check: 1
[2026-07-10T03:30:01+00:00] Categories: [3,5,7]
[2026-07-10T03:30:01+00:00] Fetched deals: 1
[2026-07-10T03:30:01+00:00] Colors: green=0 persisted=61, red=1
[2026-07-10T03:30:03+00:00] Cells updated: 2
[2026-07-10T03:30:03+00:00] === color-links end (2.24s) ===
[2026-07-10T03:45:01+00:00] === color-links start ===
[2026-07-10T03:45:01+00:00] Unique deals in sheet: 2
[2026-07-10T03:45:01+00:00] Already green: 61, to check: 1
[2026-07-10T03:45:02+00:00] Categories: [3,5,7]
[2026-07-10T03:45:02+00:00] Fetched deals: 1
[2026-07-10T03:45:02+00:00] Colors: green=0 persisted=61, red=1
[2026-07-10T03:45:04+00:00] Cells updated: 2
[2026-07-10T03:45:04+00:00] === color-links end (2.14s) ===
[2026-07-10T04:00:01+00:00] === color-links start ===
[2026-07-10T04:00:01+00:00] Unique deals in sheet: 2
[2026-07-10T04:00:01+00:00] Already green: 61, to check: 1
[2026-07-10T04:00:02+00:00] Categories: [3,5,7]
[2026-07-10T04:00:02+00:00] Fetched deals: 1
[2026-07-10T04:00:02+00:00] Colors: green=0 persisted=61, red=1
[2026-07-10T04:00:03+00:00] Cells updated: 2
[2026-07-10T04:00:03+00:00] === color-links end (1.78s) ===
[2026-07-10T04:15:01+00:00] === color-links start ===
[2026-07-10T04:15:01+00:00] Unique deals in sheet: 2
[2026-07-10T04:15:01+00:00] Already green: 61, to check: 1
[2026-07-10T04:15:01+00:00] Categories: [3,5,7]
[2026-07-10T04:15:01+00:00] Fetched deals: 1
[2026-07-10T04:15:01+00:00] Colors: green=0 persisted=61, red=1
[2026-07-10T04:15:04+00:00] Cells updated: 2
[2026-07-10T04:15:04+00:00] === color-links end (2.68s) ===
[2026-07-10T04:30:01+00:00] === color-links start ===
[2026-07-10T04:30:01+00:00] Unique deals in sheet: 2
[2026-07-10T04:30:01+00:00] Already green: 61, to check: 1
[2026-07-10T04:30:01+00:00] Categories: [3,5,7]
[2026-07-10T04:30:02+00:00] Fetched deals: 1
[2026-07-10T04:30:02+00:00] Colors: green=0 persisted=61, red=1
[2026-07-10T04:30:04+00:00] Cells updated: 2
[2026-07-10T04:30:04+00:00] === color-links end (2.74s) ===
[2026-07-10T04:45:01+00:00] === color-links start ===
[2026-07-10T04:45:01+00:00] Unique deals in sheet: 2
[2026-07-10T04:45:01+00:00] Already green: 61, to check: 1
[2026-07-10T04:45:01+00:00] Categories: [3,5,7]
[2026-07-10T04:45:01+00:00] Fetched deals: 1
[2026-07-10T04:45:01+00:00] Colors: green=0 persisted=61, red=1
[2026-07-10T04:45:03+00:00] Cells updated: 2
[2026-07-10T04:45:03+00:00] === color-links end (1.93s) ===
[2026-07-10T05:00:01+00:00] === color-links start ===
[2026-07-10T05:00:01+00:00] Unique deals in sheet: 2
[2026-07-10T05:00:01+00:00] Already green: 61, to check: 1
[2026-07-10T05:00:01+00:00] Categories: [3,5,7]
[2026-07-10T05:00:01+00:00] Fetched deals: 1
[2026-07-10T05:00:01+00:00] Colors: green=0 persisted=61, red=1
[2026-07-10T05:00:03+00:00] Cells updated: 2
[2026-07-10T05:00:03+00:00] === color-links end (1.95s) ===
[2026-07-10T05:15:01+00:00] === color-links start ===
[2026-07-10T05:15:01+00:00] Unique deals in sheet: 2
[2026-07-10T05:15:01+00:00] Already green: 61, to check: 1
[2026-07-10T05:15:02+00:00] Categories: [3,5,7]
[2026-07-10T05:15:02+00:00] Fetched deals: 1
[2026-07-10T05:15:02+00:00] Colors: green=0 persisted=61, red=1
[2026-07-10T05:15:04+00:00] Cells updated: 2
[2026-07-10T05:15:04+00:00] === color-links end (2.82s) ===
[2026-07-10T05:30:01+00:00] === color-links start ===
[2026-07-10T05:30:01+00:00] Unique deals in sheet: 2
[2026-07-10T05:30:01+00:00] Already green: 61, to check: 1
[2026-07-10T05:30:01+00:00] Categories: [3,5,7]
[2026-07-10T05:30:01+00:00] Fetched deals: 1
[2026-07-10T05:30:01+00:00] Colors: green=0 persisted=61, red=1
[2026-07-10T05:30:03+00:00] Cells updated: 2
[2026-07-10T05:30:03+00:00] === color-links end (2.4s) ===
[2026-07-10T05:45:01+00:00] === color-links start ===
[2026-07-10T05:45:01+00:00] Unique deals in sheet: 2
[2026-07-10T05:45:01+00:00] Already green: 61, to check: 1
[2026-07-10T05:45:01+00:00] Categories: [3,5,7]
[2026-07-10T05:45:01+00:00] Fetched deals: 1
[2026-07-10T05:45:01+00:00] Colors: green=0 persisted=61, red=1
[2026-07-10T05:45:03+00:00] Cells updated: 2
[2026-07-10T05:45:03+00:00] === color-links end (2.23s) ===
[2026-07-10T06:00:01+00:00] === color-links start ===
[2026-07-10T06:00:01+00:00] Unique deals in sheet: 2
[2026-07-10T06:00:01+00:00] Already green: 61, to check: 1
[2026-07-10T06:00:02+00:00] Categories: [3,5,7]
[2026-07-10T06:00:02+00:00] Fetched deals: 1
[2026-07-10T06:00:02+00:00] Colors: green=0 persisted=61, red=1
[2026-07-10T06:00:03+00:00] Cells updated: 2
[2026-07-10T06:00:03+00:00] === color-links end (1.97s) ===
[2026-07-10T06:15:02+00:00] === color-links start ===
[2026-07-10T06:15:02+00:00] Unique deals in sheet: 2
[2026-07-10T06:15:02+00:00] Already green: 61, to check: 1
[2026-07-10T06:15:02+00:00] Categories: [3,5,7]
[2026-07-10T06:15:02+00:00] Fetched deals: 1
[2026-07-10T06:15:02+00:00] Colors: green=0 persisted=61, red=1
[2026-07-10T06:15:03+00:00] Cells updated: 2
[2026-07-10T06:15:03+00:00] === color-links end (1.77s) ===
[2026-07-10T06:30:01+00:00] === color-links start ===
[2026-07-10T06:30:01+00:00] Unique deals in sheet: 2
[2026-07-10T06:30:01+00:00] Already green: 61, to check: 1
[2026-07-10T06:30:01+00:00] Categories: [3,5,7]
[2026-07-10T06:30:01+00:00] Fetched deals: 1
[2026-07-10T06:30:01+00:00] Colors: green=0 persisted=61, red=1
[2026-07-10T06:30:03+00:00] Cells updated: 2
[2026-07-10T06:30:03+00:00] === color-links end (2.26s) ===
[2026-07-10T06:45:01+00:00] === color-links start ===
[2026-07-10T06:45:01+00:00] Unique deals in sheet: 2
[2026-07-10T06:45:01+00:00] Already green: 61, to check: 1
[2026-07-10T06:45:02+00:00] Categories: [3,5,7]
[2026-07-10T06:45:02+00:00] Fetched deals: 1
[2026-07-10T06:45:02+00:00] Colors: green=0 persisted=61, red=1
[2026-07-10T06:45:03+00:00] Cells updated: 2
[2026-07-10T06:45:03+00:00] === color-links end (1.73s) ===
[2026-07-10T07:00:01+00:00] === color-links start ===
[2026-07-10T07:00:01+00:00] Unique deals in sheet: 2
[2026-07-10T07:00:01+00:00] Already green: 61, to check: 1
[2026-07-10T07:00:01+00:00] Categories: [3,5,7]
[2026-07-10T07:00:02+00:00] Fetched deals: 1
[2026-07-10T07:00:02+00:00] Colors: green=0 persisted=61, red=1
[2026-07-10T07:00:03+00:00] Cells updated: 2
[2026-07-10T07:00:03+00:00] === color-links end (2.13s) ===
[2026-07-10T07:15:01+00:00] === color-links start ===
[2026-07-10T07:15:01+00:00] Unique deals in sheet: 2
[2026-07-10T07:15:01+00:00] Already green: 61, to check: 1
[2026-07-10T07:15:31+00:00] fetchCategoryMap error: HTTP error: Operation timed out after 30002 milliseconds with 0 bytes received
[2026-07-10T07:15:31+00:00] Categories: []
[2026-07-10T07:16:01+00:00] fetchDealBatch error: HTTP error: Operation timed out after 30002 milliseconds with 0 bytes received
[2026-07-10T07:16:01+00:00] Fetched deals: 0
[2026-07-10T07:16:01+00:00] Colors: green=0 persisted=61, red=0
[2026-07-10T07:16:02+00:00] Cells updated: 2
[2026-07-10T07:16:02+00:00] === color-links end (61.49s) ===
[2026-07-10T07:30:01+00:00] === color-links start ===
[2026-07-10T07:30:01+00:00] Unique deals in sheet: 2
[2026-07-10T07:30:01+00:00] Already green: 61, to check: 1
[2026-07-10T07:30:01+00:00] Categories: [3,5,7]
[2026-07-10T07:30:01+00:00] Fetched deals: 1
[2026-07-10T07:30:01+00:00] Colors: green=0 persisted=61, red=1
[2026-07-10T07:30:03+00:00] Cells updated: 2
[2026-07-10T07:30:03+00:00] === color-links end (2.66s) ===
[2026-07-10T07:45:01+00:00] === color-links start ===
[2026-07-10T07:45:01+00:00] Unique deals in sheet: 2
[2026-07-10T07:45:01+00:00] Already green: 61, to check: 1
[2026-07-10T07:45:02+00:00] Categories: [3,5,7]
[2026-07-10T07:45:02+00:00] Fetched deals: 1
[2026-07-10T07:45:02+00:00] Colors: green=0 persisted=61, red=1
[2026-07-10T07:45:05+00:00] Cells updated: 2
[2026-07-10T07:45:05+00:00] === color-links end (3.83s) ===
[2026-07-10T08:00:01+00:00] === color-links start ===
[2026-07-10T08:00:01+00:00] Unique deals in sheet: 2
[2026-07-10T08:00:01+00:00] Already green: 61, to check: 1
[2026-07-10T08:00:01+00:00] Categories: [3,5,7]
[2026-07-10T08:00:01+00:00] Fetched deals: 1
[2026-07-10T08:00:01+00:00] Colors: green=0 persisted=61, red=1
[2026-07-10T08:00:03+00:00] Cells updated: 2
[2026-07-10T08:00:03+00:00] === color-links end (2.06s) ===
[2026-07-10T08:15:01+00:00] === color-links start ===
[2026-07-10T08:15:01+00:00] Unique deals in sheet: 2
[2026-07-10T08:15:01+00:00] Already green: 61, to check: 1
[2026-07-10T08:15:01+00:00] Categories: [3,5,7]
[2026-07-10T08:15:01+00:00] Fetched deals: 1
[2026-07-10T08:15:01+00:00] Colors: green=0 persisted=61, red=1
[2026-07-10T08:15:03+00:00] Cells updated: 2
[2026-07-10T08:15:03+00:00] === color-links end (2.11s) ===
[2026-07-10T08:30:01+00:00] === color-links start ===
[2026-07-10T08:30:01+00:00] Unique deals in sheet: 2
[2026-07-10T08:30:01+00:00] Already green: 61, to check: 1
[2026-07-10T08:30:01+00:00] Categories: [3,5,7]
[2026-07-10T08:30:01+00:00] Fetched deals: 1
[2026-07-10T08:30:01+00:00] Colors: green=0 persisted=61, red=1
[2026-07-10T08:30:03+00:00] Cells updated: 2
[2026-07-10T08:30:03+00:00] === color-links end (2.25s) ===
[2026-07-10T08:45:01+00:00] === color-links start ===
[2026-07-10T08:45:01+00:00] Unique deals in sheet: 2
[2026-07-10T08:45:01+00:00] Already green: 61, to check: 1
[2026-07-10T08:45:01+00:00] Categories: [3,5,7]
[2026-07-10T08:45:01+00:00] Fetched deals: 1
[2026-07-10T08:45:01+00:00] Colors: green=0 persisted=61, red=1
[2026-07-10T08:45:03+00:00] Cells updated: 2
[2026-07-10T08:45:03+00:00] === color-links end (2.38s) ===
[2026-07-10T09:00:01+00:00] === color-links start ===
[2026-07-10T09:00:01+00:00] Unique deals in sheet: 2
[2026-07-10T09:00:01+00:00] Already green: 61, to check: 1
[2026-07-10T09:00:01+00:00] Categories: [3,5,7]
[2026-07-10T09:00:01+00:00] Fetched deals: 1
[2026-07-10T09:00:01+00:00] Colors: green=0 persisted=61, red=1
[2026-07-10T09:00:03+00:00] Cells updated: 2
[2026-07-10T09:00:03+00:00] === color-links end (2.31s) ===
[2026-07-10T09:15:01+00:00] === color-links start ===
[2026-07-10T09:15:01+00:00] Unique deals in sheet: 2
[2026-07-10T09:15:01+00:00] Already green: 61, to check: 1
[2026-07-10T09:15:01+00:00] Categories: [3,5,7]
[2026-07-10T09:15:02+00:00] Fetched deals: 1
[2026-07-10T09:15:02+00:00] Colors: green=0 persisted=61, red=1
[2026-07-10T09:15:04+00:00] Cells updated: 2
[2026-07-10T09:15:04+00:00] === color-links end (2.3s) ===
[2026-07-10T09:30:01+00:00] === color-links start ===
[2026-07-10T09:30:01+00:00] Unique deals in sheet: 2
[2026-07-10T09:30:01+00:00] Already green: 61, to check: 1
[2026-07-10T09:30:01+00:00] Categories: [3,5,7]
[2026-07-10T09:30:01+00:00] Fetched deals: 1
[2026-07-10T09:30:01+00:00] Colors: green=0 persisted=61, red=1
[2026-07-10T09:30:03+00:00] Cells updated: 2
[2026-07-10T09:30:03+00:00] === color-links end (1.89s) ===
[2026-07-10T09:45:02+00:00] === color-links start ===
[2026-07-10T09:45:02+00:00] Unique deals in sheet: 2
[2026-07-10T09:45:02+00:00] Already green: 61, to check: 1
[2026-07-10T09:45:02+00:00] Categories: [3,5,7]
[2026-07-10T09:45:03+00:00] Fetched deals: 1
[2026-07-10T09:45:03+00:00] Colors: green=0 persisted=61, red=1
[2026-07-10T09:45:05+00:00] Cells updated: 2
[2026-07-10T09:45:05+00:00] === color-links end (3.59s) ===
[2026-07-10T10:00:01+00:00] === color-links start ===
[2026-07-10T10:00:01+00:00] Unique deals in sheet: 2
[2026-07-10T10:00:01+00:00] Already green: 61, to check: 1
[2026-07-10T10:00:01+00:00] Categories: [3,5,7]
[2026-07-10T10:00:01+00:00] Fetched deals: 1
[2026-07-10T10:00:01+00:00] Colors: green=0 persisted=61, red=1
[2026-07-10T10:00:03+00:00] Cells updated: 2
[2026-07-10T10:00:03+00:00] === color-links end (2.19s) ===
[2026-07-10T10:15:01+00:00] === color-links start ===
[2026-07-10T10:15:01+00:00] Unique deals in sheet: 2
[2026-07-10T10:15:01+00:00] Already green: 61, to check: 1
[2026-07-10T10:15:01+00:00] Categories: [3,5,7]
[2026-07-10T10:15:01+00:00] Fetched deals: 1
[2026-07-10T10:15:01+00:00] Colors: green=0 persisted=61, red=1
[2026-07-10T10:15:03+00:00] Cells updated: 2
[2026-07-10T10:15:03+00:00] === color-links end (2.17s) ===
[2026-07-10T10:30:01+00:00] === color-links start ===
[2026-07-10T10:30:01+00:00] Unique deals in sheet: 2
[2026-07-10T10:30:01+00:00] Already green: 61, to check: 1
[2026-07-10T10:30:01+00:00] Categories: [3,5,7]
[2026-07-10T10:30:01+00:00] Fetched deals: 1
[2026-07-10T10:30:01+00:00] Colors: green=0 persisted=61, red=1
[2026-07-10T10:30:03+00:00] Cells updated: 2
[2026-07-10T10:30:03+00:00] === color-links end (1.71s) ===
[2026-07-10T10:45:01+00:00] === color-links start ===
[2026-07-10T10:45:01+00:00] Unique deals in sheet: 2
[2026-07-10T10:45:01+00:00] Already green: 61, to check: 1
[2026-07-10T10:45:01+00:00] Categories: [3,5,7]
[2026-07-10T10:45:02+00:00] Fetched deals: 1
[2026-07-10T10:45:02+00:00] Colors: green=0 persisted=61, red=1
[2026-07-10T10:45:04+00:00] Cells updated: 2
[2026-07-10T10:45:04+00:00] === color-links end (2.29s) ===
[2026-07-10T11:00:01+00:00] === color-links start ===
[2026-07-10T11:00:01+00:00] Unique deals in sheet: 2
[2026-07-10T11:00:01+00:00] Already green: 61, to check: 1
[2026-07-10T11:00:02+00:00] Categories: [3,5,7]
[2026-07-10T11:00:02+00:00] Fetched deals: 1
[2026-07-10T11:00:02+00:00] Colors: green=0 persisted=61, red=1
[2026-07-10T11:00:03+00:00] Cells updated: 2
[2026-07-10T11:00:03+00:00] === color-links end (2.23s) ===
[2026-07-10T11:15:01+00:00] === color-links start ===
[2026-07-10T11:15:01+00:00] Unique deals in sheet: 2
[2026-07-10T11:15:01+00:00] Already green: 61, to check: 1
[2026-07-10T11:15:01+00:00] Categories: [3,5,7]
[2026-07-10T11:15:02+00:00] Fetched deals: 1
[2026-07-10T11:15:02+00:00] Colors: green=0 persisted=61, red=1
[2026-07-10T11:15:03+00:00] Cells updated: 2
[2026-07-10T11:15:03+00:00] === color-links end (1.8s) ===
[2026-07-10T11:30:01+00:00] === color-links start ===
[2026-07-10T11:30:01+00:00] Unique deals in sheet: 2
[2026-07-10T11:30:01+00:00] Already green: 61, to check: 1
[2026-07-10T11:30:02+00:00] Categories: [3,5,7]
[2026-07-10T11:30:02+00:00] Fetched deals: 1
[2026-07-10T11:30:02+00:00] Colors: green=0 persisted=61, red=1
[2026-07-10T11:30:03+00:00] Cells updated: 2
[2026-07-10T11:30:03+00:00] === color-links end (1.84s) ===
[2026-07-10T11:45:01+00:00] === color-links start ===
[2026-07-10T11:45:01+00:00] Unique deals in sheet: 2
[2026-07-10T11:45:01+00:00] Already green: 61, to check: 1
[2026-07-10T11:45:01+00:00] Categories: [3,5,7]
[2026-07-10T11:45:02+00:00] Fetched deals: 1
[2026-07-10T11:45:02+00:00] Colors: green=0 persisted=61, red=1
[2026-07-10T11:45:04+00:00] Cells updated: 2
[2026-07-10T11:45:04+00:00] === color-links end (3.3s) ===
[2026-07-10T12:00:01+00:00] === color-links start ===
[2026-07-10T12:00:01+00:00] Unique deals in sheet: 2
[2026-07-10T12:00:01+00:00] Already green: 61, to check: 1
[2026-07-10T12:00:01+00:00] Categories: [3,5,7]
[2026-07-10T12:00:02+00:00] Fetched deals: 1
[2026-07-10T12:00:02+00:00] Colors: green=0 persisted=61, red=1
[2026-07-10T12:00:03+00:00] Cells updated: 2
[2026-07-10T12:00:03+00:00] === color-links end (1.76s) ===
[2026-07-10T12:15:01+00:00] === color-links start ===
[2026-07-10T12:15:01+00:00] Unique deals in sheet: 2
[2026-07-10T12:15:01+00:00] Already green: 61, to check: 1
[2026-07-10T12:15:01+00:00] Categories: [3,5,7]
[2026-07-10T12:15:01+00:00] Fetched deals: 1
[2026-07-10T12:15:01+00:00] Colors: green=0 persisted=61, red=1
[2026-07-10T12:15:03+00:00] Cells updated: 2
[2026-07-10T12:15:03+00:00] === color-links end (2.4s) ===
[2026-07-10T12:30:01+00:00] === color-links start ===
[2026-07-10T12:30:01+00:00] Unique deals in sheet: 2
[2026-07-10T12:30:01+00:00] Already green: 61, to check: 1
[2026-07-10T12:30:01+00:00] Categories: [3,5,7]
[2026-07-10T12:30:01+00:00] Fetched deals: 1
[2026-07-10T12:30:01+00:00] Colors: green=0 persisted=61, red=1
[2026-07-10T12:30:03+00:00] Cells updated: 2
[2026-07-10T12:30:03+00:00] === color-links end (1.78s) ===
[2026-07-10T12:45:01+00:00] === color-links start ===
[2026-07-10T12:45:01+00:00] Unique deals in sheet: 2
[2026-07-10T12:45:01+00:00] Already green: 61, to check: 1
[2026-07-10T12:45:01+00:00] Categories: [3,5,7]
[2026-07-10T12:45:02+00:00] Fetched deals: 1
[2026-07-10T12:45:02+00:00] Colors: green=0 persisted=61, red=1
[2026-07-10T12:45:04+00:00] Cells updated: 2
[2026-07-10T12:45:04+00:00] === color-links end (3.64s) ===
[2026-07-10T13:00:01+00:00] === color-links start ===
[2026-07-10T13:00:01+00:00] Unique deals in sheet: 2
[2026-07-10T13:00:01+00:00] Already green: 61, to check: 1
[2026-07-10T13:00:02+00:00] Categories: [3,5,7]
[2026-07-10T13:00:02+00:00] Fetched deals: 1
[2026-07-10T13:00:02+00:00] Colors: green=0 persisted=61, red=1
[2026-07-10T13:00:04+00:00] Cells updated: 2
[2026-07-10T13:00:04+00:00] === color-links end (2.65s) ===
[2026-07-10T13:15:02+00:00] === color-links start ===
[2026-07-10T13:15:02+00:00] Unique deals in sheet: 2
[2026-07-10T13:15:02+00:00] Already green: 61, to check: 1
[2026-07-10T13:15:02+00:00] Categories: [3,5,7]
[2026-07-10T13:15:02+00:00] Fetched deals: 1
[2026-07-10T13:15:02+00:00] Colors: green=0 persisted=61, red=1
[2026-07-10T13:15:04+00:00] Cells updated: 2
[2026-07-10T13:15:04+00:00] === color-links end (2.21s) ===
[2026-07-10T13:30:01+00:00] === color-links start ===
[2026-07-10T13:30:01+00:00] Unique deals in sheet: 2
[2026-07-10T13:30:01+00:00] Already green: 61, to check: 1
[2026-07-10T13:30:01+00:00] Categories: [3,5,7]
[2026-07-10T13:30:01+00:00] Fetched deals: 1
[2026-07-10T13:30:01+00:00] Colors: green=0 persisted=61, red=1
[2026-07-10T13:30:04+00:00] Cells updated: 2
[2026-07-10T13:30:04+00:00] === color-links end (3.7s) ===
[2026-07-10T13:45:01+00:00] === color-links start ===
[2026-07-10T13:45:01+00:00] Unique deals in sheet: 2
[2026-07-10T13:45:01+00:00] Already green: 61, to check: 1
[2026-07-10T13:45:01+00:00] Categories: [3,5,7]
[2026-07-10T13:45:01+00:00] Fetched deals: 1
[2026-07-10T13:45:01+00:00] Colors: green=0 persisted=61, red=1
[2026-07-10T13:45:02+00:00] Cells updated: 2
[2026-07-10T13:45:02+00:00] === color-links end (1.67s) ===
[2026-07-10T14:00:01+00:00] === color-links start ===
[2026-07-10T14:00:01+00:00] Unique deals in sheet: 2
[2026-07-10T14:00:01+00:00] Already green: 61, to check: 1
[2026-07-10T14:00:01+00:00] Categories: [3,5,7]
[2026-07-10T14:00:01+00:00] Fetched deals: 1
[2026-07-10T14:00:01+00:00] Colors: green=0 persisted=61, red=1
[2026-07-10T14:00:03+00:00] Cells updated: 2
[2026-07-10T14:00:03+00:00] === color-links end (2.62s) ===
[2026-07-10T14:15:01+00:00] === color-links start ===
[2026-07-10T14:15:01+00:00] Unique deals in sheet: 2
[2026-07-10T14:15:01+00:00] Already green: 61, to check: 1
[2026-07-10T14:15:01+00:00] Categories: [3,5,7]
[2026-07-10T14:15:01+00:00] Fetched deals: 1
[2026-07-10T14:15:01+00:00] Colors: green=0 persisted=61, red=1
[2026-07-10T14:15:03+00:00] Cells updated: 2
[2026-07-10T14:15:03+00:00] === color-links end (2.21s) ===
[2026-07-10T14:30:01+00:00] === color-links start ===
[2026-07-10T14:30:01+00:00] Unique deals in sheet: 2
[2026-07-10T14:30:01+00:00] Already green: 61, to check: 1
[2026-07-10T14:30:01+00:00] Categories: [3,5,7]
[2026-07-10T14:30:02+00:00] Fetched deals: 1
[2026-07-10T14:30:02+00:00] Colors: green=0 persisted=61, red=1
[2026-07-10T14:30:03+00:00] Cells updated: 2
[2026-07-10T14:30:03+00:00] === color-links end (2.25s) ===
[2026-07-10T14:45:01+00:00] === color-links start ===
[2026-07-10T14:45:01+00:00] Unique deals in sheet: 2
[2026-07-10T14:45:01+00:00] Already green: 61, to check: 1
[2026-07-10T14:45:01+00:00] Categories: [3,5,7]
[2026-07-10T14:45:01+00:00] Fetched deals: 1
[2026-07-10T14:45:01+00:00] Colors: green=0 persisted=61, red=1
[2026-07-10T14:45:03+00:00] Cells updated: 2
[2026-07-10T14:45:03+00:00] === color-links end (2.36s) ===
[2026-07-10T15:00:01+00:00] === color-links start ===
[2026-07-10T15:00:01+00:00] Unique deals in sheet: 2
[2026-07-10T15:00:01+00:00] Already green: 61, to check: 1
[2026-07-10T15:00:01+00:00] Categories: [3,5,7]
[2026-07-10T15:00:02+00:00] Fetched deals: 1
[2026-07-10T15:00:02+00:00] Colors: green=0 persisted=61, red=1
[2026-07-10T15:00:03+00:00] Cells updated: 2
[2026-07-10T15:00:03+00:00] === color-links end (2.34s) ===
[2026-07-10T15:15:01+00:00] === color-links start ===
[2026-07-10T15:15:01+00:00] Unique deals in sheet: 2
[2026-07-10T15:15:01+00:00] Already green: 61, to check: 1
[2026-07-10T15:15:01+00:00] Categories: [3,5,7]
[2026-07-10T15:15:01+00:00] Fetched deals: 1
[2026-07-10T15:15:01+00:00] Colors: green=0 persisted=61, red=1
[2026-07-10T15:15:02+00:00] Cells updated: 2
[2026-07-10T15:15:02+00:00] === color-links end (1.58s) ===
[2026-07-10T15:30:01+00:00] === color-links start ===
[2026-07-10T15:30:01+00:00] Unique deals in sheet: 2
[2026-07-10T15:30:01+00:00] Already green: 61, to check: 1
[2026-07-10T15:30:01+00:00] Categories: [3,5,7]
[2026-07-10T15:30:01+00:00] Fetched deals: 1
[2026-07-10T15:30:01+00:00] Colors: green=0 persisted=61, red=1
[2026-07-10T15:30:03+00:00] Cells updated: 2
[2026-07-10T15:30:03+00:00] === color-links end (2.21s) ===
[2026-07-10T15:45:01+00:00] === color-links start ===
[2026-07-10T15:45:01+00:00] Unique deals in sheet: 2
[2026-07-10T15:45:01+00:00] Already green: 61, to check: 1
[2026-07-10T15:45:02+00:00] Categories: [3,5,7]
[2026-07-10T15:45:02+00:00] Fetched deals: 1
[2026-07-10T15:45:02+00:00] Colors: green=0 persisted=61, red=1
[2026-07-10T15:45:04+00:00] Cells updated: 2
[2026-07-10T15:45:04+00:00] === color-links end (2.56s) ===
[2026-07-10T16:00:01+00:00] === color-links start ===
[2026-07-10T16:00:01+00:00] Unique deals in sheet: 2
[2026-07-10T16:00:01+00:00] Already green: 61, to check: 1
[2026-07-10T16:00:01+00:00] Categories: [3,5,7]
[2026-07-10T16:00:01+00:00] Fetched deals: 1
[2026-07-10T16:00:01+00:00] Colors: green=0 persisted=61, red=1
[2026-07-10T16:00:03+00:00] Cells updated: 2
[2026-07-10T16:00:03+00:00] === color-links end (2.07s) ===
[2026-07-10T16:15:01+00:00] === color-links start ===
[2026-07-10T16:15:01+00:00] Unique deals in sheet: 2
[2026-07-10T16:15:01+00:00] Already green: 61, to check: 1
[2026-07-10T16:15:02+00:00] Categories: [3,5,7]
[2026-07-10T16:15:02+00:00] Fetched deals: 1
[2026-07-10T16:15:02+00:00] Colors: green=0 persisted=61, red=1
[2026-07-10T16:15:03+00:00] Cells updated: 2
[2026-07-10T16:15:03+00:00] === color-links end (1.87s) ===
[2026-07-10T16:30:01+00:00] === color-links start ===
[2026-07-10T16:30:01+00:00] Unique deals in sheet: 2
[2026-07-10T16:30:01+00:00] Already green: 61, to check: 1
[2026-07-10T16:30:01+00:00] Categories: [3,5,7]
[2026-07-10T16:30:01+00:00] Fetched deals: 1
[2026-07-10T16:30:01+00:00] Colors: green=0 persisted=61, red=1
[2026-07-10T16:30:03+00:00] Cells updated: 2
[2026-07-10T16:30:03+00:00] === color-links end (2.44s) ===
[2026-07-10T16:45:01+00:00] === color-links start ===
[2026-07-10T16:45:01+00:00] Unique deals in sheet: 2
[2026-07-10T16:45:01+00:00] Already green: 61, to check: 1
[2026-07-10T16:45:02+00:00] Categories: [3,5,7]
[2026-07-10T16:45:02+00:00] Fetched deals: 1
[2026-07-10T16:45:02+00:00] Colors: green=0 persisted=61, red=1
[2026-07-10T16:45:04+00:00] Cells updated: 2
[2026-07-10T16:45:04+00:00] === color-links end (2.24s) ===
[2026-07-10T17:00:01+00:00] === color-links start ===
[2026-07-10T17:00:01+00:00] Unique deals in sheet: 2
[2026-07-10T17:00:01+00:00] Already green: 61, to check: 1
[2026-07-10T17:00:01+00:00] Categories: [3,5,7]
[2026-07-10T17:00:01+00:00] Fetched deals: 1
[2026-07-10T17:00:01+00:00] Colors: green=0 persisted=61, red=1
[2026-07-10T17:00:03+00:00] Cells updated: 2
[2026-07-10T17:00:03+00:00] === color-links end (1.87s) ===
[2026-07-10T17:15:01+00:00] === color-links start ===
[2026-07-10T17:15:01+00:00] Unique deals in sheet: 2
[2026-07-10T17:15:01+00:00] Already green: 61, to check: 1
[2026-07-10T17:15:01+00:00] Categories: [3,5,7]
[2026-07-10T17:15:01+00:00] Fetched deals: 1
[2026-07-10T17:15:01+00:00] Colors: green=0 persisted=61, red=1
[2026-07-10T17:15:03+00:00] Cells updated: 2
[2026-07-10T17:15:03+00:00] === color-links end (2.14s) ===
[2026-07-10T17:30:01+00:00] === color-links start ===
[2026-07-10T17:30:01+00:00] Unique deals in sheet: 2
[2026-07-10T17:30:01+00:00] Already green: 61, to check: 1
[2026-07-10T17:30:01+00:00] Categories: [3,5,7]
[2026-07-10T17:30:01+00:00] Fetched deals: 1
[2026-07-10T17:30:01+00:00] Colors: green=0 persisted=61, red=1
[2026-07-10T17:30:04+00:00] Cells updated: 2
[2026-07-10T17:30:04+00:00] === color-links end (2.94s) ===
[2026-07-10T17:45:01+00:00] === color-links start ===
[2026-07-10T17:45:01+00:00] Unique deals in sheet: 2
[2026-07-10T17:45:01+00:00] Already green: 61, to check: 1
[2026-07-10T17:45:01+00:00] Categories: [3,5,7]
[2026-07-10T17:45:01+00:00] Fetched deals: 1
[2026-07-10T17:45:01+00:00] Colors: green=0 persisted=61, red=1
[2026-07-10T17:45:04+00:00] Cells updated: 2
[2026-07-10T17:45:04+00:00] === color-links end (2.78s) ===
[2026-07-10T18:00:01+00:00] === color-links start ===
[2026-07-10T18:00:01+00:00] Unique deals in sheet: 2
[2026-07-10T18:00:01+00:00] Already green: 61, to check: 1
[2026-07-10T18:00:01+00:00] Categories: [3,5,7]
[2026-07-10T18:00:01+00:00] Fetched deals: 1
[2026-07-10T18:00:01+00:00] Colors: green=0 persisted=61, red=1
[2026-07-10T18:00:03+00:00] Cells updated: 2
[2026-07-10T18:00:03+00:00] === color-links end (1.74s) ===
[2026-07-10T18:15:01+00:00] === color-links start ===
[2026-07-10T18:15:01+00:00] Unique deals in sheet: 2
[2026-07-10T18:15:01+00:00] Already green: 61, to check: 1
[2026-07-10T18:15:01+00:00] Categories: [3,5,7]
[2026-07-10T18:15:01+00:00] Fetched deals: 1
[2026-07-10T18:15:01+00:00] Colors: green=0 persisted=61, red=1
[2026-07-10T18:15:04+00:00] Cells updated: 2
[2026-07-10T18:15:04+00:00] === color-links end (2.88s) ===
[2026-07-10T18:30:01+00:00] === color-links start ===
[2026-07-10T18:30:01+00:00] Unique deals in sheet: 2
[2026-07-10T18:30:01+00:00] Already green: 61, to check: 1
[2026-07-10T18:30:01+00:00] Categories: [3,5,7]
[2026-07-10T18:30:02+00:00] Fetched deals: 1
[2026-07-10T18:30:02+00:00] Colors: green=0 persisted=61, red=1
[2026-07-10T18:30:04+00:00] Cells updated: 2
[2026-07-10T18:30:04+00:00] === color-links end (2.96s) ===
[2026-07-10T18:45:01+00:00] === color-links start ===
[2026-07-10T18:45:01+00:00] Unique deals in sheet: 2
[2026-07-10T18:45:01+00:00] Already green: 61, to check: 1
[2026-07-10T18:45:01+00:00] Categories: [3,5,7]
[2026-07-10T18:45:01+00:00] Fetched deals: 1
[2026-07-10T18:45:01+00:00] Colors: green=0 persisted=61, red=1
[2026-07-10T18:45:03+00:00] Cells updated: 2
[2026-07-10T18:45:03+00:00] === color-links end (2.03s) ===
[2026-07-10T19:00:01+00:00] === color-links start ===
[2026-07-10T19:00:01+00:00] Unique deals in sheet: 2
[2026-07-10T19:00:01+00:00] Already green: 61, to check: 1
[2026-07-10T19:00:01+00:00] Categories: [3,5,7]
[2026-07-10T19:00:01+00:00] Fetched deals: 1
[2026-07-10T19:00:01+00:00] Colors: green=0 persisted=61, red=1
[2026-07-10T19:00:03+00:00] Cells updated: 2
[2026-07-10T19:00:03+00:00] === color-links end (2.31s) ===
[2026-07-10T19:15:01+00:00] === color-links start ===
[2026-07-10T19:15:01+00:00] Unique deals in sheet: 2
[2026-07-10T19:15:01+00:00] Already green: 61, to check: 1
[2026-07-10T19:15:01+00:00] Categories: [3,5,7]
[2026-07-10T19:15:01+00:00] Fetched deals: 1
[2026-07-10T19:15:01+00:00] Colors: green=0 persisted=61, red=1
[2026-07-10T19:15:03+00:00] Cells updated: 2
[2026-07-10T19:15:03+00:00] === color-links end (1.77s) ===
[2026-07-10T19:30:01+00:00] === color-links start ===
[2026-07-10T19:30:01+00:00] Unique deals in sheet: 2
[2026-07-10T19:30:01+00:00] Already green: 61, to check: 1
[2026-07-10T19:30:01+00:00] Categories: [3,5,7]
[2026-07-10T19:30:02+00:00] Fetched deals: 1
[2026-07-10T19:30:02+00:00] Colors: green=0 persisted=61, red=1
[2026-07-10T19:30:03+00:00] Cells updated: 2
[2026-07-10T19:30:03+00:00] === color-links end (1.66s) ===
[2026-07-10T19:45:01+00:00] === color-links start ===
[2026-07-10T19:45:01+00:00] Unique deals in sheet: 2
[2026-07-10T19:45:01+00:00] Already green: 61, to check: 1
[2026-07-10T19:45:01+00:00] Categories: [3,5,7]
[2026-07-10T19:45:01+00:00] Fetched deals: 1
[2026-07-10T19:45:01+00:00] Colors: green=0 persisted=61, red=1
[2026-07-10T19:45:03+00:00] Cells updated: 2
[2026-07-10T19:45:03+00:00] === color-links end (2.28s) ===
[2026-07-10T20:00:01+00:00] === color-links start ===
[2026-07-10T20:00:01+00:00] Unique deals in sheet: 2
[2026-07-10T20:00:01+00:00] Already green: 61, to check: 1
[2026-07-10T20:00:01+00:00] Categories: [3,5,7]
[2026-07-10T20:00:01+00:00] Fetched deals: 1
[2026-07-10T20:00:01+00:00] Colors: green=0 persisted=61, red=1
[2026-07-10T20:00:03+00:00] Cells updated: 2
[2026-07-10T20:00:03+00:00] === color-links end (2.25s) ===
[2026-07-10T20:15:01+00:00] === color-links start ===
[2026-07-10T20:15:01+00:00] Unique deals in sheet: 2
[2026-07-10T20:15:01+00:00] Already green: 61, to check: 1
[2026-07-10T20:15:01+00:00] Categories: [3,5,7]
[2026-07-10T20:15:01+00:00] Fetched deals: 1
[2026-07-10T20:15:01+00:00] Colors: green=0 persisted=61, red=1
[2026-07-10T20:15:04+00:00] Cells updated: 2
[2026-07-10T20:15:04+00:00] === color-links end (2.84s) ===
[2026-07-10T20:30:01+00:00] === color-links start ===
[2026-07-10T20:30:01+00:00] Unique deals in sheet: 2
[2026-07-10T20:30:01+00:00] Already green: 61, to check: 1
[2026-07-10T20:30:01+00:00] Categories: [3,5,7]
[2026-07-10T20:30:01+00:00] Fetched deals: 1
[2026-07-10T20:30:01+00:00] Colors: green=0 persisted=61, red=1
[2026-07-10T20:30:03+00:00] Cells updated: 2
[2026-07-10T20:30:03+00:00] === color-links end (2.28s) ===
[2026-07-10T20:45:01+00:00] === color-links start ===
[2026-07-10T20:45:01+00:00] Unique deals in sheet: 2
[2026-07-10T20:45:01+00:00] Already green: 61, to check: 1
[2026-07-10T20:45:01+00:00] Categories: [3,5,7]
[2026-07-10T20:45:01+00:00] Fetched deals: 1
[2026-07-10T20:45:01+00:00] Colors: green=0 persisted=61, red=1
[2026-07-10T20:45:03+00:00] Cells updated: 2
[2026-07-10T20:45:03+00:00] === color-links end (2.15s) ===
[2026-07-10T21:00:01+00:00] === color-links start ===
[2026-07-10T21:00:01+00:00] Unique deals in sheet: 2
[2026-07-10T21:00:01+00:00] Already green: 61, to check: 1
[2026-07-10T21:00:05+00:00] Categories: [3,5,7]
[2026-07-10T21:00:09+00:00] Fetched deals: 1
[2026-07-10T21:00:09+00:00] Colors: green=0 persisted=61, red=1
[2026-07-10T21:00:12+00:00] Cells updated: 2
[2026-07-10T21:00:12+00:00] === color-links end (10.9s) ===
[2026-07-10T21:15:01+00:00] === color-links start ===
[2026-07-10T21:15:01+00:00] Unique deals in sheet: 2
[2026-07-10T21:15:01+00:00] Already green: 61, to check: 1
[2026-07-10T21:15:02+00:00] Categories: [3,5,7]
[2026-07-10T21:15:02+00:00] Fetched deals: 1
[2026-07-10T21:15:02+00:00] Colors: green=0 persisted=61, red=1
[2026-07-10T21:15:04+00:00] Cells updated: 2
[2026-07-10T21:15:04+00:00] === color-links end (2.41s) ===
[2026-07-10T21:30:01+00:00] === color-links start ===
[2026-07-10T21:30:01+00:00] Unique deals in sheet: 2
[2026-07-10T21:30:01+00:00] Already green: 61, to check: 1
[2026-07-10T21:30:01+00:00] Categories: [3,5,7]
[2026-07-10T21:30:01+00:00] Fetched deals: 1
[2026-07-10T21:30:01+00:00] Colors: green=0 persisted=61, red=1
[2026-07-10T21:30:05+00:00] Cells updated: 2
[2026-07-10T21:30:05+00:00] === color-links end (4.17s) ===
[2026-07-10T21:45:01+00:00] === color-links start ===
[2026-07-10T21:45:01+00:00] Unique deals in sheet: 2
[2026-07-10T21:45:01+00:00] Already green: 61, to check: 1
[2026-07-10T21:45:01+00:00] Categories: [3,5,7]
[2026-07-10T21:45:01+00:00] Fetched deals: 1
[2026-07-10T21:45:01+00:00] Colors: green=0 persisted=61, red=1
[2026-07-10T21:45:03+00:00] Cells updated: 2
[2026-07-10T21:45:03+00:00] === color-links end (1.71s) ===
[2026-07-10T22:00:01+00:00] === color-links start ===
[2026-07-10T22:00:01+00:00] Unique deals in sheet: 2
[2026-07-10T22:00:01+00:00] Already green: 61, to check: 1
[2026-07-10T22:00:01+00:00] Categories: [3,5,7]
[2026-07-10T22:00:01+00:00] Fetched deals: 1
[2026-07-10T22:00:01+00:00] Colors: green=0 persisted=61, red=1
[2026-07-10T22:00:03+00:00] Cells updated: 2
[2026-07-10T22:00:03+00:00] === color-links end (2.17s) ===
[2026-07-10T22:15:01+00:00] === color-links start ===
[2026-07-10T22:15:01+00:00] Unique deals in sheet: 2
[2026-07-10T22:15:01+00:00] Already green: 61, to check: 1
[2026-07-10T22:15:01+00:00] Categories: [3,5,7]
[2026-07-10T22:15:01+00:00] Fetched deals: 1
[2026-07-10T22:15:01+00:00] Colors: green=0 persisted=61, red=1
[2026-07-10T22:15:03+00:00] Cells updated: 2
[2026-07-10T22:15:03+00:00] === color-links end (2.08s) ===
[2026-07-10T22:30:01+00:00] === color-links start ===
[2026-07-10T22:30:01+00:00] Unique deals in sheet: 2
[2026-07-10T22:30:01+00:00] Already green: 61, to check: 1
[2026-07-10T22:30:01+00:00] Categories: [3,5,7]
[2026-07-10T22:30:02+00:00] Fetched deals: 1
[2026-07-10T22:30:02+00:00] Colors: green=0 persisted=61, red=1
[2026-07-10T22:30:03+00:00] Cells updated: 2
[2026-07-10T22:30:03+00:00] === color-links end (1.94s) ===
[2026-07-10T22:45:01+00:00] === color-links start ===
[2026-07-10T22:45:01+00:00] Unique deals in sheet: 2
[2026-07-10T22:45:01+00:00] Already green: 61, to check: 1
[2026-07-10T22:45:01+00:00] Categories: [3,5,7]
[2026-07-10T22:45:01+00:00] Fetched deals: 1
[2026-07-10T22:45:01+00:00] Colors: green=0 persisted=61, red=1
[2026-07-10T22:45:03+00:00] Cells updated: 2
[2026-07-10T22:45:03+00:00] === color-links end (2.02s) ===
[2026-07-10T23:00:01+00:00] === color-links start ===
[2026-07-10T23:00:01+00:00] Unique deals in sheet: 2
[2026-07-10T23:00:01+00:00] Already green: 61, to check: 1
[2026-07-10T23:00:01+00:00] Categories: [3,5,7]
[2026-07-10T23:00:02+00:00] Fetched deals: 1
[2026-07-10T23:00:02+00:00] Colors: green=0 persisted=61, red=1
[2026-07-10T23:00:03+00:00] Cells updated: 2
[2026-07-10T23:00:03+00:00] === color-links end (1.69s) ===
[2026-07-10T23:15:01+00:00] === color-links start ===
[2026-07-10T23:15:01+00:00] Unique deals in sheet: 2
[2026-07-10T23:15:01+00:00] Already green: 61, to check: 1
[2026-07-10T23:15:02+00:00] Categories: [3,5,7]
[2026-07-10T23:15:02+00:00] Fetched deals: 1
[2026-07-10T23:15:02+00:00] Colors: green=0 persisted=61, red=1
[2026-07-10T23:15:03+00:00] Cells updated: 2
[2026-07-10T23:15:03+00:00] === color-links end (1.75s) ===
[2026-07-10T23:30:01+00:00] === color-links start ===
[2026-07-10T23:30:01+00:00] Unique deals in sheet: 2
[2026-07-10T23:30:01+00:00] Already green: 61, to check: 1
[2026-07-10T23:30:01+00:00] Categories: [3,5,7]
[2026-07-10T23:30:01+00:00] Fetched deals: 1
[2026-07-10T23:30:01+00:00] Colors: green=0 persisted=61, red=1
[2026-07-10T23:30:03+00:00] Cells updated: 2
[2026-07-10T23:30:03+00:00] === color-links end (1.87s) ===
[2026-07-10T23:45:01+00:00] === color-links start ===
[2026-07-10T23:45:01+00:00] Unique deals in sheet: 2
[2026-07-10T23:45:01+00:00] Already green: 61, to check: 1
[2026-07-10T23:45:01+00:00] Categories: [3,5,7]
[2026-07-10T23:45:01+00:00] Fetched deals: 1
[2026-07-10T23:45:01+00:00] Colors: green=0 persisted=61, red=1
[2026-07-10T23:45:03+00:00] Cells updated: 2
[2026-07-10T23:45:03+00:00] === color-links end (2.31s) ===
