[2026-06-23T21:57:17+00:00] === start ===
[2026-06-23T21:57:18+00:00] Sheet rows: 0
[2026-06-23T21:57:19+00:00] Columns: {"Тусюк":"B","Кузовко":"C","Муха":"D","Козлянко":"E","Юрченков":"F"}
[2026-06-23T21:57:19+00:00] Tech users: {"57":"Тусюк","65":"Козлянко","67":"Муха","71":"Юрченков"}
[2026-06-23T21:57:19+00:00] Sync window: 2026-06-01 → 2026-08-31
[2026-06-23T21:57:19+00:00] Bookings from calendar: 2
[2026-06-23T21:57:20+00:00] Active deals: 159
[2026-06-23T21:57:20+00:00] Assignments: 2
[2026-06-23T21:57:23+00:00] Row inserted: 24.06.2026 → 2
[2026-06-23T21:57:23+00:00] Cells updated: 2 (clear=0, write=2)
[2026-06-23T21:57:23+00:00] State saved
[2026-06-23T21:57:23+00:00] === end (6.78s) ===
[2026-06-23T22:00:25+00:00] === start ===
[2026-06-23T22:00:25+00:00] Sheet rows: 1
[2026-06-23T22:00:26+00:00] Columns: {"Тусюк":"B","Кузовко":"C","Муха":"D","Козлянко":"E","Юрченков":"F"}
[2026-06-23T22:00:26+00:00] Tech users: {"57":"Тусюк","65":"Козлянко","67":"Муха","71":"Юрченков"}
[2026-06-23T22:00:26+00:00] Sync window: 2026-06-01 → 2026-08-31
[2026-06-23T22:00:27+00:00] Bookings from calendar: 2
[2026-06-23T22:00:28+00:00] Active deals: 159
[2026-06-23T22:00:28+00:00] Assignments: 2
[2026-06-23T22:00:29+00:00] Cells updated: 2 (clear=0, write=2)
[2026-06-23T22:00:29+00:00] State saved
[2026-06-23T22:00:29+00:00] === end (4.91s) ===
[2026-06-23T22:00:57+00:00] === start ===
[2026-06-23T22:00:57+00:00] Sheet rows: 1
[2026-06-23T22:00:58+00:00] Columns: {"Тусюк":"B","Кузовко":"C","Муха":"D","Козлянко":"E","Юрченков":"F"}
[2026-06-23T22:00:58+00:00] Tech users: {"57":"Тусюк","65":"Козлянко","67":"Муха","71":"Юрченков"}
[2026-06-23T22:00:58+00:00] Sync window: 2026-06-01 → 2026-08-31
[2026-06-23T22:00:59+00:00] Bookings from calendar: 2
[2026-06-23T22:01:00+00:00] Active deals: 159
[2026-06-23T22:01:00+00:00] Assignments: 2
[2026-06-23T22:01:03+00:00] Cells updated: 2 (clear=0, write=2)
[2026-06-23T22:01:03+00:00] State saved
[2026-06-23T22:01:03+00:00] === end (6.26s) ===
[2026-06-23T22:02:17+00:00] === start ===
[2026-06-23T22:02:18+00:00] Sheet rows: 1
[2026-06-23T22:02:19+00:00] Columns: {"Тусюк":"B","Кузовко":"C","Муха":"D","Козлянко":"E","Юрченков":"F"}
[2026-06-23T22:02:19+00:00] Tech users: {"57":"Тусюк","65":"Козлянко","67":"Муха","71":"Юрченков"}
[2026-06-23T22:02:19+00:00] Sync window: 2026-06-01 → 2026-08-31
[2026-06-23T22:02:20+00:00] Bookings from calendar: 2
[2026-06-23T22:02:20+00:00] Active deals: 159
[2026-06-23T22:02:20+00:00] Assignments: 2
[2026-06-23T22:02:22+00:00] Cells updated: 2 (clear=0, write=2)
[2026-06-23T22:02:22+00:00] State saved
[2026-06-23T22:02:22+00:00] === end (4.72s) ===
[2026-06-23T22:10:33+00:00] === start ===
[2026-06-23T22:10:34+00:00] Sheet rows: 1
[2026-06-23T22:10:35+00:00] Columns: {"Тусюк":"B","Кузовко":"C","Муха":"D","Козлянко":"E","Юрченков":"F"}
[2026-06-23T22:10:35+00:00] Tech users: {"57":"Тусюк","65":"Козлянко","67":"Муха","71":"Юрченков"}
[2026-06-23T22:10:35+00:00] Sync window: 2026-06-01 → 2026-08-31
[2026-06-23T22:10:35+00:00] Bookings from calendar: 2
[2026-06-23T22:10:36+00:00] Active deals: 159
[2026-06-23T22:10:36+00:00] Assignments: 2
[2026-06-23T22:10:37+00:00] Cells updated: 2 (clear=0, write=2)
[2026-06-23T22:10:37+00:00] State saved
[2026-06-23T22:10:37+00:00] === end (4.71s) ===
