[2026-07-20T00:00:01+00:00] === color-links start ===
[2026-07-20T00:00:01+00:00] Unique deals in sheet: 2
[2026-07-20T00:00:01+00:00] Already green: 62, to check: 0
[2026-07-20T00:00:01+00:00] Categories: [3,5,7]
[2026-07-20T00:00:01+00:00] Colors: green=0 persisted=62, red=0
[2026-07-20T00:00:03+00:00] Cells updated: 2
[2026-07-20T00:00:03+00:00] === color-links end (1.82s) ===
[2026-07-20T00:15:02+00:00] === color-links start ===
[2026-07-20T00:15:02+00:00] Unique deals in sheet: 2
[2026-07-20T00:15:02+00:00] Already green: 62, to check: 0
[2026-07-20T00:15:02+00:00] Categories: [3,5,7]
[2026-07-20T00:15:02+00:00] Colors: green=0 persisted=62, red=0
[2026-07-20T00:15:03+00:00] Cells updated: 2
[2026-07-20T00:15:03+00:00] === color-links end (1.39s) ===
[2026-07-20T00:30:01+00:00] === color-links start ===
[2026-07-20T00:30:01+00:00] Unique deals in sheet: 2
[2026-07-20T00:30:01+00:00] Already green: 62, to check: 0
[2026-07-20T00:30:01+00:00] Categories: [3,5,7]
[2026-07-20T00:30:01+00:00] Colors: green=0 persisted=62, red=0
[2026-07-20T00:30:03+00:00] Cells updated: 2
[2026-07-20T00:30:03+00:00] === color-links end (1.42s) ===
[2026-07-20T00:45:01+00:00] === color-links start ===
[2026-07-20T00:45:01+00:00] Unique deals in sheet: 2
[2026-07-20T00:45:01+00:00] Already green: 62, to check: 0
[2026-07-20T00:45:01+00:00] Categories: [3,5,7]
[2026-07-20T00:45:01+00:00] Colors: green=0 persisted=62, red=0
[2026-07-20T00:45:02+00:00] Cells updated: 2
[2026-07-20T00:45:02+00:00] === color-links end (1.46s) ===
[2026-07-20T01:00:01+00:00] === color-links start ===
[2026-07-20T01:00:01+00:00] Unique deals in sheet: 2
[2026-07-20T01:00:01+00:00] Already green: 62, to check: 0
[2026-07-20T01:00:01+00:00] Categories: [3,5,7]
[2026-07-20T01:00:01+00:00] Colors: green=0 persisted=62, red=0
[2026-07-20T01:00:03+00:00] Cells updated: 2
[2026-07-20T01:00:03+00:00] === color-links end (1.56s) ===
[2026-07-20T01:15:01+00:00] === color-links start ===
[2026-07-20T01:15:01+00:00] Unique deals in sheet: 2
[2026-07-20T01:15:01+00:00] Already green: 62, to check: 0
[2026-07-20T01:15:01+00:00] Categories: [3,5,7]
[2026-07-20T01:15:01+00:00] Colors: green=0 persisted=62, red=0
[2026-07-20T01:15:02+00:00] Cells updated: 2
[2026-07-20T01:15:02+00:00] === color-links end (1.44s) ===
[2026-07-20T01:30:01+00:00] === color-links start ===
[2026-07-20T01:30:01+00:00] Unique deals in sheet: 2
[2026-07-20T01:30:01+00:00] Already green: 62, to check: 0
[2026-07-20T01:30:01+00:00] Categories: [3,5,7]
[2026-07-20T01:30:01+00:00] Colors: green=0 persisted=62, red=0
[2026-07-20T01:30:02+00:00] Cells updated: 2
[2026-07-20T01:30:02+00:00] === color-links end (1.5s) ===
[2026-07-20T01:45:01+00:00] === color-links start ===
[2026-07-20T01:45:01+00:00] Unique deals in sheet: 2
[2026-07-20T01:45:01+00:00] Already green: 62, to check: 0
[2026-07-20T01:45:01+00:00] Categories: [3,5,7]
[2026-07-20T01:45:01+00:00] Colors: green=0 persisted=62, red=0
[2026-07-20T01:45:02+00:00] Cells updated: 2
[2026-07-20T01:45:02+00:00] === color-links end (1.43s) ===
[2026-07-20T02:00:01+00:00] === color-links start ===
[2026-07-20T02:00:01+00:00] Unique deals in sheet: 2
[2026-07-20T02:00:01+00:00] Already green: 62, to check: 0
[2026-07-20T02:00:01+00:00] Categories: [3,5,7]
[2026-07-20T02:00:01+00:00] Colors: green=0 persisted=62, red=0
[2026-07-20T02:00:04+00:00] Cells updated: 2
[2026-07-20T02:00:04+00:00] === color-links end (2.37s) ===
[2026-07-20T02:15:01+00:00] === color-links start ===
[2026-07-20T02:15:01+00:00] Unique deals in sheet: 2
[2026-07-20T02:15:01+00:00] Already green: 62, to check: 0
[2026-07-20T02:15:01+00:00] Categories: [3,5,7]
[2026-07-20T02:15:01+00:00] Colors: green=0 persisted=62, red=0
[2026-07-20T02:15:03+00:00] Cells updated: 2
[2026-07-20T02:15:03+00:00] === color-links end (2.22s) ===
[2026-07-20T02:30:01+00:00] === color-links start ===
[2026-07-20T02:30:01+00:00] Unique deals in sheet: 2
[2026-07-20T02:30:01+00:00] Already green: 62, to check: 0
[2026-07-20T02:30:01+00:00] Categories: [3,5,7]
[2026-07-20T02:30:01+00:00] Colors: green=0 persisted=62, red=0
[2026-07-20T02:30:02+00:00] Cells updated: 2
[2026-07-20T02:30:02+00:00] === color-links end (1.53s) ===
[2026-07-20T02:45:01+00:00] === color-links start ===
[2026-07-20T02:45:01+00:00] Unique deals in sheet: 2
[2026-07-20T02:45:01+00:00] Already green: 62, to check: 0
[2026-07-20T02:45:01+00:00] Categories: [3,5,7]
[2026-07-20T02:45:01+00:00] Colors: green=0 persisted=62, red=0
[2026-07-20T02:45:03+00:00] Cells updated: 2
[2026-07-20T02:45:03+00:00] === color-links end (1.49s) ===
[2026-07-20T03:00:01+00:00] === color-links start ===
[2026-07-20T03:00:01+00:00] Unique deals in sheet: 2
[2026-07-20T03:00:01+00:00] Already green: 62, to check: 0
[2026-07-20T03:00:02+00:00] Categories: [3,5,7]
[2026-07-20T03:00:02+00:00] Colors: green=0 persisted=62, red=0
[2026-07-20T03:00:03+00:00] Cells updated: 2
[2026-07-20T03:00:03+00:00] === color-links end (1.7s) ===
[2026-07-20T03:15:01+00:00] === color-links start ===
[2026-07-20T03:15:01+00:00] Unique deals in sheet: 2
[2026-07-20T03:15:01+00:00] Already green: 62, to check: 0
[2026-07-20T03:15:01+00:00] Categories: [3,5,7]
[2026-07-20T03:15:01+00:00] Colors: green=0 persisted=62, red=0
[2026-07-20T03:15:02+00:00] Cells updated: 2
[2026-07-20T03:15:02+00:00] === color-links end (1.51s) ===
[2026-07-20T03:30:02+00:00] === color-links start ===
[2026-07-20T03:30:02+00:00] Unique deals in sheet: 2
[2026-07-20T03:30:02+00:00] Already green: 62, to check: 0
[2026-07-20T03:30:02+00:00] Categories: [3,5,7]
[2026-07-20T03:30:02+00:00] Colors: green=0 persisted=62, red=0
[2026-07-20T03:30:03+00:00] Cells updated: 2
[2026-07-20T03:30:03+00:00] === color-links end (1.44s) ===
[2026-07-20T03:45:01+00:00] === color-links start ===
[2026-07-20T03:45:01+00:00] Unique deals in sheet: 2
[2026-07-20T03:45:01+00:00] Already green: 62, to check: 0
[2026-07-20T03:45:01+00:00] Categories: [3,5,7]
[2026-07-20T03:45:01+00:00] Colors: green=0 persisted=62, red=0
[2026-07-20T03:45:02+00:00] Cells updated: 2
[2026-07-20T03:45:02+00:00] === color-links end (1.48s) ===
[2026-07-20T04:00:01+00:00] === color-links start ===
[2026-07-20T04:00:01+00:00] Unique deals in sheet: 2
[2026-07-20T04:00:01+00:00] Already green: 62, to check: 0
[2026-07-20T04:00:02+00:00] Categories: [3,5,7]
[2026-07-20T04:00:02+00:00] Colors: green=0 persisted=62, red=0
[2026-07-20T04:00:03+00:00] Cells updated: 2
[2026-07-20T04:00:03+00:00] === color-links end (1.54s) ===
[2026-07-20T04:15:01+00:00] === color-links start ===
[2026-07-20T04:15:01+00:00] Unique deals in sheet: 2
[2026-07-20T04:15:01+00:00] Already green: 62, to check: 0
[2026-07-20T04:15:01+00:00] Categories: [3,5,7]
[2026-07-20T04:15:01+00:00] Colors: green=0 persisted=62, red=0
[2026-07-20T04:15:02+00:00] Cells updated: 2
[2026-07-20T04:15:02+00:00] === color-links end (1.48s) ===
[2026-07-20T04:30:01+00:00] === color-links start ===
[2026-07-20T04:30:01+00:00] Unique deals in sheet: 2
[2026-07-20T04:30:01+00:00] Already green: 62, to check: 0
[2026-07-20T04:30:01+00:00] Categories: [3,5,7]
[2026-07-20T04:30:01+00:00] Colors: green=0 persisted=62, red=0
[2026-07-20T04:30:03+00:00] Cells updated: 2
[2026-07-20T04:30:03+00:00] === color-links end (1.57s) ===
[2026-07-20T04:45:01+00:00] === color-links start ===
[2026-07-20T04:45:01+00:00] Unique deals in sheet: 2
[2026-07-20T04:45:01+00:00] Already green: 62, to check: 0
[2026-07-20T04:45:02+00:00] Categories: [3,5,7]
[2026-07-20T04:45:02+00:00] Colors: green=0 persisted=62, red=0
[2026-07-20T04:45:03+00:00] Cells updated: 2
[2026-07-20T04:45:03+00:00] === color-links end (1.45s) ===
[2026-07-20T05:00:01+00:00] === color-links start ===
[2026-07-20T05:00:01+00:00] Unique deals in sheet: 2
[2026-07-20T05:00:01+00:00] Already green: 62, to check: 0
[2026-07-20T05:00:02+00:00] Categories: [3,5,7]
[2026-07-20T05:00:02+00:00] Colors: green=0 persisted=62, red=0
[2026-07-20T05:00:03+00:00] Cells updated: 2
[2026-07-20T05:00:03+00:00] === color-links end (1.8s) ===
[2026-07-20T05:15:01+00:00] === color-links start ===
[2026-07-20T05:15:01+00:00] Unique deals in sheet: 2
[2026-07-20T05:15:01+00:00] Already green: 62, to check: 0
[2026-07-20T05:15:02+00:00] Categories: [3,5,7]
[2026-07-20T05:15:02+00:00] Colors: green=0 persisted=62, red=0
[2026-07-20T05:15:03+00:00] Cells updated: 2
[2026-07-20T05:15:03+00:00] === color-links end (1.73s) ===
[2026-07-20T05:30:01+00:00] === color-links start ===
[2026-07-20T05:30:01+00:00] Unique deals in sheet: 2
[2026-07-20T05:30:01+00:00] Already green: 62, to check: 0
[2026-07-20T05:30:01+00:00] Categories: [3,5,7]
[2026-07-20T05:30:01+00:00] Colors: green=0 persisted=62, red=0
[2026-07-20T05:30:02+00:00] Cells updated: 2
[2026-07-20T05:30:02+00:00] === color-links end (1.42s) ===
[2026-07-20T05:45:01+00:00] === color-links start ===
[2026-07-20T05:45:01+00:00] Unique deals in sheet: 2
[2026-07-20T05:45:01+00:00] Already green: 62, to check: 0
[2026-07-20T05:45:01+00:00] Categories: [3,5,7]
[2026-07-20T05:45:01+00:00] Colors: green=0 persisted=62, red=0
[2026-07-20T05:45:02+00:00] Cells updated: 2
[2026-07-20T05:45:02+00:00] === color-links end (1.59s) ===
[2026-07-20T06:00:01+00:00] === color-links start ===
[2026-07-20T06:00:01+00:00] Unique deals in sheet: 2
[2026-07-20T06:00:01+00:00] Already green: 62, to check: 0
[2026-07-20T06:00:01+00:00] Categories: [3,5,7]
[2026-07-20T06:00:01+00:00] Colors: green=0 persisted=62, red=0
[2026-07-20T06:00:02+00:00] Cells updated: 2
[2026-07-20T06:00:02+00:00] === color-links end (1.47s) ===
[2026-07-20T06:15:01+00:00] === color-links start ===
[2026-07-20T06:15:01+00:00] Unique deals in sheet: 2
[2026-07-20T06:15:01+00:00] Already green: 62, to check: 0
[2026-07-20T06:15:01+00:00] Categories: [3,5,7]
[2026-07-20T06:15:01+00:00] Colors: green=0 persisted=62, red=0
[2026-07-20T06:15:02+00:00] Cells updated: 2
[2026-07-20T06:15:02+00:00] === color-links end (1.53s) ===
[2026-07-20T06:30:01+00:00] === color-links start ===
[2026-07-20T06:30:01+00:00] Unique deals in sheet: 2
[2026-07-20T06:30:01+00:00] Already green: 62, to check: 0
[2026-07-20T06:30:01+00:00] Categories: [3,5,7]
[2026-07-20T06:30:01+00:00] Colors: green=0 persisted=62, red=0
[2026-07-20T06:30:02+00:00] Cells updated: 2
[2026-07-20T06:30:02+00:00] === color-links end (1.49s) ===
[2026-07-20T06:45:01+00:00] === color-links start ===
[2026-07-20T06:45:01+00:00] Unique deals in sheet: 2
[2026-07-20T06:45:01+00:00] Already green: 62, to check: 0
[2026-07-20T06:45:01+00:00] Categories: [3,5,7]
[2026-07-20T06:45:01+00:00] Colors: green=0 persisted=62, red=0
[2026-07-20T06:45:02+00:00] Cells updated: 2
[2026-07-20T06:45:02+00:00] === color-links end (1.48s) ===
[2026-07-20T07:00:01+00:00] === color-links start ===
[2026-07-20T07:00:01+00:00] Unique deals in sheet: 2
[2026-07-20T07:00:01+00:00] Already green: 62, to check: 0
[2026-07-20T07:00:02+00:00] Categories: [3,5,7]
[2026-07-20T07:00:02+00:00] Colors: green=0 persisted=62, red=0
[2026-07-20T07:00:03+00:00] Cells updated: 2
[2026-07-20T07:00:03+00:00] === color-links end (1.62s) ===
[2026-07-20T07:15:01+00:00] === color-links start ===
[2026-07-20T07:15:01+00:00] Unique deals in sheet: 2
[2026-07-20T07:15:01+00:00] Already green: 62, to check: 0
[2026-07-20T07:15:01+00:00] Categories: [3,5,7]
[2026-07-20T07:15:01+00:00] Colors: green=0 persisted=62, red=0
[2026-07-20T07:15:03+00:00] Cells updated: 2
[2026-07-20T07:15:03+00:00] === color-links end (1.52s) ===
[2026-07-20T07:30:01+00:00] === color-links start ===
[2026-07-20T07:30:01+00:00] Unique deals in sheet: 2
[2026-07-20T07:30:01+00:00] Already green: 62, to check: 0
[2026-07-20T07:30:01+00:00] Categories: [3,5,7]
[2026-07-20T07:30:01+00:00] Colors: green=0 persisted=62, red=0
[2026-07-20T07:30:02+00:00] Cells updated: 2
[2026-07-20T07:30:02+00:00] === color-links end (1.55s) ===
[2026-07-20T07:45:01+00:00] === color-links start ===
[2026-07-20T07:45:01+00:00] Unique deals in sheet: 2
[2026-07-20T07:45:01+00:00] Already green: 62, to check: 0
[2026-07-20T07:45:01+00:00] Categories: [3,5,7]
[2026-07-20T07:45:01+00:00] Colors: green=0 persisted=62, red=0
[2026-07-20T07:45:02+00:00] Cells updated: 2
[2026-07-20T07:45:02+00:00] === color-links end (1.49s) ===
[2026-07-20T08:00:01+00:00] === color-links start ===
[2026-07-20T08:00:01+00:00] Unique deals in sheet: 2
[2026-07-20T08:00:01+00:00] Already green: 62, to check: 0
[2026-07-20T08:00:02+00:00] Categories: [3,5,7]
[2026-07-20T08:00:02+00:00] Colors: green=0 persisted=62, red=0
[2026-07-20T08:00:03+00:00] Cells updated: 2
[2026-07-20T08:00:03+00:00] === color-links end (1.64s) ===
[2026-07-20T08:15:01+00:00] === color-links start ===
[2026-07-20T08:15:01+00:00] Unique deals in sheet: 2
[2026-07-20T08:15:01+00:00] Already green: 62, to check: 0
[2026-07-20T08:15:01+00:00] Categories: [3,5,7]
[2026-07-20T08:15:01+00:00] Colors: green=0 persisted=62, red=0
[2026-07-20T08:15:02+00:00] Cells updated: 2
[2026-07-20T08:15:02+00:00] === color-links end (1.65s) ===
[2026-07-20T08:30:01+00:00] === color-links start ===
[2026-07-20T08:30:01+00:00] Unique deals in sheet: 2
[2026-07-20T08:30:01+00:00] Already green: 62, to check: 0
[2026-07-20T08:30:01+00:00] Categories: [3,5,7]
[2026-07-20T08:30:01+00:00] Colors: green=0 persisted=62, red=0
[2026-07-20T08:30:02+00:00] Cells updated: 2
[2026-07-20T08:30:02+00:00] === color-links end (1.57s) ===
[2026-07-20T08:45:01+00:00] === color-links start ===
[2026-07-20T08:45:01+00:00] Unique deals in sheet: 2
[2026-07-20T08:45:01+00:00] Already green: 62, to check: 0
[2026-07-20T08:45:01+00:00] Categories: [3,5,7]
[2026-07-20T08:45:01+00:00] Colors: green=0 persisted=62, red=0
[2026-07-20T08:45:04+00:00] Cells updated: 2
[2026-07-20T08:45:04+00:00] === color-links end (2.83s) ===
[2026-07-20T09:00:01+00:00] === color-links start ===
[2026-07-20T09:00:01+00:00] Unique deals in sheet: 2
[2026-07-20T09:00:01+00:00] Already green: 62, to check: 0
[2026-07-20T09:00:01+00:00] Categories: [3,5,7]
[2026-07-20T09:00:01+00:00] Colors: green=0 persisted=62, red=0
[2026-07-20T09:00:02+00:00] Cells updated: 2
[2026-07-20T09:00:02+00:00] === color-links end (1.57s) ===
[2026-07-20T09:15:01+00:00] === color-links start ===
[2026-07-20T09:15:01+00:00] Unique deals in sheet: 2
[2026-07-20T09:15:01+00:00] Already green: 62, to check: 0
[2026-07-20T09:15:01+00:00] Categories: [3,5,7]
[2026-07-20T09:15:01+00:00] Colors: green=0 persisted=62, red=0
[2026-07-20T09:15:03+00:00] Cells updated: 2
[2026-07-20T09:15:03+00:00] === color-links end (1.68s) ===
[2026-07-20T09:30:01+00:00] === color-links start ===
[2026-07-20T09:30:01+00:00] Unique deals in sheet: 2
[2026-07-20T09:30:01+00:00] Already green: 62, to check: 0
[2026-07-20T09:30:02+00:00] Categories: [3,5,7]
[2026-07-20T09:30:02+00:00] Colors: green=0 persisted=62, red=0
[2026-07-20T09:30:03+00:00] Cells updated: 2
[2026-07-20T09:30:03+00:00] === color-links end (1.65s) ===
[2026-07-20T09:45:01+00:00] === color-links start ===
[2026-07-20T09:45:01+00:00] Unique deals in sheet: 2
[2026-07-20T09:45:01+00:00] Already green: 62, to check: 0
[2026-07-20T09:45:02+00:00] Categories: [3,5,7]
[2026-07-20T09:45:02+00:00] Colors: green=0 persisted=62, red=0
[2026-07-20T09:45:03+00:00] Cells updated: 2
[2026-07-20T09:45:03+00:00] === color-links end (1.53s) ===
[2026-07-20T10:00:01+00:00] === color-links start ===
[2026-07-20T10:00:01+00:00] Unique deals in sheet: 2
[2026-07-20T10:00:01+00:00] Already green: 62, to check: 0
[2026-07-20T10:00:01+00:00] Categories: [3,5,7]
[2026-07-20T10:00:01+00:00] Colors: green=0 persisted=62, red=0
[2026-07-20T10:00:03+00:00] Cells updated: 2
[2026-07-20T10:00:03+00:00] === color-links end (1.75s) ===
[2026-07-20T10:15:01+00:00] === color-links start ===
[2026-07-20T10:15:01+00:00] Unique deals in sheet: 2
[2026-07-20T10:15:01+00:00] Already green: 62, to check: 0
[2026-07-20T10:15:01+00:00] Categories: [3,5,7]
[2026-07-20T10:15:01+00:00] Colors: green=0 persisted=62, red=0
[2026-07-20T10:15:03+00:00] Cells updated: 2
[2026-07-20T10:15:03+00:00] === color-links end (1.56s) ===
[2026-07-20T10:30:01+00:00] === color-links start ===
[2026-07-20T10:30:01+00:00] Unique deals in sheet: 2
[2026-07-20T10:30:01+00:00] Already green: 62, to check: 0
[2026-07-20T10:30:01+00:00] Categories: [3,5,7]
[2026-07-20T10:30:01+00:00] Colors: green=0 persisted=62, red=0
[2026-07-20T10:30:02+00:00] Cells updated: 2
[2026-07-20T10:30:02+00:00] === color-links end (1.51s) ===
[2026-07-20T10:45:01+00:00] === color-links start ===
[2026-07-20T10:45:01+00:00] Unique deals in sheet: 2
[2026-07-20T10:45:01+00:00] Already green: 62, to check: 0
[2026-07-20T10:45:01+00:00] Categories: [3,5,7]
[2026-07-20T10:45:01+00:00] Colors: green=0 persisted=62, red=0
[2026-07-20T10:45:03+00:00] Cells updated: 2
[2026-07-20T10:45:03+00:00] === color-links end (1.67s) ===
[2026-07-20T11:00:01+00:00] === color-links start ===
[2026-07-20T11:00:01+00:00] Unique deals in sheet: 2
[2026-07-20T11:00:01+00:00] Already green: 62, to check: 0
[2026-07-20T11:00:02+00:00] Categories: [3,5,7]
[2026-07-20T11:00:02+00:00] Colors: green=0 persisted=62, red=0
[2026-07-20T11:00:03+00:00] Cells updated: 2
[2026-07-20T11:00:03+00:00] === color-links end (1.75s) ===
[2026-07-20T11:15:01+00:00] === color-links start ===
[2026-07-20T11:15:01+00:00] Unique deals in sheet: 2
[2026-07-20T11:15:01+00:00] Already green: 62, to check: 0
[2026-07-20T11:15:01+00:00] Categories: [3,5,7]
[2026-07-20T11:15:01+00:00] Colors: green=0 persisted=62, red=0
[2026-07-20T11:15:02+00:00] Cells updated: 2
[2026-07-20T11:15:02+00:00] === color-links end (1.71s) ===
[2026-07-20T11:30:01+00:00] === color-links start ===
[2026-07-20T11:30:01+00:00] Unique deals in sheet: 2
[2026-07-20T11:30:01+00:00] Already green: 62, to check: 0
[2026-07-20T11:30:02+00:00] Categories: [3,5,7]
[2026-07-20T11:30:02+00:00] Colors: green=0 persisted=62, red=0
[2026-07-20T11:30:03+00:00] Cells updated: 2
[2026-07-20T11:30:03+00:00] === color-links end (1.84s) ===
[2026-07-20T11:45:01+00:00] === color-links start ===
[2026-07-20T11:45:01+00:00] Unique deals in sheet: 2
[2026-07-20T11:45:01+00:00] Already green: 62, to check: 0
[2026-07-20T11:45:01+00:00] Categories: [3,5,7]
[2026-07-20T11:45:01+00:00] Colors: green=0 persisted=62, red=0
[2026-07-20T11:45:03+00:00] Cells updated: 2
[2026-07-20T11:45:03+00:00] === color-links end (1.76s) ===
[2026-07-20T12:00:01+00:00] === color-links start ===
[2026-07-20T12:00:01+00:00] Unique deals in sheet: 2
[2026-07-20T12:00:01+00:00] Already green: 62, to check: 0
[2026-07-20T12:00:02+00:00] Categories: [3,5,7]
[2026-07-20T12:00:02+00:00] Colors: green=0 persisted=62, red=0
[2026-07-20T12:00:03+00:00] Cells updated: 2
[2026-07-20T12:00:03+00:00] === color-links end (1.89s) ===
[2026-07-20T12:15:01+00:00] === color-links start ===
[2026-07-20T12:15:01+00:00] Unique deals in sheet: 2
[2026-07-20T12:15:01+00:00] Already green: 62, to check: 0
[2026-07-20T12:15:02+00:00] Categories: [3,5,7]
[2026-07-20T12:15:02+00:00] Colors: green=0 persisted=62, red=0
[2026-07-20T12:15:04+00:00] Cells updated: 2
[2026-07-20T12:15:04+00:00] === color-links end (2.71s) ===
[2026-07-20T12:30:01+00:00] === color-links start ===
[2026-07-20T12:30:01+00:00] Unique deals in sheet: 2
[2026-07-20T12:30:01+00:00] Already green: 62, to check: 0
[2026-07-20T12:30:01+00:00] Categories: [3,5,7]
[2026-07-20T12:30:01+00:00] Colors: green=0 persisted=62, red=0
[2026-07-20T12:30:02+00:00] Cells updated: 2
[2026-07-20T12:30:02+00:00] === color-links end (1.59s) ===
[2026-07-20T12:45:01+00:00] === color-links start ===
[2026-07-20T12:45:01+00:00] Unique deals in sheet: 2
[2026-07-20T12:45:01+00:00] Already green: 62, to check: 0
[2026-07-20T12:45:01+00:00] Categories: [3,5,7]
[2026-07-20T12:45:01+00:00] Colors: green=0 persisted=62, red=0
[2026-07-20T12:45:03+00:00] Cells updated: 2
[2026-07-20T12:45:03+00:00] === color-links end (1.94s) ===
[2026-07-20T13:00:01+00:00] === color-links start ===
[2026-07-20T13:00:01+00:00] Unique deals in sheet: 2
[2026-07-20T13:00:01+00:00] Already green: 62, to check: 0
[2026-07-20T13:00:01+00:00] Categories: [3,5,7]
[2026-07-20T13:00:01+00:00] Colors: green=0 persisted=62, red=0
[2026-07-20T13:00:04+00:00] Cells updated: 2
[2026-07-20T13:00:04+00:00] === color-links end (3.8s) ===
[2026-07-20T13:15:01+00:00] === color-links start ===
[2026-07-20T13:15:01+00:00] Unique deals in sheet: 2
[2026-07-20T13:15:01+00:00] Already green: 62, to check: 0
[2026-07-20T13:15:01+00:00] Categories: [3,5,7]
[2026-07-20T13:15:01+00:00] Colors: green=0 persisted=62, red=0
[2026-07-20T13:15:04+00:00] Cells updated: 2
[2026-07-20T13:15:04+00:00] === color-links end (3.57s) ===
[2026-07-20T13:30:01+00:00] === color-links start ===
[2026-07-20T13:30:01+00:00] Unique deals in sheet: 2
[2026-07-20T13:30:01+00:00] Already green: 62, to check: 0
[2026-07-20T13:30:02+00:00] Categories: [3,5,7]
[2026-07-20T13:30:02+00:00] Colors: green=0 persisted=62, red=0
[2026-07-20T13:30:04+00:00] Cells updated: 2
[2026-07-20T13:30:04+00:00] === color-links end (2.75s) ===
[2026-07-20T13:45:01+00:00] === color-links start ===
[2026-07-20T13:45:01+00:00] Unique deals in sheet: 2
[2026-07-20T13:45:01+00:00] Already green: 62, to check: 0
[2026-07-20T13:45:01+00:00] Categories: [3,5,7]
[2026-07-20T13:45:01+00:00] Colors: green=0 persisted=62, red=0
[2026-07-20T13:45:03+00:00] Cells updated: 2
[2026-07-20T13:45:03+00:00] === color-links end (1.66s) ===
[2026-07-20T14:00:01+00:00] === color-links start ===
[2026-07-20T14:00:01+00:00] Unique deals in sheet: 2
[2026-07-20T14:00:01+00:00] Already green: 62, to check: 0
[2026-07-20T14:00:02+00:00] Categories: [3,5,7]
[2026-07-20T14:00:02+00:00] Colors: green=0 persisted=62, red=0
[2026-07-20T14:00:03+00:00] Cells updated: 2
[2026-07-20T14:00:03+00:00] === color-links end (2.3s) ===
[2026-07-20T14:15:01+00:00] === color-links start ===
[2026-07-20T14:15:01+00:00] Unique deals in sheet: 2
[2026-07-20T14:15:01+00:00] Already green: 62, to check: 0
[2026-07-20T14:15:02+00:00] Categories: [3,5,7]
[2026-07-20T14:15:02+00:00] Colors: green=0 persisted=62, red=0
[2026-07-20T14:15:04+00:00] Cells updated: 2
[2026-07-20T14:15:04+00:00] === color-links end (2.73s) ===
[2026-07-20T14:30:01+00:00] === color-links start ===
[2026-07-20T14:30:01+00:00] Unique deals in sheet: 2
[2026-07-20T14:30:01+00:00] Already green: 62, to check: 0
[2026-07-20T14:30:02+00:00] Categories: [3,5,7]
[2026-07-20T14:30:02+00:00] Colors: green=0 persisted=62, red=0
[2026-07-20T14:30:03+00:00] Cells updated: 2
[2026-07-20T14:30:03+00:00] === color-links end (1.83s) ===
[2026-07-20T14:45:01+00:00] === color-links start ===
[2026-07-20T14:45:01+00:00] Unique deals in sheet: 2
[2026-07-20T14:45:01+00:00] Already green: 62, to check: 0
[2026-07-20T14:45:01+00:00] Categories: [3,5,7]
[2026-07-20T14:45:01+00:00] Colors: green=0 persisted=62, red=0
[2026-07-20T14:45:03+00:00] Cells updated: 2
[2026-07-20T14:45:03+00:00] === color-links end (2.12s) ===
[2026-07-20T15:00:01+00:00] === color-links start ===
[2026-07-20T15:00:01+00:00] Unique deals in sheet: 2
[2026-07-20T15:00:01+00:00] Already green: 62, to check: 0
[2026-07-20T15:00:02+00:00] Categories: [3,5,7]
[2026-07-20T15:00:02+00:00] Colors: green=0 persisted=62, red=0
[2026-07-20T15:00:03+00:00] Cells updated: 2
[2026-07-20T15:00:03+00:00] === color-links end (1.66s) ===
[2026-07-20T15:15:01+00:00] === color-links start ===
[2026-07-20T15:15:01+00:00] Unique deals in sheet: 2
[2026-07-20T15:15:01+00:00] Already green: 62, to check: 0
[2026-07-20T15:15:02+00:00] Categories: [3,5,7]
[2026-07-20T15:15:02+00:00] Colors: green=0 persisted=62, red=0
[2026-07-20T15:15:04+00:00] Cells updated: 2
[2026-07-20T15:15:04+00:00] === color-links end (2.1s) ===
[2026-07-20T15:30:01+00:00] === color-links start ===
[2026-07-20T15:30:01+00:00] Unique deals in sheet: 2
[2026-07-20T15:30:01+00:00] Already green: 62, to check: 0
[2026-07-20T15:30:01+00:00] Categories: [3,5,7]
[2026-07-20T15:30:01+00:00] Colors: green=0 persisted=62, red=0
[2026-07-20T15:30:02+00:00] Cells updated: 2
[2026-07-20T15:30:02+00:00] === color-links end (1.45s) ===
[2026-07-20T15:45:01+00:00] === color-links start ===
[2026-07-20T15:45:01+00:00] Unique deals in sheet: 2
[2026-07-20T15:45:01+00:00] Already green: 62, to check: 0
[2026-07-20T15:45:02+00:00] Categories: [3,5,7]
[2026-07-20T15:45:02+00:00] Colors: green=0 persisted=62, red=0
[2026-07-20T15:45:03+00:00] Cells updated: 2
[2026-07-20T15:45:03+00:00] === color-links end (1.55s) ===
[2026-07-20T16:00:01+00:00] === color-links start ===
[2026-07-20T16:00:01+00:00] Unique deals in sheet: 2
[2026-07-20T16:00:01+00:00] Already green: 62, to check: 0
[2026-07-20T16:00:01+00:00] Categories: [3,5,7]
[2026-07-20T16:00:01+00:00] Colors: green=0 persisted=62, red=0
[2026-07-20T16:00:02+00:00] Cells updated: 2
[2026-07-20T16:00:02+00:00] === color-links end (1.46s) ===
[2026-07-20T16:15:01+00:00] === color-links start ===
[2026-07-20T16:15:01+00:00] Unique deals in sheet: 2
[2026-07-20T16:15:01+00:00] Already green: 62, to check: 0
[2026-07-20T16:15:01+00:00] Categories: [3,5,7]
[2026-07-20T16:15:01+00:00] Colors: green=0 persisted=62, red=0
[2026-07-20T16:15:02+00:00] Cells updated: 2
[2026-07-20T16:15:02+00:00] === color-links end (1.5s) ===
[2026-07-20T16:30:01+00:00] === color-links start ===
[2026-07-20T16:30:01+00:00] Unique deals in sheet: 2
[2026-07-20T16:30:01+00:00] Already green: 62, to check: 0
[2026-07-20T16:30:01+00:00] Categories: [3,5,7]
[2026-07-20T16:30:01+00:00] Colors: green=0 persisted=62, red=0
[2026-07-20T16:30:02+00:00] Cells updated: 2
[2026-07-20T16:30:02+00:00] === color-links end (1.64s) ===
[2026-07-20T16:45:01+00:00] === color-links start ===
[2026-07-20T16:45:01+00:00] Unique deals in sheet: 2
[2026-07-20T16:45:01+00:00] Already green: 62, to check: 0
[2026-07-20T16:45:01+00:00] Categories: [3,5,7]
[2026-07-20T16:45:01+00:00] Colors: green=0 persisted=62, red=0
[2026-07-20T16:45:02+00:00] Cells updated: 2
[2026-07-20T16:45:02+00:00] === color-links end (1.62s) ===
[2026-07-20T17:00:01+00:00] === color-links start ===
[2026-07-20T17:00:01+00:00] Unique deals in sheet: 2
[2026-07-20T17:00:01+00:00] Already green: 62, to check: 0
[2026-07-20T17:00:01+00:00] Categories: [3,5,7]
[2026-07-20T17:00:01+00:00] Colors: green=0 persisted=62, red=0
[2026-07-20T17:00:02+00:00] Cells updated: 2
[2026-07-20T17:00:02+00:00] === color-links end (1.6s) ===
[2026-07-20T17:15:01+00:00] === color-links start ===
[2026-07-20T17:15:01+00:00] Unique deals in sheet: 2
[2026-07-20T17:15:01+00:00] Already green: 62, to check: 0
[2026-07-20T17:15:01+00:00] Categories: [3,5,7]
[2026-07-20T17:15:01+00:00] Colors: green=0 persisted=62, red=0
[2026-07-20T17:15:02+00:00] Cells updated: 2
[2026-07-20T17:15:02+00:00] === color-links end (1.44s) ===
[2026-07-20T17:30:01+00:00] === color-links start ===
[2026-07-20T17:30:01+00:00] Unique deals in sheet: 2
[2026-07-20T17:30:01+00:00] Already green: 62, to check: 0
[2026-07-20T17:30:01+00:00] Categories: [3,5,7]
[2026-07-20T17:30:01+00:00] Colors: green=0 persisted=62, red=0
[2026-07-20T17:30:02+00:00] Cells updated: 2
[2026-07-20T17:30:02+00:00] === color-links end (1.48s) ===
[2026-07-20T17:45:01+00:00] === color-links start ===
[2026-07-20T17:45:01+00:00] Unique deals in sheet: 2
[2026-07-20T17:45:01+00:00] Already green: 62, to check: 0
[2026-07-20T17:45:01+00:00] Categories: [3,5,7]
[2026-07-20T17:45:01+00:00] Colors: green=0 persisted=62, red=0
[2026-07-20T17:45:02+00:00] Cells updated: 2
[2026-07-20T17:45:02+00:00] === color-links end (1.56s) ===
[2026-07-20T18:00:01+00:00] === color-links start ===
[2026-07-20T18:00:01+00:00] Unique deals in sheet: 2
[2026-07-20T18:00:01+00:00] Already green: 62, to check: 0
[2026-07-20T18:00:01+00:00] Categories: [3,5,7]
[2026-07-20T18:00:01+00:00] Colors: green=0 persisted=62, red=0
[2026-07-20T18:00:03+00:00] Cells updated: 2
[2026-07-20T18:00:03+00:00] === color-links end (1.47s) ===
[2026-07-20T18:15:01+00:00] === color-links start ===
[2026-07-20T18:15:01+00:00] Unique deals in sheet: 2
[2026-07-20T18:15:01+00:00] Already green: 62, to check: 0
[2026-07-20T18:15:01+00:00] Categories: [3,5,7]
[2026-07-20T18:15:01+00:00] Colors: green=0 persisted=62, red=0
[2026-07-20T18:15:02+00:00] Cells updated: 2
[2026-07-20T18:15:02+00:00] === color-links end (1.44s) ===
[2026-07-20T18:30:01+00:00] === color-links start ===
[2026-07-20T18:30:01+00:00] Unique deals in sheet: 2
[2026-07-20T18:30:01+00:00] Already green: 62, to check: 0
[2026-07-20T18:30:01+00:00] Categories: [3,5,7]
[2026-07-20T18:30:01+00:00] Colors: green=0 persisted=62, red=0
[2026-07-20T18:30:03+00:00] Cells updated: 2
[2026-07-20T18:30:03+00:00] === color-links end (2.17s) ===
[2026-07-20T18:45:01+00:00] === color-links start ===
[2026-07-20T18:45:01+00:00] Unique deals in sheet: 2
[2026-07-20T18:45:01+00:00] Already green: 62, to check: 0
[2026-07-20T18:45:01+00:00] Categories: [3,5,7]
[2026-07-20T18:45:01+00:00] Colors: green=0 persisted=62, red=0
[2026-07-20T18:45:02+00:00] Cells updated: 2
[2026-07-20T18:45:02+00:00] === color-links end (1.48s) ===
[2026-07-20T19:00:01+00:00] === color-links start ===
[2026-07-20T19:00:01+00:00] Unique deals in sheet: 2
[2026-07-20T19:00:01+00:00] Already green: 62, to check: 0
[2026-07-20T19:00:01+00:00] Categories: [3,5,7]
[2026-07-20T19:00:01+00:00] Colors: green=0 persisted=62, red=0
[2026-07-20T19:00:02+00:00] Cells updated: 2
[2026-07-20T19:00:02+00:00] === color-links end (1.47s) ===
[2026-07-20T19:15:01+00:00] === color-links start ===
[2026-07-20T19:15:01+00:00] Unique deals in sheet: 2
[2026-07-20T19:15:01+00:00] Already green: 62, to check: 0
[2026-07-20T19:15:01+00:00] Categories: [3,5,7]
[2026-07-20T19:15:01+00:00] Colors: green=0 persisted=62, red=0
[2026-07-20T19:15:02+00:00] Cells updated: 2
[2026-07-20T19:15:02+00:00] === color-links end (1.49s) ===
[2026-07-20T19:30:01+00:00] === color-links start ===
[2026-07-20T19:30:01+00:00] Unique deals in sheet: 2
[2026-07-20T19:30:01+00:00] Already green: 62, to check: 0
[2026-07-20T19:30:02+00:00] Categories: [3,5,7]
[2026-07-20T19:30:02+00:00] Colors: green=0 persisted=62, red=0
[2026-07-20T19:30:03+00:00] Cells updated: 2
[2026-07-20T19:30:03+00:00] === color-links end (1.45s) ===
[2026-07-20T19:45:01+00:00] === color-links start ===
[2026-07-20T19:45:01+00:00] Unique deals in sheet: 2
[2026-07-20T19:45:01+00:00] Already green: 62, to check: 0
[2026-07-20T19:45:01+00:00] Categories: [3,5,7]
[2026-07-20T19:45:01+00:00] Colors: green=0 persisted=62, red=0
[2026-07-20T19:45:02+00:00] Cells updated: 2
[2026-07-20T19:45:02+00:00] === color-links end (1.47s) ===
[2026-07-20T20:00:02+00:00] === color-links start ===
[2026-07-20T20:00:02+00:00] Unique deals in sheet: 2
[2026-07-20T20:00:02+00:00] Already green: 62, to check: 0
[2026-07-20T20:00:02+00:00] Categories: [3,5,7]
[2026-07-20T20:00:02+00:00] Colors: green=0 persisted=62, red=0
[2026-07-20T20:00:03+00:00] Cells updated: 2
[2026-07-20T20:00:03+00:00] === color-links end (1.52s) ===
[2026-07-20T20:15:01+00:00] === color-links start ===
[2026-07-20T20:15:01+00:00] Unique deals in sheet: 2
[2026-07-20T20:15:01+00:00] Already green: 62, to check: 0
[2026-07-20T20:15:01+00:00] Categories: [3,5,7]
[2026-07-20T20:15:01+00:00] Colors: green=0 persisted=62, red=0
[2026-07-20T20:15:02+00:00] Cells updated: 2
[2026-07-20T20:15:02+00:00] === color-links end (1.39s) ===
[2026-07-20T20:30:02+00:00] === color-links start ===
[2026-07-20T20:30:02+00:00] Unique deals in sheet: 2
[2026-07-20T20:30:02+00:00] Already green: 62, to check: 0
[2026-07-20T20:30:02+00:00] Categories: [3,5,7]
[2026-07-20T20:30:02+00:00] Colors: green=0 persisted=62, red=0
[2026-07-20T20:30:03+00:00] Cells updated: 2
[2026-07-20T20:30:03+00:00] === color-links end (1.42s) ===
[2026-07-20T20:45:01+00:00] === color-links start ===
[2026-07-20T20:45:01+00:00] Unique deals in sheet: 2
[2026-07-20T20:45:01+00:00] Already green: 62, to check: 0
[2026-07-20T20:45:01+00:00] Categories: [3,5,7]
[2026-07-20T20:45:01+00:00] Colors: green=0 persisted=62, red=0
[2026-07-20T20:45:03+00:00] Cells updated: 2
[2026-07-20T20:45:03+00:00] === color-links end (1.45s) ===
[2026-07-20T21:00:01+00:00] === color-links start ===
[2026-07-20T21:00:01+00:00] Unique deals in sheet: 2
[2026-07-20T21:00:01+00:00] Already green: 62, to check: 0
[2026-07-20T21:00:03+00:00] Categories: [3,5,7]
[2026-07-20T21:00:03+00:00] Colors: green=0 persisted=62, red=0
[2026-07-20T21:00:05+00:00] Cells updated: 2
[2026-07-20T21:00:05+00:00] === color-links end (3.87s) ===
[2026-07-20T21:15:01+00:00] === color-links start ===
[2026-07-20T21:15:01+00:00] Unique deals in sheet: 2
[2026-07-20T21:15:01+00:00] Already green: 62, to check: 0
[2026-07-20T21:15:02+00:00] Categories: [3,5,7]
[2026-07-20T21:15:02+00:00] Colors: green=0 persisted=62, red=0
[2026-07-20T21:15:03+00:00] Cells updated: 2
[2026-07-20T21:15:03+00:00] === color-links end (1.52s) ===
[2026-07-20T21:30:01+00:00] === color-links start ===
[2026-07-20T21:30:01+00:00] Unique deals in sheet: 2
[2026-07-20T21:30:01+00:00] Already green: 62, to check: 0
[2026-07-20T21:30:01+00:00] Categories: [3,5,7]
[2026-07-20T21:30:01+00:00] Colors: green=0 persisted=62, red=0
[2026-07-20T21:30:02+00:00] Cells updated: 2
[2026-07-20T21:30:02+00:00] === color-links end (1.38s) ===
[2026-07-20T21:45:01+00:00] === color-links start ===
[2026-07-20T21:45:01+00:00] Unique deals in sheet: 2
[2026-07-20T21:45:01+00:00] Already green: 62, to check: 0
[2026-07-20T21:45:01+00:00] Categories: [3,5,7]
[2026-07-20T21:45:01+00:00] Colors: green=0 persisted=62, red=0
[2026-07-20T21:45:03+00:00] Cells updated: 2
[2026-07-20T21:45:03+00:00] === color-links end (1.78s) ===
[2026-07-20T22:00:01+00:00] === color-links start ===
[2026-07-20T22:00:01+00:00] Unique deals in sheet: 2
[2026-07-20T22:00:01+00:00] Already green: 62, to check: 0
[2026-07-20T22:00:01+00:00] Categories: [3,5,7]
[2026-07-20T22:00:01+00:00] Colors: green=0 persisted=62, red=0
[2026-07-20T22:00:03+00:00] Cells updated: 2
[2026-07-20T22:00:03+00:00] === color-links end (1.53s) ===
[2026-07-20T22:15:01+00:00] === color-links start ===
[2026-07-20T22:15:01+00:00] Unique deals in sheet: 2
[2026-07-20T22:15:01+00:00] Already green: 62, to check: 0
[2026-07-20T22:15:02+00:00] Categories: [3,5,7]
[2026-07-20T22:15:02+00:00] Colors: green=0 persisted=62, red=0
[2026-07-20T22:15:03+00:00] Cells updated: 2
[2026-07-20T22:15:03+00:00] === color-links end (1.56s) ===
[2026-07-20T22:30:01+00:00] === color-links start ===
[2026-07-20T22:30:01+00:00] Unique deals in sheet: 2
[2026-07-20T22:30:01+00:00] Already green: 62, to check: 0
[2026-07-20T22:30:01+00:00] Categories: [3,5,7]
[2026-07-20T22:30:01+00:00] Colors: green=0 persisted=62, red=0
[2026-07-20T22:30:03+00:00] Cells updated: 2
[2026-07-20T22:30:03+00:00] === color-links end (2.03s) ===
[2026-07-20T22:45:01+00:00] === color-links start ===
[2026-07-20T22:45:01+00:00] Unique deals in sheet: 2
[2026-07-20T22:45:01+00:00] Already green: 62, to check: 0
[2026-07-20T22:45:01+00:00] Categories: [3,5,7]
[2026-07-20T22:45:01+00:00] Colors: green=0 persisted=62, red=0
[2026-07-20T22:45:02+00:00] Cells updated: 2
[2026-07-20T22:45:02+00:00] === color-links end (1.5s) ===
[2026-07-20T23:00:01+00:00] === color-links start ===
[2026-07-20T23:00:01+00:00] Unique deals in sheet: 2
[2026-07-20T23:00:01+00:00] Already green: 62, to check: 0
[2026-07-20T23:00:01+00:00] Categories: [3,5,7]
[2026-07-20T23:00:01+00:00] Colors: green=0 persisted=62, red=0
[2026-07-20T23:00:02+00:00] Cells updated: 2
[2026-07-20T23:00:02+00:00] === color-links end (1.64s) ===
[2026-07-20T23:15:01+00:00] === color-links start ===
[2026-07-20T23:15:01+00:00] Unique deals in sheet: 2
[2026-07-20T23:15:01+00:00] Already green: 62, to check: 0
[2026-07-20T23:15:01+00:00] Categories: [3,5,7]
[2026-07-20T23:15:01+00:00] Colors: green=0 persisted=62, red=0
[2026-07-20T23:15:02+00:00] Cells updated: 2
[2026-07-20T23:15:02+00:00] === color-links end (1.48s) ===
[2026-07-20T23:30:01+00:00] === color-links start ===
[2026-07-20T23:30:01+00:00] Unique deals in sheet: 2
[2026-07-20T23:30:01+00:00] Already green: 62, to check: 0
[2026-07-20T23:30:01+00:00] Categories: [3,5,7]
[2026-07-20T23:30:01+00:00] Colors: green=0 persisted=62, red=0
[2026-07-20T23:30:03+00:00] Cells updated: 2
[2026-07-20T23:30:03+00:00] === color-links end (1.52s) ===
[2026-07-20T23:45:01+00:00] === color-links start ===
[2026-07-20T23:45:01+00:00] Unique deals in sheet: 2
[2026-07-20T23:45:01+00:00] Already green: 62, to check: 0
[2026-07-20T23:45:01+00:00] Categories: [3,5,7]
[2026-07-20T23:45:01+00:00] Colors: green=0 persisted=62, red=0
[2026-07-20T23:45:03+00:00] Cells updated: 2
[2026-07-20T23:45:03+00:00] === color-links end (2.02s) ===
