[2026-07-18T00:00:01+00:00] === color-links start ===
[2026-07-18T00:00:01+00:00] Unique deals in sheet: 2
[2026-07-18T00:00:01+00:00] Already green: 62, to check: 0
[2026-07-18T00:00:01+00:00] Categories: [3,5,7]
[2026-07-18T00:00:01+00:00] Colors: green=0 persisted=62, red=0
[2026-07-18T00:00:02+00:00] Cells updated: 2
[2026-07-18T00:00:02+00:00] === color-links end (1.36s) ===
[2026-07-18T00:15:01+00:00] === color-links start ===
[2026-07-18T00:15:01+00:00] Unique deals in sheet: 2
[2026-07-18T00:15:01+00:00] Already green: 62, to check: 0
[2026-07-18T00:15:01+00:00] Categories: [3,5,7]
[2026-07-18T00:15:01+00:00] Colors: green=0 persisted=62, red=0
[2026-07-18T00:15:03+00:00] Cells updated: 2
[2026-07-18T00:15:03+00:00] === color-links end (1.96s) ===
[2026-07-18T00:30:01+00:00] === color-links start ===
[2026-07-18T00:30:01+00:00] Unique deals in sheet: 2
[2026-07-18T00:30:01+00:00] Already green: 62, to check: 0
[2026-07-18T00:30:01+00:00] Categories: [3,5,7]
[2026-07-18T00:30:01+00:00] Colors: green=0 persisted=62, red=0
[2026-07-18T00:30:02+00:00] Cells updated: 2
[2026-07-18T00:30:02+00:00] === color-links end (1.36s) ===
[2026-07-18T00:45:01+00:00] === color-links start ===
[2026-07-18T00:45:01+00:00] Unique deals in sheet: 2
[2026-07-18T00:45:01+00:00] Already green: 62, to check: 0
[2026-07-18T00:45:01+00:00] Categories: [3,5,7]
[2026-07-18T00:45:01+00:00] Colors: green=0 persisted=62, red=0
[2026-07-18T00:45:02+00:00] Cells updated: 2
[2026-07-18T00:45:02+00:00] === color-links end (1.37s) ===
[2026-07-18T01:00:01+00:00] === color-links start ===
[2026-07-18T01:00:01+00:00] Unique deals in sheet: 2
[2026-07-18T01:00:01+00:00] Already green: 62, to check: 0
[2026-07-18T01:00:02+00:00] Categories: [3,5,7]
[2026-07-18T01:00:02+00:00] Colors: green=0 persisted=62, red=0
[2026-07-18T01:00:03+00:00] Cells updated: 2
[2026-07-18T01:00:03+00:00] === color-links end (1.52s) ===
[2026-07-18T01:15:01+00:00] === color-links start ===
[2026-07-18T01:15:01+00:00] Unique deals in sheet: 2
[2026-07-18T01:15:01+00:00] Already green: 62, to check: 0
[2026-07-18T01:15:01+00:00] Categories: [3,5,7]
[2026-07-18T01:15:01+00:00] Colors: green=0 persisted=62, red=0
[2026-07-18T01:15:02+00:00] Cells updated: 2
[2026-07-18T01:15:02+00:00] === color-links end (1.37s) ===
[2026-07-18T01:30:01+00:00] === color-links start ===
[2026-07-18T01:30:01+00:00] Unique deals in sheet: 2
[2026-07-18T01:30:01+00:00] Already green: 62, to check: 0
[2026-07-18T01:30:01+00:00] Categories: [3,5,7]
[2026-07-18T01:30:01+00:00] Colors: green=0 persisted=62, red=0
[2026-07-18T01:30:02+00:00] Cells updated: 2
[2026-07-18T01:30:02+00:00] === color-links end (1.47s) ===
[2026-07-18T01:45:01+00:00] === color-links start ===
[2026-07-18T01:45:01+00:00] Unique deals in sheet: 2
[2026-07-18T01:45:01+00:00] Already green: 62, to check: 0
[2026-07-18T01:45:01+00:00] Categories: [3,5,7]
[2026-07-18T01:45:01+00:00] Colors: green=0 persisted=62, red=0
[2026-07-18T01:45:03+00:00] Cells updated: 2
[2026-07-18T01:45:03+00:00] === color-links end (2.13s) ===
[2026-07-18T02:00:01+00:00] === color-links start ===
[2026-07-18T02:00:01+00:00] Unique deals in sheet: 2
[2026-07-18T02:00:01+00:00] Already green: 62, to check: 0
[2026-07-18T02:00:01+00:00] Categories: [3,5,7]
[2026-07-18T02:00:01+00:00] Colors: green=0 persisted=62, red=0
[2026-07-18T02:00:02+00:00] Cells updated: 2
[2026-07-18T02:00:02+00:00] === color-links end (1.38s) ===
[2026-07-18T02:15:01+00:00] === color-links start ===
[2026-07-18T02:15:01+00:00] Unique deals in sheet: 2
[2026-07-18T02:15:01+00:00] Already green: 62, to check: 0
[2026-07-18T02:15:02+00:00] Categories: [3,5,7]
[2026-07-18T02:15:02+00:00] Colors: green=0 persisted=62, red=0
[2026-07-18T02:15:03+00:00] Cells updated: 2
[2026-07-18T02:15:03+00:00] === color-links end (1.58s) ===
[2026-07-18T02:30:01+00:00] === color-links start ===
[2026-07-18T02:30:01+00:00] Unique deals in sheet: 2
[2026-07-18T02:30:01+00:00] Already green: 62, to check: 0
[2026-07-18T02:30:01+00:00] Categories: [3,5,7]
[2026-07-18T02:30:01+00:00] Colors: green=0 persisted=62, red=0
[2026-07-18T02:30:02+00:00] Cells updated: 2
[2026-07-18T02:30:02+00:00] === color-links end (1.39s) ===
[2026-07-18T02:45:01+00:00] === color-links start ===
[2026-07-18T02:45:01+00:00] Unique deals in sheet: 2
[2026-07-18T02:45:01+00:00] Already green: 62, to check: 0
[2026-07-18T02:45:01+00:00] Categories: [3,5,7]
[2026-07-18T02:45:01+00:00] Colors: green=0 persisted=62, red=0
[2026-07-18T02:45:03+00:00] Cells updated: 2
[2026-07-18T02:45:03+00:00] === color-links end (1.66s) ===
[2026-07-18T03:00:01+00:00] === color-links start ===
[2026-07-18T03:00:01+00:00] Unique deals in sheet: 2
[2026-07-18T03:00:01+00:00] Already green: 62, to check: 0
[2026-07-18T03:00:02+00:00] Categories: [3,5,7]
[2026-07-18T03:00:02+00:00] Colors: green=0 persisted=62, red=0
[2026-07-18T03:00:03+00:00] Cells updated: 2
[2026-07-18T03:00:03+00:00] === color-links end (1.46s) ===
[2026-07-18T03:15:01+00:00] === color-links start ===
[2026-07-18T03:15:01+00:00] Unique deals in sheet: 2
[2026-07-18T03:15:01+00:00] Already green: 62, to check: 0
[2026-07-18T03:15:02+00:00] Categories: [3,5,7]
[2026-07-18T03:15:02+00:00] Colors: green=0 persisted=62, red=0
[2026-07-18T03:15:03+00:00] Cells updated: 2
[2026-07-18T03:15:03+00:00] === color-links end (1.38s) ===
[2026-07-18T03:30:01+00:00] === color-links start ===
[2026-07-18T03:30:01+00:00] Unique deals in sheet: 2
[2026-07-18T03:30:01+00:00] Already green: 62, to check: 0
[2026-07-18T03:30:01+00:00] Categories: [3,5,7]
[2026-07-18T03:30:01+00:00] Colors: green=0 persisted=62, red=0
[2026-07-18T03:30:03+00:00] Cells updated: 2
[2026-07-18T03:30:03+00:00] === color-links end (1.66s) ===
[2026-07-18T03:45:01+00:00] === color-links start ===
[2026-07-18T03:45:01+00:00] Unique deals in sheet: 2
[2026-07-18T03:45:01+00:00] Already green: 62, to check: 0
[2026-07-18T03:45:01+00:00] Categories: [3,5,7]
[2026-07-18T03:45:01+00:00] Colors: green=0 persisted=62, red=0
[2026-07-18T03:45:02+00:00] Cells updated: 2
[2026-07-18T03:45:02+00:00] === color-links end (1.39s) ===
[2026-07-18T04:00:01+00:00] === color-links start ===
[2026-07-18T04:00:01+00:00] Unique deals in sheet: 2
[2026-07-18T04:00:01+00:00] Already green: 62, to check: 0
[2026-07-18T04:00:02+00:00] Categories: [3,5,7]
[2026-07-18T04:00:02+00:00] Colors: green=0 persisted=62, red=0
[2026-07-18T04:00:03+00:00] Cells updated: 2
[2026-07-18T04:00:03+00:00] === color-links end (1.5s) ===
[2026-07-18T04:15:01+00:00] === color-links start ===
[2026-07-18T04:15:01+00:00] Unique deals in sheet: 2
[2026-07-18T04:15:01+00:00] Already green: 62, to check: 0
[2026-07-18T04:15:02+00:00] Categories: [3,5,7]
[2026-07-18T04:15:02+00:00] Colors: green=0 persisted=62, red=0
[2026-07-18T04:15:03+00:00] Cells updated: 2
[2026-07-18T04:15:03+00:00] === color-links end (1.88s) ===
[2026-07-18T04:30:01+00:00] === color-links start ===
[2026-07-18T04:30:01+00:00] Unique deals in sheet: 2
[2026-07-18T04:30:01+00:00] Already green: 62, to check: 0
[2026-07-18T04:30:02+00:00] Categories: [3,5,7]
[2026-07-18T04:30:02+00:00] Colors: green=0 persisted=62, red=0
[2026-07-18T04:30:03+00:00] Cells updated: 2
[2026-07-18T04:30:03+00:00] === color-links end (1.44s) ===
[2026-07-18T04:45:01+00:00] === color-links start ===
[2026-07-18T04:45:01+00:00] Unique deals in sheet: 2
[2026-07-18T04:45:01+00:00] Already green: 62, to check: 0
[2026-07-18T04:45:01+00:00] Categories: [3,5,7]
[2026-07-18T04:45:01+00:00] Colors: green=0 persisted=62, red=0
[2026-07-18T04:45:02+00:00] Cells updated: 2
[2026-07-18T04:45:02+00:00] === color-links end (1.7s) ===
[2026-07-18T05:00:01+00:00] === color-links start ===
[2026-07-18T05:00:01+00:00] Unique deals in sheet: 2
[2026-07-18T05:00:01+00:00] Already green: 62, to check: 0
[2026-07-18T05:00:01+00:00] Categories: [3,5,7]
[2026-07-18T05:00:01+00:00] Colors: green=0 persisted=62, red=0
[2026-07-18T05:00:02+00:00] Cells updated: 2
[2026-07-18T05:00:02+00:00] === color-links end (1.4s) ===
[2026-07-18T05:15:01+00:00] === color-links start ===
[2026-07-18T05:15:01+00:00] Unique deals in sheet: 2
[2026-07-18T05:15:01+00:00] Already green: 62, to check: 0
[2026-07-18T05:15:01+00:00] Categories: [3,5,7]
[2026-07-18T05:15:01+00:00] Colors: green=0 persisted=62, red=0
[2026-07-18T05:15:02+00:00] Cells updated: 2
[2026-07-18T05:15:02+00:00] === color-links end (1.32s) ===
[2026-07-18T05:30:01+00:00] === color-links start ===
[2026-07-18T05:30:01+00:00] Unique deals in sheet: 2
[2026-07-18T05:30:01+00:00] Already green: 62, to check: 0
[2026-07-18T05:30:01+00:00] Categories: [3,5,7]
[2026-07-18T05:30:01+00:00] Colors: green=0 persisted=62, red=0
[2026-07-18T05:30:02+00:00] Cells updated: 2
[2026-07-18T05:30:02+00:00] === color-links end (1.27s) ===
[2026-07-18T05:45:02+00:00] === color-links start ===
[2026-07-18T05:45:02+00:00] Unique deals in sheet: 2
[2026-07-18T05:45:02+00:00] Already green: 62, to check: 0
[2026-07-18T05:45:02+00:00] Categories: [3,5,7]
[2026-07-18T05:45:02+00:00] Colors: green=0 persisted=62, red=0
[2026-07-18T05:45:03+00:00] Cells updated: 2
[2026-07-18T05:45:03+00:00] === color-links end (1.65s) ===
[2026-07-18T06:00:01+00:00] === color-links start ===
[2026-07-18T06:00:01+00:00] Unique deals in sheet: 2
[2026-07-18T06:00:01+00:00] Already green: 62, to check: 0
[2026-07-18T06:00:01+00:00] Categories: [3,5,7]
[2026-07-18T06:00:01+00:00] Colors: green=0 persisted=62, red=0
[2026-07-18T06:00:03+00:00] Cells updated: 2
[2026-07-18T06:00:03+00:00] === color-links end (1.41s) ===
[2026-07-18T06:15:01+00:00] === color-links start ===
[2026-07-18T06:15:01+00:00] Unique deals in sheet: 2
[2026-07-18T06:15:01+00:00] Already green: 62, to check: 0
[2026-07-18T06:15:01+00:00] Categories: [3,5,7]
[2026-07-18T06:15:01+00:00] Colors: green=0 persisted=62, red=0
[2026-07-18T06:15:02+00:00] Cells updated: 2
[2026-07-18T06:15:02+00:00] === color-links end (1.35s) ===
[2026-07-18T06:30:01+00:00] === color-links start ===
[2026-07-18T06:30:01+00:00] Unique deals in sheet: 2
[2026-07-18T06:30:01+00:00] Already green: 62, to check: 0
[2026-07-18T06:30:01+00:00] Categories: [3,5,7]
[2026-07-18T06:30:01+00:00] Colors: green=0 persisted=62, red=0
[2026-07-18T06:30:02+00:00] Cells updated: 2
[2026-07-18T06:30:02+00:00] === color-links end (1.43s) ===
[2026-07-18T06:45:01+00:00] === color-links start ===
[2026-07-18T06:45:01+00:00] Unique deals in sheet: 2
[2026-07-18T06:45:01+00:00] Already green: 62, to check: 0
[2026-07-18T06:45:01+00:00] Categories: [3,5,7]
[2026-07-18T06:45:01+00:00] Colors: green=0 persisted=62, red=0
[2026-07-18T06:45:03+00:00] Cells updated: 2
[2026-07-18T06:45:03+00:00] === color-links end (1.37s) ===
[2026-07-18T07:00:01+00:00] === color-links start ===
[2026-07-18T07:00:01+00:00] Unique deals in sheet: 2
[2026-07-18T07:00:01+00:00] Already green: 62, to check: 0
[2026-07-18T07:00:01+00:00] Categories: [3,5,7]
[2026-07-18T07:00:01+00:00] Colors: green=0 persisted=62, red=0
[2026-07-18T07:00:02+00:00] Cells updated: 2
[2026-07-18T07:00:02+00:00] === color-links end (1.38s) ===
[2026-07-18T07:15:01+00:00] === color-links start ===
[2026-07-18T07:15:01+00:00] Unique deals in sheet: 2
[2026-07-18T07:15:01+00:00] Already green: 62, to check: 0
[2026-07-18T07:15:01+00:00] Categories: [3,5,7]
[2026-07-18T07:15:01+00:00] Colors: green=0 persisted=62, red=0
[2026-07-18T07:15:02+00:00] Cells updated: 2
[2026-07-18T07:15:02+00:00] === color-links end (1.36s) ===
[2026-07-18T07:30:01+00:00] === color-links start ===
[2026-07-18T07:30:01+00:00] Unique deals in sheet: 2
[2026-07-18T07:30:01+00:00] Already green: 62, to check: 0
[2026-07-18T07:30:01+00:00] Categories: [3,5,7]
[2026-07-18T07:30:01+00:00] Colors: green=0 persisted=62, red=0
[2026-07-18T07:30:02+00:00] Cells updated: 2
[2026-07-18T07:30:02+00:00] === color-links end (1.33s) ===
[2026-07-18T07:45:01+00:00] === color-links start ===
[2026-07-18T07:45:01+00:00] Unique deals in sheet: 2
[2026-07-18T07:45:01+00:00] Already green: 62, to check: 0
[2026-07-18T07:45:02+00:00] Categories: [3,5,7]
[2026-07-18T07:45:02+00:00] Colors: green=0 persisted=62, red=0
[2026-07-18T07:45:03+00:00] Cells updated: 2
[2026-07-18T07:45:03+00:00] === color-links end (1.39s) ===
[2026-07-18T08:00:01+00:00] === color-links start ===
[2026-07-18T08:00:01+00:00] Unique deals in sheet: 2
[2026-07-18T08:00:01+00:00] Already green: 62, to check: 0
[2026-07-18T08:00:01+00:00] Categories: [3,5,7]
[2026-07-18T08:00:01+00:00] Colors: green=0 persisted=62, red=0
[2026-07-18T08:00:02+00:00] Cells updated: 2
[2026-07-18T08:00:02+00:00] === color-links end (1.4s) ===
[2026-07-18T08:15:01+00:00] === color-links start ===
[2026-07-18T08:15:01+00:00] Unique deals in sheet: 2
[2026-07-18T08:15:01+00:00] Already green: 62, to check: 0
[2026-07-18T08:15:01+00:00] Categories: [3,5,7]
[2026-07-18T08:15:01+00:00] Colors: green=0 persisted=62, red=0
[2026-07-18T08:15:02+00:00] Cells updated: 2
[2026-07-18T08:15:02+00:00] === color-links end (1.5s) ===
[2026-07-18T08:30:01+00:00] === color-links start ===
[2026-07-18T08:30:01+00:00] Unique deals in sheet: 2
[2026-07-18T08:30:01+00:00] Already green: 62, to check: 0
[2026-07-18T08:30:02+00:00] Categories: [3,5,7]
[2026-07-18T08:30:02+00:00] Colors: green=0 persisted=62, red=0
[2026-07-18T08:30:03+00:00] Cells updated: 2
[2026-07-18T08:30:03+00:00] === color-links end (1.39s) ===
[2026-07-18T08:45:01+00:00] === color-links start ===
[2026-07-18T08:45:01+00:00] Unique deals in sheet: 2
[2026-07-18T08:45:01+00:00] Already green: 62, to check: 0
[2026-07-18T08:45:01+00:00] Categories: [3,5,7]
[2026-07-18T08:45:01+00:00] Colors: green=0 persisted=62, red=0
[2026-07-18T08:45:03+00:00] Cells updated: 2
[2026-07-18T08:45:03+00:00] === color-links end (1.53s) ===
[2026-07-18T09:00:01+00:00] === color-links start ===
[2026-07-18T09:00:01+00:00] Unique deals in sheet: 2
[2026-07-18T09:00:01+00:00] Already green: 62, to check: 0
[2026-07-18T09:00:01+00:00] Categories: [3,5,7]
[2026-07-18T09:00:01+00:00] Colors: green=0 persisted=62, red=0
[2026-07-18T09:00:03+00:00] Cells updated: 2
[2026-07-18T09:00:03+00:00] === color-links end (1.45s) ===
[2026-07-18T09:15:01+00:00] === color-links start ===
[2026-07-18T09:15:01+00:00] Unique deals in sheet: 2
[2026-07-18T09:15:01+00:00] Already green: 62, to check: 0
[2026-07-18T09:15:02+00:00] Categories: [3,5,7]
[2026-07-18T09:15:02+00:00] Colors: green=0 persisted=62, red=0
[2026-07-18T09:15:03+00:00] Cells updated: 2
[2026-07-18T09:15:03+00:00] === color-links end (1.46s) ===
[2026-07-18T09:30:01+00:00] === color-links start ===
[2026-07-18T09:30:01+00:00] Unique deals in sheet: 2
[2026-07-18T09:30:01+00:00] Already green: 62, to check: 0
[2026-07-18T09:30:01+00:00] Categories: [3,5,7]
[2026-07-18T09:30:01+00:00] Colors: green=0 persisted=62, red=0
[2026-07-18T09:30:02+00:00] Cells updated: 2
[2026-07-18T09:30:02+00:00] === color-links end (1.42s) ===
[2026-07-18T09:45:01+00:00] === color-links start ===
[2026-07-18T09:45:01+00:00] Unique deals in sheet: 2
[2026-07-18T09:45:01+00:00] Already green: 62, to check: 0
[2026-07-18T09:45:02+00:00] Categories: [3,5,7]
[2026-07-18T09:45:02+00:00] Colors: green=0 persisted=62, red=0
[2026-07-18T09:45:03+00:00] Cells updated: 2
[2026-07-18T09:45:03+00:00] === color-links end (1.46s) ===
[2026-07-18T10:00:02+00:00] === color-links start ===
[2026-07-18T10:00:02+00:00] Unique deals in sheet: 2
[2026-07-18T10:00:02+00:00] Already green: 62, to check: 0
[2026-07-18T10:00:02+00:00] Categories: [3,5,7]
[2026-07-18T10:00:02+00:00] Colors: green=0 persisted=62, red=0
[2026-07-18T10:00:03+00:00] Cells updated: 2
[2026-07-18T10:00:03+00:00] === color-links end (1.4s) ===
[2026-07-18T10:15:01+00:00] === color-links start ===
[2026-07-18T10:15:01+00:00] Unique deals in sheet: 2
[2026-07-18T10:15:01+00:00] Already green: 62, to check: 0
[2026-07-18T10:15:01+00:00] Categories: [3,5,7]
[2026-07-18T10:15:01+00:00] Colors: green=0 persisted=62, red=0
[2026-07-18T10:15:03+00:00] Cells updated: 2
[2026-07-18T10:15:03+00:00] === color-links end (1.44s) ===
[2026-07-18T10:30:02+00:00] === color-links start ===
[2026-07-18T10:30:02+00:00] Unique deals in sheet: 2
[2026-07-18T10:30:02+00:00] Already green: 62, to check: 0
[2026-07-18T10:30:02+00:00] Categories: [3,5,7]
[2026-07-18T10:30:02+00:00] Colors: green=0 persisted=62, red=0
[2026-07-18T10:30:03+00:00] Cells updated: 2
[2026-07-18T10:30:03+00:00] === color-links end (1.42s) ===
[2026-07-18T10:45:01+00:00] === color-links start ===
[2026-07-18T10:45:01+00:00] Unique deals in sheet: 2
[2026-07-18T10:45:01+00:00] Already green: 62, to check: 0
[2026-07-18T10:45:02+00:00] Categories: [3,5,7]
[2026-07-18T10:45:02+00:00] Colors: green=0 persisted=62, red=0
[2026-07-18T10:45:03+00:00] Cells updated: 2
[2026-07-18T10:45:03+00:00] === color-links end (1.58s) ===
[2026-07-18T11:00:01+00:00] === color-links start ===
[2026-07-18T11:00:01+00:00] Unique deals in sheet: 2
[2026-07-18T11:00:01+00:00] Already green: 62, to check: 0
[2026-07-18T11:00:01+00:00] Categories: [3,5,7]
[2026-07-18T11:00:01+00:00] Colors: green=0 persisted=62, red=0
[2026-07-18T11:00:02+00:00] Cells updated: 2
[2026-07-18T11:00:02+00:00] === color-links end (1.64s) ===
[2026-07-18T11:15:01+00:00] === color-links start ===
[2026-07-18T11:15:01+00:00] Unique deals in sheet: 2
[2026-07-18T11:15:01+00:00] Already green: 62, to check: 0
[2026-07-18T11:15:01+00:00] Categories: [3,5,7]
[2026-07-18T11:15:01+00:00] Colors: green=0 persisted=62, red=0
[2026-07-18T11:15:03+00:00] Cells updated: 2
[2026-07-18T11:15:03+00:00] === color-links end (1.76s) ===
[2026-07-18T11:30:01+00:00] === color-links start ===
[2026-07-18T11:30:01+00:00] Unique deals in sheet: 2
[2026-07-18T11:30:01+00:00] Already green: 62, to check: 0
[2026-07-18T11:30:01+00:00] Categories: [3,5,7]
[2026-07-18T11:30:01+00:00] Colors: green=0 persisted=62, red=0
[2026-07-18T11:30:02+00:00] Cells updated: 2
[2026-07-18T11:30:02+00:00] === color-links end (1.47s) ===
[2026-07-18T11:45:01+00:00] === color-links start ===
[2026-07-18T11:45:01+00:00] Unique deals in sheet: 2
[2026-07-18T11:45:01+00:00] Already green: 62, to check: 0
[2026-07-18T11:45:01+00:00] Categories: [3,5,7]
[2026-07-18T11:45:01+00:00] Colors: green=0 persisted=62, red=0
[2026-07-18T11:45:02+00:00] Cells updated: 2
[2026-07-18T11:45:02+00:00] === color-links end (1.37s) ===
[2026-07-18T12:00:01+00:00] === color-links start ===
[2026-07-18T12:00:01+00:00] Unique deals in sheet: 2
[2026-07-18T12:00:01+00:00] Already green: 62, to check: 0
[2026-07-18T12:00:01+00:00] Categories: [3,5,7]
[2026-07-18T12:00:01+00:00] Colors: green=0 persisted=62, red=0
[2026-07-18T12:00:02+00:00] Cells updated: 2
[2026-07-18T12:00:02+00:00] === color-links end (1.48s) ===
[2026-07-18T12:15:01+00:00] === color-links start ===
[2026-07-18T12:15:01+00:00] Unique deals in sheet: 2
[2026-07-18T12:15:01+00:00] Already green: 62, to check: 0
[2026-07-18T12:15:01+00:00] Categories: [3,5,7]
[2026-07-18T12:15:01+00:00] Colors: green=0 persisted=62, red=0
[2026-07-18T12:15:03+00:00] Cells updated: 2
[2026-07-18T12:15:03+00:00] === color-links end (1.45s) ===
[2026-07-18T12:30:01+00:00] === color-links start ===
[2026-07-18T12:30:01+00:00] Unique deals in sheet: 2
[2026-07-18T12:30:01+00:00] Already green: 62, to check: 0
[2026-07-18T12:30:01+00:00] Categories: [3,5,7]
[2026-07-18T12:30:01+00:00] Colors: green=0 persisted=62, red=0
[2026-07-18T12:30:02+00:00] Cells updated: 2
[2026-07-18T12:30:02+00:00] === color-links end (1.46s) ===
[2026-07-18T12:45:01+00:00] === color-links start ===
[2026-07-18T12:45:01+00:00] Unique deals in sheet: 2
[2026-07-18T12:45:01+00:00] Already green: 62, to check: 0
[2026-07-18T12:45:01+00:00] Categories: [3,5,7]
[2026-07-18T12:45:01+00:00] Colors: green=0 persisted=62, red=0
[2026-07-18T12:45:02+00:00] Cells updated: 2
[2026-07-18T12:45:02+00:00] === color-links end (1.59s) ===
[2026-07-18T13:00:01+00:00] === color-links start ===
[2026-07-18T13:00:01+00:00] Unique deals in sheet: 2
[2026-07-18T13:00:01+00:00] Already green: 62, to check: 0
[2026-07-18T13:00:01+00:00] Categories: [3,5,7]
[2026-07-18T13:00:01+00:00] Colors: green=0 persisted=62, red=0
[2026-07-18T13:00:03+00:00] Cells updated: 2
[2026-07-18T13:00:03+00:00] === color-links end (1.46s) ===
[2026-07-18T13:15:01+00:00] === color-links start ===
[2026-07-18T13:15:01+00:00] Unique deals in sheet: 2
[2026-07-18T13:15:01+00:00] Already green: 62, to check: 0
[2026-07-18T13:15:01+00:00] Categories: [3,5,7]
[2026-07-18T13:15:01+00:00] Colors: green=0 persisted=62, red=0
[2026-07-18T13:15:02+00:00] Cells updated: 2
[2026-07-18T13:15:02+00:00] === color-links end (1.42s) ===
[2026-07-18T13:30:01+00:00] === color-links start ===
[2026-07-18T13:30:01+00:00] Unique deals in sheet: 2
[2026-07-18T13:30:01+00:00] Already green: 62, to check: 0
[2026-07-18T13:30:01+00:00] Categories: [3,5,7]
[2026-07-18T13:30:01+00:00] Colors: green=0 persisted=62, red=0
[2026-07-18T13:30:02+00:00] Cells updated: 2
[2026-07-18T13:30:02+00:00] === color-links end (1.45s) ===
[2026-07-18T13:45:01+00:00] === color-links start ===
[2026-07-18T13:45:01+00:00] Unique deals in sheet: 2
[2026-07-18T13:45:01+00:00] Already green: 62, to check: 0
[2026-07-18T13:45:01+00:00] Categories: [3,5,7]
[2026-07-18T13:45:01+00:00] Colors: green=0 persisted=62, red=0
[2026-07-18T13:45:03+00:00] Cells updated: 2
[2026-07-18T13:45:03+00:00] === color-links end (1.79s) ===
[2026-07-18T14:00:01+00:00] === color-links start ===
[2026-07-18T14:00:01+00:00] Unique deals in sheet: 2
[2026-07-18T14:00:01+00:00] Already green: 62, to check: 0
[2026-07-18T14:00:01+00:00] Categories: [3,5,7]
[2026-07-18T14:00:01+00:00] Colors: green=0 persisted=62, red=0
[2026-07-18T14:00:03+00:00] Cells updated: 2
[2026-07-18T14:00:03+00:00] === color-links end (1.99s) ===
[2026-07-18T14:15:01+00:00] === color-links start ===
[2026-07-18T14:15:01+00:00] Unique deals in sheet: 2
[2026-07-18T14:15:01+00:00] Already green: 62, to check: 0
[2026-07-18T14:15:01+00:00] Categories: [3,5,7]
[2026-07-18T14:15:01+00:00] Colors: green=0 persisted=62, red=0
[2026-07-18T14:15:02+00:00] Cells updated: 2
[2026-07-18T14:15:02+00:00] === color-links end (1.62s) ===
[2026-07-18T14:30:01+00:00] === color-links start ===
[2026-07-18T14:30:01+00:00] Unique deals in sheet: 2
[2026-07-18T14:30:01+00:00] Already green: 62, to check: 0
[2026-07-18T14:30:01+00:00] Categories: [3,5,7]
[2026-07-18T14:30:01+00:00] Colors: green=0 persisted=62, red=0
[2026-07-18T14:30:03+00:00] Cells updated: 2
[2026-07-18T14:30:03+00:00] === color-links end (1.52s) ===
[2026-07-18T14:45:01+00:00] === color-links start ===
[2026-07-18T14:45:01+00:00] Unique deals in sheet: 2
[2026-07-18T14:45:01+00:00] Already green: 62, to check: 0
[2026-07-18T14:45:01+00:00] Categories: [3,5,7]
[2026-07-18T14:45:01+00:00] Colors: green=0 persisted=62, red=0
[2026-07-18T14:45:03+00:00] Cells updated: 2
[2026-07-18T14:45:03+00:00] === color-links end (1.47s) ===
[2026-07-18T15:00:01+00:00] === color-links start ===
[2026-07-18T15:00:01+00:00] Unique deals in sheet: 2
[2026-07-18T15:00:01+00:00] Already green: 62, to check: 0
[2026-07-18T15:00:01+00:00] Categories: [3,5,7]
[2026-07-18T15:00:01+00:00] Colors: green=0 persisted=62, red=0
[2026-07-18T15:00:03+00:00] Cells updated: 2
[2026-07-18T15:00:03+00:00] === color-links end (1.72s) ===
[2026-07-18T15:15:01+00:00] === color-links start ===
[2026-07-18T15:15:01+00:00] Unique deals in sheet: 2
[2026-07-18T15:15:01+00:00] Already green: 62, to check: 0
[2026-07-18T15:15:01+00:00] Categories: [3,5,7]
[2026-07-18T15:15:01+00:00] Colors: green=0 persisted=62, red=0
[2026-07-18T15:15:02+00:00] Cells updated: 2
[2026-07-18T15:15:02+00:00] === color-links end (1.49s) ===
[2026-07-18T15:30:01+00:00] === color-links start ===
[2026-07-18T15:30:01+00:00] Unique deals in sheet: 2
[2026-07-18T15:30:01+00:00] Already green: 62, to check: 0
[2026-07-18T15:30:02+00:00] Categories: [3,5,7]
[2026-07-18T15:30:02+00:00] Colors: green=0 persisted=62, red=0
[2026-07-18T15:30:03+00:00] Cells updated: 2
[2026-07-18T15:30:03+00:00] === color-links end (1.52s) ===
[2026-07-18T15:45:01+00:00] === color-links start ===
[2026-07-18T15:45:01+00:00] Unique deals in sheet: 2
[2026-07-18T15:45:01+00:00] Already green: 62, to check: 0
[2026-07-18T15:45:02+00:00] Categories: [3,5,7]
[2026-07-18T15:45:02+00:00] Colors: green=0 persisted=62, red=0
[2026-07-18T15:45:03+00:00] Cells updated: 2
[2026-07-18T15:45:03+00:00] === color-links end (1.41s) ===
[2026-07-18T16:00:01+00:00] === color-links start ===
[2026-07-18T16:00:01+00:00] Unique deals in sheet: 2
[2026-07-18T16:00:01+00:00] Already green: 62, to check: 0
[2026-07-18T16:00:01+00:00] Categories: [3,5,7]
[2026-07-18T16:00:01+00:00] Colors: green=0 persisted=62, red=0
[2026-07-18T16:00:03+00:00] Cells updated: 2
[2026-07-18T16:00:03+00:00] === color-links end (1.58s) ===
[2026-07-18T16:15:01+00:00] === color-links start ===
[2026-07-18T16:15:01+00:00] Unique deals in sheet: 2
[2026-07-18T16:15:01+00:00] Already green: 62, to check: 0
[2026-07-18T16:15:01+00:00] Categories: [3,5,7]
[2026-07-18T16:15:01+00:00] Colors: green=0 persisted=62, red=0
[2026-07-18T16:15:03+00:00] Cells updated: 2
[2026-07-18T16:15:03+00:00] === color-links end (1.39s) ===
[2026-07-18T16:30:01+00:00] === color-links start ===
[2026-07-18T16:30:01+00:00] Unique deals in sheet: 2
[2026-07-18T16:30:01+00:00] Already green: 62, to check: 0
[2026-07-18T16:30:01+00:00] Categories: [3,5,7]
[2026-07-18T16:30:01+00:00] Colors: green=0 persisted=62, red=0
[2026-07-18T16:30:02+00:00] Cells updated: 2
[2026-07-18T16:30:02+00:00] === color-links end (1.37s) ===
[2026-07-18T16:45:01+00:00] === color-links start ===
[2026-07-18T16:45:01+00:00] Unique deals in sheet: 2
[2026-07-18T16:45:01+00:00] Already green: 62, to check: 0
[2026-07-18T16:45:01+00:00] Categories: [3,5,7]
[2026-07-18T16:45:01+00:00] Colors: green=0 persisted=62, red=0
[2026-07-18T16:45:02+00:00] Cells updated: 2
[2026-07-18T16:45:02+00:00] === color-links end (1.55s) ===
[2026-07-18T17:00:02+00:00] === color-links start ===
[2026-07-18T17:00:02+00:00] Unique deals in sheet: 2
[2026-07-18T17:00:02+00:00] Already green: 62, to check: 0
[2026-07-18T17:00:02+00:00] Categories: [3,5,7]
[2026-07-18T17:00:02+00:00] Colors: green=0 persisted=62, red=0
[2026-07-18T17:00:03+00:00] Cells updated: 2
[2026-07-18T17:00:03+00:00] === color-links end (1.92s) ===
[2026-07-18T17:15:01+00:00] === color-links start ===
[2026-07-18T17:15:01+00:00] Unique deals in sheet: 2
[2026-07-18T17:15:01+00:00] Already green: 62, to check: 0
[2026-07-18T17:15:01+00:00] Categories: [3,5,7]
[2026-07-18T17:15:01+00:00] Colors: green=0 persisted=62, red=0
[2026-07-18T17:15:02+00:00] Cells updated: 2
[2026-07-18T17:15:02+00:00] === color-links end (1.57s) ===
[2026-07-18T17:30:01+00:00] === color-links start ===
[2026-07-18T17:30:01+00:00] Unique deals in sheet: 2
[2026-07-18T17:30:01+00:00] Already green: 62, to check: 0
[2026-07-18T17:30:01+00:00] Categories: [3,5,7]
[2026-07-18T17:30:01+00:00] Colors: green=0 persisted=62, red=0
[2026-07-18T17:30:03+00:00] Cells updated: 2
[2026-07-18T17:30:03+00:00] === color-links end (1.43s) ===
[2026-07-18T17:45:01+00:00] === color-links start ===
[2026-07-18T17:45:01+00:00] Unique deals in sheet: 2
[2026-07-18T17:45:01+00:00] Already green: 62, to check: 0
[2026-07-18T17:45:01+00:00] Categories: [3,5,7]
[2026-07-18T17:45:01+00:00] Colors: green=0 persisted=62, red=0
[2026-07-18T17:45:03+00:00] Cells updated: 2
[2026-07-18T17:45:03+00:00] === color-links end (1.84s) ===
[2026-07-18T18:00:01+00:00] === color-links start ===
[2026-07-18T18:00:01+00:00] Unique deals in sheet: 2
[2026-07-18T18:00:01+00:00] Already green: 62, to check: 0
[2026-07-18T18:00:01+00:00] Categories: [3,5,7]
[2026-07-18T18:00:01+00:00] Colors: green=0 persisted=62, red=0
[2026-07-18T18:00:02+00:00] Cells updated: 2
[2026-07-18T18:00:02+00:00] === color-links end (1.37s) ===
[2026-07-18T18:15:01+00:00] === color-links start ===
[2026-07-18T18:15:01+00:00] Unique deals in sheet: 2
[2026-07-18T18:15:01+00:00] Already green: 62, to check: 0
[2026-07-18T18:15:01+00:00] Categories: [3,5,7]
[2026-07-18T18:15:01+00:00] Colors: green=0 persisted=62, red=0
[2026-07-18T18:15:02+00:00] Cells updated: 2
[2026-07-18T18:15:02+00:00] === color-links end (1.27s) ===
[2026-07-18T18:30:01+00:00] === color-links start ===
[2026-07-18T18:30:01+00:00] Unique deals in sheet: 2
[2026-07-18T18:30:01+00:00] Already green: 62, to check: 0
[2026-07-18T18:30:01+00:00] Categories: [3,5,7]
[2026-07-18T18:30:01+00:00] Colors: green=0 persisted=62, red=0
[2026-07-18T18:30:02+00:00] Cells updated: 2
[2026-07-18T18:30:02+00:00] === color-links end (1.35s) ===
[2026-07-18T18:45:01+00:00] === color-links start ===
[2026-07-18T18:45:01+00:00] Unique deals in sheet: 2
[2026-07-18T18:45:01+00:00] Already green: 62, to check: 0
[2026-07-18T18:45:01+00:00] Categories: [3,5,7]
[2026-07-18T18:45:01+00:00] Colors: green=0 persisted=62, red=0
[2026-07-18T18:45:02+00:00] Cells updated: 2
[2026-07-18T18:45:02+00:00] === color-links end (1.55s) ===
[2026-07-18T19:00:01+00:00] === color-links start ===
[2026-07-18T19:00:01+00:00] Unique deals in sheet: 2
[2026-07-18T19:00:01+00:00] Already green: 62, to check: 0
[2026-07-18T19:00:01+00:00] Categories: [3,5,7]
[2026-07-18T19:00:01+00:00] Colors: green=0 persisted=62, red=0
[2026-07-18T19:00:02+00:00] Cells updated: 2
[2026-07-18T19:00:02+00:00] === color-links end (1.45s) ===
[2026-07-18T19:15:01+00:00] === color-links start ===
[2026-07-18T19:15:01+00:00] Unique deals in sheet: 2
[2026-07-18T19:15:01+00:00] Already green: 62, to check: 0
[2026-07-18T19:15:01+00:00] Categories: [3,5,7]
[2026-07-18T19:15:01+00:00] Colors: green=0 persisted=62, red=0
[2026-07-18T19:15:02+00:00] Cells updated: 2
[2026-07-18T19:15:02+00:00] === color-links end (1.34s) ===
[2026-07-18T19:30:01+00:00] === color-links start ===
[2026-07-18T19:30:01+00:00] Unique deals in sheet: 2
[2026-07-18T19:30:01+00:00] Already green: 62, to check: 0
[2026-07-18T19:30:01+00:00] Categories: [3,5,7]
[2026-07-18T19:30:01+00:00] Colors: green=0 persisted=62, red=0
[2026-07-18T19:30:03+00:00] Cells updated: 2
[2026-07-18T19:30:03+00:00] === color-links end (1.77s) ===
[2026-07-18T19:45:02+00:00] === color-links start ===
[2026-07-18T19:45:02+00:00] Unique deals in sheet: 2
[2026-07-18T19:45:02+00:00] Already green: 62, to check: 0
[2026-07-18T19:45:02+00:00] Categories: [3,5,7]
[2026-07-18T19:45:02+00:00] Colors: green=0 persisted=62, red=0
[2026-07-18T19:45:03+00:00] Cells updated: 2
[2026-07-18T19:45:03+00:00] === color-links end (1.95s) ===
[2026-07-18T20:00:01+00:00] === color-links start ===
[2026-07-18T20:00:01+00:00] Unique deals in sheet: 2
[2026-07-18T20:00:01+00:00] Already green: 62, to check: 0
[2026-07-18T20:00:01+00:00] Categories: [3,5,7]
[2026-07-18T20:00:01+00:00] Colors: green=0 persisted=62, red=0
[2026-07-18T20:00:03+00:00] Cells updated: 2
[2026-07-18T20:00:03+00:00] === color-links end (1.7s) ===
[2026-07-18T20:15:01+00:00] === color-links start ===
[2026-07-18T20:15:01+00:00] Unique deals in sheet: 2
[2026-07-18T20:15:01+00:00] Already green: 62, to check: 0
[2026-07-18T20:15:02+00:00] Categories: [3,5,7]
[2026-07-18T20:15:02+00:00] Colors: green=0 persisted=62, red=0
[2026-07-18T20:15:03+00:00] Cells updated: 2
[2026-07-18T20:15:03+00:00] === color-links end (1.49s) ===
[2026-07-18T20:30:01+00:00] === color-links start ===
[2026-07-18T20:30:01+00:00] Unique deals in sheet: 2
[2026-07-18T20:30:01+00:00] Already green: 62, to check: 0
[2026-07-18T20:30:01+00:00] Categories: [3,5,7]
[2026-07-18T20:30:01+00:00] Colors: green=0 persisted=62, red=0
[2026-07-18T20:30:03+00:00] Cells updated: 2
[2026-07-18T20:30:03+00:00] === color-links end (1.4s) ===
[2026-07-18T20:45:01+00:00] === color-links start ===
[2026-07-18T20:45:01+00:00] Unique deals in sheet: 2
[2026-07-18T20:45:01+00:00] Already green: 62, to check: 0
[2026-07-18T20:45:01+00:00] Categories: [3,5,7]
[2026-07-18T20:45:01+00:00] Colors: green=0 persisted=62, red=0
[2026-07-18T20:45:03+00:00] Cells updated: 2
[2026-07-18T20:45:03+00:00] === color-links end (1.63s) ===
[2026-07-18T21:00:01+00:00] === color-links start ===
[2026-07-18T21:00:01+00:00] Unique deals in sheet: 2
[2026-07-18T21:00:01+00:00] Already green: 62, to check: 0
[2026-07-18T21:00:02+00:00] Categories: [3,5,7]
[2026-07-18T21:00:02+00:00] Colors: green=0 persisted=62, red=0
[2026-07-18T21:00:04+00:00] Cells updated: 2
[2026-07-18T21:00:04+00:00] === color-links end (2.91s) ===
[2026-07-18T21:15:01+00:00] === color-links start ===
[2026-07-18T21:15:01+00:00] Unique deals in sheet: 2
[2026-07-18T21:15:01+00:00] Already green: 62, to check: 0
[2026-07-18T21:15:01+00:00] Categories: [3,5,7]
[2026-07-18T21:15:01+00:00] Colors: green=0 persisted=62, red=0
[2026-07-18T21:15:02+00:00] Cells updated: 2
[2026-07-18T21:15:02+00:00] === color-links end (1.38s) ===
[2026-07-18T21:30:01+00:00] === color-links start ===
[2026-07-18T21:30:01+00:00] Unique deals in sheet: 2
[2026-07-18T21:30:01+00:00] Already green: 62, to check: 0
[2026-07-18T21:30:02+00:00] Categories: [3,5,7]
[2026-07-18T21:30:02+00:00] Colors: green=0 persisted=62, red=0
[2026-07-18T21:30:03+00:00] Cells updated: 2
[2026-07-18T21:30:03+00:00] === color-links end (1.36s) ===
[2026-07-18T21:45:01+00:00] === color-links start ===
[2026-07-18T21:45:01+00:00] Unique deals in sheet: 2
[2026-07-18T21:45:01+00:00] Already green: 62, to check: 0
[2026-07-18T21:45:01+00:00] Categories: [3,5,7]
[2026-07-18T21:45:01+00:00] Colors: green=0 persisted=62, red=0
[2026-07-18T21:45:02+00:00] Cells updated: 2
[2026-07-18T21:45:02+00:00] === color-links end (1.58s) ===
[2026-07-18T22:00:01+00:00] === color-links start ===
[2026-07-18T22:00:01+00:00] Unique deals in sheet: 2
[2026-07-18T22:00:01+00:00] Already green: 62, to check: 0
[2026-07-18T22:00:02+00:00] Categories: [3,5,7]
[2026-07-18T22:00:02+00:00] Colors: green=0 persisted=62, red=0
[2026-07-18T22:00:03+00:00] Cells updated: 2
[2026-07-18T22:00:03+00:00] === color-links end (1.42s) ===
[2026-07-18T22:15:02+00:00] === color-links start ===
[2026-07-18T22:15:02+00:00] Unique deals in sheet: 2
[2026-07-18T22:15:02+00:00] Already green: 62, to check: 0
[2026-07-18T22:15:02+00:00] Categories: [3,5,7]
[2026-07-18T22:15:02+00:00] Colors: green=0 persisted=62, red=0
[2026-07-18T22:15:03+00:00] Cells updated: 2
[2026-07-18T22:15:03+00:00] === color-links end (1.34s) ===
[2026-07-18T22:30:01+00:00] === color-links start ===
[2026-07-18T22:30:01+00:00] Unique deals in sheet: 2
[2026-07-18T22:30:01+00:00] Already green: 62, to check: 0
[2026-07-18T22:30:01+00:00] Categories: [3,5,7]
[2026-07-18T22:30:01+00:00] Colors: green=0 persisted=62, red=0
[2026-07-18T22:30:02+00:00] Cells updated: 2
[2026-07-18T22:30:02+00:00] === color-links end (1.37s) ===
[2026-07-18T22:45:01+00:00] === color-links start ===
[2026-07-18T22:45:01+00:00] Unique deals in sheet: 2
[2026-07-18T22:45:01+00:00] Already green: 62, to check: 0
[2026-07-18T22:45:01+00:00] Categories: [3,5,7]
[2026-07-18T22:45:01+00:00] Colors: green=0 persisted=62, red=0
[2026-07-18T22:45:02+00:00] Cells updated: 2
[2026-07-18T22:45:02+00:00] === color-links end (1.33s) ===
[2026-07-18T23:00:01+00:00] === color-links start ===
[2026-07-18T23:00:01+00:00] Unique deals in sheet: 2
[2026-07-18T23:00:01+00:00] Already green: 62, to check: 0
[2026-07-18T23:00:01+00:00] Categories: [3,5,7]
[2026-07-18T23:00:01+00:00] Colors: green=0 persisted=62, red=0
[2026-07-18T23:00:02+00:00] Cells updated: 2
[2026-07-18T23:00:02+00:00] === color-links end (1.4s) ===
[2026-07-18T23:15:01+00:00] === color-links start ===
[2026-07-18T23:15:01+00:00] Unique deals in sheet: 2
[2026-07-18T23:15:01+00:00] Already green: 62, to check: 0
[2026-07-18T23:15:01+00:00] Categories: [3,5,7]
[2026-07-18T23:15:01+00:00] Colors: green=0 persisted=62, red=0
[2026-07-18T23:15:02+00:00] Cells updated: 2
[2026-07-18T23:15:02+00:00] === color-links end (1.41s) ===
[2026-07-18T23:30:01+00:00] === color-links start ===
[2026-07-18T23:30:01+00:00] Unique deals in sheet: 2
[2026-07-18T23:30:01+00:00] Already green: 62, to check: 0
[2026-07-18T23:30:01+00:00] Categories: [3,5,7]
[2026-07-18T23:30:01+00:00] Colors: green=0 persisted=62, red=0
[2026-07-18T23:30:02+00:00] Cells updated: 2
[2026-07-18T23:30:02+00:00] === color-links end (1.39s) ===
[2026-07-18T23:45:01+00:00] === color-links start ===
[2026-07-18T23:45:01+00:00] Unique deals in sheet: 2
[2026-07-18T23:45:01+00:00] Already green: 62, to check: 0
[2026-07-18T23:45:01+00:00] Categories: [3,5,7]
[2026-07-18T23:45:01+00:00] Colors: green=0 persisted=62, red=0
[2026-07-18T23:45:02+00:00] Cells updated: 2
[2026-07-18T23:45:02+00:00] === color-links end (1.37s) ===
