[2026-07-05T00:00:01+00:00] === color-links start ===
[2026-07-05T00:00:01+00:00] Unique deals in sheet: 2
[2026-07-05T00:00:01+00:00] Already green: 61, to check: 1
[2026-07-05T00:00:01+00:00] Categories: [3,5,7]
[2026-07-05T00:00:01+00:00] Fetched deals: 1
[2026-07-05T00:00:01+00:00] Colors: green=0 persisted=61, red=1
[2026-07-05T00:00:02+00:00] Cells updated: 2
[2026-07-05T00:00:02+00:00] === color-links end (1.59s) ===
[2026-07-05T00:15:01+00:00] === color-links start ===
[2026-07-05T00:15:01+00:00] Unique deals in sheet: 2
[2026-07-05T00:15:01+00:00] Already green: 61, to check: 1
[2026-07-05T00:15:01+00:00] Categories: [3,5,7]
[2026-07-05T00:15:01+00:00] Fetched deals: 1
[2026-07-05T00:15:01+00:00] Colors: green=0 persisted=61, red=1
[2026-07-05T00:15:02+00:00] Cells updated: 2
[2026-07-05T00:15:02+00:00] === color-links end (1.58s) ===
[2026-07-05T00:30:01+00:00] === color-links start ===
[2026-07-05T00:30:01+00:00] Unique deals in sheet: 2
[2026-07-05T00:30:01+00:00] Already green: 61, to check: 1
[2026-07-05T00:30:01+00:00] Categories: [3,5,7]
[2026-07-05T00:30:01+00:00] Fetched deals: 1
[2026-07-05T00:30:01+00:00] Colors: green=0 persisted=61, red=1
[2026-07-05T00:30:03+00:00] Cells updated: 2
[2026-07-05T00:30:03+00:00] === color-links end (1.92s) ===
[2026-07-05T00:45:01+00:00] === color-links start ===
[2026-07-05T00:45:01+00:00] Unique deals in sheet: 2
[2026-07-05T00:45:01+00:00] Already green: 61, to check: 1
[2026-07-05T00:45:01+00:00] Categories: [3,5,7]
[2026-07-05T00:45:01+00:00] Fetched deals: 1
[2026-07-05T00:45:01+00:00] Colors: green=0 persisted=61, red=1
[2026-07-05T00:45:03+00:00] Cells updated: 2
[2026-07-05T00:45:03+00:00] === color-links end (1.63s) ===
[2026-07-05T01:00:01+00:00] === color-links start ===
[2026-07-05T01:00:01+00:00] Unique deals in sheet: 2
[2026-07-05T01:00:01+00:00] Already green: 61, to check: 1
[2026-07-05T01:00:01+00:00] Categories: [3,5,7]
[2026-07-05T01:00:02+00:00] Fetched deals: 1
[2026-07-05T01:00:02+00:00] Colors: green=0 persisted=61, red=1
[2026-07-05T01:00:03+00:00] Cells updated: 2
[2026-07-05T01:00:03+00:00] === color-links end (2.02s) ===
[2026-07-05T01:15:01+00:00] === color-links start ===
[2026-07-05T01:15:01+00:00] Unique deals in sheet: 2
[2026-07-05T01:15:01+00:00] Already green: 61, to check: 1
[2026-07-05T01:15:01+00:00] Categories: [3,5,7]
[2026-07-05T01:15:02+00:00] Fetched deals: 1
[2026-07-05T01:15:02+00:00] Colors: green=0 persisted=61, red=1
[2026-07-05T01:15:03+00:00] Cells updated: 2
[2026-07-05T01:15:03+00:00] === color-links end (2.06s) ===
[2026-07-05T01:30:01+00:00] === color-links start ===
[2026-07-05T01:30:01+00:00] Unique deals in sheet: 2
[2026-07-05T01:30:01+00:00] Already green: 61, to check: 1
[2026-07-05T01:30:01+00:00] Categories: [3,5,7]
[2026-07-05T01:30:01+00:00] Fetched deals: 1
[2026-07-05T01:30:01+00:00] Colors: green=0 persisted=61, red=1
[2026-07-05T01:30:03+00:00] Cells updated: 2
[2026-07-05T01:30:03+00:00] === color-links end (1.97s) ===
[2026-07-05T01:45:01+00:00] === color-links start ===
[2026-07-05T01:45:01+00:00] Unique deals in sheet: 2
[2026-07-05T01:45:01+00:00] Already green: 61, to check: 1
[2026-07-05T01:45:01+00:00] Categories: [3,5,7]
[2026-07-05T01:45:01+00:00] Fetched deals: 1
[2026-07-05T01:45:01+00:00] Colors: green=0 persisted=61, red=1
[2026-07-05T01:45:03+00:00] Cells updated: 2
[2026-07-05T01:45:03+00:00] === color-links end (1.99s) ===
[2026-07-05T02:00:01+00:00] === color-links start ===
[2026-07-05T02:00:01+00:00] Unique deals in sheet: 2
[2026-07-05T02:00:01+00:00] Already green: 61, to check: 1
[2026-07-05T02:00:01+00:00] Categories: [3,5,7]
[2026-07-05T02:00:01+00:00] Fetched deals: 1
[2026-07-05T02:00:01+00:00] Colors: green=0 persisted=61, red=1
[2026-07-05T02:00:02+00:00] Cells updated: 2
[2026-07-05T02:00:02+00:00] === color-links end (1.58s) ===
[2026-07-05T02:15:01+00:00] === color-links start ===
[2026-07-05T02:15:01+00:00] Unique deals in sheet: 2
[2026-07-05T02:15:01+00:00] Already green: 61, to check: 1
[2026-07-05T02:15:01+00:00] Categories: [3,5,7]
[2026-07-05T02:15:01+00:00] Fetched deals: 1
[2026-07-05T02:15:01+00:00] Colors: green=0 persisted=61, red=1
[2026-07-05T02:15:02+00:00] Cells updated: 2
[2026-07-05T02:15:02+00:00] === color-links end (1.54s) ===
[2026-07-05T02:30:01+00:00] === color-links start ===
[2026-07-05T02:30:01+00:00] Unique deals in sheet: 2
[2026-07-05T02:30:01+00:00] Already green: 61, to check: 1
[2026-07-05T02:30:01+00:00] Categories: [3,5,7]
[2026-07-05T02:30:01+00:00] Fetched deals: 1
[2026-07-05T02:30:01+00:00] Colors: green=0 persisted=61, red=1
[2026-07-05T02:30:02+00:00] Cells updated: 2
[2026-07-05T02:30:02+00:00] === color-links end (1.45s) ===
[2026-07-05T02:45:01+00:00] === color-links start ===
[2026-07-05T02:45:01+00:00] Unique deals in sheet: 2
[2026-07-05T02:45:01+00:00] Already green: 61, to check: 1
[2026-07-05T02:45:01+00:00] Categories: [3,5,7]
[2026-07-05T02:45:02+00:00] Fetched deals: 1
[2026-07-05T02:45:02+00:00] Colors: green=0 persisted=61, red=1
[2026-07-05T02:45:03+00:00] Cells updated: 2
[2026-07-05T02:45:03+00:00] === color-links end (1.53s) ===
[2026-07-05T03:00:01+00:00] === color-links start ===
[2026-07-05T03:00:01+00:00] Unique deals in sheet: 2
[2026-07-05T03:00:01+00:00] Already green: 61, to check: 1
[2026-07-05T03:00:01+00:00] Categories: [3,5,7]
[2026-07-05T03:00:02+00:00] Fetched deals: 1
[2026-07-05T03:00:02+00:00] Colors: green=0 persisted=61, red=1
[2026-07-05T03:00:03+00:00] Cells updated: 2
[2026-07-05T03:00:03+00:00] === color-links end (1.6s) ===
[2026-07-05T03:15:01+00:00] === color-links start ===
[2026-07-05T03:15:01+00:00] Unique deals in sheet: 2
[2026-07-05T03:15:01+00:00] Already green: 61, to check: 1
[2026-07-05T03:15:01+00:00] Categories: [3,5,7]
[2026-07-05T03:15:02+00:00] Fetched deals: 1
[2026-07-05T03:15:02+00:00] Colors: green=0 persisted=61, red=1
[2026-07-05T03:15:03+00:00] Cells updated: 2
[2026-07-05T03:15:03+00:00] === color-links end (2.03s) ===
[2026-07-05T03:30:02+00:00] === color-links start ===
[2026-07-05T03:30:02+00:00] Unique deals in sheet: 2
[2026-07-05T03:30:02+00:00] Already green: 61, to check: 1
[2026-07-05T03:30:02+00:00] Categories: [3,5,7]
[2026-07-05T03:30:02+00:00] Fetched deals: 1
[2026-07-05T03:30:02+00:00] Colors: green=0 persisted=61, red=1
[2026-07-05T03:30:04+00:00] Cells updated: 2
[2026-07-05T03:30:04+00:00] === color-links end (2.52s) ===
[2026-07-05T03:45:01+00:00] === color-links start ===
[2026-07-05T03:45:01+00:00] Unique deals in sheet: 2
[2026-07-05T03:45:01+00:00] Already green: 61, to check: 1
[2026-07-05T03:45:01+00:00] Categories: [3,5,7]
[2026-07-05T03:45:01+00:00] Fetched deals: 1
[2026-07-05T03:45:01+00:00] Colors: green=0 persisted=61, red=1
[2026-07-05T03:45:03+00:00] Cells updated: 2
[2026-07-05T03:45:03+00:00] === color-links end (1.99s) ===
[2026-07-05T04:00:01+00:00] === color-links start ===
[2026-07-05T04:00:01+00:00] Unique deals in sheet: 2
[2026-07-05T04:00:01+00:00] Already green: 61, to check: 1
[2026-07-05T04:00:02+00:00] Categories: [3,5,7]
[2026-07-05T04:00:02+00:00] Fetched deals: 1
[2026-07-05T04:00:02+00:00] Colors: green=0 persisted=61, red=1
[2026-07-05T04:00:04+00:00] Cells updated: 2
[2026-07-05T04:00:04+00:00] === color-links end (2.5s) ===
[2026-07-05T04:15:01+00:00] === color-links start ===
[2026-07-05T04:15:01+00:00] Unique deals in sheet: 2
[2026-07-05T04:15:01+00:00] Already green: 61, to check: 1
[2026-07-05T04:15:01+00:00] Categories: [3,5,7]
[2026-07-05T04:15:01+00:00] Fetched deals: 1
[2026-07-05T04:15:01+00:00] Colors: green=0 persisted=61, red=1
[2026-07-05T04:15:04+00:00] Cells updated: 2
[2026-07-05T04:15:04+00:00] === color-links end (2.56s) ===
[2026-07-05T04:30:01+00:00] === color-links start ===
[2026-07-05T04:30:01+00:00] Unique deals in sheet: 2
[2026-07-05T04:30:01+00:00] Already green: 61, to check: 1
[2026-07-05T04:30:01+00:00] Categories: [3,5,7]
[2026-07-05T04:30:01+00:00] Fetched deals: 1
[2026-07-05T04:30:01+00:00] Colors: green=0 persisted=61, red=1
[2026-07-05T04:30:03+00:00] Cells updated: 2
[2026-07-05T04:30:03+00:00] === color-links end (1.68s) ===
[2026-07-05T04:45:01+00:00] === color-links start ===
[2026-07-05T04:45:01+00:00] Unique deals in sheet: 2
[2026-07-05T04:45:01+00:00] Already green: 61, to check: 1
[2026-07-05T04:45:01+00:00] Categories: [3,5,7]
[2026-07-05T04:45:01+00:00] Fetched deals: 1
[2026-07-05T04:45:01+00:00] Colors: green=0 persisted=61, red=1
[2026-07-05T04:45:03+00:00] Cells updated: 2
[2026-07-05T04:45:03+00:00] === color-links end (1.78s) ===
[2026-07-05T05:00:01+00:00] === color-links start ===
[2026-07-05T05:00:01+00:00] Unique deals in sheet: 2
[2026-07-05T05:00:01+00:00] Already green: 61, to check: 1
[2026-07-05T05:00:01+00:00] Categories: [3,5,7]
[2026-07-05T05:00:01+00:00] Fetched deals: 1
[2026-07-05T05:00:01+00:00] Colors: green=0 persisted=61, red=1
[2026-07-05T05:00:03+00:00] Cells updated: 2
[2026-07-05T05:00:03+00:00] === color-links end (1.52s) ===
[2026-07-05T05:15:01+00:00] === color-links start ===
[2026-07-05T05:15:01+00:00] Unique deals in sheet: 2
[2026-07-05T05:15:01+00:00] Already green: 61, to check: 1
[2026-07-05T05:15:01+00:00] Categories: [3,5,7]
[2026-07-05T05:15:01+00:00] Fetched deals: 1
[2026-07-05T05:15:01+00:00] Colors: green=0 persisted=61, red=1
[2026-07-05T05:15:03+00:00] Cells updated: 2
[2026-07-05T05:15:03+00:00] === color-links end (2.12s) ===
[2026-07-05T05:30:01+00:00] === color-links start ===
[2026-07-05T05:30:01+00:00] Unique deals in sheet: 2
[2026-07-05T05:30:01+00:00] Already green: 61, to check: 1
[2026-07-05T05:30:02+00:00] Categories: [3,5,7]
[2026-07-05T05:30:02+00:00] Fetched deals: 1
[2026-07-05T05:30:02+00:00] Colors: green=0 persisted=61, red=1
[2026-07-05T05:30:03+00:00] Cells updated: 2
[2026-07-05T05:30:03+00:00] === color-links end (1.72s) ===
[2026-07-05T05:45:01+00:00] === color-links start ===
[2026-07-05T05:45:01+00:00] Unique deals in sheet: 2
[2026-07-05T05:45:01+00:00] Already green: 61, to check: 1
[2026-07-05T05:45:01+00:00] Categories: [3,5,7]
[2026-07-05T05:45:02+00:00] Fetched deals: 1
[2026-07-05T05:45:02+00:00] Colors: green=0 persisted=61, red=1
[2026-07-05T05:45:03+00:00] Cells updated: 2
[2026-07-05T05:45:03+00:00] === color-links end (1.68s) ===
[2026-07-05T06:00:01+00:00] === color-links start ===
[2026-07-05T06:00:01+00:00] Unique deals in sheet: 2
[2026-07-05T06:00:01+00:00] Already green: 61, to check: 1
[2026-07-05T06:00:02+00:00] Categories: [3,5,7]
[2026-07-05T06:00:02+00:00] Fetched deals: 1
[2026-07-05T06:00:02+00:00] Colors: green=0 persisted=61, red=1
[2026-07-05T06:00:03+00:00] Cells updated: 2
[2026-07-05T06:00:03+00:00] === color-links end (1.72s) ===
[2026-07-05T06:15:01+00:00] === color-links start ===
[2026-07-05T06:15:01+00:00] Unique deals in sheet: 2
[2026-07-05T06:15:01+00:00] Already green: 61, to check: 1
[2026-07-05T06:15:01+00:00] Categories: [3,5,7]
[2026-07-05T06:15:01+00:00] Fetched deals: 1
[2026-07-05T06:15:01+00:00] Colors: green=0 persisted=61, red=1
[2026-07-05T06:15:02+00:00] Cells updated: 2
[2026-07-05T06:15:02+00:00] === color-links end (1.58s) ===
[2026-07-05T06:30:01+00:00] === color-links start ===
[2026-07-05T06:30:01+00:00] Unique deals in sheet: 2
[2026-07-05T06:30:01+00:00] Already green: 61, to check: 1
[2026-07-05T06:30:01+00:00] Categories: [3,5,7]
[2026-07-05T06:30:01+00:00] Fetched deals: 1
[2026-07-05T06:30:01+00:00] Colors: green=0 persisted=61, red=1
[2026-07-05T06:30:03+00:00] Cells updated: 2
[2026-07-05T06:30:03+00:00] === color-links end (2.05s) ===
[2026-07-05T06:45:01+00:00] === color-links start ===
[2026-07-05T06:45:01+00:00] Unique deals in sheet: 2
[2026-07-05T06:45:01+00:00] Already green: 61, to check: 1
[2026-07-05T06:45:01+00:00] Categories: [3,5,7]
[2026-07-05T06:45:01+00:00] Fetched deals: 1
[2026-07-05T06:45:01+00:00] Colors: green=0 persisted=61, red=1
[2026-07-05T06:45:02+00:00] Cells updated: 2
[2026-07-05T06:45:02+00:00] === color-links end (1.65s) ===
[2026-07-05T07:00:01+00:00] === color-links start ===
[2026-07-05T07:00:01+00:00] Unique deals in sheet: 2
[2026-07-05T07:00:01+00:00] Already green: 61, to check: 1
[2026-07-05T07:00:01+00:00] Categories: [3,5,7]
[2026-07-05T07:00:01+00:00] Fetched deals: 1
[2026-07-05T07:00:01+00:00] Colors: green=0 persisted=61, red=1
[2026-07-05T07:00:03+00:00] Cells updated: 2
[2026-07-05T07:00:03+00:00] === color-links end (2.15s) ===
[2026-07-05T07:15:01+00:00] === color-links start ===
[2026-07-05T07:15:01+00:00] Unique deals in sheet: 2
[2026-07-05T07:15:01+00:00] Already green: 61, to check: 1
[2026-07-05T07:15:02+00:00] Categories: [3,5,7]
[2026-07-05T07:15:02+00:00] Fetched deals: 1
[2026-07-05T07:15:02+00:00] Colors: green=0 persisted=61, red=1
[2026-07-05T07:15:04+00:00] Cells updated: 2
[2026-07-05T07:15:04+00:00] === color-links end (2.07s) ===
[2026-07-05T07:30:01+00:00] === color-links start ===
[2026-07-05T07:30:01+00:00] Unique deals in sheet: 2
[2026-07-05T07:30:01+00:00] Already green: 61, to check: 1
[2026-07-05T07:30:01+00:00] Categories: [3,5,7]
[2026-07-05T07:30:01+00:00] Fetched deals: 1
[2026-07-05T07:30:01+00:00] Colors: green=0 persisted=61, red=1
[2026-07-05T07:30:03+00:00] Cells updated: 2
[2026-07-05T07:30:03+00:00] === color-links end (2.05s) ===
[2026-07-05T07:45:01+00:00] === color-links start ===
[2026-07-05T07:45:01+00:00] Unique deals in sheet: 2
[2026-07-05T07:45:01+00:00] Already green: 61, to check: 1
[2026-07-05T07:45:01+00:00] Categories: [3,5,7]
[2026-07-05T07:45:02+00:00] Fetched deals: 1
[2026-07-05T07:45:02+00:00] Colors: green=0 persisted=61, red=1
[2026-07-05T07:45:03+00:00] Cells updated: 2
[2026-07-05T07:45:03+00:00] === color-links end (2s) ===
[2026-07-05T08:00:01+00:00] === color-links start ===
[2026-07-05T08:00:01+00:00] Unique deals in sheet: 2
[2026-07-05T08:00:01+00:00] Already green: 61, to check: 1
[2026-07-05T08:00:01+00:00] Categories: [3,5,7]
[2026-07-05T08:00:01+00:00] Fetched deals: 1
[2026-07-05T08:00:01+00:00] Colors: green=0 persisted=61, red=1
[2026-07-05T08:00:03+00:00] Cells updated: 2
[2026-07-05T08:00:03+00:00] === color-links end (2.2s) ===
[2026-07-05T08:15:01+00:00] === color-links start ===
[2026-07-05T08:15:01+00:00] Unique deals in sheet: 2
[2026-07-05T08:15:01+00:00] Already green: 61, to check: 1
[2026-07-05T08:15:01+00:00] Categories: [3,5,7]
[2026-07-05T08:15:01+00:00] Fetched deals: 1
[2026-07-05T08:15:01+00:00] Colors: green=0 persisted=61, red=1
[2026-07-05T08:15:03+00:00] Cells updated: 2
[2026-07-05T08:15:03+00:00] === color-links end (2.03s) ===
[2026-07-05T08:30:02+00:00] === color-links start ===
[2026-07-05T08:30:02+00:00] Unique deals in sheet: 2
[2026-07-05T08:30:02+00:00] Already green: 61, to check: 1
[2026-07-05T08:30:02+00:00] Categories: [3,5,7]
[2026-07-05T08:30:02+00:00] Fetched deals: 1
[2026-07-05T08:30:02+00:00] Colors: green=0 persisted=61, red=1
[2026-07-05T08:30:03+00:00] Cells updated: 2
[2026-07-05T08:30:03+00:00] === color-links end (1.58s) ===
[2026-07-05T08:45:01+00:00] === color-links start ===
[2026-07-05T08:45:01+00:00] Unique deals in sheet: 2
[2026-07-05T08:45:01+00:00] Already green: 61, to check: 1
[2026-07-05T08:45:01+00:00] Categories: [3,5,7]
[2026-07-05T08:45:01+00:00] Fetched deals: 1
[2026-07-05T08:45:01+00:00] Colors: green=0 persisted=61, red=1
[2026-07-05T08:45:04+00:00] Cells updated: 2
[2026-07-05T08:45:04+00:00] === color-links end (2.99s) ===
[2026-07-05T09:00:01+00:00] === color-links start ===
[2026-07-05T09:00:01+00:00] Unique deals in sheet: 2
[2026-07-05T09:00:01+00:00] Already green: 61, to check: 1
[2026-07-05T09:00:01+00:00] Categories: [3,5,7]
[2026-07-05T09:00:01+00:00] Fetched deals: 1
[2026-07-05T09:00:01+00:00] Colors: green=0 persisted=61, red=1
[2026-07-05T09:00:03+00:00] Cells updated: 2
[2026-07-05T09:00:03+00:00] === color-links end (1.63s) ===
[2026-07-05T09:15:01+00:00] === color-links start ===
[2026-07-05T09:15:01+00:00] Unique deals in sheet: 2
[2026-07-05T09:15:01+00:00] Already green: 61, to check: 1
[2026-07-05T09:15:01+00:00] Categories: [3,5,7]
[2026-07-05T09:15:01+00:00] Fetched deals: 1
[2026-07-05T09:15:01+00:00] Colors: green=0 persisted=61, red=1
[2026-07-05T09:15:03+00:00] Cells updated: 2
[2026-07-05T09:15:03+00:00] === color-links end (2.07s) ===
[2026-07-05T09:30:02+00:00] === color-links start ===
[2026-07-05T09:30:02+00:00] Unique deals in sheet: 2
[2026-07-05T09:30:02+00:00] Already green: 61, to check: 1
[2026-07-05T09:30:02+00:00] Categories: [3,5,7]
[2026-07-05T09:30:02+00:00] Fetched deals: 1
[2026-07-05T09:30:02+00:00] Colors: green=0 persisted=61, red=1
[2026-07-05T09:30:03+00:00] Cells updated: 2
[2026-07-05T09:30:03+00:00] === color-links end (1.66s) ===
[2026-07-05T09:45:01+00:00] === color-links start ===
[2026-07-05T09:45:01+00:00] Unique deals in sheet: 2
[2026-07-05T09:45:01+00:00] Already green: 61, to check: 1
[2026-07-05T09:45:01+00:00] Categories: [3,5,7]
[2026-07-05T09:45:02+00:00] Fetched deals: 1
[2026-07-05T09:45:02+00:00] Colors: green=0 persisted=61, red=1
[2026-07-05T09:45:03+00:00] Cells updated: 2
[2026-07-05T09:45:03+00:00] === color-links end (1.58s) ===
[2026-07-05T10:00:01+00:00] === color-links start ===
[2026-07-05T10:00:01+00:00] Unique deals in sheet: 2
[2026-07-05T10:00:01+00:00] Already green: 61, to check: 1
[2026-07-05T10:00:01+00:00] Categories: [3,5,7]
[2026-07-05T10:00:01+00:00] Fetched deals: 1
[2026-07-05T10:00:01+00:00] Colors: green=0 persisted=61, red=1
[2026-07-05T10:00:03+00:00] Cells updated: 2
[2026-07-05T10:00:03+00:00] === color-links end (2.05s) ===
[2026-07-05T10:15:01+00:00] === color-links start ===
[2026-07-05T10:15:01+00:00] Unique deals in sheet: 2
[2026-07-05T10:15:01+00:00] Already green: 61, to check: 1
[2026-07-05T10:15:01+00:00] Categories: [3,5,7]
[2026-07-05T10:15:01+00:00] Fetched deals: 1
[2026-07-05T10:15:01+00:00] Colors: green=0 persisted=61, red=1
[2026-07-05T10:15:03+00:00] Cells updated: 2
[2026-07-05T10:15:03+00:00] === color-links end (1.95s) ===
[2026-07-05T10:30:01+00:00] === color-links start ===
[2026-07-05T10:30:01+00:00] Unique deals in sheet: 2
[2026-07-05T10:30:01+00:00] Already green: 61, to check: 1
[2026-07-05T10:30:01+00:00] Categories: [3,5,7]
[2026-07-05T10:30:01+00:00] Fetched deals: 1
[2026-07-05T10:30:01+00:00] Colors: green=0 persisted=61, red=1
[2026-07-05T10:30:03+00:00] Cells updated: 2
[2026-07-05T10:30:03+00:00] === color-links end (1.57s) ===
[2026-07-05T10:45:01+00:00] === color-links start ===
[2026-07-05T10:45:01+00:00] Unique deals in sheet: 2
[2026-07-05T10:45:01+00:00] Already green: 61, to check: 1
[2026-07-05T10:45:02+00:00] Categories: [3,5,7]
[2026-07-05T10:45:02+00:00] Fetched deals: 1
[2026-07-05T10:45:02+00:00] Colors: green=0 persisted=61, red=1
[2026-07-05T10:45:03+00:00] Cells updated: 2
[2026-07-05T10:45:03+00:00] === color-links end (1.64s) ===
[2026-07-05T11:00:01+00:00] === color-links start ===
[2026-07-05T11:00:01+00:00] Unique deals in sheet: 2
[2026-07-05T11:00:01+00:00] Already green: 61, to check: 1
[2026-07-05T11:00:02+00:00] Categories: [3,5,7]
[2026-07-05T11:00:02+00:00] Fetched deals: 1
[2026-07-05T11:00:02+00:00] Colors: green=0 persisted=61, red=1
[2026-07-05T11:00:03+00:00] Cells updated: 2
[2026-07-05T11:00:03+00:00] === color-links end (1.67s) ===
[2026-07-05T11:15:01+00:00] === color-links start ===
[2026-07-05T11:15:01+00:00] Unique deals in sheet: 2
[2026-07-05T11:15:01+00:00] Already green: 61, to check: 1
[2026-07-05T11:15:01+00:00] Categories: [3,5,7]
[2026-07-05T11:15:01+00:00] Fetched deals: 1
[2026-07-05T11:15:01+00:00] Colors: green=0 persisted=61, red=1
[2026-07-05T11:15:03+00:00] Cells updated: 2
[2026-07-05T11:15:03+00:00] === color-links end (2.42s) ===
[2026-07-05T11:30:01+00:00] === color-links start ===
[2026-07-05T11:30:01+00:00] Unique deals in sheet: 2
[2026-07-05T11:30:01+00:00] Already green: 61, to check: 1
[2026-07-05T11:30:01+00:00] Categories: [3,5,7]
[2026-07-05T11:30:01+00:00] Fetched deals: 1
[2026-07-05T11:30:01+00:00] Colors: green=0 persisted=61, red=1
[2026-07-05T11:30:02+00:00] Cells updated: 2
[2026-07-05T11:30:02+00:00] === color-links end (1.69s) ===
[2026-07-05T11:45:01+00:00] === color-links start ===
[2026-07-05T11:45:01+00:00] Unique deals in sheet: 2
[2026-07-05T11:45:01+00:00] Already green: 61, to check: 1
[2026-07-05T11:45:01+00:00] Categories: [3,5,7]
[2026-07-05T11:45:01+00:00] Fetched deals: 1
[2026-07-05T11:45:01+00:00] Colors: green=0 persisted=61, red=1
[2026-07-05T11:45:03+00:00] Cells updated: 2
[2026-07-05T11:45:03+00:00] === color-links end (1.74s) ===
[2026-07-05T12:00:02+00:00] === color-links start ===
[2026-07-05T12:00:02+00:00] Unique deals in sheet: 2
[2026-07-05T12:00:02+00:00] Already green: 61, to check: 1
[2026-07-05T12:00:02+00:00] Categories: [3,5,7]
[2026-07-05T12:00:02+00:00] Fetched deals: 1
[2026-07-05T12:00:02+00:00] Colors: green=0 persisted=61, red=1
[2026-07-05T12:00:04+00:00] Cells updated: 2
[2026-07-05T12:00:04+00:00] === color-links end (2.2s) ===
[2026-07-05T12:15:01+00:00] === color-links start ===
[2026-07-05T12:15:01+00:00] Unique deals in sheet: 2
[2026-07-05T12:15:01+00:00] Already green: 61, to check: 1
[2026-07-05T12:15:01+00:00] Categories: [3,5,7]
[2026-07-05T12:15:01+00:00] Fetched deals: 1
[2026-07-05T12:15:01+00:00] Colors: green=0 persisted=61, red=1
[2026-07-05T12:15:03+00:00] Cells updated: 2
[2026-07-05T12:15:03+00:00] === color-links end (2.39s) ===
[2026-07-05T12:30:02+00:00] === color-links start ===
[2026-07-05T12:30:02+00:00] Unique deals in sheet: 2
[2026-07-05T12:30:02+00:00] Already green: 61, to check: 1
[2026-07-05T12:30:02+00:00] Categories: [3,5,7]
[2026-07-05T12:30:02+00:00] Fetched deals: 1
[2026-07-05T12:30:02+00:00] Colors: green=0 persisted=61, red=1
[2026-07-05T12:30:04+00:00] Cells updated: 2
[2026-07-05T12:30:04+00:00] === color-links end (2.17s) ===
[2026-07-05T12:45:01+00:00] === color-links start ===
[2026-07-05T12:45:01+00:00] Unique deals in sheet: 2
[2026-07-05T12:45:01+00:00] Already green: 61, to check: 1
[2026-07-05T12:45:02+00:00] Categories: [3,5,7]
[2026-07-05T12:45:02+00:00] Fetched deals: 1
[2026-07-05T12:45:02+00:00] Colors: green=0 persisted=61, red=1
[2026-07-05T12:45:03+00:00] Cells updated: 2
[2026-07-05T12:45:03+00:00] === color-links end (1.65s) ===
[2026-07-05T13:00:01+00:00] === color-links start ===
[2026-07-05T13:00:01+00:00] Unique deals in sheet: 2
[2026-07-05T13:00:01+00:00] Already green: 61, to check: 1
[2026-07-05T13:00:02+00:00] Categories: [3,5,7]
[2026-07-05T13:00:02+00:00] Fetched deals: 1
[2026-07-05T13:00:02+00:00] Colors: green=0 persisted=61, red=1
[2026-07-05T13:00:03+00:00] Cells updated: 2
[2026-07-05T13:00:03+00:00] === color-links end (1.96s) ===
[2026-07-05T13:15:01+00:00] === color-links start ===
[2026-07-05T13:15:01+00:00] Unique deals in sheet: 2
[2026-07-05T13:15:01+00:00] Already green: 61, to check: 1
[2026-07-05T13:15:01+00:00] Categories: [3,5,7]
[2026-07-05T13:15:02+00:00] Fetched deals: 1
[2026-07-05T13:15:02+00:00] Colors: green=0 persisted=61, red=1
[2026-07-05T13:15:03+00:00] Cells updated: 2
[2026-07-05T13:15:03+00:00] === color-links end (1.6s) ===
[2026-07-05T13:30:01+00:00] === color-links start ===
[2026-07-05T13:30:01+00:00] Unique deals in sheet: 2
[2026-07-05T13:30:01+00:00] Already green: 61, to check: 1
[2026-07-05T13:30:01+00:00] Categories: [3,5,7]
[2026-07-05T13:30:01+00:00] Fetched deals: 1
[2026-07-05T13:30:01+00:00] Colors: green=0 persisted=61, red=1
[2026-07-05T13:30:03+00:00] Cells updated: 2
[2026-07-05T13:30:03+00:00] === color-links end (2.58s) ===
[2026-07-05T13:45:01+00:00] === color-links start ===
[2026-07-05T13:45:01+00:00] Unique deals in sheet: 2
[2026-07-05T13:45:01+00:00] Already green: 61, to check: 1
[2026-07-05T13:45:02+00:00] Categories: [3,5,7]
[2026-07-05T13:45:02+00:00] Fetched deals: 1
[2026-07-05T13:45:02+00:00] Colors: green=0 persisted=61, red=1
[2026-07-05T13:45:03+00:00] Cells updated: 2
[2026-07-05T13:45:03+00:00] === color-links end (1.72s) ===
[2026-07-05T14:00:02+00:00] === color-links start ===
[2026-07-05T14:00:02+00:00] Unique deals in sheet: 2
[2026-07-05T14:00:02+00:00] Already green: 61, to check: 1
[2026-07-05T14:00:02+00:00] Categories: [3,5,7]
[2026-07-05T14:00:02+00:00] Fetched deals: 1
[2026-07-05T14:00:02+00:00] Colors: green=0 persisted=61, red=1
[2026-07-05T14:00:03+00:00] Cells updated: 2
[2026-07-05T14:00:03+00:00] === color-links end (1.72s) ===
[2026-07-05T14:15:01+00:00] === color-links start ===
[2026-07-05T14:15:01+00:00] Unique deals in sheet: 2
[2026-07-05T14:15:01+00:00] Already green: 61, to check: 1
[2026-07-05T14:15:02+00:00] Categories: [3,5,7]
[2026-07-05T14:15:02+00:00] Fetched deals: 1
[2026-07-05T14:15:02+00:00] Colors: green=0 persisted=61, red=1
[2026-07-05T14:15:03+00:00] Cells updated: 2
[2026-07-05T14:15:03+00:00] === color-links end (2.05s) ===
[2026-07-05T14:30:01+00:00] === color-links start ===
[2026-07-05T14:30:01+00:00] Unique deals in sheet: 2
[2026-07-05T14:30:01+00:00] Already green: 61, to check: 1
[2026-07-05T14:30:01+00:00] Categories: [3,5,7]
[2026-07-05T14:30:01+00:00] Fetched deals: 1
[2026-07-05T14:30:01+00:00] Colors: green=0 persisted=61, red=1
[2026-07-05T14:30:02+00:00] Cells updated: 2
[2026-07-05T14:30:02+00:00] === color-links end (1.56s) ===
[2026-07-05T14:45:01+00:00] === color-links start ===
[2026-07-05T14:45:01+00:00] Unique deals in sheet: 2
[2026-07-05T14:45:01+00:00] Already green: 61, to check: 1
[2026-07-05T14:45:02+00:00] Categories: [3,5,7]
[2026-07-05T14:45:02+00:00] Fetched deals: 1
[2026-07-05T14:45:02+00:00] Colors: green=0 persisted=61, red=1
[2026-07-05T14:45:03+00:00] Cells updated: 2
[2026-07-05T14:45:03+00:00] === color-links end (1.66s) ===
[2026-07-05T15:00:01+00:00] === color-links start ===
[2026-07-05T15:00:01+00:00] Unique deals in sheet: 2
[2026-07-05T15:00:01+00:00] Already green: 61, to check: 1
[2026-07-05T15:00:02+00:00] Categories: [3,5,7]
[2026-07-05T15:00:02+00:00] Fetched deals: 1
[2026-07-05T15:00:02+00:00] Colors: green=0 persisted=61, red=1
[2026-07-05T15:00:03+00:00] Cells updated: 2
[2026-07-05T15:00:03+00:00] === color-links end (1.66s) ===
[2026-07-05T15:15:01+00:00] === color-links start ===
[2026-07-05T15:15:01+00:00] Unique deals in sheet: 2
[2026-07-05T15:15:01+00:00] Already green: 61, to check: 1
[2026-07-05T15:15:01+00:00] Categories: [3,5,7]
[2026-07-05T15:15:01+00:00] Fetched deals: 1
[2026-07-05T15:15:01+00:00] Colors: green=0 persisted=61, red=1
[2026-07-05T15:15:02+00:00] Cells updated: 2
[2026-07-05T15:15:02+00:00] === color-links end (1.62s) ===
[2026-07-05T15:30:02+00:00] === color-links start ===
[2026-07-05T15:30:02+00:00] Unique deals in sheet: 2
[2026-07-05T15:30:02+00:00] Already green: 61, to check: 1
[2026-07-05T15:30:02+00:00] Categories: [3,5,7]
[2026-07-05T15:30:02+00:00] Fetched deals: 1
[2026-07-05T15:30:02+00:00] Colors: green=0 persisted=61, red=1
[2026-07-05T15:30:03+00:00] Cells updated: 2
[2026-07-05T15:30:03+00:00] === color-links end (1.54s) ===
[2026-07-05T15:45:01+00:00] === color-links start ===
[2026-07-05T15:45:01+00:00] Unique deals in sheet: 2
[2026-07-05T15:45:01+00:00] Already green: 61, to check: 1
[2026-07-05T15:45:01+00:00] Categories: [3,5,7]
[2026-07-05T15:45:01+00:00] Fetched deals: 1
[2026-07-05T15:45:01+00:00] Colors: green=0 persisted=61, red=1
[2026-07-05T15:45:03+00:00] Cells updated: 2
[2026-07-05T15:45:03+00:00] === color-links end (1.6s) ===
[2026-07-05T16:00:01+00:00] === color-links start ===
[2026-07-05T16:00:01+00:00] Unique deals in sheet: 2
[2026-07-05T16:00:01+00:00] Already green: 61, to check: 1
[2026-07-05T16:00:01+00:00] Categories: [3,5,7]
[2026-07-05T16:00:02+00:00] Fetched deals: 1
[2026-07-05T16:00:02+00:00] Colors: green=0 persisted=61, red=1
[2026-07-05T16:00:03+00:00] Cells updated: 2
[2026-07-05T16:00:03+00:00] === color-links end (2.26s) ===
[2026-07-05T16:15:01+00:00] === color-links start ===
[2026-07-05T16:15:01+00:00] Unique deals in sheet: 2
[2026-07-05T16:15:01+00:00] Already green: 61, to check: 1
[2026-07-05T16:15:01+00:00] Categories: [3,5,7]
[2026-07-05T16:15:01+00:00] Fetched deals: 1
[2026-07-05T16:15:01+00:00] Colors: green=0 persisted=61, red=1
[2026-07-05T16:15:03+00:00] Cells updated: 2
[2026-07-05T16:15:03+00:00] === color-links end (2.07s) ===
[2026-07-05T16:30:01+00:00] === color-links start ===
[2026-07-05T16:30:01+00:00] Unique deals in sheet: 2
[2026-07-05T16:30:01+00:00] Already green: 61, to check: 1
[2026-07-05T16:30:02+00:00] Categories: [3,5,7]
[2026-07-05T16:30:02+00:00] Fetched deals: 1
[2026-07-05T16:30:02+00:00] Colors: green=0 persisted=61, red=1
[2026-07-05T16:30:04+00:00] Cells updated: 2
[2026-07-05T16:30:04+00:00] === color-links end (2.53s) ===
[2026-07-05T16:45:01+00:00] === color-links start ===
[2026-07-05T16:45:01+00:00] Unique deals in sheet: 2
[2026-07-05T16:45:01+00:00] Already green: 61, to check: 1
[2026-07-05T16:45:01+00:00] Categories: [3,5,7]
[2026-07-05T16:45:01+00:00] Fetched deals: 1
[2026-07-05T16:45:01+00:00] Colors: green=0 persisted=61, red=1
[2026-07-05T16:45:03+00:00] Cells updated: 2
[2026-07-05T16:45:03+00:00] === color-links end (2.6s) ===
[2026-07-05T17:00:01+00:00] === color-links start ===
[2026-07-05T17:00:01+00:00] Unique deals in sheet: 2
[2026-07-05T17:00:01+00:00] Already green: 61, to check: 1
[2026-07-05T17:00:01+00:00] Categories: [3,5,7]
[2026-07-05T17:00:01+00:00] Fetched deals: 1
[2026-07-05T17:00:01+00:00] Colors: green=0 persisted=61, red=1
[2026-07-05T17:00:03+00:00] Cells updated: 2
[2026-07-05T17:00:03+00:00] === color-links end (1.65s) ===
[2026-07-05T17:15:01+00:00] === color-links start ===
[2026-07-05T17:15:01+00:00] Unique deals in sheet: 2
[2026-07-05T17:15:01+00:00] Already green: 61, to check: 1
[2026-07-05T17:15:01+00:00] Categories: [3,5,7]
[2026-07-05T17:15:01+00:00] Fetched deals: 1
[2026-07-05T17:15:01+00:00] Colors: green=0 persisted=61, red=1
[2026-07-05T17:15:03+00:00] Cells updated: 2
[2026-07-05T17:15:03+00:00] === color-links end (1.5s) ===
[2026-07-05T17:30:01+00:00] === color-links start ===
[2026-07-05T17:30:01+00:00] Unique deals in sheet: 2
[2026-07-05T17:30:01+00:00] Already green: 61, to check: 1
[2026-07-05T17:30:01+00:00] Categories: [3,5,7]
[2026-07-05T17:30:01+00:00] Fetched deals: 1
[2026-07-05T17:30:01+00:00] Colors: green=0 persisted=61, red=1
[2026-07-05T17:30:02+00:00] Cells updated: 2
[2026-07-05T17:30:02+00:00] === color-links end (1.62s) ===
[2026-07-05T17:45:02+00:00] === color-links start ===
[2026-07-05T17:45:02+00:00] Unique deals in sheet: 2
[2026-07-05T17:45:02+00:00] Already green: 61, to check: 1
[2026-07-05T17:45:02+00:00] Categories: [3,5,7]
[2026-07-05T17:45:02+00:00] Fetched deals: 1
[2026-07-05T17:45:02+00:00] Colors: green=0 persisted=61, red=1
[2026-07-05T17:45:04+00:00] Cells updated: 2
[2026-07-05T17:45:04+00:00] === color-links end (2.71s) ===
[2026-07-05T18:00:01+00:00] === color-links start ===
[2026-07-05T18:00:01+00:00] Unique deals in sheet: 2
[2026-07-05T18:00:01+00:00] Already green: 61, to check: 1
[2026-07-05T18:00:02+00:00] Categories: [3,5,7]
[2026-07-05T18:00:02+00:00] Fetched deals: 1
[2026-07-05T18:00:02+00:00] Colors: green=0 persisted=61, red=1
[2026-07-05T18:00:03+00:00] Cells updated: 2
[2026-07-05T18:00:03+00:00] === color-links end (1.77s) ===
[2026-07-05T18:15:01+00:00] === color-links start ===
[2026-07-05T18:15:01+00:00] Unique deals in sheet: 2
[2026-07-05T18:15:01+00:00] Already green: 61, to check: 1
[2026-07-05T18:15:01+00:00] Categories: [3,5,7]
[2026-07-05T18:15:01+00:00] Fetched deals: 1
[2026-07-05T18:15:01+00:00] Colors: green=0 persisted=61, red=1
[2026-07-05T18:15:03+00:00] Cells updated: 2
[2026-07-05T18:15:03+00:00] === color-links end (2.06s) ===
[2026-07-05T18:30:01+00:00] === color-links start ===
[2026-07-05T18:30:01+00:00] Unique deals in sheet: 2
[2026-07-05T18:30:01+00:00] Already green: 61, to check: 1
[2026-07-05T18:30:02+00:00] Categories: [3,5,7]
[2026-07-05T18:30:02+00:00] Fetched deals: 1
[2026-07-05T18:30:02+00:00] Colors: green=0 persisted=61, red=1
[2026-07-05T18:30:04+00:00] Cells updated: 2
[2026-07-05T18:30:04+00:00] === color-links end (2.06s) ===
[2026-07-05T18:45:01+00:00] === color-links start ===
[2026-07-05T18:45:01+00:00] Unique deals in sheet: 2
[2026-07-05T18:45:01+00:00] Already green: 61, to check: 1
[2026-07-05T18:45:01+00:00] Categories: [3,5,7]
[2026-07-05T18:45:01+00:00] Fetched deals: 1
[2026-07-05T18:45:01+00:00] Colors: green=0 persisted=61, red=1
[2026-07-05T18:45:03+00:00] Cells updated: 2
[2026-07-05T18:45:03+00:00] === color-links end (1.57s) ===
[2026-07-05T19:00:01+00:00] === color-links start ===
[2026-07-05T19:00:01+00:00] Unique deals in sheet: 2
[2026-07-05T19:00:01+00:00] Already green: 61, to check: 1
[2026-07-05T19:00:01+00:00] Categories: [3,5,7]
[2026-07-05T19:00:01+00:00] Fetched deals: 1
[2026-07-05T19:00:01+00:00] Colors: green=0 persisted=61, red=1
[2026-07-05T19:00:02+00:00] Cells updated: 2
[2026-07-05T19:00:02+00:00] === color-links end (1.59s) ===
[2026-07-05T19:15:01+00:00] === color-links start ===
[2026-07-05T19:15:01+00:00] Unique deals in sheet: 2
[2026-07-05T19:15:01+00:00] Already green: 61, to check: 1
[2026-07-05T19:15:01+00:00] Categories: [3,5,7]
[2026-07-05T19:15:02+00:00] Fetched deals: 1
[2026-07-05T19:15:02+00:00] Colors: green=0 persisted=61, red=1
[2026-07-05T19:15:03+00:00] Cells updated: 2
[2026-07-05T19:15:03+00:00] === color-links end (2.09s) ===
[2026-07-05T19:30:01+00:00] === color-links start ===
[2026-07-05T19:30:01+00:00] Unique deals in sheet: 2
[2026-07-05T19:30:01+00:00] Already green: 61, to check: 1
[2026-07-05T19:30:01+00:00] Categories: [3,5,7]
[2026-07-05T19:30:02+00:00] Fetched deals: 1
[2026-07-05T19:30:02+00:00] Colors: green=0 persisted=61, red=1
[2026-07-05T19:30:04+00:00] Cells updated: 2
[2026-07-05T19:30:04+00:00] === color-links end (2.62s) ===
[2026-07-05T19:45:01+00:00] === color-links start ===
[2026-07-05T19:45:01+00:00] Unique deals in sheet: 2
[2026-07-05T19:45:01+00:00] Already green: 61, to check: 1
[2026-07-05T19:45:02+00:00] Categories: [3,5,7]
[2026-07-05T19:45:02+00:00] Fetched deals: 1
[2026-07-05T19:45:02+00:00] Colors: green=0 persisted=61, red=1
[2026-07-05T19:45:03+00:00] Cells updated: 2
[2026-07-05T19:45:03+00:00] === color-links end (1.58s) ===
[2026-07-05T20:00:01+00:00] === color-links start ===
[2026-07-05T20:00:01+00:00] Unique deals in sheet: 2
[2026-07-05T20:00:01+00:00] Already green: 61, to check: 1
[2026-07-05T20:00:01+00:00] Categories: [3,5,7]
[2026-07-05T20:00:01+00:00] Fetched deals: 1
[2026-07-05T20:00:01+00:00] Colors: green=0 persisted=61, red=1
[2026-07-05T20:00:04+00:00] Cells updated: 2
[2026-07-05T20:00:04+00:00] === color-links end (2.73s) ===
[2026-07-05T20:15:02+00:00] === color-links start ===
[2026-07-05T20:15:02+00:00] Unique deals in sheet: 2
[2026-07-05T20:15:02+00:00] Already green: 61, to check: 1
[2026-07-05T20:15:02+00:00] Categories: [3,5,7]
[2026-07-05T20:15:02+00:00] Fetched deals: 1
[2026-07-05T20:15:02+00:00] Colors: green=0 persisted=61, red=1
[2026-07-05T20:15:04+00:00] Cells updated: 2
[2026-07-05T20:15:04+00:00] === color-links end (1.98s) ===
[2026-07-05T20:30:01+00:00] === color-links start ===
[2026-07-05T20:30:01+00:00] Unique deals in sheet: 2
[2026-07-05T20:30:01+00:00] Already green: 61, to check: 1
[2026-07-05T20:30:02+00:00] Categories: [3,5,7]
[2026-07-05T20:30:02+00:00] Fetched deals: 1
[2026-07-05T20:30:02+00:00] Colors: green=0 persisted=61, red=1
[2026-07-05T20:30:03+00:00] Cells updated: 2
[2026-07-05T20:30:03+00:00] === color-links end (1.61s) ===
[2026-07-05T20:45:01+00:00] === color-links start ===
[2026-07-05T20:45:01+00:00] Unique deals in sheet: 2
[2026-07-05T20:45:01+00:00] Already green: 61, to check: 1
[2026-07-05T20:45:01+00:00] Categories: [3,5,7]
[2026-07-05T20:45:01+00:00] Fetched deals: 1
[2026-07-05T20:45:01+00:00] Colors: green=0 persisted=61, red=1
[2026-07-05T20:45:03+00:00] Cells updated: 2
[2026-07-05T20:45:03+00:00] === color-links end (2.58s) ===
[2026-07-05T21:00:01+00:00] === color-links start ===
[2026-07-05T21:00:01+00:00] Unique deals in sheet: 2
[2026-07-05T21:00:01+00:00] Already green: 61, to check: 1
[2026-07-05T21:00:02+00:00] Categories: [3,5,7]
[2026-07-05T21:00:05+00:00] Fetched deals: 1
[2026-07-05T21:00:05+00:00] Colors: green=0 persisted=61, red=1
[2026-07-05T21:00:06+00:00] Cells updated: 2
[2026-07-05T21:00:06+00:00] === color-links end (5.06s) ===
[2026-07-05T21:15:01+00:00] === color-links start ===
[2026-07-05T21:15:01+00:00] Unique deals in sheet: 2
[2026-07-05T21:15:01+00:00] Already green: 61, to check: 1
[2026-07-05T21:15:01+00:00] Categories: [3,5,7]
[2026-07-05T21:15:02+00:00] Fetched deals: 1
[2026-07-05T21:15:02+00:00] Colors: green=0 persisted=61, red=1
[2026-07-05T21:15:03+00:00] Cells updated: 2
[2026-07-05T21:15:03+00:00] === color-links end (1.63s) ===
[2026-07-05T21:30:01+00:00] === color-links start ===
[2026-07-05T21:30:01+00:00] Unique deals in sheet: 2
[2026-07-05T21:30:01+00:00] Already green: 61, to check: 1
[2026-07-05T21:30:01+00:00] Categories: [3,5,7]
[2026-07-05T21:30:02+00:00] Fetched deals: 1
[2026-07-05T21:30:02+00:00] Colors: green=0 persisted=61, red=1
[2026-07-05T21:30:04+00:00] Cells updated: 2
[2026-07-05T21:30:04+00:00] === color-links end (2.84s) ===
[2026-07-05T21:45:01+00:00] === color-links start ===
[2026-07-05T21:45:01+00:00] Unique deals in sheet: 2
[2026-07-05T21:45:01+00:00] Already green: 61, to check: 1
[2026-07-05T21:45:01+00:00] Categories: [3,5,7]
[2026-07-05T21:45:01+00:00] Fetched deals: 1
[2026-07-05T21:45:01+00:00] Colors: green=0 persisted=61, red=1
[2026-07-05T21:45:02+00:00] Cells updated: 2
[2026-07-05T21:45:02+00:00] === color-links end (1.82s) ===
[2026-07-05T22:00:01+00:00] === color-links start ===
[2026-07-05T22:00:01+00:00] Unique deals in sheet: 2
[2026-07-05T22:00:01+00:00] Already green: 61, to check: 1
[2026-07-05T22:00:01+00:00] Categories: [3,5,7]
[2026-07-05T22:00:01+00:00] Fetched deals: 1
[2026-07-05T22:00:01+00:00] Colors: green=0 persisted=61, red=1
[2026-07-05T22:00:02+00:00] Cells updated: 2
[2026-07-05T22:00:02+00:00] === color-links end (1.64s) ===
[2026-07-05T22:15:01+00:00] === color-links start ===
[2026-07-05T22:15:01+00:00] Unique deals in sheet: 2
[2026-07-05T22:15:01+00:00] Already green: 61, to check: 1
[2026-07-05T22:15:01+00:00] Categories: [3,5,7]
[2026-07-05T22:15:02+00:00] Fetched deals: 1
[2026-07-05T22:15:02+00:00] Colors: green=0 persisted=61, red=1
[2026-07-05T22:15:03+00:00] Cells updated: 2
[2026-07-05T22:15:03+00:00] === color-links end (2.15s) ===
[2026-07-05T22:30:01+00:00] === color-links start ===
[2026-07-05T22:30:01+00:00] Unique deals in sheet: 2
[2026-07-05T22:30:01+00:00] Already green: 61, to check: 1
[2026-07-05T22:30:01+00:00] Categories: [3,5,7]
[2026-07-05T22:30:01+00:00] Fetched deals: 1
[2026-07-05T22:30:01+00:00] Colors: green=0 persisted=61, red=1
[2026-07-05T22:30:03+00:00] Cells updated: 2
[2026-07-05T22:30:03+00:00] === color-links end (1.62s) ===
[2026-07-05T22:45:01+00:00] === color-links start ===
[2026-07-05T22:45:01+00:00] Unique deals in sheet: 2
[2026-07-05T22:45:01+00:00] Already green: 61, to check: 1
[2026-07-05T22:45:01+00:00] Categories: [3,5,7]
[2026-07-05T22:45:01+00:00] Fetched deals: 1
[2026-07-05T22:45:01+00:00] Colors: green=0 persisted=61, red=1
[2026-07-05T22:45:03+00:00] Cells updated: 2
[2026-07-05T22:45:03+00:00] === color-links end (1.74s) ===
[2026-07-05T23:00:01+00:00] === color-links start ===
[2026-07-05T23:00:01+00:00] Unique deals in sheet: 2
[2026-07-05T23:00:01+00:00] Already green: 61, to check: 1
[2026-07-05T23:00:01+00:00] Categories: [3,5,7]
[2026-07-05T23:00:01+00:00] Fetched deals: 1
[2026-07-05T23:00:01+00:00] Colors: green=0 persisted=61, red=1
[2026-07-05T23:00:03+00:00] Cells updated: 2
[2026-07-05T23:00:03+00:00] === color-links end (1.76s) ===
[2026-07-05T23:15:01+00:00] === color-links start ===
[2026-07-05T23:15:01+00:00] Unique deals in sheet: 2
[2026-07-05T23:15:01+00:00] Already green: 61, to check: 1
[2026-07-05T23:15:01+00:00] Categories: [3,5,7]
[2026-07-05T23:15:01+00:00] Fetched deals: 1
[2026-07-05T23:15:01+00:00] Colors: green=0 persisted=61, red=1
[2026-07-05T23:15:03+00:00] Cells updated: 2
[2026-07-05T23:15:03+00:00] === color-links end (1.55s) ===
[2026-07-05T23:30:01+00:00] === color-links start ===
[2026-07-05T23:30:01+00:00] Unique deals in sheet: 2
[2026-07-05T23:30:01+00:00] Already green: 61, to check: 1
[2026-07-05T23:30:01+00:00] Categories: [3,5,7]
[2026-07-05T23:30:01+00:00] Fetched deals: 1
[2026-07-05T23:30:01+00:00] Colors: green=0 persisted=61, red=1
[2026-07-05T23:30:04+00:00] Cells updated: 2
[2026-07-05T23:30:04+00:00] === color-links end (2.6s) ===
[2026-07-05T23:45:01+00:00] === color-links start ===
[2026-07-05T23:45:01+00:00] Unique deals in sheet: 2
[2026-07-05T23:45:01+00:00] Already green: 61, to check: 1
[2026-07-05T23:45:02+00:00] Categories: [3,5,7]
[2026-07-05T23:45:02+00:00] Fetched deals: 1
[2026-07-05T23:45:02+00:00] Colors: green=0 persisted=61, red=1
[2026-07-05T23:45:04+00:00] Cells updated: 2
[2026-07-05T23:45:04+00:00] === color-links end (2.12s) ===
