[2026-07-08T00:00:01+00:00] === color-links start ===
[2026-07-08T00:00:01+00:00] Unique deals in sheet: 2
[2026-07-08T00:00:01+00:00] Already green: 61, to check: 1
[2026-07-08T00:00:01+00:00] Categories: [3,5,7]
[2026-07-08T00:00:01+00:00] Fetched deals: 1
[2026-07-08T00:00:01+00:00] Colors: green=0 persisted=61, red=1
[2026-07-08T00:00:03+00:00] Cells updated: 2
[2026-07-08T00:00:03+00:00] === color-links end (2.34s) ===
[2026-07-08T00:15:02+00:00] === color-links start ===
[2026-07-08T00:15:02+00:00] Unique deals in sheet: 2
[2026-07-08T00:15:02+00:00] Already green: 61, to check: 1
[2026-07-08T00:15:02+00:00] Categories: [3,5,7]
[2026-07-08T00:15:02+00:00] Fetched deals: 1
[2026-07-08T00:15:02+00:00] Colors: green=0 persisted=61, red=1
[2026-07-08T00:15:04+00:00] Cells updated: 2
[2026-07-08T00:15:04+00:00] === color-links end (2.64s) ===
[2026-07-08T00:30:01+00:00] === color-links start ===
[2026-07-08T00:30:01+00:00] Unique deals in sheet: 2
[2026-07-08T00:30:01+00:00] Already green: 61, to check: 1
[2026-07-08T00:30:02+00:00] Categories: [3,5,7]
[2026-07-08T00:30:02+00:00] Fetched deals: 1
[2026-07-08T00:30:02+00:00] Colors: green=0 persisted=61, red=1
[2026-07-08T00:30:03+00:00] Cells updated: 2
[2026-07-08T00:30:03+00:00] === color-links end (1.77s) ===
[2026-07-08T00:45:01+00:00] === color-links start ===
[2026-07-08T00:45:01+00:00] Unique deals in sheet: 2
[2026-07-08T00:45:01+00:00] Already green: 61, to check: 1
[2026-07-08T00:45:01+00:00] Categories: [3,5,7]
[2026-07-08T00:45:01+00:00] Fetched deals: 1
[2026-07-08T00:45:01+00:00] Colors: green=0 persisted=61, red=1
[2026-07-08T00:45:02+00:00] Cells updated: 2
[2026-07-08T00:45:02+00:00] === color-links end (1.61s) ===
[2026-07-08T01:00:01+00:00] === color-links start ===
[2026-07-08T01:00:01+00:00] Unique deals in sheet: 2
[2026-07-08T01:00:01+00:00] Already green: 61, to check: 1
[2026-07-08T01:00:01+00:00] Categories: [3,5,7]
[2026-07-08T01:00:01+00:00] Fetched deals: 1
[2026-07-08T01:00:01+00:00] Colors: green=0 persisted=61, red=1
[2026-07-08T01:00:03+00:00] Cells updated: 2
[2026-07-08T01:00:03+00:00] === color-links end (2.36s) ===
[2026-07-08T01:15:01+00:00] === color-links start ===
[2026-07-08T01:15:01+00:00] Unique deals in sheet: 2
[2026-07-08T01:15:01+00:00] Already green: 61, to check: 1
[2026-07-08T01:15:01+00:00] Categories: [3,5,7]
[2026-07-08T01:15:02+00:00] Fetched deals: 1
[2026-07-08T01:15:02+00:00] Colors: green=0 persisted=61, red=1
[2026-07-08T01:15:03+00:00] Cells updated: 2
[2026-07-08T01:15:03+00:00] === color-links end (1.67s) ===
[2026-07-08T01:30:01+00:00] === color-links start ===
[2026-07-08T01:30:01+00:00] Unique deals in sheet: 2
[2026-07-08T01:30:01+00:00] Already green: 61, to check: 1
[2026-07-08T01:30:01+00:00] Categories: [3,5,7]
[2026-07-08T01:30:01+00:00] Fetched deals: 1
[2026-07-08T01:30:01+00:00] Colors: green=0 persisted=61, red=1
[2026-07-08T01:30:02+00:00] Cells updated: 2
[2026-07-08T01:30:02+00:00] === color-links end (1.62s) ===
[2026-07-08T01:45:01+00:00] === color-links start ===
[2026-07-08T01:45:01+00:00] Unique deals in sheet: 2
[2026-07-08T01:45:01+00:00] Already green: 61, to check: 1
[2026-07-08T01:45:01+00:00] Categories: [3,5,7]
[2026-07-08T01:45:02+00:00] Fetched deals: 1
[2026-07-08T01:45:02+00:00] Colors: green=0 persisted=61, red=1
[2026-07-08T01:45:03+00:00] Cells updated: 2
[2026-07-08T01:45:03+00:00] === color-links end (1.62s) ===
[2026-07-08T02:00:01+00:00] === color-links start ===
[2026-07-08T02:00:01+00:00] Unique deals in sheet: 2
[2026-07-08T02:00:01+00:00] Already green: 61, to check: 1
[2026-07-08T02:00:01+00:00] Categories: [3,5,7]
[2026-07-08T02:00:02+00:00] Fetched deals: 1
[2026-07-08T02:00:02+00:00] Colors: green=0 persisted=61, red=1
[2026-07-08T02:00:03+00:00] Cells updated: 2
[2026-07-08T02:00:03+00:00] === color-links end (1.76s) ===
[2026-07-08T02:15:01+00:00] === color-links start ===
[2026-07-08T02:15:01+00:00] Unique deals in sheet: 2
[2026-07-08T02:15:01+00:00] Already green: 61, to check: 1
[2026-07-08T02:15:02+00:00] Categories: [3,5,7]
[2026-07-08T02:15:02+00:00] Fetched deals: 1
[2026-07-08T02:15:02+00:00] Colors: green=0 persisted=61, red=1
[2026-07-08T02:15:03+00:00] Cells updated: 2
[2026-07-08T02:15:03+00:00] === color-links end (2.1s) ===
[2026-07-08T02:30:01+00:00] === color-links start ===
[2026-07-08T02:30:01+00:00] Unique deals in sheet: 2
[2026-07-08T02:30:01+00:00] Already green: 61, to check: 1
[2026-07-08T02:30:01+00:00] Categories: [3,5,7]
[2026-07-08T02:30:02+00:00] Fetched deals: 1
[2026-07-08T02:30:02+00:00] Colors: green=0 persisted=61, red=1
[2026-07-08T02:30:03+00:00] Cells updated: 2
[2026-07-08T02:30:03+00:00] === color-links end (2s) ===
[2026-07-08T02:45:01+00:00] === color-links start ===
[2026-07-08T02:45:01+00:00] Unique deals in sheet: 2
[2026-07-08T02:45:01+00:00] Already green: 61, to check: 1
[2026-07-08T02:45:02+00:00] Categories: [3,5,7]
[2026-07-08T02:45:02+00:00] Fetched deals: 1
[2026-07-08T02:45:02+00:00] Colors: green=0 persisted=61, red=1
[2026-07-08T02:45:03+00:00] Cells updated: 2
[2026-07-08T02:45:03+00:00] === color-links end (1.56s) ===
[2026-07-08T03:00:01+00:00] === color-links start ===
[2026-07-08T03:00:01+00:00] Unique deals in sheet: 2
[2026-07-08T03:00:01+00:00] Already green: 61, to check: 1
[2026-07-08T03:00:01+00:00] Categories: [3,5,7]
[2026-07-08T03:00:01+00:00] Fetched deals: 1
[2026-07-08T03:00:01+00:00] Colors: green=0 persisted=61, red=1
[2026-07-08T03:00:03+00:00] Cells updated: 2
[2026-07-08T03:00:03+00:00] === color-links end (1.6s) ===
[2026-07-08T03:15:01+00:00] === color-links start ===
[2026-07-08T03:15:01+00:00] Unique deals in sheet: 2
[2026-07-08T03:15:01+00:00] Already green: 61, to check: 1
[2026-07-08T03:15:01+00:00] Categories: [3,5,7]
[2026-07-08T03:15:01+00:00] Fetched deals: 1
[2026-07-08T03:15:01+00:00] Colors: green=0 persisted=61, red=1
[2026-07-08T03:15:02+00:00] Cells updated: 2
[2026-07-08T03:15:02+00:00] === color-links end (1.7s) ===
[2026-07-08T03:30:01+00:00] === color-links start ===
[2026-07-08T03:30:01+00:00] Unique deals in sheet: 2
[2026-07-08T03:30:01+00:00] Already green: 61, to check: 1
[2026-07-08T03:30:01+00:00] Categories: [3,5,7]
[2026-07-08T03:30:01+00:00] Fetched deals: 1
[2026-07-08T03:30:01+00:00] Colors: green=0 persisted=61, red=1
[2026-07-08T03:30:03+00:00] Cells updated: 2
[2026-07-08T03:30:03+00:00] === color-links end (2.22s) ===
[2026-07-08T03:45:02+00:00] === color-links start ===
[2026-07-08T03:45:02+00:00] Unique deals in sheet: 2
[2026-07-08T03:45:02+00:00] Already green: 61, to check: 1
[2026-07-08T03:45:02+00:00] Categories: [3,5,7]
[2026-07-08T03:45:02+00:00] Fetched deals: 1
[2026-07-08T03:45:02+00:00] Colors: green=0 persisted=61, red=1
[2026-07-08T03:45:04+00:00] Cells updated: 2
[2026-07-08T03:45:04+00:00] === color-links end (2.05s) ===
[2026-07-08T04:00:02+00:00] === color-links start ===
[2026-07-08T04:00:02+00:00] Unique deals in sheet: 2
[2026-07-08T04:00:02+00:00] Already green: 61, to check: 1
[2026-07-08T04:00:02+00:00] Categories: [3,5,7]
[2026-07-08T04:00:02+00:00] Fetched deals: 1
[2026-07-08T04:00:02+00:00] Colors: green=0 persisted=61, red=1
[2026-07-08T04:00:03+00:00] Cells updated: 2
[2026-07-08T04:00:03+00:00] === color-links end (1.66s) ===
[2026-07-08T04:15:01+00:00] === color-links start ===
[2026-07-08T04:15:01+00:00] Unique deals in sheet: 2
[2026-07-08T04:15:01+00:00] Already green: 61, to check: 1
[2026-07-08T04:15:01+00:00] Categories: [3,5,7]
[2026-07-08T04:15:01+00:00] Fetched deals: 1
[2026-07-08T04:15:01+00:00] Colors: green=0 persisted=61, red=1
[2026-07-08T04:15:03+00:00] Cells updated: 2
[2026-07-08T04:15:03+00:00] === color-links end (2.25s) ===
[2026-07-08T04:30:01+00:00] === color-links start ===
[2026-07-08T04:30:01+00:00] Unique deals in sheet: 2
[2026-07-08T04:30:01+00:00] Already green: 61, to check: 1
[2026-07-08T04:30:01+00:00] Categories: [3,5,7]
[2026-07-08T04:30:01+00:00] Fetched deals: 1
[2026-07-08T04:30:01+00:00] Colors: green=0 persisted=61, red=1
[2026-07-08T04:30:03+00:00] Cells updated: 2
[2026-07-08T04:30:03+00:00] === color-links end (1.97s) ===
[2026-07-08T04:45:01+00:00] === color-links start ===
[2026-07-08T04:45:01+00:00] Unique deals in sheet: 2
[2026-07-08T04:45:01+00:00] Already green: 61, to check: 1
[2026-07-08T04:45:01+00:00] Categories: [3,5,7]
[2026-07-08T04:45:01+00:00] Fetched deals: 1
[2026-07-08T04:45:01+00:00] Colors: green=0 persisted=61, red=1
[2026-07-08T04:45:03+00:00] Cells updated: 2
[2026-07-08T04:45:03+00:00] === color-links end (1.9s) ===
[2026-07-08T05:00:01+00:00] === color-links start ===
[2026-07-08T05:00:01+00:00] Unique deals in sheet: 2
[2026-07-08T05:00:01+00:00] Already green: 61, to check: 1
[2026-07-08T05:00:02+00:00] Categories: [3,5,7]
[2026-07-08T05:00:02+00:00] Fetched deals: 1
[2026-07-08T05:00:02+00:00] Colors: green=0 persisted=61, red=1
[2026-07-08T05:00:04+00:00] Cells updated: 2
[2026-07-08T05:00:04+00:00] === color-links end (2.58s) ===
[2026-07-08T05:15:01+00:00] === color-links start ===
[2026-07-08T05:15:01+00:00] Unique deals in sheet: 2
[2026-07-08T05:15:01+00:00] Already green: 61, to check: 1
[2026-07-08T05:15:01+00:00] Categories: [3,5,7]
[2026-07-08T05:15:01+00:00] Fetched deals: 1
[2026-07-08T05:15:01+00:00] Colors: green=0 persisted=61, red=1
[2026-07-08T05:15:02+00:00] Cells updated: 2
[2026-07-08T05:15:02+00:00] === color-links end (1.66s) ===
[2026-07-08T05:30:01+00:00] === color-links start ===
[2026-07-08T05:30:01+00:00] Unique deals in sheet: 2
[2026-07-08T05:30:01+00:00] Already green: 61, to check: 1
[2026-07-08T05:30:02+00:00] Categories: [3,5,7]
[2026-07-08T05:30:02+00:00] Fetched deals: 1
[2026-07-08T05:30:02+00:00] Colors: green=0 persisted=61, red=1
[2026-07-08T05:30:03+00:00] Cells updated: 2
[2026-07-08T05:30:03+00:00] === color-links end (1.81s) ===
[2026-07-08T05:45:01+00:00] === color-links start ===
[2026-07-08T05:45:01+00:00] Unique deals in sheet: 2
[2026-07-08T05:45:01+00:00] Already green: 61, to check: 1
[2026-07-08T05:45:01+00:00] Categories: [3,5,7]
[2026-07-08T05:45:01+00:00] Fetched deals: 1
[2026-07-08T05:45:01+00:00] Colors: green=0 persisted=61, red=1
[2026-07-08T05:45:03+00:00] Cells updated: 2
[2026-07-08T05:45:03+00:00] === color-links end (2.74s) ===
[2026-07-08T06:00:01+00:00] === color-links start ===
[2026-07-08T06:00:01+00:00] Unique deals in sheet: 2
[2026-07-08T06:00:01+00:00] Already green: 61, to check: 1
[2026-07-08T06:00:02+00:00] Categories: [3,5,7]
[2026-07-08T06:00:03+00:00] Fetched deals: 1
[2026-07-08T06:00:03+00:00] Colors: green=0 persisted=61, red=1
[2026-07-08T06:00:04+00:00] Cells updated: 2
[2026-07-08T06:00:04+00:00] === color-links end (3.14s) ===
[2026-07-08T06:15:01+00:00] === color-links start ===
[2026-07-08T06:15:01+00:00] Unique deals in sheet: 2
[2026-07-08T06:15:01+00:00] Already green: 61, to check: 1
[2026-07-08T06:15:02+00:00] Categories: [3,5,7]
[2026-07-08T06:15:02+00:00] Fetched deals: 1
[2026-07-08T06:15:02+00:00] Colors: green=0 persisted=61, red=1
[2026-07-08T06:15:03+00:00] Cells updated: 2
[2026-07-08T06:15:03+00:00] === color-links end (2.02s) ===
[2026-07-08T06:30:01+00:00] === color-links start ===
[2026-07-08T06:30:01+00:00] Unique deals in sheet: 2
[2026-07-08T06:30:01+00:00] Already green: 61, to check: 1
[2026-07-08T06:30:01+00:00] Categories: [3,5,7]
[2026-07-08T06:30:01+00:00] Fetched deals: 1
[2026-07-08T06:30:01+00:00] Colors: green=0 persisted=61, red=1
[2026-07-08T06:30:03+00:00] Cells updated: 2
[2026-07-08T06:30:03+00:00] === color-links end (2.12s) ===
[2026-07-08T06:45:01+00:00] === color-links start ===
[2026-07-08T06:45:01+00:00] Unique deals in sheet: 2
[2026-07-08T06:45:01+00:00] Already green: 61, to check: 1
[2026-07-08T06:45:01+00:00] Categories: [3,5,7]
[2026-07-08T06:45:01+00:00] Fetched deals: 1
[2026-07-08T06:45:01+00:00] Colors: green=0 persisted=61, red=1
[2026-07-08T06:45:03+00:00] Cells updated: 2
[2026-07-08T06:45:03+00:00] === color-links end (1.94s) ===
[2026-07-08T07:00:01+00:00] === color-links start ===
[2026-07-08T07:00:01+00:00] Unique deals in sheet: 2
[2026-07-08T07:00:01+00:00] Already green: 61, to check: 1
[2026-07-08T07:00:02+00:00] Categories: [3,5,7]
[2026-07-08T07:00:02+00:00] Fetched deals: 1
[2026-07-08T07:00:02+00:00] Colors: green=0 persisted=61, red=1
[2026-07-08T07:00:03+00:00] Cells updated: 2
[2026-07-08T07:00:03+00:00] === color-links end (2.04s) ===
[2026-07-08T07:15:01+00:00] === color-links start ===
[2026-07-08T07:15:01+00:00] Unique deals in sheet: 2
[2026-07-08T07:15:01+00:00] Already green: 61, to check: 1
[2026-07-08T07:15:01+00:00] Categories: [3,5,7]
[2026-07-08T07:15:01+00:00] Fetched deals: 1
[2026-07-08T07:15:01+00:00] Colors: green=0 persisted=61, red=1
[2026-07-08T07:15:04+00:00] Cells updated: 2
[2026-07-08T07:15:04+00:00] === color-links end (3.34s) ===
[2026-07-08T07:30:01+00:00] === color-links start ===
[2026-07-08T07:30:01+00:00] Unique deals in sheet: 2
[2026-07-08T07:30:01+00:00] Already green: 61, to check: 1
[2026-07-08T07:30:02+00:00] Categories: [3,5,7]
[2026-07-08T07:30:02+00:00] Fetched deals: 1
[2026-07-08T07:30:02+00:00] Colors: green=0 persisted=61, red=1
[2026-07-08T07:30:05+00:00] Cells updated: 2
[2026-07-08T07:30:05+00:00] === color-links end (3.94s) ===
[2026-07-08T07:45:01+00:00] === color-links start ===
[2026-07-08T07:45:01+00:00] Unique deals in sheet: 2
[2026-07-08T07:45:01+00:00] Already green: 61, to check: 1
[2026-07-08T07:45:01+00:00] Categories: [3,5,7]
[2026-07-08T07:45:01+00:00] Fetched deals: 1
[2026-07-08T07:45:01+00:00] Colors: green=0 persisted=61, red=1
[2026-07-08T07:45:03+00:00] Cells updated: 2
[2026-07-08T07:45:03+00:00] === color-links end (2.61s) ===
[2026-07-08T08:00:01+00:00] === color-links start ===
[2026-07-08T08:00:01+00:00] Unique deals in sheet: 2
[2026-07-08T08:00:01+00:00] Already green: 61, to check: 1
[2026-07-08T08:00:02+00:00] Categories: [3,5,7]
[2026-07-08T08:00:02+00:00] Fetched deals: 1
[2026-07-08T08:00:02+00:00] Colors: green=0 persisted=61, red=1
[2026-07-08T08:00:04+00:00] Cells updated: 2
[2026-07-08T08:00:04+00:00] === color-links end (3.38s) ===
[2026-07-08T08:15:01+00:00] === color-links start ===
[2026-07-08T08:15:01+00:00] Unique deals in sheet: 2
[2026-07-08T08:15:01+00:00] Already green: 61, to check: 1
[2026-07-08T08:15:01+00:00] Categories: [3,5,7]
[2026-07-08T08:15:01+00:00] Fetched deals: 1
[2026-07-08T08:15:01+00:00] Colors: green=0 persisted=61, red=1
[2026-07-08T08:15:03+00:00] Cells updated: 2
[2026-07-08T08:15:03+00:00] === color-links end (2.35s) ===
[2026-07-08T08:30:01+00:00] === color-links start ===
[2026-07-08T08:30:01+00:00] Unique deals in sheet: 2
[2026-07-08T08:30:01+00:00] Already green: 61, to check: 1
[2026-07-08T08:30:01+00:00] Categories: [3,5,7]
[2026-07-08T08:30:01+00:00] Fetched deals: 1
[2026-07-08T08:30:01+00:00] Colors: green=0 persisted=61, red=1
[2026-07-08T08:30:03+00:00] Cells updated: 2
[2026-07-08T08:30:03+00:00] === color-links end (1.9s) ===
[2026-07-08T08:45:01+00:00] === color-links start ===
[2026-07-08T08:45:01+00:00] Unique deals in sheet: 2
[2026-07-08T08:45:01+00:00] Already green: 61, to check: 1
[2026-07-08T08:45:01+00:00] Categories: [3,5,7]
[2026-07-08T08:45:01+00:00] Fetched deals: 1
[2026-07-08T08:45:01+00:00] Colors: green=0 persisted=61, red=1
[2026-07-08T08:45:03+00:00] Cells updated: 2
[2026-07-08T08:45:03+00:00] === color-links end (2.64s) ===
[2026-07-08T09:00:01+00:00] === color-links start ===
[2026-07-08T09:00:01+00:00] Unique deals in sheet: 2
[2026-07-08T09:00:01+00:00] Already green: 61, to check: 1
[2026-07-08T09:00:02+00:00] Categories: [3,5,7]
[2026-07-08T09:00:02+00:00] Fetched deals: 1
[2026-07-08T09:00:02+00:00] Colors: green=0 persisted=61, red=1
[2026-07-08T09:00:03+00:00] Cells updated: 2
[2026-07-08T09:00:03+00:00] === color-links end (1.96s) ===
[2026-07-08T09:15:01+00:00] === color-links start ===
[2026-07-08T09:15:01+00:00] Unique deals in sheet: 2
[2026-07-08T09:15:01+00:00] Already green: 61, to check: 1
[2026-07-08T09:15:02+00:00] Categories: [3,5,7]
[2026-07-08T09:15:02+00:00] Fetched deals: 1
[2026-07-08T09:15:02+00:00] Colors: green=0 persisted=61, red=1
[2026-07-08T09:15:04+00:00] Cells updated: 2
[2026-07-08T09:15:04+00:00] === color-links end (3.32s) ===
[2026-07-08T09:30:01+00:00] === color-links start ===
[2026-07-08T09:30:01+00:00] Unique deals in sheet: 2
[2026-07-08T09:30:01+00:00] Already green: 61, to check: 1
[2026-07-08T09:30:01+00:00] Categories: [3,5,7]
[2026-07-08T09:30:02+00:00] Fetched deals: 1
[2026-07-08T09:30:02+00:00] Colors: green=0 persisted=61, red=1
[2026-07-08T09:30:04+00:00] Cells updated: 2
[2026-07-08T09:30:04+00:00] === color-links end (3.09s) ===
[2026-07-08T09:45:01+00:00] === color-links start ===
[2026-07-08T09:45:01+00:00] Unique deals in sheet: 2
[2026-07-08T09:45:01+00:00] Already green: 61, to check: 1
[2026-07-08T09:45:01+00:00] Categories: [3,5,7]
[2026-07-08T09:45:01+00:00] Fetched deals: 1
[2026-07-08T09:45:01+00:00] Colors: green=0 persisted=61, red=1
[2026-07-08T09:45:03+00:00] Cells updated: 2
[2026-07-08T09:45:03+00:00] === color-links end (2.34s) ===
[2026-07-08T10:00:01+00:00] === color-links start ===
[2026-07-08T10:00:01+00:00] Unique deals in sheet: 2
[2026-07-08T10:00:01+00:00] Already green: 61, to check: 1
[2026-07-08T10:00:01+00:00] Categories: [3,5,7]
[2026-07-08T10:00:01+00:00] Fetched deals: 1
[2026-07-08T10:00:01+00:00] Colors: green=0 persisted=61, red=1
[2026-07-08T10:00:03+00:00] Cells updated: 2
[2026-07-08T10:00:03+00:00] === color-links end (1.74s) ===
[2026-07-08T10:15:01+00:00] === color-links start ===
[2026-07-08T10:15:01+00:00] Unique deals in sheet: 2
[2026-07-08T10:15:01+00:00] Already green: 61, to check: 1
[2026-07-08T10:15:02+00:00] Categories: [3,5,7]
[2026-07-08T10:15:02+00:00] Fetched deals: 1
[2026-07-08T10:15:02+00:00] Colors: green=0 persisted=61, red=1
[2026-07-08T10:15:04+00:00] Cells updated: 2
[2026-07-08T10:15:04+00:00] === color-links end (2.38s) ===
[2026-07-08T10:30:01+00:00] === color-links start ===
[2026-07-08T10:30:01+00:00] Unique deals in sheet: 2
[2026-07-08T10:30:01+00:00] Already green: 61, to check: 1
[2026-07-08T10:30:02+00:00] Categories: [3,5,7]
[2026-07-08T10:30:02+00:00] Fetched deals: 1
[2026-07-08T10:30:02+00:00] Colors: green=0 persisted=61, red=1
[2026-07-08T10:30:03+00:00] Cells updated: 2
[2026-07-08T10:30:03+00:00] === color-links end (1.74s) ===
[2026-07-08T10:45:01+00:00] === color-links start ===
[2026-07-08T10:45:01+00:00] Unique deals in sheet: 2
[2026-07-08T10:45:01+00:00] Already green: 61, to check: 1
[2026-07-08T10:45:01+00:00] Categories: [3,5,7]
[2026-07-08T10:45:02+00:00] Fetched deals: 1
[2026-07-08T10:45:02+00:00] Colors: green=0 persisted=61, red=1
[2026-07-08T10:45:03+00:00] Cells updated: 2
[2026-07-08T10:45:03+00:00] === color-links end (2.31s) ===
[2026-07-08T11:00:01+00:00] === color-links start ===
[2026-07-08T11:00:01+00:00] Unique deals in sheet: 2
[2026-07-08T11:00:01+00:00] Already green: 61, to check: 1
[2026-07-08T11:00:01+00:00] Categories: [3,5,7]
[2026-07-08T11:00:01+00:00] Fetched deals: 1
[2026-07-08T11:00:01+00:00] Colors: green=0 persisted=61, red=1
[2026-07-08T11:00:03+00:00] Cells updated: 2
[2026-07-08T11:00:03+00:00] === color-links end (2.22s) ===
[2026-07-08T11:15:01+00:00] === color-links start ===
[2026-07-08T11:15:01+00:00] Unique deals in sheet: 2
[2026-07-08T11:15:01+00:00] Already green: 61, to check: 1
[2026-07-08T11:15:01+00:00] Categories: [3,5,7]
[2026-07-08T11:15:02+00:00] Fetched deals: 1
[2026-07-08T11:15:02+00:00] Colors: green=0 persisted=61, red=1
[2026-07-08T11:15:04+00:00] Cells updated: 2
[2026-07-08T11:15:04+00:00] === color-links end (2.74s) ===
[2026-07-08T11:30:01+00:00] === color-links start ===
[2026-07-08T11:30:01+00:00] Unique deals in sheet: 4
[2026-07-08T11:30:01+00:00] Already green: 61, to check: 3
[2026-07-08T11:30:01+00:00] Categories: [3,5,7]
[2026-07-08T11:30:01+00:00] Fetched deals: 3
[2026-07-08T11:30:01+00:00] NO-COLOR: {"id":"943","cat_id":"5","all_dates":["2026-07-09"],"UF_CRM_1750775559215":"[]","UF_CRM_1751015039070":"false","UF_CRM_1750920048783":"[543]","UF_CRM_1750920231839":"[]","UF_CRM_1770287721239":"[]","UF_CRM_1760359069161":"null","UF_CRM_1758266160075":"[]","UF_CRM_1758530158437":"null"}
[2026-07-08T11:30:01+00:00] NO-COLOR: {"id":"945","cat_id":"5","all_dates":["2026-07-09"],"UF_CRM_1750775559215":"[]","UF_CRM_1751015039070":"false","UF_CRM_1750920048783":"[545]","UF_CRM_1750920231839":"[]","UF_CRM_1770287721239":"[]","UF_CRM_1760359069161":"null","UF_CRM_1758266160075":"[]","UF_CRM_1758530158437":"null"}
[2026-07-08T11:30:01+00:00] Colors: green=0 persisted=61, red=1
[2026-07-08T11:30:03+00:00] Cells updated: 3
[2026-07-08T11:30:03+00:00] === color-links end (1.87s) ===
[2026-07-08T11:45:01+00:00] === color-links start ===
[2026-07-08T11:45:01+00:00] Unique deals in sheet: 2
[2026-07-08T11:45:01+00:00] Already green: 61, to check: 1
[2026-07-08T11:45:01+00:00] Categories: [3,5,7]
[2026-07-08T11:45:01+00:00] Fetched deals: 1
[2026-07-08T11:45:01+00:00] Colors: green=0 persisted=61, red=1
[2026-07-08T11:45:03+00:00] Cells updated: 2
[2026-07-08T11:45:03+00:00] === color-links end (2.4s) ===
[2026-07-08T12:00:01+00:00] === color-links start ===
[2026-07-08T12:00:01+00:00] Unique deals in sheet: 2
[2026-07-08T12:00:01+00:00] Already green: 61, to check: 1
[2026-07-08T12:00:01+00:00] Categories: [3,5,7]
[2026-07-08T12:00:01+00:00] Fetched deals: 1
[2026-07-08T12:00:01+00:00] Colors: green=0 persisted=61, red=1
[2026-07-08T12:00:03+00:00] Cells updated: 2
[2026-07-08T12:00:03+00:00] === color-links end (2.69s) ===
[2026-07-08T12:15:01+00:00] === color-links start ===
[2026-07-08T12:15:01+00:00] Unique deals in sheet: 2
[2026-07-08T12:15:01+00:00] Already green: 61, to check: 1
[2026-07-08T12:15:01+00:00] Categories: [3,5,7]
[2026-07-08T12:15:02+00:00] Fetched deals: 1
[2026-07-08T12:15:02+00:00] Colors: green=0 persisted=61, red=1
[2026-07-08T12:15:04+00:00] Cells updated: 2
[2026-07-08T12:15:04+00:00] === color-links end (2.25s) ===
[2026-07-08T12:30:01+00:00] === color-links start ===
[2026-07-08T12:30:01+00:00] Unique deals in sheet: 2
[2026-07-08T12:30:01+00:00] Already green: 61, to check: 1
[2026-07-08T12:30:01+00:00] Categories: [3,5,7]
[2026-07-08T12:30:01+00:00] Fetched deals: 1
[2026-07-08T12:30:01+00:00] Colors: green=0 persisted=61, red=1
[2026-07-08T12:30:03+00:00] Cells updated: 2
[2026-07-08T12:30:03+00:00] === color-links end (1.75s) ===
[2026-07-08T12:45:01+00:00] === color-links start ===
[2026-07-08T12:45:01+00:00] Unique deals in sheet: 2
[2026-07-08T12:45:01+00:00] Already green: 61, to check: 1
[2026-07-08T12:45:01+00:00] Categories: [3,5,7]
[2026-07-08T12:45:01+00:00] Fetched deals: 1
[2026-07-08T12:45:01+00:00] Colors: green=0 persisted=61, red=1
[2026-07-08T12:45:03+00:00] Cells updated: 2
[2026-07-08T12:45:03+00:00] === color-links end (1.78s) ===
[2026-07-08T13:00:01+00:00] === color-links start ===
[2026-07-08T13:00:01+00:00] Unique deals in sheet: 2
[2026-07-08T13:00:01+00:00] Already green: 61, to check: 1
[2026-07-08T13:00:01+00:00] Categories: [3,5,7]
[2026-07-08T13:00:02+00:00] Fetched deals: 1
[2026-07-08T13:00:02+00:00] Colors: green=0 persisted=61, red=1
[2026-07-08T13:00:03+00:00] Cells updated: 2
[2026-07-08T13:00:03+00:00] === color-links end (1.92s) ===
[2026-07-08T13:15:01+00:00] === color-links start ===
[2026-07-08T13:15:01+00:00] Unique deals in sheet: 2
[2026-07-08T13:15:01+00:00] Already green: 61, to check: 1
[2026-07-08T13:15:02+00:00] Categories: [3,5,7]
[2026-07-08T13:15:02+00:00] Fetched deals: 1
[2026-07-08T13:15:02+00:00] Colors: green=0 persisted=61, red=1
[2026-07-08T13:15:03+00:00] Cells updated: 2
[2026-07-08T13:15:03+00:00] === color-links end (1.75s) ===
[2026-07-08T13:30:01+00:00] === color-links start ===
[2026-07-08T13:30:01+00:00] Unique deals in sheet: 2
[2026-07-08T13:30:01+00:00] Already green: 61, to check: 1
[2026-07-08T13:30:01+00:00] Categories: [3,5,7]
[2026-07-08T13:30:02+00:00] Fetched deals: 1
[2026-07-08T13:30:02+00:00] Colors: green=0 persisted=61, red=1
[2026-07-08T13:30:04+00:00] Cells updated: 2
[2026-07-08T13:30:04+00:00] === color-links end (2.73s) ===
[2026-07-08T13:45:01+00:00] === color-links start ===
[2026-07-08T13:45:01+00:00] Unique deals in sheet: 2
[2026-07-08T13:45:01+00:00] Already green: 61, to check: 1
[2026-07-08T13:45:02+00:00] Categories: [3,5,7]
[2026-07-08T13:45:02+00:00] Fetched deals: 1
[2026-07-08T13:45:02+00:00] Colors: green=0 persisted=61, red=1
[2026-07-08T13:45:04+00:00] Cells updated: 2
[2026-07-08T13:45:04+00:00] === color-links end (2.59s) ===
[2026-07-08T14:00:01+00:00] === color-links start ===
[2026-07-08T14:00:01+00:00] Unique deals in sheet: 2
[2026-07-08T14:00:01+00:00] Already green: 61, to check: 1
[2026-07-08T14:00:01+00:00] Categories: [3,5,7]
[2026-07-08T14:00:01+00:00] Fetched deals: 1
[2026-07-08T14:00:01+00:00] Colors: green=0 persisted=61, red=1
[2026-07-08T14:00:03+00:00] Cells updated: 2
[2026-07-08T14:00:03+00:00] === color-links end (2.32s) ===
[2026-07-08T14:15:01+00:00] === color-links start ===
[2026-07-08T14:15:01+00:00] Unique deals in sheet: 2
[2026-07-08T14:15:01+00:00] Already green: 61, to check: 1
[2026-07-08T14:15:01+00:00] Categories: [3,5,7]
[2026-07-08T14:15:01+00:00] Fetched deals: 1
[2026-07-08T14:15:01+00:00] Colors: green=0 persisted=61, red=1
[2026-07-08T14:15:04+00:00] Cells updated: 2
[2026-07-08T14:15:04+00:00] === color-links end (2.66s) ===
[2026-07-08T14:30:01+00:00] === color-links start ===
[2026-07-08T14:30:01+00:00] Unique deals in sheet: 2
[2026-07-08T14:30:01+00:00] Already green: 61, to check: 1
[2026-07-08T14:30:01+00:00] Categories: [3,5,7]
[2026-07-08T14:30:01+00:00] Fetched deals: 1
[2026-07-08T14:30:01+00:00] Colors: green=0 persisted=61, red=1
[2026-07-08T14:30:03+00:00] Cells updated: 2
[2026-07-08T14:30:03+00:00] === color-links end (2.29s) ===
[2026-07-08T14:45:01+00:00] === color-links start ===
[2026-07-08T14:45:01+00:00] Unique deals in sheet: 2
[2026-07-08T14:45:01+00:00] Already green: 61, to check: 1
[2026-07-08T14:45:01+00:00] Categories: [3,5,7]
[2026-07-08T14:45:01+00:00] Fetched deals: 1
[2026-07-08T14:45:01+00:00] Colors: green=0 persisted=61, red=1
[2026-07-08T14:45:03+00:00] Cells updated: 2
[2026-07-08T14:45:03+00:00] === color-links end (2.06s) ===
[2026-07-08T15:00:01+00:00] === color-links start ===
[2026-07-08T15:00:01+00:00] Unique deals in sheet: 2
[2026-07-08T15:00:01+00:00] Already green: 61, to check: 1
[2026-07-08T15:00:01+00:00] Categories: [3,5,7]
[2026-07-08T15:00:01+00:00] Fetched deals: 1
[2026-07-08T15:00:01+00:00] Colors: green=0 persisted=61, red=1
[2026-07-08T15:00:03+00:00] Cells updated: 2
[2026-07-08T15:00:03+00:00] === color-links end (1.77s) ===
[2026-07-08T15:15:01+00:00] === color-links start ===
[2026-07-08T15:15:01+00:00] Unique deals in sheet: 2
[2026-07-08T15:15:01+00:00] Already green: 61, to check: 1
[2026-07-08T15:15:01+00:00] Categories: [3,5,7]
[2026-07-08T15:15:01+00:00] Fetched deals: 1
[2026-07-08T15:15:01+00:00] Colors: green=0 persisted=61, red=1
[2026-07-08T15:15:03+00:00] Cells updated: 2
[2026-07-08T15:15:03+00:00] === color-links end (2.43s) ===
[2026-07-08T15:30:01+00:00] === color-links start ===
[2026-07-08T15:30:01+00:00] Unique deals in sheet: 2
[2026-07-08T15:30:01+00:00] Already green: 61, to check: 1
[2026-07-08T15:30:02+00:00] Categories: [3,5,7]
[2026-07-08T15:30:02+00:00] Fetched deals: 1
[2026-07-08T15:30:02+00:00] Colors: green=0 persisted=61, red=1
[2026-07-08T15:30:03+00:00] Cells updated: 2
[2026-07-08T15:30:03+00:00] === color-links end (1.75s) ===
[2026-07-08T15:45:01+00:00] === color-links start ===
[2026-07-08T15:45:01+00:00] Unique deals in sheet: 2
[2026-07-08T15:45:01+00:00] Already green: 61, to check: 1
[2026-07-08T15:45:01+00:00] Categories: [3,5,7]
[2026-07-08T15:45:01+00:00] Fetched deals: 1
[2026-07-08T15:45:01+00:00] Colors: green=0 persisted=61, red=1
[2026-07-08T15:45:03+00:00] Cells updated: 2
[2026-07-08T15:45:03+00:00] === color-links end (1.8s) ===
[2026-07-08T16:00:01+00:00] === color-links start ===
[2026-07-08T16:00:01+00:00] Unique deals in sheet: 2
[2026-07-08T16:00:01+00:00] Already green: 61, to check: 1
[2026-07-08T16:00:01+00:00] Categories: [3,5,7]
[2026-07-08T16:00:01+00:00] Fetched deals: 1
[2026-07-08T16:00:01+00:00] Colors: green=0 persisted=61, red=1
[2026-07-08T16:00:03+00:00] Cells updated: 2
[2026-07-08T16:00:03+00:00] === color-links end (2.38s) ===
[2026-07-08T16:15:01+00:00] === color-links start ===
[2026-07-08T16:15:01+00:00] Unique deals in sheet: 2
[2026-07-08T16:15:01+00:00] Already green: 61, to check: 1
[2026-07-08T16:15:01+00:00] Categories: [3,5,7]
[2026-07-08T16:15:01+00:00] Fetched deals: 1
[2026-07-08T16:15:01+00:00] Colors: green=0 persisted=61, red=1
[2026-07-08T16:15:05+00:00] Cells updated: 2
[2026-07-08T16:15:05+00:00] === color-links end (3.71s) ===
[2026-07-08T16:30:01+00:00] === color-links start ===
[2026-07-08T16:30:01+00:00] Unique deals in sheet: 2
[2026-07-08T16:30:01+00:00] Already green: 61, to check: 1
[2026-07-08T16:30:02+00:00] Categories: [3,5,7]
[2026-07-08T16:30:02+00:00] Fetched deals: 1
[2026-07-08T16:30:02+00:00] Colors: green=0 persisted=61, red=1
[2026-07-08T16:30:05+00:00] Cells updated: 2
[2026-07-08T16:30:05+00:00] === color-links end (3.3s) ===
[2026-07-08T16:45:01+00:00] === color-links start ===
[2026-07-08T16:45:01+00:00] Unique deals in sheet: 2
[2026-07-08T16:45:01+00:00] Already green: 61, to check: 1
[2026-07-08T16:45:01+00:00] Categories: [3,5,7]
[2026-07-08T16:45:01+00:00] Fetched deals: 1
[2026-07-08T16:45:01+00:00] Colors: green=0 persisted=61, red=1
[2026-07-08T16:45:04+00:00] Cells updated: 2
[2026-07-08T16:45:04+00:00] === color-links end (3.22s) ===
[2026-07-08T17:00:01+00:00] === color-links start ===
[2026-07-08T17:00:01+00:00] Unique deals in sheet: 2
[2026-07-08T17:00:01+00:00] Already green: 61, to check: 1
[2026-07-08T17:00:02+00:00] Categories: [3,5,7]
[2026-07-08T17:00:02+00:00] Fetched deals: 1
[2026-07-08T17:00:02+00:00] Colors: green=0 persisted=61, red=1
[2026-07-08T17:00:05+00:00] Cells updated: 2
[2026-07-08T17:00:05+00:00] === color-links end (3.49s) ===
[2026-07-08T17:15:01+00:00] === color-links start ===
[2026-07-08T17:15:01+00:00] Unique deals in sheet: 2
[2026-07-08T17:15:01+00:00] Already green: 61, to check: 1
[2026-07-08T17:15:01+00:00] Categories: [3,5,7]
[2026-07-08T17:15:01+00:00] Fetched deals: 1
[2026-07-08T17:15:01+00:00] Colors: green=0 persisted=61, red=1
[2026-07-08T17:15:04+00:00] Cells updated: 2
[2026-07-08T17:15:04+00:00] === color-links end (3.16s) ===
[2026-07-08T17:30:01+00:00] === color-links start ===
[2026-07-08T17:30:01+00:00] Unique deals in sheet: 2
[2026-07-08T17:30:01+00:00] Already green: 61, to check: 1
[2026-07-08T17:30:02+00:00] Categories: [3,5,7]
[2026-07-08T17:30:02+00:00] Fetched deals: 1
[2026-07-08T17:30:02+00:00] Colors: green=0 persisted=61, red=1
[2026-07-08T17:30:04+00:00] Cells updated: 2
[2026-07-08T17:30:04+00:00] === color-links end (2.79s) ===
[2026-07-08T17:45:01+00:00] === color-links start ===
[2026-07-08T17:45:01+00:00] Unique deals in sheet: 2
[2026-07-08T17:45:01+00:00] Already green: 61, to check: 1
[2026-07-08T17:45:01+00:00] Categories: [3,5,7]
[2026-07-08T17:45:01+00:00] Fetched deals: 1
[2026-07-08T17:45:01+00:00] Colors: green=0 persisted=61, red=1
[2026-07-08T17:45:04+00:00] Cells updated: 2
[2026-07-08T17:45:04+00:00] === color-links end (3.24s) ===
[2026-07-08T18:00:01+00:00] === color-links start ===
[2026-07-08T18:00:01+00:00] Unique deals in sheet: 2
[2026-07-08T18:00:01+00:00] Already green: 61, to check: 1
[2026-07-08T18:00:02+00:00] Categories: [3,5,7]
[2026-07-08T18:00:02+00:00] Fetched deals: 1
[2026-07-08T18:00:02+00:00] Colors: green=0 persisted=61, red=1
[2026-07-08T18:00:05+00:00] Cells updated: 2
[2026-07-08T18:00:05+00:00] === color-links end (3.26s) ===
[2026-07-08T18:15:01+00:00] === color-links start ===
[2026-07-08T18:15:01+00:00] Unique deals in sheet: 2
[2026-07-08T18:15:01+00:00] Already green: 61, to check: 1
[2026-07-08T18:15:01+00:00] Categories: [3,5,7]
[2026-07-08T18:15:01+00:00] Fetched deals: 1
[2026-07-08T18:15:01+00:00] Colors: green=0 persisted=61, red=1
[2026-07-08T18:15:04+00:00] Cells updated: 2
[2026-07-08T18:15:04+00:00] === color-links end (3.24s) ===
[2026-07-08T18:30:01+00:00] === color-links start ===
[2026-07-08T18:30:01+00:00] Unique deals in sheet: 2
[2026-07-08T18:30:01+00:00] Already green: 61, to check: 1
[2026-07-08T18:30:01+00:00] Categories: [3,5,7]
[2026-07-08T18:30:01+00:00] Fetched deals: 1
[2026-07-08T18:30:01+00:00] Colors: green=0 persisted=61, red=1
[2026-07-08T18:30:04+00:00] Cells updated: 2
[2026-07-08T18:30:04+00:00] === color-links end (3.2s) ===
[2026-07-08T18:45:01+00:00] === color-links start ===
[2026-07-08T18:45:01+00:00] Unique deals in sheet: 2
[2026-07-08T18:45:01+00:00] Already green: 61, to check: 1
[2026-07-08T18:45:01+00:00] Categories: [3,5,7]
[2026-07-08T18:45:01+00:00] Fetched deals: 1
[2026-07-08T18:45:01+00:00] Colors: green=0 persisted=61, red=1
[2026-07-08T18:45:03+00:00] Cells updated: 2
[2026-07-08T18:45:03+00:00] === color-links end (2.21s) ===
[2026-07-08T19:00:01+00:00] === color-links start ===
[2026-07-08T19:00:01+00:00] Unique deals in sheet: 2
[2026-07-08T19:00:01+00:00] Already green: 61, to check: 1
[2026-07-08T19:00:02+00:00] Categories: [3,5,7]
[2026-07-08T19:00:03+00:00] Fetched deals: 1
[2026-07-08T19:00:03+00:00] Colors: green=0 persisted=61, red=1
[2026-07-08T19:00:05+00:00] Cells updated: 2
[2026-07-08T19:00:05+00:00] === color-links end (4.1s) ===
[2026-07-08T19:15:01+00:00] === color-links start ===
[2026-07-08T19:15:01+00:00] Unique deals in sheet: 2
[2026-07-08T19:15:01+00:00] Already green: 61, to check: 1
[2026-07-08T19:15:01+00:00] Categories: [3,5,7]
[2026-07-08T19:15:01+00:00] Fetched deals: 1
[2026-07-08T19:15:01+00:00] Colors: green=0 persisted=61, red=1
[2026-07-08T19:15:03+00:00] Cells updated: 2
[2026-07-08T19:15:03+00:00] === color-links end (2.29s) ===
[2026-07-08T19:30:02+00:00] === color-links start ===
[2026-07-08T19:30:02+00:00] Unique deals in sheet: 2
[2026-07-08T19:30:02+00:00] Already green: 61, to check: 1
[2026-07-08T19:30:02+00:00] Categories: [3,5,7]
[2026-07-08T19:30:02+00:00] Fetched deals: 1
[2026-07-08T19:30:02+00:00] Colors: green=0 persisted=61, red=1
[2026-07-08T19:30:04+00:00] Cells updated: 2
[2026-07-08T19:30:04+00:00] === color-links end (2.73s) ===
[2026-07-08T19:45:01+00:00] === color-links start ===
[2026-07-08T19:45:01+00:00] Unique deals in sheet: 2
[2026-07-08T19:45:01+00:00] Already green: 61, to check: 1
[2026-07-08T19:45:01+00:00] Categories: [3,5,7]
[2026-07-08T19:45:01+00:00] Fetched deals: 1
[2026-07-08T19:45:01+00:00] Colors: green=0 persisted=61, red=1
[2026-07-08T19:45:03+00:00] Cells updated: 2
[2026-07-08T19:45:03+00:00] === color-links end (2.61s) ===
[2026-07-08T20:00:01+00:00] === color-links start ===
[2026-07-08T20:00:01+00:00] Unique deals in sheet: 2
[2026-07-08T20:00:01+00:00] Already green: 61, to check: 1
[2026-07-08T20:00:01+00:00] Categories: [3,5,7]
[2026-07-08T20:00:01+00:00] Fetched deals: 1
[2026-07-08T20:00:01+00:00] Colors: green=0 persisted=61, red=1
[2026-07-08T20:00:04+00:00] Cells updated: 2
[2026-07-08T20:00:04+00:00] === color-links end (2.84s) ===
[2026-07-08T20:15:01+00:00] === color-links start ===
[2026-07-08T20:15:01+00:00] Unique deals in sheet: 2
[2026-07-08T20:15:01+00:00] Already green: 61, to check: 1
[2026-07-08T20:15:02+00:00] Categories: [3,5,7]
[2026-07-08T20:15:02+00:00] Fetched deals: 1
[2026-07-08T20:15:02+00:00] Colors: green=0 persisted=61, red=1
[2026-07-08T20:15:04+00:00] Cells updated: 2
[2026-07-08T20:15:04+00:00] === color-links end (2.87s) ===
[2026-07-08T20:30:01+00:00] === color-links start ===
[2026-07-08T20:30:01+00:00] Unique deals in sheet: 2
[2026-07-08T20:30:01+00:00] Already green: 61, to check: 1
[2026-07-08T20:30:01+00:00] Categories: [3,5,7]
[2026-07-08T20:30:02+00:00] Fetched deals: 1
[2026-07-08T20:30:02+00:00] Colors: green=0 persisted=61, red=1
[2026-07-08T20:30:03+00:00] Cells updated: 2
[2026-07-08T20:30:03+00:00] === color-links end (1.75s) ===
[2026-07-08T20:45:01+00:00] === color-links start ===
[2026-07-08T20:45:01+00:00] Unique deals in sheet: 2
[2026-07-08T20:45:01+00:00] Already green: 61, to check: 1
[2026-07-08T20:45:02+00:00] Categories: [3,5,7]
[2026-07-08T20:45:02+00:00] Fetched deals: 1
[2026-07-08T20:45:02+00:00] Colors: green=0 persisted=61, red=1
[2026-07-08T20:45:03+00:00] Cells updated: 2
[2026-07-08T20:45:03+00:00] === color-links end (1.72s) ===
[2026-07-08T21:00:02+00:00] === color-links start ===
[2026-07-08T21:00:02+00:00] Unique deals in sheet: 2
[2026-07-08T21:00:02+00:00] Already green: 61, to check: 1
[2026-07-08T21:00:05+00:00] Categories: [3,5,7]
[2026-07-08T21:00:08+00:00] Fetched deals: 1
[2026-07-08T21:00:08+00:00] Colors: green=0 persisted=61, red=1
[2026-07-08T21:00:10+00:00] Cells updated: 2
[2026-07-08T21:00:10+00:00] === color-links end (8.52s) ===
[2026-07-08T21:15:01+00:00] === color-links start ===
[2026-07-08T21:15:01+00:00] Unique deals in sheet: 2
[2026-07-08T21:15:01+00:00] Already green: 61, to check: 1
[2026-07-08T21:15:02+00:00] Categories: [3,5,7]
[2026-07-08T21:15:02+00:00] Fetched deals: 1
[2026-07-08T21:15:02+00:00] Colors: green=0 persisted=61, red=1
[2026-07-08T21:15:03+00:00] Cells updated: 2
[2026-07-08T21:15:03+00:00] === color-links end (2.15s) ===
[2026-07-08T21:30:01+00:00] === color-links start ===
[2026-07-08T21:30:01+00:00] Unique deals in sheet: 2
[2026-07-08T21:30:01+00:00] Already green: 61, to check: 1
[2026-07-08T21:30:01+00:00] Categories: [3,5,7]
[2026-07-08T21:30:01+00:00] Fetched deals: 1
[2026-07-08T21:30:01+00:00] Colors: green=0 persisted=61, red=1
[2026-07-08T21:30:03+00:00] Cells updated: 2
[2026-07-08T21:30:03+00:00] === color-links end (2.2s) ===
[2026-07-08T21:45:01+00:00] === color-links start ===
[2026-07-08T21:45:01+00:00] Unique deals in sheet: 2
[2026-07-08T21:45:01+00:00] Already green: 61, to check: 1
[2026-07-08T21:45:01+00:00] Categories: [3,5,7]
[2026-07-08T21:45:01+00:00] Fetched deals: 1
[2026-07-08T21:45:01+00:00] Colors: green=0 persisted=61, red=1
[2026-07-08T21:45:02+00:00] Cells updated: 2
[2026-07-08T21:45:02+00:00] === color-links end (1.67s) ===
[2026-07-08T22:00:02+00:00] === color-links start ===
[2026-07-08T22:00:02+00:00] Unique deals in sheet: 2
[2026-07-08T22:00:02+00:00] Already green: 61, to check: 1
[2026-07-08T22:00:02+00:00] Categories: [3,5,7]
[2026-07-08T22:00:02+00:00] Fetched deals: 1
[2026-07-08T22:00:02+00:00] Colors: green=0 persisted=61, red=1
[2026-07-08T22:00:03+00:00] Cells updated: 2
[2026-07-08T22:00:03+00:00] === color-links end (1.71s) ===
[2026-07-08T22:15:01+00:00] === color-links start ===
[2026-07-08T22:15:01+00:00] Unique deals in sheet: 2
[2026-07-08T22:15:01+00:00] Already green: 61, to check: 1
[2026-07-08T22:15:01+00:00] Categories: [3,5,7]
[2026-07-08T22:15:01+00:00] Fetched deals: 1
[2026-07-08T22:15:01+00:00] Colors: green=0 persisted=61, red=1
[2026-07-08T22:15:02+00:00] Cells updated: 2
[2026-07-08T22:15:02+00:00] === color-links end (1.69s) ===
[2026-07-08T22:30:01+00:00] === color-links start ===
[2026-07-08T22:30:01+00:00] Unique deals in sheet: 2
[2026-07-08T22:30:01+00:00] Already green: 61, to check: 1
[2026-07-08T22:30:01+00:00] Categories: [3,5,7]
[2026-07-08T22:30:01+00:00] Fetched deals: 1
[2026-07-08T22:30:01+00:00] Colors: green=0 persisted=61, red=1
[2026-07-08T22:30:03+00:00] Cells updated: 2
[2026-07-08T22:30:03+00:00] === color-links end (2.17s) ===
[2026-07-08T22:45:01+00:00] === color-links start ===
[2026-07-08T22:45:01+00:00] Unique deals in sheet: 2
[2026-07-08T22:45:01+00:00] Already green: 61, to check: 1
[2026-07-08T22:45:01+00:00] Categories: [3,5,7]
[2026-07-08T22:45:02+00:00] Fetched deals: 1
[2026-07-08T22:45:02+00:00] Colors: green=0 persisted=61, red=1
[2026-07-08T22:45:03+00:00] Cells updated: 2
[2026-07-08T22:45:03+00:00] === color-links end (1.69s) ===
[2026-07-08T23:00:01+00:00] === color-links start ===
[2026-07-08T23:00:01+00:00] Unique deals in sheet: 2
[2026-07-08T23:00:01+00:00] Already green: 61, to check: 1
[2026-07-08T23:00:01+00:00] Categories: [3,5,7]
[2026-07-08T23:00:01+00:00] Fetched deals: 1
[2026-07-08T23:00:01+00:00] Colors: green=0 persisted=61, red=1
[2026-07-08T23:00:03+00:00] Cells updated: 2
[2026-07-08T23:00:03+00:00] === color-links end (1.82s) ===
[2026-07-08T23:15:01+00:00] === color-links start ===
[2026-07-08T23:15:01+00:00] Unique deals in sheet: 2
[2026-07-08T23:15:01+00:00] Already green: 61, to check: 1
[2026-07-08T23:15:01+00:00] Categories: [3,5,7]
[2026-07-08T23:15:01+00:00] Fetched deals: 1
[2026-07-08T23:15:01+00:00] Colors: green=0 persisted=61, red=1
[2026-07-08T23:15:03+00:00] Cells updated: 2
[2026-07-08T23:15:03+00:00] === color-links end (1.58s) ===
[2026-07-08T23:30:02+00:00] === color-links start ===
[2026-07-08T23:30:02+00:00] Unique deals in sheet: 2
[2026-07-08T23:30:02+00:00] Already green: 61, to check: 1
[2026-07-08T23:30:02+00:00] Categories: [3,5,7]
[2026-07-08T23:30:02+00:00] Fetched deals: 1
[2026-07-08T23:30:02+00:00] Colors: green=0 persisted=61, red=1
[2026-07-08T23:30:04+00:00] Cells updated: 2
[2026-07-08T23:30:04+00:00] === color-links end (2.72s) ===
[2026-07-08T23:45:01+00:00] === color-links start ===
[2026-07-08T23:45:01+00:00] Unique deals in sheet: 2
[2026-07-08T23:45:01+00:00] Already green: 61, to check: 1
[2026-07-08T23:45:01+00:00] Categories: [3,5,7]
[2026-07-08T23:45:01+00:00] Fetched deals: 1
[2026-07-08T23:45:01+00:00] Colors: green=0 persisted=61, red=1
[2026-07-08T23:45:03+00:00] Cells updated: 2
[2026-07-08T23:45:03+00:00] === color-links end (2.37s) ===
