[2026-07-31T00:00:01+00:00] === color-links start ===
[2026-07-31T00:00:01+00:00] Unique deals in sheet: 9
[2026-07-31T00:00:01+00:00] Already green: 220, to check: 9
[2026-07-31T00:00:01+00:00] Categories: [3,5,7]
[2026-07-31T00:00:02+00:00] Fetched deals: 9
[2026-07-31T00:00:02+00:00] Deals with rules: 9, persisted green=220
[2026-07-31T00:00:03+00:00] Persisted new greens: 1
[2026-07-31T00:00:04+00:00] Cells updated: 6
[2026-07-31T00:00:04+00:00] === color-links end (2.62s) ===
[2026-07-31T00:15:01+00:00] === color-links start ===
[2026-07-31T00:15:01+00:00] Unique deals in sheet: 9
[2026-07-31T00:15:01+00:00] Already green: 221, to check: 9
[2026-07-31T00:15:01+00:00] Categories: [3,5,7]
[2026-07-31T00:15:01+00:00] Fetched deals: 9
[2026-07-31T00:15:01+00:00] Deals with rules: 9, persisted green=221
[2026-07-31T00:15:02+00:00] Persisted new greens: 1
[2026-07-31T00:15:03+00:00] Cells updated: 6
[2026-07-31T00:15:03+00:00] === color-links end (2.12s) ===
[2026-07-31T00:30:01+00:00] === color-links start ===
[2026-07-31T00:30:01+00:00] Unique deals in sheet: 9
[2026-07-31T00:30:01+00:00] Already green: 222, to check: 9
[2026-07-31T00:30:01+00:00] Categories: [3,5,7]
[2026-07-31T00:30:01+00:00] Fetched deals: 9
[2026-07-31T00:30:01+00:00] Deals with rules: 9, persisted green=222
[2026-07-31T00:30:02+00:00] Persisted new greens: 1
[2026-07-31T00:30:03+00:00] Cells updated: 6
[2026-07-31T00:30:03+00:00] === color-links end (1.98s) ===
[2026-07-31T00:45:01+00:00] === color-links start ===
[2026-07-31T00:45:01+00:00] Unique deals in sheet: 9
[2026-07-31T00:45:01+00:00] Already green: 223, to check: 9
[2026-07-31T00:45:01+00:00] Categories: [3,5,7]
[2026-07-31T00:45:01+00:00] Fetched deals: 9
[2026-07-31T00:45:01+00:00] Deals with rules: 9, persisted green=223
[2026-07-31T00:45:02+00:00] Persisted new greens: 1
[2026-07-31T00:45:02+00:00] Cells updated: 6
[2026-07-31T00:45:02+00:00] === color-links end (1.59s) ===
[2026-07-31T01:00:01+00:00] === color-links start ===
[2026-07-31T01:00:01+00:00] Unique deals in sheet: 9
[2026-07-31T01:00:01+00:00] Already green: 224, to check: 9
[2026-07-31T01:00:01+00:00] Categories: [3,5,7]
[2026-07-31T01:00:01+00:00] Fetched deals: 9
[2026-07-31T01:00:01+00:00] Deals with rules: 9, persisted green=224
[2026-07-31T01:00:02+00:00] Persisted new greens: 1
[2026-07-31T01:00:04+00:00] Cells updated: 6
[2026-07-31T01:00:04+00:00] === color-links end (3.09s) ===
[2026-07-31T01:15:01+00:00] === color-links start ===
[2026-07-31T01:15:01+00:00] Unique deals in sheet: 9
[2026-07-31T01:15:01+00:00] Already green: 225, to check: 9
[2026-07-31T01:15:01+00:00] Categories: [3,5,7]
[2026-07-31T01:15:02+00:00] Fetched deals: 9
[2026-07-31T01:15:02+00:00] Deals with rules: 9, persisted green=225
[2026-07-31T01:15:03+00:00] Persisted new greens: 1
[2026-07-31T01:15:04+00:00] Cells updated: 6
[2026-07-31T01:15:04+00:00] === color-links end (2.73s) ===
[2026-07-31T01:30:01+00:00] === color-links start ===
[2026-07-31T01:30:01+00:00] Unique deals in sheet: 9
[2026-07-31T01:30:01+00:00] Already green: 226, to check: 9
[2026-07-31T01:30:01+00:00] Categories: [3,5,7]
[2026-07-31T01:30:01+00:00] Fetched deals: 9
[2026-07-31T01:30:01+00:00] Deals with rules: 9, persisted green=226
[2026-07-31T01:30:03+00:00] Persisted new greens: 1
[2026-07-31T01:30:03+00:00] Cells updated: 6
[2026-07-31T01:30:03+00:00] === color-links end (2.17s) ===
[2026-07-31T01:45:01+00:00] === color-links start ===
[2026-07-31T01:45:01+00:00] Unique deals in sheet: 9
[2026-07-31T01:45:01+00:00] Already green: 227, to check: 9
[2026-07-31T01:45:02+00:00] Categories: [3,5,7]
[2026-07-31T01:45:02+00:00] Fetched deals: 9
[2026-07-31T01:45:02+00:00] Deals with rules: 9, persisted green=227
[2026-07-31T01:45:03+00:00] Persisted new greens: 1
[2026-07-31T01:45:04+00:00] Cells updated: 6
[2026-07-31T01:45:04+00:00] === color-links end (2.62s) ===
[2026-07-31T02:00:01+00:00] === color-links start ===
[2026-07-31T02:00:01+00:00] Unique deals in sheet: 9
[2026-07-31T02:00:01+00:00] Already green: 228, to check: 9
[2026-07-31T02:00:02+00:00] Categories: [3,5,7]
[2026-07-31T02:00:02+00:00] Fetched deals: 9
[2026-07-31T02:00:02+00:00] Deals with rules: 9, persisted green=228
[2026-07-31T02:00:03+00:00] Persisted new greens: 1
[2026-07-31T02:00:04+00:00] Cells updated: 6
[2026-07-31T02:00:04+00:00] === color-links end (2.58s) ===
[2026-07-31T02:15:02+00:00] === color-links start ===
[2026-07-31T02:15:02+00:00] Unique deals in sheet: 9
[2026-07-31T02:15:02+00:00] Already green: 229, to check: 9
[2026-07-31T02:15:02+00:00] Categories: [3,5,7]
[2026-07-31T02:15:02+00:00] Fetched deals: 9
[2026-07-31T02:15:02+00:00] Deals with rules: 9, persisted green=229
[2026-07-31T02:15:02+00:00] Persisted new greens: 1
[2026-07-31T02:15:03+00:00] Cells updated: 6
[2026-07-31T02:15:03+00:00] === color-links end (1.62s) ===
[2026-07-31T02:30:01+00:00] === color-links start ===
[2026-07-31T02:30:01+00:00] Unique deals in sheet: 9
[2026-07-31T02:30:01+00:00] Already green: 230, to check: 9
[2026-07-31T02:30:01+00:00] Categories: [3,5,7]
[2026-07-31T02:30:01+00:00] Fetched deals: 9
[2026-07-31T02:30:01+00:00] Deals with rules: 9, persisted green=230
[2026-07-31T02:30:01+00:00] Persisted new greens: 1
[2026-07-31T02:30:02+00:00] Cells updated: 6
[2026-07-31T02:30:02+00:00] === color-links end (1.56s) ===
[2026-07-31T02:45:01+00:00] === color-links start ===
[2026-07-31T02:45:01+00:00] Unique deals in sheet: 9
[2026-07-31T02:45:01+00:00] Already green: 231, to check: 9
[2026-07-31T02:45:01+00:00] Categories: [3,5,7]
[2026-07-31T02:45:02+00:00] Fetched deals: 9
[2026-07-31T02:45:02+00:00] Deals with rules: 9, persisted green=231
[2026-07-31T02:45:02+00:00] Persisted new greens: 1
[2026-07-31T02:45:03+00:00] Cells updated: 6
[2026-07-31T02:45:03+00:00] === color-links end (1.63s) ===
[2026-07-31T03:00:01+00:00] === color-links start ===
[2026-07-31T03:00:01+00:00] Unique deals in sheet: 9
[2026-07-31T03:00:01+00:00] Already green: 232, to check: 9
[2026-07-31T03:00:01+00:00] Categories: [3,5,7]
[2026-07-31T03:00:01+00:00] Fetched deals: 9
[2026-07-31T03:00:01+00:00] Deals with rules: 9, persisted green=232
[2026-07-31T03:00:02+00:00] Persisted new greens: 1
[2026-07-31T03:00:03+00:00] Cells updated: 6
[2026-07-31T03:00:03+00:00] === color-links end (2.15s) ===
[2026-07-31T03:15:01+00:00] === color-links start ===
[2026-07-31T03:15:01+00:00] Unique deals in sheet: 9
[2026-07-31T03:15:01+00:00] Already green: 233, to check: 9
[2026-07-31T03:15:02+00:00] Categories: [3,5,7]
[2026-07-31T03:15:02+00:00] Fetched deals: 9
[2026-07-31T03:15:02+00:00] Deals with rules: 9, persisted green=233
[2026-07-31T03:15:02+00:00] Persisted new greens: 1
[2026-07-31T03:15:04+00:00] Cells updated: 6
[2026-07-31T03:15:04+00:00] === color-links end (2.13s) ===
[2026-07-31T03:30:01+00:00] === color-links start ===
[2026-07-31T03:30:01+00:00] Unique deals in sheet: 9
[2026-07-31T03:30:01+00:00] Already green: 234, to check: 9
[2026-07-31T03:30:02+00:00] Categories: [3,5,7]
[2026-07-31T03:30:02+00:00] Fetched deals: 9
[2026-07-31T03:30:02+00:00] Deals with rules: 9, persisted green=234
[2026-07-31T03:30:02+00:00] Persisted new greens: 1
[2026-07-31T03:30:03+00:00] Cells updated: 6
[2026-07-31T03:30:03+00:00] === color-links end (2.08s) ===
[2026-07-31T03:45:01+00:00] === color-links start ===
[2026-07-31T03:45:01+00:00] Unique deals in sheet: 9
[2026-07-31T03:45:01+00:00] Already green: 235, to check: 9
[2026-07-31T03:45:02+00:00] Categories: [3,5,7]
[2026-07-31T03:45:02+00:00] Fetched deals: 9
[2026-07-31T03:45:02+00:00] Deals with rules: 9, persisted green=235
[2026-07-31T03:45:03+00:00] Persisted new greens: 1
[2026-07-31T03:45:03+00:00] Cells updated: 6
[2026-07-31T03:45:03+00:00] === color-links end (1.73s) ===
[2026-07-31T04:00:01+00:00] === color-links start ===
[2026-07-31T04:00:01+00:00] Unique deals in sheet: 9
[2026-07-31T04:00:01+00:00] Already green: 236, to check: 9
[2026-07-31T04:00:01+00:00] Categories: [3,5,7]
[2026-07-31T04:00:01+00:00] Fetched deals: 9
[2026-07-31T04:00:01+00:00] Deals with rules: 9, persisted green=236
[2026-07-31T04:00:02+00:00] Persisted new greens: 1
[2026-07-31T04:00:03+00:00] Cells updated: 6
[2026-07-31T04:00:03+00:00] === color-links end (1.6s) ===
[2026-07-31T04:15:01+00:00] === color-links start ===
[2026-07-31T04:15:01+00:00] Unique deals in sheet: 9
[2026-07-31T04:15:01+00:00] Already green: 237, to check: 9
[2026-07-31T04:15:01+00:00] Categories: [3,5,7]
[2026-07-31T04:15:02+00:00] Fetched deals: 9
[2026-07-31T04:15:02+00:00] Deals with rules: 9, persisted green=237
[2026-07-31T04:15:02+00:00] Persisted new greens: 1
[2026-07-31T04:15:03+00:00] Cells updated: 6
[2026-07-31T04:15:03+00:00] === color-links end (1.76s) ===
[2026-07-31T04:30:01+00:00] === color-links start ===
[2026-07-31T04:30:01+00:00] Unique deals in sheet: 9
[2026-07-31T04:30:01+00:00] Already green: 238, to check: 9
[2026-07-31T04:30:01+00:00] Categories: [3,5,7]
[2026-07-31T04:30:01+00:00] Fetched deals: 9
[2026-07-31T04:30:01+00:00] Deals with rules: 9, persisted green=238
[2026-07-31T04:30:02+00:00] Persisted new greens: 1
[2026-07-31T04:30:03+00:00] Cells updated: 6
[2026-07-31T04:30:03+00:00] === color-links end (2.53s) ===
[2026-07-31T04:45:02+00:00] === color-links start ===
[2026-07-31T04:45:02+00:00] Unique deals in sheet: 9
[2026-07-31T04:45:02+00:00] Already green: 239, to check: 9
[2026-07-31T04:45:02+00:00] Categories: [3,5,7]
[2026-07-31T04:45:02+00:00] Fetched deals: 9
[2026-07-31T04:45:02+00:00] Deals with rules: 9, persisted green=239
[2026-07-31T04:45:02+00:00] Persisted new greens: 1
[2026-07-31T04:45:03+00:00] Cells updated: 6
[2026-07-31T04:45:03+00:00] === color-links end (1.55s) ===
[2026-07-31T05:00:02+00:00] === color-links start ===
[2026-07-31T05:00:02+00:00] Unique deals in sheet: 9
[2026-07-31T05:00:02+00:00] Already green: 240, to check: 9
[2026-07-31T05:00:02+00:00] Categories: [3,5,7]
[2026-07-31T05:00:02+00:00] Fetched deals: 9
[2026-07-31T05:00:02+00:00] Deals with rules: 9, persisted green=240
[2026-07-31T05:00:03+00:00] Persisted new greens: 1
[2026-07-31T05:00:03+00:00] Cells updated: 6
[2026-07-31T05:00:03+00:00] === color-links end (1.7s) ===
[2026-07-31T05:15:01+00:00] === color-links start ===
[2026-07-31T05:15:01+00:00] Unique deals in sheet: 9
[2026-07-31T05:15:01+00:00] Already green: 241, to check: 9
[2026-07-31T05:15:01+00:00] Categories: [3,5,7]
[2026-07-31T05:15:01+00:00] Fetched deals: 9
[2026-07-31T05:15:01+00:00] Deals with rules: 9, persisted green=241
[2026-07-31T05:15:02+00:00] Persisted new greens: 1
[2026-07-31T05:15:02+00:00] Cells updated: 6
[2026-07-31T05:15:02+00:00] === color-links end (1.69s) ===
[2026-07-31T05:30:01+00:00] === color-links start ===
[2026-07-31T05:30:01+00:00] Unique deals in sheet: 9
[2026-07-31T05:30:01+00:00] Already green: 242, to check: 9
[2026-07-31T05:30:01+00:00] Categories: [3,5,7]
[2026-07-31T05:30:01+00:00] Fetched deals: 9
[2026-07-31T05:30:01+00:00] Deals with rules: 9, persisted green=242
[2026-07-31T05:30:02+00:00] Persisted new greens: 1
[2026-07-31T05:30:03+00:00] Cells updated: 6
[2026-07-31T05:30:03+00:00] === color-links end (2.06s) ===
[2026-07-31T05:45:01+00:00] === color-links start ===
[2026-07-31T05:45:01+00:00] Unique deals in sheet: 9
[2026-07-31T05:45:01+00:00] Already green: 243, to check: 9
[2026-07-31T05:45:01+00:00] Categories: [3,5,7]
[2026-07-31T05:45:02+00:00] Fetched deals: 9
[2026-07-31T05:45:02+00:00] Deals with rules: 9, persisted green=243
[2026-07-31T05:45:02+00:00] Persisted new greens: 1
[2026-07-31T05:45:03+00:00] Cells updated: 6
[2026-07-31T05:45:03+00:00] === color-links end (1.65s) ===
[2026-07-31T06:00:01+00:00] === color-links start ===
[2026-07-31T06:00:01+00:00] Unique deals in sheet: 9
[2026-07-31T06:00:01+00:00] Already green: 244, to check: 9
[2026-07-31T06:00:01+00:00] Categories: [3,5,7]
[2026-07-31T06:00:01+00:00] Fetched deals: 9
[2026-07-31T06:00:01+00:00] Deals with rules: 9, persisted green=244
[2026-07-31T06:00:02+00:00] Persisted new greens: 1
[2026-07-31T06:00:03+00:00] Cells updated: 6
[2026-07-31T06:00:03+00:00] === color-links end (2.56s) ===
[2026-07-31T06:15:01+00:00] === color-links start ===
[2026-07-31T06:15:01+00:00] Unique deals in sheet: 9
[2026-07-31T06:15:01+00:00] Already green: 245, to check: 9
[2026-07-31T06:15:01+00:00] Categories: [3,5,7]
[2026-07-31T06:15:01+00:00] Fetched deals: 9
[2026-07-31T06:15:01+00:00] Deals with rules: 9, persisted green=245
[2026-07-31T06:15:02+00:00] Persisted new greens: 1
[2026-07-31T06:15:03+00:00] Cells updated: 6
[2026-07-31T06:15:03+00:00] === color-links end (1.72s) ===
[2026-07-31T06:30:01+00:00] === color-links start ===
[2026-07-31T06:30:01+00:00] Unique deals in sheet: 9
[2026-07-31T06:30:01+00:00] Already green: 246, to check: 9
[2026-07-31T06:30:01+00:00] Categories: [3,5,7]
[2026-07-31T06:30:01+00:00] Fetched deals: 9
[2026-07-31T06:30:01+00:00] Deals with rules: 9, persisted green=246
[2026-07-31T06:30:02+00:00] Persisted new greens: 1
[2026-07-31T06:30:03+00:00] Cells updated: 6
[2026-07-31T06:30:03+00:00] === color-links end (1.76s) ===
[2026-07-31T06:45:01+00:00] === color-links start ===
[2026-07-31T06:45:01+00:00] Unique deals in sheet: 9
[2026-07-31T06:45:01+00:00] Already green: 247, to check: 9
[2026-07-31T06:45:01+00:00] Categories: [3,5,7]
[2026-07-31T06:45:02+00:00] Fetched deals: 9
[2026-07-31T06:45:02+00:00] Deals with rules: 9, persisted green=247
[2026-07-31T06:45:02+00:00] Persisted new greens: 1
[2026-07-31T06:45:03+00:00] Cells updated: 6
[2026-07-31T06:45:03+00:00] === color-links end (1.8s) ===
[2026-07-31T07:00:01+00:00] === color-links start ===
[2026-07-31T07:00:01+00:00] Unique deals in sheet: 9
[2026-07-31T07:00:01+00:00] Already green: 248, to check: 9
[2026-07-31T07:00:01+00:00] Categories: [3,5,7]
[2026-07-31T07:00:03+00:00] Fetched deals: 9
[2026-07-31T07:00:03+00:00] Deals with rules: 9, persisted green=248
[2026-07-31T07:00:03+00:00] Persisted new greens: 1
[2026-07-31T07:00:04+00:00] Cells updated: 6
[2026-07-31T07:00:04+00:00] === color-links end (2.89s) ===
[2026-07-31T07:15:01+00:00] === color-links start ===
[2026-07-31T07:15:01+00:00] Unique deals in sheet: 9
[2026-07-31T07:15:01+00:00] Already green: 249, to check: 9
[2026-07-31T07:15:01+00:00] Categories: [3,5,7]
[2026-07-31T07:15:01+00:00] Fetched deals: 9
[2026-07-31T07:15:01+00:00] Deals with rules: 9, persisted green=249
[2026-07-31T07:15:02+00:00] Persisted new greens: 1
[2026-07-31T07:15:03+00:00] Cells updated: 6
[2026-07-31T07:15:03+00:00] === color-links end (1.71s) ===
[2026-07-31T07:30:01+00:00] === color-links start ===
[2026-07-31T07:30:01+00:00] Unique deals in sheet: 9
[2026-07-31T07:30:01+00:00] Already green: 250, to check: 9
[2026-07-31T07:30:01+00:00] Categories: [3,5,7]
[2026-07-31T07:30:01+00:00] Fetched deals: 9
[2026-07-31T07:30:01+00:00] Deals with rules: 9, persisted green=250
[2026-07-31T07:30:02+00:00] Persisted new greens: 1
[2026-07-31T07:30:03+00:00] Cells updated: 6
[2026-07-31T07:30:03+00:00] === color-links end (2.25s) ===
[2026-07-31T07:45:01+00:00] === color-links start ===
[2026-07-31T07:45:01+00:00] Unique deals in sheet: 9
[2026-07-31T07:45:01+00:00] Already green: 251, to check: 9
[2026-07-31T07:45:01+00:00] Categories: [3,5,7]
[2026-07-31T07:45:01+00:00] Fetched deals: 9
[2026-07-31T07:45:01+00:00] Deals with rules: 9, persisted green=251
[2026-07-31T07:45:02+00:00] Persisted new greens: 1
[2026-07-31T07:45:03+00:00] Cells updated: 6
[2026-07-31T07:45:03+00:00] === color-links end (1.78s) ===
[2026-07-31T08:00:01+00:00] === color-links start ===
[2026-07-31T08:00:01+00:00] Unique deals in sheet: 9
[2026-07-31T08:00:01+00:00] Already green: 252, to check: 9
[2026-07-31T08:00:01+00:00] Categories: [3,5,7]
[2026-07-31T08:00:01+00:00] Fetched deals: 9
[2026-07-31T08:00:01+00:00] Deals with rules: 9, persisted green=252
[2026-07-31T08:00:02+00:00] Persisted new greens: 1
[2026-07-31T08:00:03+00:00] Cells updated: 6
[2026-07-31T08:00:03+00:00] === color-links end (1.9s) ===
[2026-07-31T08:15:01+00:00] === color-links start ===
[2026-07-31T08:15:01+00:00] Unique deals in sheet: 9
[2026-07-31T08:15:01+00:00] Already green: 253, to check: 9
[2026-07-31T08:15:01+00:00] Categories: [3,5,7]
[2026-07-31T08:15:02+00:00] Fetched deals: 9
[2026-07-31T08:15:02+00:00] Deals with rules: 9, persisted green=253
[2026-07-31T08:15:03+00:00] Persisted new greens: 1
[2026-07-31T08:15:03+00:00] Cells updated: 6
[2026-07-31T08:15:03+00:00] === color-links end (2.28s) ===
[2026-07-31T08:30:01+00:00] === color-links start ===
[2026-07-31T08:30:01+00:00] Unique deals in sheet: 9
[2026-07-31T08:30:01+00:00] Already green: 254, to check: 9
[2026-07-31T08:30:01+00:00] Categories: [3,5,7]
[2026-07-31T08:30:01+00:00] Fetched deals: 9
[2026-07-31T08:30:01+00:00] Deals with rules: 9, persisted green=254
[2026-07-31T08:30:02+00:00] Persisted new greens: 1
[2026-07-31T08:30:03+00:00] Cells updated: 6
[2026-07-31T08:30:03+00:00] === color-links end (1.78s) ===
[2026-07-31T08:45:01+00:00] === color-links start ===
[2026-07-31T08:45:01+00:00] Unique deals in sheet: 9
[2026-07-31T08:45:01+00:00] Already green: 255, to check: 9
[2026-07-31T08:45:02+00:00] Categories: [3,5,7]
[2026-07-31T08:45:02+00:00] Fetched deals: 9
[2026-07-31T08:45:02+00:00] Deals with rules: 9, persisted green=255
[2026-07-31T08:45:03+00:00] Persisted new greens: 1
[2026-07-31T08:45:03+00:00] Cells updated: 6
[2026-07-31T08:45:03+00:00] === color-links end (1.77s) ===
[2026-07-31T09:00:01+00:00] === color-links start ===
[2026-07-31T09:00:01+00:00] Unique deals in sheet: 9
[2026-07-31T09:00:01+00:00] Already green: 256, to check: 9
[2026-07-31T09:00:02+00:00] Categories: [3,5,7]
[2026-07-31T09:00:02+00:00] Fetched deals: 9
[2026-07-31T09:00:02+00:00] Deals with rules: 9, persisted green=256
[2026-07-31T09:00:02+00:00] Persisted new greens: 1
[2026-07-31T09:00:04+00:00] Cells updated: 6
[2026-07-31T09:00:04+00:00] === color-links end (2.27s) ===
[2026-07-31T09:15:02+00:00] === color-links start ===
[2026-07-31T09:15:02+00:00] Unique deals in sheet: 9
[2026-07-31T09:15:02+00:00] Already green: 257, to check: 9
[2026-07-31T09:15:02+00:00] Categories: [3,5,7]
[2026-07-31T09:15:02+00:00] Fetched deals: 9
[2026-07-31T09:15:02+00:00] Deals with rules: 9, persisted green=257
[2026-07-31T09:15:03+00:00] Persisted new greens: 1
[2026-07-31T09:15:03+00:00] Cells updated: 6
[2026-07-31T09:15:03+00:00] === color-links end (1.67s) ===
[2026-07-31T09:30:01+00:00] === color-links start ===
[2026-07-31T09:30:01+00:00] Unique deals in sheet: 9
[2026-07-31T09:30:01+00:00] Already green: 258, to check: 9
[2026-07-31T09:30:01+00:00] Categories: [3,5,7]
[2026-07-31T09:30:01+00:00] Fetched deals: 9
[2026-07-31T09:30:01+00:00] Deals with rules: 9, persisted green=258
[2026-07-31T09:30:02+00:00] Persisted new greens: 1
[2026-07-31T09:30:02+00:00] Cells updated: 6
[2026-07-31T09:30:02+00:00] === color-links end (1.72s) ===
[2026-07-31T09:45:01+00:00] === color-links start ===
[2026-07-31T09:45:01+00:00] Unique deals in sheet: 9
[2026-07-31T09:45:01+00:00] Already green: 259, to check: 9
[2026-07-31T09:45:02+00:00] Categories: [3,5,7]
[2026-07-31T09:45:02+00:00] Fetched deals: 9
[2026-07-31T09:45:02+00:00] Deals with rules: 9, persisted green=259
[2026-07-31T09:45:03+00:00] Persisted new greens: 1
[2026-07-31T09:45:03+00:00] Cells updated: 6
[2026-07-31T09:45:03+00:00] === color-links end (2.02s) ===
[2026-07-31T10:00:01+00:00] === color-links start ===
[2026-07-31T10:00:01+00:00] Unique deals in sheet: 9
[2026-07-31T10:00:01+00:00] Already green: 260, to check: 9
[2026-07-31T10:00:01+00:00] Categories: [3,5,7]
[2026-07-31T10:00:02+00:00] Fetched deals: 9
[2026-07-31T10:00:02+00:00] Deals with rules: 9, persisted green=260
[2026-07-31T10:00:03+00:00] Persisted new greens: 1
[2026-07-31T10:00:03+00:00] Cells updated: 6
[2026-07-31T10:00:03+00:00] === color-links end (2.1s) ===
[2026-07-31T10:15:01+00:00] === color-links start ===
[2026-07-31T10:15:01+00:00] Unique deals in sheet: 9
[2026-07-31T10:15:01+00:00] Already green: 261, to check: 9
[2026-07-31T10:15:01+00:00] Categories: [3,5,7]
[2026-07-31T10:15:01+00:00] Fetched deals: 9
[2026-07-31T10:15:01+00:00] Deals with rules: 9, persisted green=261
[2026-07-31T10:15:02+00:00] Persisted new greens: 1
[2026-07-31T10:15:03+00:00] Cells updated: 6
[2026-07-31T10:15:03+00:00] === color-links end (1.84s) ===
[2026-07-31T10:30:01+00:00] === color-links start ===
[2026-07-31T10:30:01+00:00] Unique deals in sheet: 9
[2026-07-31T10:30:01+00:00] Already green: 262, to check: 9
[2026-07-31T10:30:01+00:00] Categories: [3,5,7]
[2026-07-31T10:30:01+00:00] Fetched deals: 9
[2026-07-31T10:30:01+00:00] Deals with rules: 9, persisted green=262
[2026-07-31T10:30:02+00:00] Persisted new greens: 1
[2026-07-31T10:30:03+00:00] Cells updated: 6
[2026-07-31T10:30:03+00:00] === color-links end (1.78s) ===
[2026-07-31T10:45:01+00:00] === color-links start ===
[2026-07-31T10:45:01+00:00] Unique deals in sheet: 9
[2026-07-31T10:45:01+00:00] Already green: 263, to check: 9
[2026-07-31T10:45:01+00:00] Categories: [3,5,7]
[2026-07-31T10:45:01+00:00] Fetched deals: 9
[2026-07-31T10:45:01+00:00] Deals with rules: 9, persisted green=263
[2026-07-31T10:45:02+00:00] Persisted new greens: 1
[2026-07-31T10:45:02+00:00] Cells updated: 6
[2026-07-31T10:45:02+00:00] === color-links end (1.72s) ===
[2026-07-31T11:00:01+00:00] === color-links start ===
[2026-07-31T11:00:01+00:00] Unique deals in sheet: 9
[2026-07-31T11:00:01+00:00] Already green: 264, to check: 9
[2026-07-31T11:00:02+00:00] Categories: [3,5,7]
[2026-07-31T11:00:02+00:00] Fetched deals: 9
[2026-07-31T11:00:02+00:00] Deals with rules: 9, persisted green=264
[2026-07-31T11:00:03+00:00] Persisted new greens: 1
[2026-07-31T11:00:03+00:00] Cells updated: 6
[2026-07-31T11:00:03+00:00] === color-links end (2.3s) ===
[2026-07-31T11:15:01+00:00] === color-links start ===
[2026-07-31T11:15:01+00:00] Unique deals in sheet: 9
[2026-07-31T11:15:01+00:00] Already green: 265, to check: 9
[2026-07-31T11:15:01+00:00] Categories: [3,5,7]
[2026-07-31T11:15:01+00:00] Fetched deals: 9
[2026-07-31T11:15:01+00:00] Deals with rules: 9, persisted green=265
[2026-07-31T11:15:02+00:00] Persisted new greens: 1
[2026-07-31T11:15:03+00:00] Cells updated: 6
[2026-07-31T11:15:03+00:00] === color-links end (1.71s) ===
[2026-07-31T11:30:01+00:00] === color-links start ===
[2026-07-31T11:30:01+00:00] Unique deals in sheet: 9
[2026-07-31T11:30:01+00:00] Already green: 266, to check: 9
[2026-07-31T11:30:01+00:00] Categories: [3,5,7]
[2026-07-31T11:30:01+00:00] Fetched deals: 9
[2026-07-31T11:30:01+00:00] Deals with rules: 9, persisted green=266
[2026-07-31T11:30:02+00:00] Persisted new greens: 1
[2026-07-31T11:30:03+00:00] Cells updated: 6
[2026-07-31T11:30:03+00:00] === color-links end (1.69s) ===
[2026-07-31T11:45:01+00:00] === color-links start ===
[2026-07-31T11:45:01+00:00] Unique deals in sheet: 9
[2026-07-31T11:45:01+00:00] Already green: 267, to check: 9
[2026-07-31T11:45:02+00:00] Categories: [3,5,7]
[2026-07-31T11:45:02+00:00] Fetched deals: 9
[2026-07-31T11:45:02+00:00] Deals with rules: 9, persisted green=267
[2026-07-31T11:45:02+00:00] Persisted new greens: 1
[2026-07-31T11:45:03+00:00] Cells updated: 6
[2026-07-31T11:45:03+00:00] === color-links end (1.75s) ===
[2026-07-31T12:00:01+00:00] === color-links start ===
[2026-07-31T12:00:01+00:00] Unique deals in sheet: 9
[2026-07-31T12:00:01+00:00] Already green: 268, to check: 9
[2026-07-31T12:00:01+00:00] Categories: [3,5,7]
[2026-07-31T12:00:01+00:00] Fetched deals: 9
[2026-07-31T12:00:01+00:00] Deals with rules: 9, persisted green=268
[2026-07-31T12:00:02+00:00] Persisted new greens: 1
[2026-07-31T12:00:02+00:00] Cells updated: 6
[2026-07-31T12:00:02+00:00] === color-links end (1.82s) ===
[2026-07-31T12:15:01+00:00] === color-links start ===
[2026-07-31T12:15:01+00:00] Unique deals in sheet: 9
[2026-07-31T12:15:01+00:00] Already green: 269, to check: 9
[2026-07-31T12:15:01+00:00] Categories: [3,5,7]
[2026-07-31T12:15:02+00:00] Fetched deals: 9
[2026-07-31T12:15:02+00:00] Deals with rules: 9, persisted green=269
[2026-07-31T12:15:02+00:00] Persisted new greens: 1
[2026-07-31T12:15:03+00:00] Cells updated: 6
[2026-07-31T12:15:03+00:00] === color-links end (1.76s) ===
[2026-07-31T12:30:01+00:00] === color-links start ===
[2026-07-31T12:30:01+00:00] Unique deals in sheet: 9
[2026-07-31T12:30:01+00:00] Already green: 270, to check: 9
[2026-07-31T12:30:01+00:00] Categories: [3,5,7]
[2026-07-31T12:30:01+00:00] Fetched deals: 9
[2026-07-31T12:30:01+00:00] Deals with rules: 9, persisted green=270
[2026-07-31T12:30:02+00:00] Persisted new greens: 1
[2026-07-31T12:30:03+00:00] Cells updated: 6
[2026-07-31T12:30:03+00:00] === color-links end (1.71s) ===
[2026-07-31T12:45:01+00:00] === color-links start ===
[2026-07-31T12:45:01+00:00] Unique deals in sheet: 9
[2026-07-31T12:45:01+00:00] Already green: 271, to check: 9
[2026-07-31T12:45:01+00:00] Categories: [3,5,7]
[2026-07-31T12:45:01+00:00] Fetched deals: 9
[2026-07-31T12:45:01+00:00] Deals with rules: 9, persisted green=271
[2026-07-31T12:45:02+00:00] Persisted new greens: 1
[2026-07-31T12:45:03+00:00] Cells updated: 6
[2026-07-31T12:45:03+00:00] === color-links end (1.69s) ===
[2026-07-31T13:00:01+00:00] === color-links start ===
[2026-07-31T13:00:01+00:00] Unique deals in sheet: 9
[2026-07-31T13:00:01+00:00] Already green: 272, to check: 9
[2026-07-31T13:00:02+00:00] Categories: [3,5,7]
[2026-07-31T13:00:02+00:00] Fetched deals: 9
[2026-07-31T13:00:02+00:00] Deals with rules: 9, persisted green=272
[2026-07-31T13:00:03+00:00] Persisted new greens: 1
[2026-07-31T13:00:03+00:00] Cells updated: 6
[2026-07-31T13:00:03+00:00] === color-links end (2.09s) ===
[2026-07-31T13:15:01+00:00] === color-links start ===
[2026-07-31T13:15:01+00:00] Unique deals in sheet: 9
[2026-07-31T13:15:01+00:00] Already green: 273, to check: 9
[2026-07-31T13:15:01+00:00] Categories: [3,5,7]
[2026-07-31T13:15:02+00:00] Fetched deals: 9
[2026-07-31T13:15:02+00:00] Deals with rules: 9, persisted green=273
[2026-07-31T13:15:02+00:00] Persisted new greens: 1
[2026-07-31T13:15:03+00:00] Cells updated: 6
[2026-07-31T13:15:03+00:00] === color-links end (1.91s) ===
[2026-07-31T13:30:01+00:00] === color-links start ===
[2026-07-31T13:30:01+00:00] Unique deals in sheet: 9
[2026-07-31T13:30:01+00:00] Already green: 274, to check: 9
[2026-07-31T13:30:01+00:00] Categories: [3,5,7]
[2026-07-31T13:30:02+00:00] Fetched deals: 9
[2026-07-31T13:30:02+00:00] Deals with rules: 9, persisted green=274
[2026-07-31T13:30:02+00:00] Persisted new greens: 1
[2026-07-31T13:30:03+00:00] Cells updated: 6
[2026-07-31T13:30:03+00:00] === color-links end (1.87s) ===
[2026-07-31T13:45:01+00:00] === color-links start ===
[2026-07-31T13:45:01+00:00] Unique deals in sheet: 9
[2026-07-31T13:45:01+00:00] Already green: 275, to check: 9
[2026-07-31T13:45:01+00:00] Categories: [3,5,7]
[2026-07-31T13:45:01+00:00] Fetched deals: 9
[2026-07-31T13:45:01+00:00] Deals with rules: 9, persisted green=275
[2026-07-31T13:45:02+00:00] Persisted new greens: 1
[2026-07-31T13:45:03+00:00] Cells updated: 6
[2026-07-31T13:45:03+00:00] === color-links end (1.7s) ===
[2026-07-31T14:00:01+00:00] === color-links start ===
[2026-07-31T14:00:01+00:00] Unique deals in sheet: 9
[2026-07-31T14:00:01+00:00] Already green: 276, to check: 9
[2026-07-31T14:00:01+00:00] Categories: [3,5,7]
[2026-07-31T14:00:01+00:00] Fetched deals: 9
[2026-07-31T14:00:01+00:00] Deals with rules: 9, persisted green=276
[2026-07-31T14:00:02+00:00] Persisted new greens: 1
[2026-07-31T14:00:03+00:00] Cells updated: 6
[2026-07-31T14:00:03+00:00] === color-links end (2.18s) ===
[2026-07-31T14:15:01+00:00] === color-links start ===
[2026-07-31T14:15:01+00:00] Unique deals in sheet: 9
[2026-07-31T14:15:01+00:00] Already green: 277, to check: 9
[2026-07-31T14:15:01+00:00] Categories: [3,5,7]
[2026-07-31T14:15:02+00:00] Fetched deals: 9
[2026-07-31T14:15:02+00:00] Deals with rules: 9, persisted green=277
[2026-07-31T14:15:02+00:00] Persisted new greens: 1
[2026-07-31T14:15:03+00:00] Cells updated: 6
[2026-07-31T14:15:03+00:00] === color-links end (1.87s) ===
[2026-07-31T14:30:01+00:00] === color-links start ===
[2026-07-31T14:30:01+00:00] Unique deals in sheet: 9
[2026-07-31T14:30:01+00:00] Already green: 278, to check: 9
[2026-07-31T14:30:01+00:00] Categories: [3,5,7]
[2026-07-31T14:30:01+00:00] Fetched deals: 9
[2026-07-31T14:30:01+00:00] Deals with rules: 9, persisted green=278
[2026-07-31T14:30:02+00:00] Persisted new greens: 1
[2026-07-31T14:30:03+00:00] Cells updated: 6
[2026-07-31T14:30:03+00:00] === color-links end (2.18s) ===
[2026-07-31T14:45:01+00:00] === color-links start ===
[2026-07-31T14:45:01+00:00] Unique deals in sheet: 9
[2026-07-31T14:45:01+00:00] Already green: 279, to check: 9
[2026-07-31T14:45:01+00:00] Categories: [3,5,7]
[2026-07-31T14:45:01+00:00] Fetched deals: 9
[2026-07-31T14:45:01+00:00] Deals with rules: 9, persisted green=279
[2026-07-31T14:45:02+00:00] Persisted new greens: 1
[2026-07-31T14:45:02+00:00] Cells updated: 6
[2026-07-31T14:45:02+00:00] === color-links end (1.77s) ===
[2026-07-31T15:00:02+00:00] === color-links start ===
[2026-07-31T15:00:02+00:00] Unique deals in sheet: 9
[2026-07-31T15:00:02+00:00] Already green: 280, to check: 9
[2026-07-31T15:00:02+00:00] Categories: [3,5,7]
[2026-07-31T15:00:02+00:00] Fetched deals: 9
[2026-07-31T15:00:02+00:00] Deals with rules: 9, persisted green=280
[2026-07-31T15:00:03+00:00] Persisted new greens: 1
[2026-07-31T15:00:03+00:00] Cells updated: 6
[2026-07-31T15:00:03+00:00] === color-links end (1.98s) ===
[2026-07-31T15:15:01+00:00] === color-links start ===
[2026-07-31T15:15:01+00:00] Unique deals in sheet: 9
[2026-07-31T15:15:01+00:00] Already green: 281, to check: 9
[2026-07-31T15:15:01+00:00] Categories: [3,5,7]
[2026-07-31T15:15:01+00:00] Fetched deals: 9
[2026-07-31T15:15:01+00:00] Deals with rules: 9, persisted green=281
[2026-07-31T15:15:02+00:00] Persisted new greens: 1
[2026-07-31T15:15:03+00:00] Cells updated: 6
[2026-07-31T15:15:03+00:00] === color-links end (1.65s) ===
[2026-07-31T15:30:01+00:00] === color-links start ===
[2026-07-31T15:30:01+00:00] Unique deals in sheet: 9
[2026-07-31T15:30:01+00:00] Already green: 282, to check: 9
[2026-07-31T15:30:01+00:00] Categories: [3,5,7]
[2026-07-31T15:30:01+00:00] Fetched deals: 9
[2026-07-31T15:30:01+00:00] Deals with rules: 9, persisted green=282
[2026-07-31T15:30:02+00:00] Persisted new greens: 1
[2026-07-31T15:30:03+00:00] Cells updated: 6
[2026-07-31T15:30:03+00:00] === color-links end (1.76s) ===
[2026-07-31T15:45:01+00:00] === color-links start ===
[2026-07-31T15:45:01+00:00] Unique deals in sheet: 9
[2026-07-31T15:45:01+00:00] Already green: 283, to check: 9
[2026-07-31T15:45:02+00:00] Categories: [3,5,7]
[2026-07-31T15:45:02+00:00] Fetched deals: 9
[2026-07-31T15:45:02+00:00] Deals with rules: 9, persisted green=283
[2026-07-31T15:45:02+00:00] Persisted new greens: 1
[2026-07-31T15:45:03+00:00] Cells updated: 6
[2026-07-31T15:45:03+00:00] === color-links end (1.62s) ===
[2026-07-31T16:00:01+00:00] === color-links start ===
[2026-07-31T16:00:01+00:00] Unique deals in sheet: 9
[2026-07-31T16:00:01+00:00] Already green: 284, to check: 9
[2026-07-31T16:00:01+00:00] Categories: [3,5,7]
[2026-07-31T16:00:02+00:00] Fetched deals: 9
[2026-07-31T16:00:02+00:00] Deals with rules: 9, persisted green=284
[2026-07-31T16:00:02+00:00] Persisted new greens: 1
[2026-07-31T16:00:03+00:00] Cells updated: 6
[2026-07-31T16:00:03+00:00] === color-links end (1.85s) ===
[2026-07-31T16:15:02+00:00] === color-links start ===
[2026-07-31T16:15:02+00:00] Unique deals in sheet: 9
[2026-07-31T16:15:02+00:00] Already green: 285, to check: 9
[2026-07-31T16:15:02+00:00] Categories: [3,5,7]
[2026-07-31T16:15:02+00:00] Fetched deals: 9
[2026-07-31T16:15:02+00:00] Deals with rules: 9, persisted green=285
[2026-07-31T16:15:03+00:00] Persisted new greens: 1
[2026-07-31T16:15:03+00:00] Cells updated: 6
[2026-07-31T16:15:03+00:00] === color-links end (1.65s) ===
[2026-07-31T16:30:01+00:00] === color-links start ===
[2026-07-31T16:30:01+00:00] Unique deals in sheet: 9
[2026-07-31T16:30:01+00:00] Already green: 286, to check: 9
[2026-07-31T16:30:02+00:00] Categories: [3,5,7]
[2026-07-31T16:30:02+00:00] Fetched deals: 9
[2026-07-31T16:30:02+00:00] Deals with rules: 9, persisted green=286
[2026-07-31T16:30:02+00:00] Persisted new greens: 1
[2026-07-31T16:30:03+00:00] Cells updated: 6
[2026-07-31T16:30:03+00:00] === color-links end (1.69s) ===
[2026-07-31T16:45:01+00:00] === color-links start ===
[2026-07-31T16:45:01+00:00] Unique deals in sheet: 9
[2026-07-31T16:45:01+00:00] Already green: 287, to check: 9
[2026-07-31T16:45:01+00:00] Categories: [3,5,7]
[2026-07-31T16:45:01+00:00] Fetched deals: 9
[2026-07-31T16:45:01+00:00] Deals with rules: 9, persisted green=287
[2026-07-31T16:45:02+00:00] Persisted new greens: 1
[2026-07-31T16:45:03+00:00] Cells updated: 6
[2026-07-31T16:45:03+00:00] === color-links end (1.8s) ===
[2026-07-31T17:00:01+00:00] === color-links start ===
[2026-07-31T17:00:01+00:00] Unique deals in sheet: 9
[2026-07-31T17:00:01+00:00] Already green: 288, to check: 9
[2026-07-31T17:00:02+00:00] Categories: [3,5,7]
[2026-07-31T17:00:02+00:00] Fetched deals: 9
[2026-07-31T17:00:02+00:00] Deals with rules: 9, persisted green=288
[2026-07-31T17:00:03+00:00] Persisted new greens: 1
[2026-07-31T17:00:04+00:00] Cells updated: 6
[2026-07-31T17:00:04+00:00] === color-links end (2.3s) ===
[2026-07-31T17:15:02+00:00] === color-links start ===
[2026-07-31T17:15:02+00:00] Unique deals in sheet: 9
[2026-07-31T17:15:02+00:00] Already green: 289, to check: 9
[2026-07-31T17:15:02+00:00] Categories: [3,5,7]
[2026-07-31T17:15:02+00:00] Fetched deals: 9
[2026-07-31T17:15:02+00:00] Deals with rules: 9, persisted green=289
[2026-07-31T17:15:02+00:00] Persisted new greens: 1
[2026-07-31T17:15:03+00:00] Cells updated: 6
[2026-07-31T17:15:03+00:00] === color-links end (1.62s) ===
[2026-07-31T17:30:01+00:00] === color-links start ===
[2026-07-31T17:30:01+00:00] Unique deals in sheet: 9
[2026-07-31T17:30:01+00:00] Already green: 290, to check: 9
[2026-07-31T17:30:01+00:00] Categories: [3,5,7]
[2026-07-31T17:30:01+00:00] Fetched deals: 9
[2026-07-31T17:30:01+00:00] Deals with rules: 9, persisted green=290
[2026-07-31T17:30:02+00:00] Persisted new greens: 1
[2026-07-31T17:30:02+00:00] Cells updated: 6
[2026-07-31T17:30:02+00:00] === color-links end (1.59s) ===
[2026-07-31T17:45:01+00:00] === color-links start ===
[2026-07-31T17:45:01+00:00] Unique deals in sheet: 9
[2026-07-31T17:45:01+00:00] Already green: 291, to check: 9
[2026-07-31T17:45:01+00:00] Categories: [3,5,7]
[2026-07-31T17:45:01+00:00] Fetched deals: 9
[2026-07-31T17:45:01+00:00] Deals with rules: 9, persisted green=291
[2026-07-31T17:45:02+00:00] Persisted new greens: 1
[2026-07-31T17:45:03+00:00] Cells updated: 6
[2026-07-31T17:45:03+00:00] === color-links end (1.73s) ===
[2026-07-31T18:00:01+00:00] === color-links start ===
[2026-07-31T18:00:01+00:00] Unique deals in sheet: 9
[2026-07-31T18:00:01+00:00] Already green: 292, to check: 9
[2026-07-31T18:00:02+00:00] Categories: [3,5,7]
[2026-07-31T18:00:02+00:00] Fetched deals: 9
[2026-07-31T18:00:02+00:00] Deals with rules: 9, persisted green=292
[2026-07-31T18:00:02+00:00] Persisted new greens: 1
[2026-07-31T18:00:03+00:00] Cells updated: 6
[2026-07-31T18:00:03+00:00] === color-links end (1.85s) ===
[2026-07-31T18:15:01+00:00] === color-links start ===
[2026-07-31T18:15:01+00:00] Unique deals in sheet: 9
[2026-07-31T18:15:01+00:00] Already green: 293, to check: 9
[2026-07-31T18:15:01+00:00] Categories: [3,5,7]
[2026-07-31T18:15:01+00:00] Fetched deals: 9
[2026-07-31T18:15:01+00:00] Deals with rules: 9, persisted green=293
[2026-07-31T18:15:02+00:00] Persisted new greens: 1
[2026-07-31T18:15:03+00:00] Cells updated: 6
[2026-07-31T18:15:03+00:00] === color-links end (1.72s) ===
[2026-07-31T18:30:01+00:00] === color-links start ===
[2026-07-31T18:30:01+00:00] Unique deals in sheet: 9
[2026-07-31T18:30:01+00:00] Already green: 294, to check: 9
[2026-07-31T18:30:02+00:00] Categories: [3,5,7]
[2026-07-31T18:30:02+00:00] Fetched deals: 9
[2026-07-31T18:30:02+00:00] Deals with rules: 9, persisted green=294
[2026-07-31T18:30:02+00:00] Persisted new greens: 1
[2026-07-31T18:30:03+00:00] Cells updated: 6
[2026-07-31T18:30:03+00:00] === color-links end (1.61s) ===
[2026-07-31T18:45:01+00:00] === color-links start ===
[2026-07-31T18:45:01+00:00] Unique deals in sheet: 9
[2026-07-31T18:45:01+00:00] Already green: 295, to check: 9
[2026-07-31T18:45:02+00:00] Categories: [3,5,7]
[2026-07-31T18:45:02+00:00] Fetched deals: 9
[2026-07-31T18:45:02+00:00] Deals with rules: 9, persisted green=295
[2026-07-31T18:45:02+00:00] Persisted new greens: 1
[2026-07-31T18:45:03+00:00] Cells updated: 6
[2026-07-31T18:45:03+00:00] === color-links end (1.58s) ===
[2026-07-31T19:00:01+00:00] === color-links start ===
[2026-07-31T19:00:01+00:00] Unique deals in sheet: 9
[2026-07-31T19:00:01+00:00] Already green: 296, to check: 9
[2026-07-31T19:00:01+00:00] Categories: [3,5,7]
[2026-07-31T19:00:01+00:00] Fetched deals: 9
[2026-07-31T19:00:01+00:00] Deals with rules: 9, persisted green=296
[2026-07-31T19:00:02+00:00] Persisted new greens: 1
[2026-07-31T19:00:02+00:00] Cells updated: 6
[2026-07-31T19:00:02+00:00] === color-links end (1.63s) ===
[2026-07-31T19:15:01+00:00] === color-links start ===
[2026-07-31T19:15:01+00:00] Unique deals in sheet: 9
[2026-07-31T19:15:01+00:00] Already green: 297, to check: 9
[2026-07-31T19:15:01+00:00] Categories: [3,5,7]
[2026-07-31T19:15:01+00:00] Fetched deals: 9
[2026-07-31T19:15:01+00:00] Deals with rules: 9, persisted green=297
[2026-07-31T19:15:02+00:00] Persisted new greens: 1
[2026-07-31T19:15:03+00:00] Cells updated: 6
[2026-07-31T19:15:03+00:00] === color-links end (1.84s) ===
[2026-07-31T19:30:01+00:00] === color-links start ===
[2026-07-31T19:30:01+00:00] Unique deals in sheet: 9
[2026-07-31T19:30:01+00:00] Already green: 298, to check: 9
[2026-07-31T19:30:01+00:00] Categories: [3,5,7]
[2026-07-31T19:30:01+00:00] Fetched deals: 9
[2026-07-31T19:30:01+00:00] Deals with rules: 9, persisted green=298
[2026-07-31T19:30:02+00:00] Persisted new greens: 1
[2026-07-31T19:30:03+00:00] Cells updated: 6
[2026-07-31T19:30:03+00:00] === color-links end (1.92s) ===
[2026-07-31T19:45:01+00:00] === color-links start ===
[2026-07-31T19:45:01+00:00] Unique deals in sheet: 9
[2026-07-31T19:45:01+00:00] Already green: 299, to check: 9
[2026-07-31T19:45:01+00:00] Categories: [3,5,7]
[2026-07-31T19:45:01+00:00] Fetched deals: 9
[2026-07-31T19:45:01+00:00] Deals with rules: 9, persisted green=299
[2026-07-31T19:45:02+00:00] Persisted new greens: 1
[2026-07-31T19:45:02+00:00] Cells updated: 6
[2026-07-31T19:45:02+00:00] === color-links end (1.55s) ===
[2026-07-31T20:00:01+00:00] === color-links start ===
[2026-07-31T20:00:01+00:00] Unique deals in sheet: 9
[2026-07-31T20:00:01+00:00] Already green: 300, to check: 9
[2026-07-31T20:00:02+00:00] Categories: [3,5,7]
[2026-07-31T20:00:02+00:00] Fetched deals: 9
[2026-07-31T20:00:02+00:00] Deals with rules: 9, persisted green=300
[2026-07-31T20:00:02+00:00] Persisted new greens: 1
[2026-07-31T20:00:03+00:00] Cells updated: 6
[2026-07-31T20:00:03+00:00] === color-links end (1.7s) ===
[2026-07-31T20:15:01+00:00] === color-links start ===
[2026-07-31T20:15:01+00:00] Unique deals in sheet: 9
[2026-07-31T20:15:01+00:00] Already green: 301, to check: 9
[2026-07-31T20:15:02+00:00] Categories: [3,5,7]
[2026-07-31T20:15:02+00:00] Fetched deals: 9
[2026-07-31T20:15:02+00:00] Deals with rules: 9, persisted green=301
[2026-07-31T20:15:02+00:00] Persisted new greens: 1
[2026-07-31T20:15:03+00:00] Cells updated: 6
[2026-07-31T20:15:03+00:00] === color-links end (1.59s) ===
[2026-07-31T20:30:01+00:00] === color-links start ===
[2026-07-31T20:30:01+00:00] Unique deals in sheet: 9
[2026-07-31T20:30:01+00:00] Already green: 302, to check: 9
[2026-07-31T20:30:02+00:00] Categories: [3,5,7]
[2026-07-31T20:30:02+00:00] Fetched deals: 9
[2026-07-31T20:30:02+00:00] Deals with rules: 9, persisted green=302
[2026-07-31T20:30:03+00:00] Persisted new greens: 1
[2026-07-31T20:30:03+00:00] Cells updated: 6
[2026-07-31T20:30:03+00:00] === color-links end (1.72s) ===
[2026-07-31T20:45:01+00:00] === color-links start ===
[2026-07-31T20:45:01+00:00] Unique deals in sheet: 9
[2026-07-31T20:45:01+00:00] Already green: 303, to check: 9
[2026-07-31T20:45:01+00:00] Categories: [3,5,7]
[2026-07-31T20:45:02+00:00] Fetched deals: 9
[2026-07-31T20:45:02+00:00] Deals with rules: 9, persisted green=303
[2026-07-31T20:45:02+00:00] Persisted new greens: 1
[2026-07-31T20:45:03+00:00] Cells updated: 6
[2026-07-31T20:45:03+00:00] === color-links end (1.6s) ===
[2026-07-31T21:00:01+00:00] === color-links start ===
[2026-07-31T21:00:01+00:00] Unique deals in sheet: 9
[2026-07-31T21:00:01+00:00] Already green: 304, to check: 9
[2026-07-31T21:00:05+00:00] Categories: [3,5,7]
[2026-07-31T21:00:06+00:00] Fetched deals: 9
[2026-07-31T21:00:06+00:00] Deals with rules: 9, persisted green=304
[2026-07-31T21:00:07+00:00] Persisted new greens: 1
[2026-07-31T21:00:07+00:00] Cells updated: 6
[2026-07-31T21:00:07+00:00] === color-links end (6s) ===
[2026-07-31T21:15:01+00:00] === color-links start ===
[2026-07-31T21:15:01+00:00] Unique deals in sheet: 9
[2026-07-31T21:15:01+00:00] Already green: 305, to check: 9
[2026-07-31T21:15:01+00:00] Categories: [3,5,7]
[2026-07-31T21:15:02+00:00] Fetched deals: 9
[2026-07-31T21:15:02+00:00] Deals with rules: 9, persisted green=305
[2026-07-31T21:15:02+00:00] Persisted new greens: 1
[2026-07-31T21:15:03+00:00] Cells updated: 6
[2026-07-31T21:15:03+00:00] === color-links end (1.73s) ===
[2026-07-31T21:30:01+00:00] === color-links start ===
[2026-07-31T21:30:01+00:00] Unique deals in sheet: 9
[2026-07-31T21:30:01+00:00] Already green: 306, to check: 9
[2026-07-31T21:30:01+00:00] Categories: [3,5,7]
[2026-07-31T21:30:01+00:00] Fetched deals: 9
[2026-07-31T21:30:01+00:00] Deals with rules: 9, persisted green=306
[2026-07-31T21:30:02+00:00] Persisted new greens: 1
[2026-07-31T21:30:03+00:00] Cells updated: 6
[2026-07-31T21:30:03+00:00] === color-links end (1.56s) ===
[2026-07-31T21:45:01+00:00] === color-links start ===
[2026-07-31T21:45:01+00:00] Unique deals in sheet: 9
[2026-07-31T21:45:01+00:00] Already green: 307, to check: 9
[2026-07-31T21:45:01+00:00] Categories: [3,5,7]
[2026-07-31T21:45:02+00:00] Fetched deals: 9
[2026-07-31T21:45:02+00:00] Deals with rules: 9, persisted green=307
[2026-07-31T21:45:02+00:00] Persisted new greens: 1
[2026-07-31T21:45:03+00:00] Cells updated: 6
[2026-07-31T21:45:03+00:00] === color-links end (1.67s) ===
[2026-07-31T22:00:02+00:00] === color-links start ===
[2026-07-31T22:00:02+00:00] Unique deals in sheet: 9
[2026-07-31T22:00:02+00:00] Already green: 308, to check: 9
[2026-07-31T22:00:02+00:00] Categories: [3,5,7]
[2026-07-31T22:00:02+00:00] Fetched deals: 9
[2026-07-31T22:00:02+00:00] Deals with rules: 9, persisted green=308
[2026-07-31T22:00:02+00:00] Persisted new greens: 1
[2026-07-31T22:00:03+00:00] Cells updated: 6
[2026-07-31T22:00:03+00:00] === color-links end (1.58s) ===
[2026-07-31T22:15:01+00:00] === color-links start ===
[2026-07-31T22:15:01+00:00] Unique deals in sheet: 9
[2026-07-31T22:15:01+00:00] Already green: 309, to check: 9
[2026-07-31T22:15:01+00:00] Categories: [3,5,7]
[2026-07-31T22:15:01+00:00] Fetched deals: 9
[2026-07-31T22:15:01+00:00] Deals with rules: 9, persisted green=309
[2026-07-31T22:15:02+00:00] Persisted new greens: 1
[2026-07-31T22:15:02+00:00] Cells updated: 6
[2026-07-31T22:15:02+00:00] === color-links end (1.62s) ===
[2026-07-31T22:30:01+00:00] === color-links start ===
[2026-07-31T22:30:01+00:00] Unique deals in sheet: 9
[2026-07-31T22:30:01+00:00] Already green: 310, to check: 9
[2026-07-31T22:30:01+00:00] Categories: [3,5,7]
[2026-07-31T22:30:01+00:00] Fetched deals: 9
[2026-07-31T22:30:01+00:00] Deals with rules: 9, persisted green=310
[2026-07-31T22:30:02+00:00] Persisted new greens: 1
[2026-07-31T22:30:03+00:00] Cells updated: 6
[2026-07-31T22:30:03+00:00] === color-links end (1.96s) ===
[2026-07-31T22:45:01+00:00] === color-links start ===
[2026-07-31T22:45:01+00:00] Unique deals in sheet: 9
[2026-07-31T22:45:01+00:00] Already green: 311, to check: 9
[2026-07-31T22:45:01+00:00] Categories: [3,5,7]
[2026-07-31T22:45:01+00:00] Fetched deals: 9
[2026-07-31T22:45:01+00:00] Deals with rules: 9, persisted green=311
[2026-07-31T22:45:02+00:00] Persisted new greens: 1
[2026-07-31T22:45:03+00:00] Cells updated: 6
[2026-07-31T22:45:03+00:00] === color-links end (1.53s) ===
[2026-07-31T23:00:01+00:00] === color-links start ===
[2026-07-31T23:00:01+00:00] Unique deals in sheet: 9
[2026-07-31T23:00:01+00:00] Already green: 312, to check: 9
[2026-07-31T23:00:02+00:00] Categories: [3,5,7]
[2026-07-31T23:00:02+00:00] Fetched deals: 9
[2026-07-31T23:00:02+00:00] Deals with rules: 9, persisted green=312
[2026-07-31T23:00:02+00:00] Persisted new greens: 1
[2026-07-31T23:00:03+00:00] Cells updated: 6
[2026-07-31T23:00:03+00:00] === color-links end (1.62s) ===
[2026-07-31T23:15:01+00:00] === color-links start ===
[2026-07-31T23:15:01+00:00] Unique deals in sheet: 9
[2026-07-31T23:15:01+00:00] Already green: 313, to check: 9
[2026-07-31T23:15:01+00:00] Categories: [3,5,7]
[2026-07-31T23:15:01+00:00] Fetched deals: 9
[2026-07-31T23:15:01+00:00] Deals with rules: 9, persisted green=313
[2026-07-31T23:15:02+00:00] Persisted new greens: 1
[2026-07-31T23:15:03+00:00] Cells updated: 6
[2026-07-31T23:15:03+00:00] === color-links end (1.79s) ===
[2026-07-31T23:30:01+00:00] === color-links start ===
[2026-07-31T23:30:01+00:00] Unique deals in sheet: 9
[2026-07-31T23:30:01+00:00] Already green: 314, to check: 9
[2026-07-31T23:30:01+00:00] Categories: [3,5,7]
[2026-07-31T23:30:01+00:00] Fetched deals: 9
[2026-07-31T23:30:01+00:00] Deals with rules: 9, persisted green=314
[2026-07-31T23:30:02+00:00] Persisted new greens: 1
[2026-07-31T23:30:02+00:00] Cells updated: 6
[2026-07-31T23:30:02+00:00] === color-links end (1.58s) ===
[2026-07-31T23:45:01+00:00] === color-links start ===
[2026-07-31T23:45:01+00:00] Unique deals in sheet: 9
[2026-07-31T23:45:01+00:00] Already green: 315, to check: 9
[2026-07-31T23:45:01+00:00] Categories: [3,5,7]
[2026-07-31T23:45:01+00:00] Fetched deals: 9
[2026-07-31T23:45:01+00:00] Deals with rules: 9, persisted green=315
[2026-07-31T23:45:02+00:00] Persisted new greens: 1
[2026-07-31T23:45:02+00:00] Cells updated: 6
[2026-07-31T23:45:02+00:00] === color-links end (1.57s) ===
