[2026-07-07T00:00:01+00:00] === color-links start ===
[2026-07-07T00:00:01+00:00] Unique deals in sheet: 2
[2026-07-07T00:00:01+00:00] Already green: 61, to check: 1
[2026-07-07T00:00:01+00:00] Categories: [3,5,7]
[2026-07-07T00:00:02+00:00] Fetched deals: 1
[2026-07-07T00:00:02+00:00] Colors: green=0 persisted=61, red=1
[2026-07-07T00:00:04+00:00] Cells updated: 2
[2026-07-07T00:00:04+00:00] === color-links end (3.09s) ===
[2026-07-07T00:15:01+00:00] === color-links start ===
[2026-07-07T00:15:01+00:00] Unique deals in sheet: 2
[2026-07-07T00:15:01+00:00] Already green: 61, to check: 1
[2026-07-07T00:15:01+00:00] fetchCategoryMap error: HTTP error: Could not resolve host: tris.bitrix24.by
[2026-07-07T00:15:01+00:00] Categories: []
[2026-07-07T00:15:01+00:00] fetchDealBatch error: HTTP error: Could not resolve host: tris.bitrix24.by
[2026-07-07T00:15:01+00:00] Fetched deals: 0
[2026-07-07T00:15:01+00:00] Colors: green=0 persisted=61, red=0
[2026-07-07T00:15:03+00:00] Cells updated: 2
[2026-07-07T00:15:03+00:00] === color-links end (1.94s) ===
[2026-07-07T00:30:01+00:00] === color-links start ===
[2026-07-07T00:30:01+00:00] Unique deals in sheet: 2
[2026-07-07T00:30:01+00:00] Already green: 61, to check: 1
[2026-07-07T00:30:01+00:00] Categories: [3,5,7]
[2026-07-07T00:30:01+00:00] Fetched deals: 1
[2026-07-07T00:30:01+00:00] Colors: green=0 persisted=61, red=1
[2026-07-07T00:30:02+00:00] Cells updated: 2
[2026-07-07T00:30:02+00:00] === color-links end (1.71s) ===
[2026-07-07T00:45:01+00:00] === color-links start ===
[2026-07-07T00:45:01+00:00] Unique deals in sheet: 2
[2026-07-07T00:45:01+00:00] Already green: 61, to check: 1
[2026-07-07T00:45:01+00:00] Categories: [3,5,7]
[2026-07-07T00:45:01+00:00] Fetched deals: 1
[2026-07-07T00:45:01+00:00] Colors: green=0 persisted=61, red=1
[2026-07-07T00:45:03+00:00] Cells updated: 2
[2026-07-07T00:45:03+00:00] === color-links end (2.11s) ===
[2026-07-07T01:00:01+00:00] === color-links start ===
[2026-07-07T01:00:01+00:00] Unique deals in sheet: 2
[2026-07-07T01:00:01+00:00] Already green: 61, to check: 1
[2026-07-07T01:00:01+00:00] Categories: [3,5,7]
[2026-07-07T01:00:01+00:00] Fetched deals: 1
[2026-07-07T01:00:01+00:00] Colors: green=0 persisted=61, red=1
[2026-07-07T01:00:03+00:00] Cells updated: 2
[2026-07-07T01:00:03+00:00] === color-links end (2.38s) ===
[2026-07-07T01:15:01+00:00] === color-links start ===
[2026-07-07T01:15:01+00:00] Unique deals in sheet: 2
[2026-07-07T01:15:01+00:00] Already green: 61, to check: 1
[2026-07-07T01:15:01+00:00] Categories: [3,5,7]
[2026-07-07T01:15:01+00:00] Fetched deals: 1
[2026-07-07T01:15:01+00:00] Colors: green=0 persisted=61, red=1
[2026-07-07T01:15:03+00:00] Cells updated: 2
[2026-07-07T01:15:03+00:00] === color-links end (2.61s) ===
[2026-07-07T01:30:01+00:00] === color-links start ===
[2026-07-07T01:30:01+00:00] Unique deals in sheet: 2
[2026-07-07T01:30:01+00:00] Already green: 61, to check: 1
[2026-07-07T01:30:01+00:00] Categories: [3,5,7]
[2026-07-07T01:30:02+00:00] Fetched deals: 1
[2026-07-07T01:30:02+00:00] Colors: green=0 persisted=61, red=1
[2026-07-07T01:30:04+00:00] Cells updated: 2
[2026-07-07T01:30:04+00:00] === color-links end (2.68s) ===
[2026-07-07T01:45:01+00:00] === color-links start ===
[2026-07-07T01:45:01+00:00] Unique deals in sheet: 2
[2026-07-07T01:45:01+00:00] Already green: 61, to check: 1
[2026-07-07T01:45:01+00:00] Categories: [3,5,7]
[2026-07-07T01:45:02+00:00] Fetched deals: 1
[2026-07-07T01:45:02+00:00] Colors: green=0 persisted=61, red=1
[2026-07-07T01:45:03+00:00] Cells updated: 2
[2026-07-07T01:45:03+00:00] === color-links end (2.06s) ===
[2026-07-07T02:00:01+00:00] === color-links start ===
[2026-07-07T02:00:01+00:00] Unique deals in sheet: 2
[2026-07-07T02:00:01+00:00] Already green: 61, to check: 1
[2026-07-07T02:00:01+00:00] Categories: [3,5,7]
[2026-07-07T02:00:01+00:00] Fetched deals: 1
[2026-07-07T02:00:01+00:00] Colors: green=0 persisted=61, red=1
[2026-07-07T02:00:03+00:00] Cells updated: 2
[2026-07-07T02:00:03+00:00] === color-links end (1.6s) ===
[2026-07-07T02:15:01+00:00] === color-links start ===
[2026-07-07T02:15:01+00:00] Unique deals in sheet: 2
[2026-07-07T02:15:01+00:00] Already green: 61, to check: 1
[2026-07-07T02:15:01+00:00] Categories: [3,5,7]
[2026-07-07T02:15:01+00:00] Fetched deals: 1
[2026-07-07T02:15:01+00:00] Colors: green=0 persisted=61, red=1
[2026-07-07T02:15:04+00:00] Cells updated: 2
[2026-07-07T02:15:04+00:00] === color-links end (3.02s) ===
[2026-07-07T02:30:01+00:00] === color-links start ===
[2026-07-07T02:30:01+00:00] Unique deals in sheet: 2
[2026-07-07T02:30:01+00:00] Already green: 61, to check: 1
[2026-07-07T02:30:01+00:00] Categories: [3,5,7]
[2026-07-07T02:30:01+00:00] Fetched deals: 1
[2026-07-07T02:30:01+00:00] Colors: green=0 persisted=61, red=1
[2026-07-07T02:30:03+00:00] Cells updated: 2
[2026-07-07T02:30:03+00:00] === color-links end (2.05s) ===
[2026-07-07T02:45:01+00:00] === color-links start ===
[2026-07-07T02:45:01+00:00] Unique deals in sheet: 2
[2026-07-07T02:45:01+00:00] Already green: 61, to check: 1
[2026-07-07T02:45:02+00:00] Categories: [3,5,7]
[2026-07-07T02:45:02+00:00] Fetched deals: 1
[2026-07-07T02:45:02+00:00] Colors: green=0 persisted=61, red=1
[2026-07-07T02:45:03+00:00] Cells updated: 2
[2026-07-07T02:45:03+00:00] === color-links end (2.05s) ===
[2026-07-07T03:00:01+00:00] === color-links start ===
[2026-07-07T03:00:01+00:00] Unique deals in sheet: 2
[2026-07-07T03:00:01+00:00] Already green: 61, to check: 1
[2026-07-07T03:00:01+00:00] Categories: [3,5,7]
[2026-07-07T03:00:01+00:00] Fetched deals: 1
[2026-07-07T03:00:01+00:00] Colors: green=0 persisted=61, red=1
[2026-07-07T03:00:02+00:00] Cells updated: 2
[2026-07-07T03:00:02+00:00] === color-links end (1.69s) ===
[2026-07-07T03:15:01+00:00] === color-links start ===
[2026-07-07T03:15:01+00:00] Unique deals in sheet: 2
[2026-07-07T03:15:01+00:00] Already green: 61, to check: 1
[2026-07-07T03:15:01+00:00] Categories: [3,5,7]
[2026-07-07T03:15:01+00:00] Fetched deals: 1
[2026-07-07T03:15:01+00:00] Colors: green=0 persisted=61, red=1
[2026-07-07T03:15:03+00:00] Cells updated: 2
[2026-07-07T03:15:03+00:00] === color-links end (2s) ===
[2026-07-07T03:30:01+00:00] === color-links start ===
[2026-07-07T03:30:01+00:00] Unique deals in sheet: 2
[2026-07-07T03:30:01+00:00] Already green: 61, to check: 1
[2026-07-07T03:30:01+00:00] Categories: [3,5,7]
[2026-07-07T03:30:01+00:00] Fetched deals: 1
[2026-07-07T03:30:01+00:00] Colors: green=0 persisted=61, red=1
[2026-07-07T03:30:03+00:00] Cells updated: 2
[2026-07-07T03:30:03+00:00] === color-links end (2.21s) ===
[2026-07-07T03:45:01+00:00] === color-links start ===
[2026-07-07T03:45:01+00:00] Unique deals in sheet: 2
[2026-07-07T03:45:01+00:00] Already green: 61, to check: 1
[2026-07-07T03:45:01+00:00] Categories: [3,5,7]
[2026-07-07T03:45:02+00:00] Fetched deals: 1
[2026-07-07T03:45:02+00:00] Colors: green=0 persisted=61, red=1
[2026-07-07T03:45:05+00:00] Cells updated: 2
[2026-07-07T03:45:05+00:00] === color-links end (3.43s) ===
[2026-07-07T04:00:01+00:00] === color-links start ===
[2026-07-07T04:00:01+00:00] Unique deals in sheet: 2
[2026-07-07T04:00:01+00:00] Already green: 61, to check: 1
[2026-07-07T04:00:01+00:00] Categories: [3,5,7]
[2026-07-07T04:00:01+00:00] Fetched deals: 1
[2026-07-07T04:00:01+00:00] Colors: green=0 persisted=61, red=1
[2026-07-07T04:00:03+00:00] Cells updated: 2
[2026-07-07T04:00:03+00:00] === color-links end (1.99s) ===
[2026-07-07T04:15:01+00:00] === color-links start ===
[2026-07-07T04:15:01+00:00] Unique deals in sheet: 2
[2026-07-07T04:15:01+00:00] Already green: 61, to check: 1
[2026-07-07T04:15:01+00:00] Categories: [3,5,7]
[2026-07-07T04:15:02+00:00] Fetched deals: 1
[2026-07-07T04:15:02+00:00] Colors: green=0 persisted=61, red=1
[2026-07-07T04:15:03+00:00] Cells updated: 2
[2026-07-07T04:15:03+00:00] === color-links end (1.6s) ===
[2026-07-07T04:30:01+00:00] === color-links start ===
[2026-07-07T04:30:01+00:00] Unique deals in sheet: 2
[2026-07-07T04:30:01+00:00] Already green: 61, to check: 1
[2026-07-07T04:30:02+00:00] Categories: [3,5,7]
[2026-07-07T04:30:02+00:00] Fetched deals: 1
[2026-07-07T04:30:02+00:00] Colors: green=0 persisted=61, red=1
[2026-07-07T04:30:03+00:00] Cells updated: 2
[2026-07-07T04:30:03+00:00] === color-links end (1.72s) ===
[2026-07-07T04:45:01+00:00] === color-links start ===
[2026-07-07T04:45:01+00:00] Unique deals in sheet: 2
[2026-07-07T04:45:01+00:00] Already green: 61, to check: 1
[2026-07-07T04:45:01+00:00] Categories: [3,5,7]
[2026-07-07T04:45:01+00:00] Fetched deals: 1
[2026-07-07T04:45:01+00:00] Colors: green=0 persisted=61, red=1
[2026-07-07T04:45:03+00:00] Cells updated: 2
[2026-07-07T04:45:03+00:00] === color-links end (2.03s) ===
[2026-07-07T05:00:01+00:00] === color-links start ===
[2026-07-07T05:00:01+00:00] Unique deals in sheet: 2
[2026-07-07T05:00:01+00:00] Already green: 61, to check: 1
[2026-07-07T05:00:01+00:00] Categories: [3,5,7]
[2026-07-07T05:00:01+00:00] Fetched deals: 1
[2026-07-07T05:00:01+00:00] Colors: green=0 persisted=61, red=1
[2026-07-07T05:00:02+00:00] Cells updated: 2
[2026-07-07T05:00:02+00:00] === color-links end (1.66s) ===
[2026-07-07T05:15:01+00:00] === color-links start ===
[2026-07-07T05:15:01+00:00] Unique deals in sheet: 2
[2026-07-07T05:15:01+00:00] Already green: 61, to check: 1
[2026-07-07T05:15:02+00:00] Categories: [3,5,7]
[2026-07-07T05:15:02+00:00] Fetched deals: 1
[2026-07-07T05:15:02+00:00] Colors: green=0 persisted=61, red=1
[2026-07-07T05:15:03+00:00] Cells updated: 2
[2026-07-07T05:15:03+00:00] === color-links end (1.67s) ===
[2026-07-07T05:30:01+00:00] === color-links start ===
[2026-07-07T05:30:01+00:00] Unique deals in sheet: 2
[2026-07-07T05:30:01+00:00] Already green: 61, to check: 1
[2026-07-07T05:30:01+00:00] Categories: [3,5,7]
[2026-07-07T05:30:01+00:00] Fetched deals: 1
[2026-07-07T05:30:01+00:00] Colors: green=0 persisted=61, red=1
[2026-07-07T05:30:03+00:00] Cells updated: 2
[2026-07-07T05:30:03+00:00] === color-links end (2.29s) ===
[2026-07-07T05:45:01+00:00] === color-links start ===
[2026-07-07T05:45:01+00:00] Unique deals in sheet: 2
[2026-07-07T05:45:01+00:00] Already green: 61, to check: 1
[2026-07-07T05:45:02+00:00] Categories: [3,5,7]
[2026-07-07T05:45:02+00:00] Fetched deals: 1
[2026-07-07T05:45:02+00:00] Colors: green=0 persisted=61, red=1
[2026-07-07T05:45:03+00:00] Cells updated: 2
[2026-07-07T05:45:03+00:00] === color-links end (1.73s) ===
[2026-07-07T06:00:01+00:00] === color-links start ===
[2026-07-07T06:00:01+00:00] Unique deals in sheet: 2
[2026-07-07T06:00:01+00:00] Already green: 61, to check: 1
[2026-07-07T06:00:01+00:00] Categories: [3,5,7]
[2026-07-07T06:00:01+00:00] Fetched deals: 1
[2026-07-07T06:00:01+00:00] Colors: green=0 persisted=61, red=1
[2026-07-07T06:00:03+00:00] Cells updated: 2
[2026-07-07T06:00:03+00:00] === color-links end (2.12s) ===
[2026-07-07T06:15:01+00:00] === color-links start ===
[2026-07-07T06:15:01+00:00] Unique deals in sheet: 2
[2026-07-07T06:15:01+00:00] Already green: 61, to check: 1
[2026-07-07T06:15:02+00:00] Categories: [3,5,7]
[2026-07-07T06:15:02+00:00] Fetched deals: 1
[2026-07-07T06:15:02+00:00] Colors: green=0 persisted=61, red=1
[2026-07-07T06:15:04+00:00] Cells updated: 2
[2026-07-07T06:15:04+00:00] === color-links end (2.21s) ===
[2026-07-07T06:30:01+00:00] === color-links start ===
[2026-07-07T06:30:01+00:00] Unique deals in sheet: 2
[2026-07-07T06:30:01+00:00] Already green: 61, to check: 1
[2026-07-07T06:30:01+00:00] Categories: [3,5,7]
[2026-07-07T06:30:01+00:00] Fetched deals: 1
[2026-07-07T06:30:01+00:00] Colors: green=0 persisted=61, red=1
[2026-07-07T06:30:03+00:00] Cells updated: 2
[2026-07-07T06:30:03+00:00] === color-links end (2.26s) ===
[2026-07-07T06:45:01+00:00] === color-links start ===
[2026-07-07T06:45:01+00:00] Unique deals in sheet: 2
[2026-07-07T06:45:01+00:00] Already green: 61, to check: 1
[2026-07-07T06:45:01+00:00] Categories: [3,5,7]
[2026-07-07T06:45:02+00:00] Fetched deals: 1
[2026-07-07T06:45:02+00:00] Colors: green=0 persisted=61, red=1
[2026-07-07T06:45:04+00:00] Cells updated: 2
[2026-07-07T06:45:04+00:00] === color-links end (2.77s) ===
[2026-07-07T07:00:01+00:00] === color-links start ===
[2026-07-07T07:00:01+00:00] Unique deals in sheet: 2
[2026-07-07T07:00:01+00:00] Already green: 61, to check: 1
[2026-07-07T07:00:01+00:00] Categories: [3,5,7]
[2026-07-07T07:00:01+00:00] Fetched deals: 1
[2026-07-07T07:00:01+00:00] Colors: green=0 persisted=61, red=1
[2026-07-07T07:00:03+00:00] Cells updated: 2
[2026-07-07T07:00:03+00:00] === color-links end (2.45s) ===
[2026-07-07T07:15:01+00:00] === color-links start ===
[2026-07-07T07:15:01+00:00] Unique deals in sheet: 2
[2026-07-07T07:15:01+00:00] Already green: 61, to check: 1
[2026-07-07T07:15:01+00:00] Categories: [3,5,7]
[2026-07-07T07:15:01+00:00] Fetched deals: 1
[2026-07-07T07:15:01+00:00] Colors: green=0 persisted=61, red=1
[2026-07-07T07:15:03+00:00] Cells updated: 2
[2026-07-07T07:15:03+00:00] === color-links end (2.28s) ===
[2026-07-07T07:30:01+00:00] === color-links start ===
[2026-07-07T07:30:01+00:00] Unique deals in sheet: 2
[2026-07-07T07:30:01+00:00] Already green: 61, to check: 1
[2026-07-07T07:30:01+00:00] Categories: [3,5,7]
[2026-07-07T07:30:01+00:00] Fetched deals: 1
[2026-07-07T07:30:01+00:00] Colors: green=0 persisted=61, red=1
[2026-07-07T07:30:03+00:00] Cells updated: 2
[2026-07-07T07:30:03+00:00] === color-links end (2.12s) ===
[2026-07-07T07:45:01+00:00] === color-links start ===
[2026-07-07T07:45:01+00:00] Unique deals in sheet: 2
[2026-07-07T07:45:01+00:00] Already green: 61, to check: 1
[2026-07-07T07:45:01+00:00] Categories: [3,5,7]
[2026-07-07T07:45:02+00:00] Fetched deals: 1
[2026-07-07T07:45:02+00:00] Colors: green=0 persisted=61, red=1
[2026-07-07T07:45:03+00:00] Cells updated: 2
[2026-07-07T07:45:03+00:00] === color-links end (2.05s) ===
[2026-07-07T08:00:01+00:00] === color-links start ===
[2026-07-07T08:00:01+00:00] Unique deals in sheet: 2
[2026-07-07T08:00:01+00:00] Already green: 61, to check: 1
[2026-07-07T08:00:02+00:00] Categories: [3,5,7]
[2026-07-07T08:00:02+00:00] Fetched deals: 1
[2026-07-07T08:00:02+00:00] Colors: green=0 persisted=61, red=1
[2026-07-07T08:00:04+00:00] Cells updated: 2
[2026-07-07T08:00:04+00:00] === color-links end (2.36s) ===
[2026-07-07T08:15:01+00:00] === color-links start ===
[2026-07-07T08:15:01+00:00] Unique deals in sheet: 2
[2026-07-07T08:15:01+00:00] Already green: 61, to check: 1
[2026-07-07T08:15:02+00:00] Categories: [3,5,7]
[2026-07-07T08:15:02+00:00] Fetched deals: 1
[2026-07-07T08:15:02+00:00] Colors: green=0 persisted=61, red=1
[2026-07-07T08:15:03+00:00] Cells updated: 2
[2026-07-07T08:15:03+00:00] === color-links end (1.79s) ===
[2026-07-07T08:30:01+00:00] === color-links start ===
[2026-07-07T08:30:01+00:00] Unique deals in sheet: 2
[2026-07-07T08:30:01+00:00] Already green: 61, to check: 1
[2026-07-07T08:30:01+00:00] Categories: [3,5,7]
[2026-07-07T08:30:02+00:00] Fetched deals: 1
[2026-07-07T08:30:02+00:00] Colors: green=0 persisted=61, red=1
[2026-07-07T08:30:03+00:00] Cells updated: 2
[2026-07-07T08:30:03+00:00] === color-links end (2.23s) ===
[2026-07-07T08:45:01+00:00] === color-links start ===
[2026-07-07T08:45:01+00:00] Unique deals in sheet: 2
[2026-07-07T08:45:01+00:00] Already green: 61, to check: 1
[2026-07-07T08:45:01+00:00] Categories: [3,5,7]
[2026-07-07T08:45:01+00:00] Fetched deals: 1
[2026-07-07T08:45:01+00:00] Colors: green=0 persisted=61, red=1
[2026-07-07T08:45:03+00:00] Cells updated: 2
[2026-07-07T08:45:03+00:00] === color-links end (2.02s) ===
[2026-07-07T09:00:01+00:00] === color-links start ===
[2026-07-07T09:00:01+00:00] Unique deals in sheet: 2
[2026-07-07T09:00:01+00:00] Already green: 61, to check: 1
[2026-07-07T09:00:01+00:00] Categories: [3,5,7]
[2026-07-07T09:00:01+00:00] Fetched deals: 1
[2026-07-07T09:00:01+00:00] Colors: green=0 persisted=61, red=1
[2026-07-07T09:00:03+00:00] Cells updated: 2
[2026-07-07T09:00:03+00:00] === color-links end (1.96s) ===
[2026-07-07T09:15:01+00:00] === color-links start ===
[2026-07-07T09:15:01+00:00] Unique deals in sheet: 2
[2026-07-07T09:15:01+00:00] Already green: 61, to check: 1
[2026-07-07T09:15:02+00:00] Categories: [3,5,7]
[2026-07-07T09:15:02+00:00] Fetched deals: 1
[2026-07-07T09:15:02+00:00] Colors: green=0 persisted=61, red=1
[2026-07-07T09:15:03+00:00] Cells updated: 2
[2026-07-07T09:15:03+00:00] === color-links end (1.86s) ===
[2026-07-07T09:30:01+00:00] === color-links start ===
[2026-07-07T09:30:01+00:00] Unique deals in sheet: 2
[2026-07-07T09:30:01+00:00] Already green: 61, to check: 1
[2026-07-07T09:30:01+00:00] Categories: [3,5,7]
[2026-07-07T09:30:01+00:00] Fetched deals: 1
[2026-07-07T09:30:01+00:00] Colors: green=0 persisted=61, red=1
[2026-07-07T09:30:03+00:00] Cells updated: 2
[2026-07-07T09:30:03+00:00] === color-links end (2.34s) ===
[2026-07-07T09:45:01+00:00] === color-links start ===
[2026-07-07T09:45:01+00:00] Unique deals in sheet: 2
[2026-07-07T09:45:01+00:00] Already green: 61, to check: 1
[2026-07-07T09:45:01+00:00] Categories: [3,5,7]
[2026-07-07T09:45:02+00:00] Fetched deals: 1
[2026-07-07T09:45:02+00:00] Colors: green=0 persisted=61, red=1
[2026-07-07T09:45:05+00:00] Cells updated: 2
[2026-07-07T09:45:05+00:00] === color-links end (3.49s) ===
[2026-07-07T10:00:01+00:00] === color-links start ===
[2026-07-07T10:00:01+00:00] Unique deals in sheet: 2
[2026-07-07T10:00:01+00:00] Already green: 61, to check: 1
[2026-07-07T10:00:01+00:00] Categories: [3,5,7]
[2026-07-07T10:00:01+00:00] Fetched deals: 1
[2026-07-07T10:00:01+00:00] Colors: green=0 persisted=61, red=1
[2026-07-07T10:00:03+00:00] Cells updated: 2
[2026-07-07T10:00:03+00:00] === color-links end (1.71s) ===
[2026-07-07T10:15:01+00:00] === color-links start ===
[2026-07-07T10:15:01+00:00] Unique deals in sheet: 2
[2026-07-07T10:15:01+00:00] Already green: 61, to check: 1
[2026-07-07T10:15:01+00:00] Categories: [3,5,7]
[2026-07-07T10:15:01+00:00] Fetched deals: 1
[2026-07-07T10:15:01+00:00] Colors: green=0 persisted=61, red=1
[2026-07-07T10:15:02+00:00] Cells updated: 2
[2026-07-07T10:15:02+00:00] === color-links end (1.74s) ===
[2026-07-07T10:30:01+00:00] === color-links start ===
[2026-07-07T10:30:01+00:00] Unique deals in sheet: 2
[2026-07-07T10:30:01+00:00] Already green: 61, to check: 1
[2026-07-07T10:30:01+00:00] Categories: [3,5,7]
[2026-07-07T10:30:02+00:00] Fetched deals: 1
[2026-07-07T10:30:02+00:00] Colors: green=0 persisted=61, red=1
[2026-07-07T10:30:03+00:00] Cells updated: 2
[2026-07-07T10:30:03+00:00] === color-links end (1.86s) ===
[2026-07-07T10:45:01+00:00] === color-links start ===
[2026-07-07T10:45:01+00:00] Unique deals in sheet: 2
[2026-07-07T10:45:01+00:00] Already green: 61, to check: 1
[2026-07-07T10:45:01+00:00] Categories: [3,5,7]
[2026-07-07T10:45:01+00:00] Fetched deals: 1
[2026-07-07T10:45:01+00:00] Colors: green=0 persisted=61, red=1
[2026-07-07T10:45:03+00:00] Cells updated: 2
[2026-07-07T10:45:03+00:00] === color-links end (2.06s) ===
[2026-07-07T11:00:01+00:00] === color-links start ===
[2026-07-07T11:00:01+00:00] Unique deals in sheet: 2
[2026-07-07T11:00:01+00:00] Already green: 61, to check: 1
[2026-07-07T11:00:02+00:00] Categories: [3,5,7]
[2026-07-07T11:00:02+00:00] Fetched deals: 1
[2026-07-07T11:00:02+00:00] Colors: green=0 persisted=61, red=1
[2026-07-07T11:00:04+00:00] Cells updated: 2
[2026-07-07T11:00:04+00:00] === color-links end (2.13s) ===
[2026-07-07T11:15:01+00:00] === color-links start ===
[2026-07-07T11:15:01+00:00] Unique deals in sheet: 2
[2026-07-07T11:15:01+00:00] Already green: 61, to check: 1
[2026-07-07T11:15:01+00:00] Categories: [3,5,7]
[2026-07-07T11:15:02+00:00] Fetched deals: 1
[2026-07-07T11:15:02+00:00] Colors: green=0 persisted=61, red=1
[2026-07-07T11:15:04+00:00] Cells updated: 2
[2026-07-07T11:15:04+00:00] === color-links end (2.38s) ===
[2026-07-07T11:30:02+00:00] === color-links start ===
[2026-07-07T11:30:02+00:00] Unique deals in sheet: 2
[2026-07-07T11:30:02+00:00] Already green: 61, to check: 1
[2026-07-07T11:30:02+00:00] Categories: [3,5,7]
[2026-07-07T11:30:02+00:00] Fetched deals: 1
[2026-07-07T11:30:02+00:00] Colors: green=0 persisted=61, red=1
[2026-07-07T11:30:04+00:00] Cells updated: 2
[2026-07-07T11:30:04+00:00] === color-links end (2.27s) ===
[2026-07-07T11:45:01+00:00] === color-links start ===
[2026-07-07T11:45:01+00:00] Unique deals in sheet: 2
[2026-07-07T11:45:01+00:00] Already green: 61, to check: 1
[2026-07-07T11:45:01+00:00] Categories: [3,5,7]
[2026-07-07T11:45:01+00:00] Fetched deals: 1
[2026-07-07T11:45:01+00:00] Colors: green=0 persisted=61, red=1
[2026-07-07T11:45:02+00:00] Cells updated: 2
[2026-07-07T11:45:02+00:00] === color-links end (1.79s) ===
[2026-07-07T12:00:01+00:00] === color-links start ===
[2026-07-07T12:00:01+00:00] Unique deals in sheet: 2
[2026-07-07T12:00:01+00:00] Already green: 61, to check: 1
[2026-07-07T12:00:02+00:00] Categories: [3,5,7]
[2026-07-07T12:00:02+00:00] Fetched deals: 1
[2026-07-07T12:00:02+00:00] Colors: green=0 persisted=61, red=1
[2026-07-07T12:00:03+00:00] Cells updated: 2
[2026-07-07T12:00:03+00:00] === color-links end (2.04s) ===
[2026-07-07T12:15:01+00:00] === color-links start ===
[2026-07-07T12:15:01+00:00] Unique deals in sheet: 2
[2026-07-07T12:15:01+00:00] Already green: 61, to check: 1
[2026-07-07T12:15:02+00:00] Categories: [3,5,7]
[2026-07-07T12:15:02+00:00] Fetched deals: 1
[2026-07-07T12:15:02+00:00] Colors: green=0 persisted=61, red=1
[2026-07-07T12:15:03+00:00] Cells updated: 2
[2026-07-07T12:15:03+00:00] === color-links end (2.01s) ===
[2026-07-07T12:30:01+00:00] === color-links start ===
[2026-07-07T12:30:01+00:00] Unique deals in sheet: 2
[2026-07-07T12:30:01+00:00] Already green: 61, to check: 1
[2026-07-07T12:30:01+00:00] Categories: [3,5,7]
[2026-07-07T12:30:02+00:00] Fetched deals: 1
[2026-07-07T12:30:02+00:00] Colors: green=0 persisted=61, red=1
[2026-07-07T12:30:03+00:00] Cells updated: 2
[2026-07-07T12:30:03+00:00] === color-links end (2.23s) ===
[2026-07-07T12:45:02+00:00] === color-links start ===
[2026-07-07T12:45:02+00:00] Unique deals in sheet: 2
[2026-07-07T12:45:02+00:00] Already green: 61, to check: 1
[2026-07-07T12:45:02+00:00] Categories: [3,5,7]
[2026-07-07T12:45:02+00:00] Fetched deals: 1
[2026-07-07T12:45:02+00:00] Colors: green=0 persisted=61, red=1
[2026-07-07T12:45:04+00:00] Cells updated: 2
[2026-07-07T12:45:04+00:00] === color-links end (2.07s) ===
[2026-07-07T13:00:01+00:00] === color-links start ===
[2026-07-07T13:00:01+00:00] Unique deals in sheet: 2
[2026-07-07T13:00:01+00:00] Already green: 61, to check: 1
[2026-07-07T13:00:01+00:00] Categories: [3,5,7]
[2026-07-07T13:00:02+00:00] Fetched deals: 1
[2026-07-07T13:00:02+00:00] Colors: green=0 persisted=61, red=1
[2026-07-07T13:00:03+00:00] Cells updated: 2
[2026-07-07T13:00:03+00:00] === color-links end (2.04s) ===
[2026-07-07T13:15:01+00:00] === color-links start ===
[2026-07-07T13:15:01+00:00] Unique deals in sheet: 2
[2026-07-07T13:15:01+00:00] Already green: 61, to check: 1
[2026-07-07T13:15:01+00:00] Categories: [3,5,7]
[2026-07-07T13:15:01+00:00] Fetched deals: 1
[2026-07-07T13:15:01+00:00] Colors: green=0 persisted=61, red=1
[2026-07-07T13:15:03+00:00] Cells updated: 2
[2026-07-07T13:15:03+00:00] === color-links end (2.18s) ===
[2026-07-07T13:30:01+00:00] === color-links start ===
[2026-07-07T13:30:01+00:00] Unique deals in sheet: 2
[2026-07-07T13:30:01+00:00] Already green: 61, to check: 1
[2026-07-07T13:30:02+00:00] Categories: [3,5,7]
[2026-07-07T13:30:02+00:00] Fetched deals: 1
[2026-07-07T13:30:02+00:00] Colors: green=0 persisted=61, red=1
[2026-07-07T13:30:03+00:00] Cells updated: 2
[2026-07-07T13:30:03+00:00] === color-links end (1.95s) ===
[2026-07-07T13:45:01+00:00] === color-links start ===
[2026-07-07T13:45:01+00:00] Unique deals in sheet: 2
[2026-07-07T13:45:01+00:00] Already green: 61, to check: 1
[2026-07-07T13:45:02+00:00] Categories: [3,5,7]
[2026-07-07T13:45:02+00:00] Fetched deals: 1
[2026-07-07T13:45:02+00:00] Colors: green=0 persisted=61, red=1
[2026-07-07T13:45:03+00:00] Cells updated: 2
[2026-07-07T13:45:03+00:00] === color-links end (2.11s) ===
[2026-07-07T14:00:01+00:00] === color-links start ===
[2026-07-07T14:00:01+00:00] Unique deals in sheet: 2
[2026-07-07T14:00:01+00:00] Already green: 61, to check: 1
[2026-07-07T14:00:02+00:00] Categories: [3,5,7]
[2026-07-07T14:00:02+00:00] Fetched deals: 1
[2026-07-07T14:00:02+00:00] Colors: green=0 persisted=61, red=1
[2026-07-07T14:00:03+00:00] Cells updated: 2
[2026-07-07T14:00:03+00:00] === color-links end (1.85s) ===
[2026-07-07T14:15:01+00:00] === color-links start ===
[2026-07-07T14:15:01+00:00] Unique deals in sheet: 2
[2026-07-07T14:15:01+00:00] Already green: 61, to check: 1
[2026-07-07T14:15:01+00:00] Categories: [3,5,7]
[2026-07-07T14:15:01+00:00] Fetched deals: 1
[2026-07-07T14:15:01+00:00] Colors: green=0 persisted=61, red=1
[2026-07-07T14:15:03+00:00] Cells updated: 2
[2026-07-07T14:15:03+00:00] === color-links end (2.46s) ===
[2026-07-07T14:30:01+00:00] === color-links start ===
[2026-07-07T14:30:01+00:00] Unique deals in sheet: 2
[2026-07-07T14:30:01+00:00] Already green: 61, to check: 1
[2026-07-07T14:30:01+00:00] Categories: [3,5,7]
[2026-07-07T14:30:02+00:00] Fetched deals: 1
[2026-07-07T14:30:02+00:00] Colors: green=0 persisted=61, red=1
[2026-07-07T14:30:03+00:00] Cells updated: 2
[2026-07-07T14:30:03+00:00] === color-links end (2.29s) ===
[2026-07-07T14:45:01+00:00] === color-links start ===
[2026-07-07T14:45:01+00:00] Unique deals in sheet: 2
[2026-07-07T14:45:01+00:00] Already green: 61, to check: 1
[2026-07-07T14:45:02+00:00] Categories: [3,5,7]
[2026-07-07T14:45:02+00:00] Fetched deals: 1
[2026-07-07T14:45:02+00:00] Colors: green=0 persisted=61, red=1
[2026-07-07T14:45:03+00:00] Cells updated: 2
[2026-07-07T14:45:03+00:00] === color-links end (1.83s) ===
[2026-07-07T15:00:01+00:00] === color-links start ===
[2026-07-07T15:00:01+00:00] Unique deals in sheet: 2
[2026-07-07T15:00:01+00:00] Already green: 61, to check: 1
[2026-07-07T15:00:01+00:00] Categories: [3,5,7]
[2026-07-07T15:00:01+00:00] Fetched deals: 1
[2026-07-07T15:00:01+00:00] Colors: green=0 persisted=61, red=1
[2026-07-07T15:00:03+00:00] Cells updated: 2
[2026-07-07T15:00:03+00:00] === color-links end (1.71s) ===
[2026-07-07T15:15:02+00:00] === color-links start ===
[2026-07-07T15:15:02+00:00] Unique deals in sheet: 2
[2026-07-07T15:15:02+00:00] Already green: 61, to check: 1
[2026-07-07T15:15:02+00:00] Categories: [3,5,7]
[2026-07-07T15:15:02+00:00] Fetched deals: 1
[2026-07-07T15:15:02+00:00] Colors: green=0 persisted=61, red=1
[2026-07-07T15:15:04+00:00] Cells updated: 2
[2026-07-07T15:15:04+00:00] === color-links end (1.96s) ===
[2026-07-07T15:30:01+00:00] === color-links start ===
[2026-07-07T15:30:01+00:00] Unique deals in sheet: 2
[2026-07-07T15:30:01+00:00] Already green: 61, to check: 1
[2026-07-07T15:30:01+00:00] Categories: [3,5,7]
[2026-07-07T15:30:01+00:00] Fetched deals: 1
[2026-07-07T15:30:01+00:00] Colors: green=0 persisted=61, red=1
[2026-07-07T15:30:03+00:00] Cells updated: 2
[2026-07-07T15:30:03+00:00] === color-links end (1.7s) ===
[2026-07-07T15:45:01+00:00] === color-links start ===
[2026-07-07T15:45:01+00:00] Unique deals in sheet: 2
[2026-07-07T15:45:01+00:00] Already green: 61, to check: 1
[2026-07-07T15:45:01+00:00] Categories: [3,5,7]
[2026-07-07T15:45:01+00:00] Fetched deals: 1
[2026-07-07T15:45:01+00:00] Colors: green=0 persisted=61, red=1
[2026-07-07T15:45:03+00:00] Cells updated: 2
[2026-07-07T15:45:03+00:00] === color-links end (1.95s) ===
[2026-07-07T16:00:01+00:00] === color-links start ===
[2026-07-07T16:00:01+00:00] Unique deals in sheet: 2
[2026-07-07T16:00:01+00:00] Already green: 61, to check: 1
[2026-07-07T16:00:01+00:00] Categories: [3,5,7]
[2026-07-07T16:00:01+00:00] Fetched deals: 1
[2026-07-07T16:00:01+00:00] Colors: green=0 persisted=61, red=1
[2026-07-07T16:00:03+00:00] Cells updated: 2
[2026-07-07T16:00:03+00:00] === color-links end (1.76s) ===
[2026-07-07T16:15:01+00:00] === color-links start ===
[2026-07-07T16:15:01+00:00] Unique deals in sheet: 2
[2026-07-07T16:15:01+00:00] Already green: 61, to check: 1
[2026-07-07T16:15:01+00:00] Categories: [3,5,7]
[2026-07-07T16:15:01+00:00] Fetched deals: 1
[2026-07-07T16:15:01+00:00] Colors: green=0 persisted=61, red=1
[2026-07-07T16:15:03+00:00] Cells updated: 2
[2026-07-07T16:15:03+00:00] === color-links end (2.07s) ===
[2026-07-07T16:30:01+00:00] === color-links start ===
[2026-07-07T16:30:01+00:00] Unique deals in sheet: 2
[2026-07-07T16:30:01+00:00] Already green: 61, to check: 1
[2026-07-07T16:30:02+00:00] Categories: [3,5,7]
[2026-07-07T16:30:02+00:00] Fetched deals: 1
[2026-07-07T16:30:02+00:00] Colors: green=0 persisted=61, red=1
[2026-07-07T16:30:03+00:00] Cells updated: 2
[2026-07-07T16:30:03+00:00] === color-links end (1.65s) ===
[2026-07-07T16:45:01+00:00] === color-links start ===
[2026-07-07T16:45:01+00:00] Unique deals in sheet: 2
[2026-07-07T16:45:01+00:00] Already green: 61, to check: 1
[2026-07-07T16:45:02+00:00] Categories: [3,5,7]
[2026-07-07T16:45:02+00:00] Fetched deals: 1
[2026-07-07T16:45:02+00:00] Colors: green=0 persisted=61, red=1
[2026-07-07T16:45:03+00:00] Cells updated: 2
[2026-07-07T16:45:03+00:00] === color-links end (1.79s) ===
[2026-07-07T17:00:01+00:00] === color-links start ===
[2026-07-07T17:00:01+00:00] Unique deals in sheet: 2
[2026-07-07T17:00:01+00:00] Already green: 61, to check: 1
[2026-07-07T17:00:02+00:00] Categories: [3,5,7]
[2026-07-07T17:00:02+00:00] Fetched deals: 1
[2026-07-07T17:00:02+00:00] Colors: green=0 persisted=61, red=1
[2026-07-07T17:00:03+00:00] Cells updated: 2
[2026-07-07T17:00:03+00:00] === color-links end (2.12s) ===
[2026-07-07T17:15:01+00:00] === color-links start ===
[2026-07-07T17:15:01+00:00] Unique deals in sheet: 2
[2026-07-07T17:15:01+00:00] Already green: 61, to check: 1
[2026-07-07T17:15:01+00:00] Categories: [3,5,7]
[2026-07-07T17:15:01+00:00] Fetched deals: 1
[2026-07-07T17:15:01+00:00] Colors: green=0 persisted=61, red=1
[2026-07-07T17:15:03+00:00] Cells updated: 2
[2026-07-07T17:15:03+00:00] === color-links end (2.55s) ===
[2026-07-07T17:30:01+00:00] === color-links start ===
[2026-07-07T17:30:01+00:00] Unique deals in sheet: 2
[2026-07-07T17:30:01+00:00] Already green: 61, to check: 1
[2026-07-07T17:30:01+00:00] Categories: [3,5,7]
[2026-07-07T17:30:01+00:00] Fetched deals: 1
[2026-07-07T17:30:01+00:00] Colors: green=0 persisted=61, red=1
[2026-07-07T17:30:03+00:00] Cells updated: 2
[2026-07-07T17:30:03+00:00] === color-links end (2.23s) ===
[2026-07-07T17:45:01+00:00] === color-links start ===
[2026-07-07T17:45:01+00:00] Unique deals in sheet: 2
[2026-07-07T17:45:01+00:00] Already green: 61, to check: 1
[2026-07-07T17:45:01+00:00] Categories: [3,5,7]
[2026-07-07T17:45:01+00:00] Fetched deals: 1
[2026-07-07T17:45:01+00:00] Colors: green=0 persisted=61, red=1
[2026-07-07T17:45:04+00:00] Cells updated: 2
[2026-07-07T17:45:04+00:00] === color-links end (2.97s) ===
[2026-07-07T18:00:01+00:00] === color-links start ===
[2026-07-07T18:00:01+00:00] Unique deals in sheet: 2
[2026-07-07T18:00:01+00:00] Already green: 61, to check: 1
[2026-07-07T18:00:01+00:00] Categories: [3,5,7]
[2026-07-07T18:00:02+00:00] Fetched deals: 1
[2026-07-07T18:00:02+00:00] Colors: green=0 persisted=61, red=1
[2026-07-07T18:00:04+00:00] Cells updated: 2
[2026-07-07T18:00:04+00:00] === color-links end (3.42s) ===
[2026-07-07T18:15:01+00:00] === color-links start ===
[2026-07-07T18:15:01+00:00] Unique deals in sheet: 2
[2026-07-07T18:15:01+00:00] Already green: 61, to check: 1
[2026-07-07T18:15:01+00:00] Categories: [3,5,7]
[2026-07-07T18:15:01+00:00] Fetched deals: 1
[2026-07-07T18:15:01+00:00] Colors: green=0 persisted=61, red=1
[2026-07-07T18:15:03+00:00] Cells updated: 2
[2026-07-07T18:15:03+00:00] === color-links end (2.26s) ===
[2026-07-07T18:30:01+00:00] === color-links start ===
[2026-07-07T18:30:01+00:00] Unique deals in sheet: 2
[2026-07-07T18:30:01+00:00] Already green: 61, to check: 1
[2026-07-07T18:30:01+00:00] Categories: [3,5,7]
[2026-07-07T18:30:01+00:00] Fetched deals: 1
[2026-07-07T18:30:01+00:00] Colors: green=0 persisted=61, red=1
[2026-07-07T18:30:03+00:00] Cells updated: 2
[2026-07-07T18:30:03+00:00] === color-links end (2.15s) ===
[2026-07-07T18:45:01+00:00] === color-links start ===
[2026-07-07T18:45:01+00:00] Unique deals in sheet: 2
[2026-07-07T18:45:01+00:00] Already green: 61, to check: 1
[2026-07-07T18:45:01+00:00] Categories: [3,5,7]
[2026-07-07T18:45:01+00:00] Fetched deals: 1
[2026-07-07T18:45:01+00:00] Colors: green=0 persisted=61, red=1
[2026-07-07T18:45:03+00:00] Cells updated: 2
[2026-07-07T18:45:03+00:00] === color-links end (2.52s) ===
[2026-07-07T19:00:01+00:00] === color-links start ===
[2026-07-07T19:00:01+00:00] Unique deals in sheet: 2
[2026-07-07T19:00:01+00:00] Already green: 61, to check: 1
[2026-07-07T19:00:02+00:00] Categories: [3,5,7]
[2026-07-07T19:00:03+00:00] Fetched deals: 1
[2026-07-07T19:00:03+00:00] Colors: green=0 persisted=61, red=1
[2026-07-07T19:00:04+00:00] Cells updated: 2
[2026-07-07T19:00:04+00:00] === color-links end (2.61s) ===
[2026-07-07T19:15:01+00:00] === color-links start ===
[2026-07-07T19:15:01+00:00] Unique deals in sheet: 2
[2026-07-07T19:15:01+00:00] Already green: 61, to check: 1
[2026-07-07T19:15:01+00:00] Categories: [3,5,7]
[2026-07-07T19:15:02+00:00] Fetched deals: 1
[2026-07-07T19:15:02+00:00] Colors: green=0 persisted=61, red=1
[2026-07-07T19:15:04+00:00] Cells updated: 2
[2026-07-07T19:15:04+00:00] === color-links end (2.81s) ===
[2026-07-07T19:30:01+00:00] === color-links start ===
[2026-07-07T19:30:01+00:00] Unique deals in sheet: 2
[2026-07-07T19:30:01+00:00] Already green: 61, to check: 1
[2026-07-07T19:30:01+00:00] Categories: [3,5,7]
[2026-07-07T19:30:01+00:00] Fetched deals: 1
[2026-07-07T19:30:01+00:00] Colors: green=0 persisted=61, red=1
[2026-07-07T19:30:04+00:00] Cells updated: 2
[2026-07-07T19:30:04+00:00] === color-links end (3.25s) ===
[2026-07-07T19:45:01+00:00] === color-links start ===
[2026-07-07T19:45:01+00:00] Unique deals in sheet: 2
[2026-07-07T19:45:01+00:00] Already green: 61, to check: 1
[2026-07-07T19:45:01+00:00] Categories: [3,5,7]
[2026-07-07T19:45:01+00:00] Fetched deals: 1
[2026-07-07T19:45:01+00:00] Colors: green=0 persisted=61, red=1
[2026-07-07T19:45:03+00:00] Cells updated: 2
[2026-07-07T19:45:03+00:00] === color-links end (2.34s) ===
[2026-07-07T20:00:01+00:00] === color-links start ===
[2026-07-07T20:00:01+00:00] Unique deals in sheet: 2
[2026-07-07T20:00:01+00:00] Already green: 61, to check: 1
[2026-07-07T20:00:01+00:00] Categories: [3,5,7]
[2026-07-07T20:00:01+00:00] Fetched deals: 1
[2026-07-07T20:00:01+00:00] Colors: green=0 persisted=61, red=1
[2026-07-07T20:00:03+00:00] Cells updated: 2
[2026-07-07T20:00:03+00:00] === color-links end (1.79s) ===
[2026-07-07T20:15:01+00:00] === color-links start ===
[2026-07-07T20:15:01+00:00] Unique deals in sheet: 2
[2026-07-07T20:15:01+00:00] Already green: 61, to check: 1
[2026-07-07T20:15:01+00:00] Categories: [3,5,7]
[2026-07-07T20:15:01+00:00] Fetched deals: 1
[2026-07-07T20:15:01+00:00] Colors: green=0 persisted=61, red=1
[2026-07-07T20:15:04+00:00] Cells updated: 2
[2026-07-07T20:15:04+00:00] === color-links end (3.01s) ===
[2026-07-07T20:30:01+00:00] === color-links start ===
[2026-07-07T20:30:01+00:00] Unique deals in sheet: 2
[2026-07-07T20:30:01+00:00] Already green: 61, to check: 1
[2026-07-07T20:30:01+00:00] Categories: [3,5,7]
[2026-07-07T20:30:01+00:00] Fetched deals: 1
[2026-07-07T20:30:01+00:00] Colors: green=0 persisted=61, red=1
[2026-07-07T20:30:03+00:00] Cells updated: 2
[2026-07-07T20:30:03+00:00] === color-links end (2.09s) ===
[2026-07-07T20:45:01+00:00] === color-links start ===
[2026-07-07T20:45:01+00:00] Unique deals in sheet: 2
[2026-07-07T20:45:01+00:00] Already green: 61, to check: 1
[2026-07-07T20:45:01+00:00] Categories: [3,5,7]
[2026-07-07T20:45:01+00:00] Fetched deals: 1
[2026-07-07T20:45:01+00:00] Colors: green=0 persisted=61, red=1
[2026-07-07T20:45:03+00:00] Cells updated: 2
[2026-07-07T20:45:03+00:00] === color-links end (1.62s) ===
[2026-07-07T21:00:01+00:00] === color-links start ===
[2026-07-07T21:00:01+00:00] Unique deals in sheet: 2
[2026-07-07T21:00:01+00:00] Already green: 61, to check: 1
[2026-07-07T21:00:04+00:00] Categories: [3,5,7]
[2026-07-07T21:00:09+00:00] Fetched deals: 1
[2026-07-07T21:00:09+00:00] Colors: green=0 persisted=61, red=1
[2026-07-07T21:00:11+00:00] Cells updated: 2
[2026-07-07T21:00:11+00:00] === color-links end (9.68s) ===
[2026-07-07T21:15:01+00:00] === color-links start ===
[2026-07-07T21:15:01+00:00] Unique deals in sheet: 2
[2026-07-07T21:15:01+00:00] Already green: 61, to check: 1
[2026-07-07T21:15:01+00:00] Categories: [3,5,7]
[2026-07-07T21:15:01+00:00] Fetched deals: 1
[2026-07-07T21:15:01+00:00] Colors: green=0 persisted=61, red=1
[2026-07-07T21:15:03+00:00] Cells updated: 2
[2026-07-07T21:15:03+00:00] === color-links end (2.69s) ===
[2026-07-07T21:30:01+00:00] === color-links start ===
[2026-07-07T21:30:01+00:00] Unique deals in sheet: 2
[2026-07-07T21:30:01+00:00] Already green: 61, to check: 1
[2026-07-07T21:30:01+00:00] Categories: [3,5,7]
[2026-07-07T21:30:01+00:00] Fetched deals: 1
[2026-07-07T21:30:01+00:00] Colors: green=0 persisted=61, red=1
[2026-07-07T21:30:03+00:00] Cells updated: 2
[2026-07-07T21:30:03+00:00] === color-links end (1.84s) ===
[2026-07-07T21:45:01+00:00] === color-links start ===
[2026-07-07T21:45:01+00:00] Unique deals in sheet: 2
[2026-07-07T21:45:01+00:00] Already green: 61, to check: 1
[2026-07-07T21:45:01+00:00] Categories: [3,5,7]
[2026-07-07T21:45:01+00:00] Fetched deals: 1
[2026-07-07T21:45:01+00:00] Colors: green=0 persisted=61, red=1
[2026-07-07T21:45:03+00:00] Cells updated: 2
[2026-07-07T21:45:03+00:00] === color-links end (2.28s) ===
[2026-07-07T22:00:01+00:00] === color-links start ===
[2026-07-07T22:00:01+00:00] Unique deals in sheet: 2
[2026-07-07T22:00:01+00:00] Already green: 61, to check: 1
[2026-07-07T22:00:01+00:00] Categories: [3,5,7]
[2026-07-07T22:00:02+00:00] Fetched deals: 1
[2026-07-07T22:00:02+00:00] Colors: green=0 persisted=61, red=1
[2026-07-07T22:00:03+00:00] Cells updated: 2
[2026-07-07T22:00:03+00:00] === color-links end (2.18s) ===
[2026-07-07T22:15:01+00:00] === color-links start ===
[2026-07-07T22:15:01+00:00] Unique deals in sheet: 2
[2026-07-07T22:15:01+00:00] Already green: 61, to check: 1
[2026-07-07T22:15:01+00:00] Categories: [3,5,7]
[2026-07-07T22:15:01+00:00] Fetched deals: 1
[2026-07-07T22:15:01+00:00] Colors: green=0 persisted=61, red=1
[2026-07-07T22:15:03+00:00] Cells updated: 2
[2026-07-07T22:15:03+00:00] === color-links end (1.7s) ===
[2026-07-07T22:30:01+00:00] === color-links start ===
[2026-07-07T22:30:01+00:00] Unique deals in sheet: 2
[2026-07-07T22:30:01+00:00] Already green: 61, to check: 1
[2026-07-07T22:30:02+00:00] Categories: [3,5,7]
[2026-07-07T22:30:02+00:00] Fetched deals: 1
[2026-07-07T22:30:02+00:00] Colors: green=0 persisted=61, red=1
[2026-07-07T22:30:03+00:00] Cells updated: 2
[2026-07-07T22:30:03+00:00] === color-links end (2.14s) ===
[2026-07-07T22:45:01+00:00] === color-links start ===
[2026-07-07T22:45:01+00:00] Unique deals in sheet: 2
[2026-07-07T22:45:01+00:00] Already green: 61, to check: 1
[2026-07-07T22:45:01+00:00] Categories: [3,5,7]
[2026-07-07T22:45:02+00:00] Fetched deals: 1
[2026-07-07T22:45:02+00:00] Colors: green=0 persisted=61, red=1
[2026-07-07T22:45:03+00:00] Cells updated: 2
[2026-07-07T22:45:03+00:00] === color-links end (1.67s) ===
[2026-07-07T23:00:01+00:00] === color-links start ===
[2026-07-07T23:00:01+00:00] Unique deals in sheet: 2
[2026-07-07T23:00:01+00:00] Already green: 61, to check: 1
[2026-07-07T23:00:01+00:00] Categories: [3,5,7]
[2026-07-07T23:00:01+00:00] Fetched deals: 1
[2026-07-07T23:00:01+00:00] Colors: green=0 persisted=61, red=1
[2026-07-07T23:00:03+00:00] Cells updated: 2
[2026-07-07T23:00:03+00:00] === color-links end (2.03s) ===
[2026-07-07T23:15:01+00:00] === color-links start ===
[2026-07-07T23:15:01+00:00] Unique deals in sheet: 2
[2026-07-07T23:15:01+00:00] Already green: 61, to check: 1
[2026-07-07T23:15:01+00:00] Categories: [3,5,7]
[2026-07-07T23:15:01+00:00] Fetched deals: 1
[2026-07-07T23:15:01+00:00] Colors: green=0 persisted=61, red=1
[2026-07-07T23:15:02+00:00] Cells updated: 2
[2026-07-07T23:15:02+00:00] === color-links end (1.76s) ===
[2026-07-07T23:30:01+00:00] === color-links start ===
[2026-07-07T23:30:01+00:00] Unique deals in sheet: 2
[2026-07-07T23:30:01+00:00] Already green: 61, to check: 1
[2026-07-07T23:30:01+00:00] Categories: [3,5,7]
[2026-07-07T23:30:01+00:00] Fetched deals: 1
[2026-07-07T23:30:01+00:00] Colors: green=0 persisted=61, red=1
[2026-07-07T23:30:03+00:00] Cells updated: 2
[2026-07-07T23:30:03+00:00] === color-links end (2.41s) ===
[2026-07-07T23:45:01+00:00] === color-links start ===
[2026-07-07T23:45:01+00:00] Unique deals in sheet: 2
[2026-07-07T23:45:01+00:00] Already green: 61, to check: 1
[2026-07-07T23:45:02+00:00] Categories: [3,5,7]
[2026-07-07T23:45:02+00:00] Fetched deals: 1
[2026-07-07T23:45:02+00:00] Colors: green=0 persisted=61, red=1
[2026-07-07T23:45:04+00:00] Cells updated: 2
[2026-07-07T23:45:04+00:00] === color-links end (2.24s) ===
