[2026-08-01T00:00:01+00:00] === color-links start ===
[2026-08-01T00:00:01+00:00] Unique deals in sheet: 9
[2026-08-01T00:00:01+00:00] Already green: 316, to check: 9
[2026-08-01T00:00:02+00:00] Categories: [3,5,7]
[2026-08-01T00:00:02+00:00] Fetched deals: 9
[2026-08-01T00:00:02+00:00] Deals with rules: 9, persisted green=316
[2026-08-01T00:00:02+00:00] Persisted new greens: 1
[2026-08-01T00:00:03+00:00] Cells updated: 6
[2026-08-01T00:00:03+00:00] === color-links end (1.82s) ===
[2026-08-01T00:15:01+00:00] === color-links start ===
[2026-08-01T00:15:01+00:00] No cells state, nothing to color
[2026-08-01T00:15:01+00:00] === color-links end (0s) ===
[2026-08-01T00:30:01+00:00] === color-links start ===
[2026-08-01T00:30:01+00:00] No cells state, nothing to color
[2026-08-01T00:30:01+00:00] === color-links end (0s) ===
[2026-08-01T00:45:01+00:00] === color-links start ===
[2026-08-01T00:45:01+00:00] No cells state, nothing to color
[2026-08-01T00:45:01+00:00] === color-links end (0s) ===
[2026-08-01T01:00:02+00:00] === color-links start ===
[2026-08-01T01:00:02+00:00] No cells state, nothing to color
[2026-08-01T01:00:02+00:00] === color-links end (0s) ===
[2026-08-01T01:15:01+00:00] === color-links start ===
[2026-08-01T01:15:01+00:00] No cells state, nothing to color
[2026-08-01T01:15:01+00:00] === color-links end (0s) ===
[2026-08-01T01:30:02+00:00] === color-links start ===
[2026-08-01T01:30:02+00:00] No cells state, nothing to color
[2026-08-01T01:30:02+00:00] === color-links end (0s) ===
[2026-08-01T01:45:01+00:00] === color-links start ===
[2026-08-01T01:45:01+00:00] No cells state, nothing to color
[2026-08-01T01:45:01+00:00] === color-links end (0s) ===
[2026-08-01T02:00:01+00:00] === color-links start ===
[2026-08-01T02:00:01+00:00] No cells state, nothing to color
[2026-08-01T02:00:01+00:00] === color-links end (0s) ===
[2026-08-01T02:15:01+00:00] === color-links start ===
[2026-08-01T02:15:01+00:00] No cells state, nothing to color
[2026-08-01T02:15:01+00:00] === color-links end (0s) ===
[2026-08-01T02:30:01+00:00] === color-links start ===
[2026-08-01T02:30:01+00:00] No cells state, nothing to color
[2026-08-01T02:30:01+00:00] === color-links end (0s) ===
[2026-08-01T02:45:01+00:00] === color-links start ===
[2026-08-01T02:45:01+00:00] No cells state, nothing to color
[2026-08-01T02:45:01+00:00] === color-links end (0s) ===
[2026-08-01T03:00:01+00:00] === color-links start ===
[2026-08-01T03:00:01+00:00] No cells state, nothing to color
[2026-08-01T03:00:01+00:00] === color-links end (0s) ===
[2026-08-01T03:15:01+00:00] === color-links start ===
[2026-08-01T03:15:01+00:00] No cells state, nothing to color
[2026-08-01T03:15:01+00:00] === color-links end (0s) ===
[2026-08-01T03:30:01+00:00] === color-links start ===
[2026-08-01T03:30:01+00:00] No cells state, nothing to color
[2026-08-01T03:30:01+00:00] === color-links end (0s) ===
[2026-08-01T03:45:01+00:00] === color-links start ===
[2026-08-01T03:45:01+00:00] No cells state, nothing to color
[2026-08-01T03:45:01+00:00] === color-links end (0s) ===
[2026-08-01T04:00:01+00:00] === color-links start ===
[2026-08-01T04:00:01+00:00] No cells state, nothing to color
[2026-08-01T04:00:01+00:00] === color-links end (0s) ===
[2026-08-01T04:15:01+00:00] === color-links start ===
[2026-08-01T04:15:01+00:00] No cells state, nothing to color
[2026-08-01T04:15:01+00:00] === color-links end (0s) ===
[2026-08-01T04:30:01+00:00] === color-links start ===
[2026-08-01T04:30:01+00:00] No cells state, nothing to color
[2026-08-01T04:30:01+00:00] === color-links end (0s) ===
[2026-08-01T04:45:01+00:00] === color-links start ===
[2026-08-01T04:45:01+00:00] No cells state, nothing to color
[2026-08-01T04:45:01+00:00] === color-links end (0s) ===
[2026-08-01T05:00:01+00:00] === color-links start ===
[2026-08-01T05:00:01+00:00] No cells state, nothing to color
[2026-08-01T05:00:01+00:00] === color-links end (0s) ===
[2026-08-01T05:15:01+00:00] === color-links start ===
[2026-08-01T05:15:01+00:00] No cells state, nothing to color
[2026-08-01T05:15:01+00:00] === color-links end (0s) ===
[2026-08-01T05:30:01+00:00] === color-links start ===
[2026-08-01T05:30:01+00:00] No cells state, nothing to color
[2026-08-01T05:30:01+00:00] === color-links end (0s) ===
[2026-08-01T05:45:02+00:00] === color-links start ===
[2026-08-01T05:45:02+00:00] No cells state, nothing to color
[2026-08-01T05:45:02+00:00] === color-links end (0s) ===
[2026-08-01T06:00:01+00:00] === color-links start ===
[2026-08-01T06:00:01+00:00] No cells state, nothing to color
[2026-08-01T06:00:01+00:00] === color-links end (0s) ===
[2026-08-01T06:15:01+00:00] === color-links start ===
[2026-08-01T06:15:01+00:00] No cells state, nothing to color
[2026-08-01T06:15:01+00:00] === color-links end (0s) ===
[2026-08-01T06:30:02+00:00] === color-links start ===
[2026-08-01T06:30:02+00:00] No cells state, nothing to color
[2026-08-01T06:30:02+00:00] === color-links end (0s) ===
[2026-08-01T06:45:01+00:00] === color-links start ===
[2026-08-01T06:45:01+00:00] No cells state, nothing to color
[2026-08-01T06:45:01+00:00] === color-links end (0s) ===
[2026-08-01T07:00:01+00:00] === color-links start ===
[2026-08-01T07:00:01+00:00] No cells state, nothing to color
[2026-08-01T07:00:01+00:00] === color-links end (0s) ===
[2026-08-01T07:15:01+00:00] === color-links start ===
[2026-08-01T07:15:01+00:00] No cells state, nothing to color
[2026-08-01T07:15:01+00:00] === color-links end (0s) ===
[2026-08-01T07:30:01+00:00] === color-links start ===
[2026-08-01T07:30:01+00:00] No cells state, nothing to color
[2026-08-01T07:30:01+00:00] === color-links end (0s) ===
[2026-08-01T07:45:01+00:00] === color-links start ===
[2026-08-01T07:45:01+00:00] No cells state, nothing to color
[2026-08-01T07:45:01+00:00] === color-links end (0s) ===
[2026-08-01T08:00:01+00:00] === color-links start ===
[2026-08-01T08:00:01+00:00] No cells state, nothing to color
[2026-08-01T08:00:01+00:00] === color-links end (0s) ===
[2026-08-01T08:15:01+00:00] === color-links start ===
[2026-08-01T08:15:01+00:00] No cells state, nothing to color
[2026-08-01T08:15:01+00:00] === color-links end (0s) ===
[2026-08-01T08:30:01+00:00] === color-links start ===
[2026-08-01T08:30:01+00:00] No cells state, nothing to color
[2026-08-01T08:30:01+00:00] === color-links end (0s) ===
[2026-08-01T08:45:01+00:00] === color-links start ===
[2026-08-01T08:45:01+00:00] No cells state, nothing to color
[2026-08-01T08:45:01+00:00] === color-links end (0s) ===
[2026-08-01T09:00:01+00:00] === color-links start ===
[2026-08-01T09:00:01+00:00] No cells state, nothing to color
[2026-08-01T09:00:01+00:00] === color-links end (0s) ===
[2026-08-01T09:15:01+00:00] === color-links start ===
[2026-08-01T09:15:01+00:00] No cells state, nothing to color
[2026-08-01T09:15:01+00:00] === color-links end (0s) ===
[2026-08-01T09:30:01+00:00] === color-links start ===
[2026-08-01T09:30:01+00:00] No cells state, nothing to color
[2026-08-01T09:30:01+00:00] === color-links end (0s) ===
[2026-08-01T09:45:01+00:00] === color-links start ===
[2026-08-01T09:45:01+00:00] No cells state, nothing to color
[2026-08-01T09:45:01+00:00] === color-links end (0s) ===
[2026-08-01T10:00:01+00:00] === color-links start ===
[2026-08-01T10:00:01+00:00] No cells state, nothing to color
[2026-08-01T10:00:01+00:00] === color-links end (0s) ===
[2026-08-01T10:15:01+00:00] === color-links start ===
[2026-08-01T10:15:01+00:00] No cells state, nothing to color
[2026-08-01T10:15:01+00:00] === color-links end (0s) ===
[2026-08-01T10:30:01+00:00] === color-links start ===
[2026-08-01T10:30:01+00:00] No cells state, nothing to color
[2026-08-01T10:30:01+00:00] === color-links end (0s) ===
[2026-08-01T10:45:01+00:00] === color-links start ===
[2026-08-01T10:45:01+00:00] No cells state, nothing to color
[2026-08-01T10:45:01+00:00] === color-links end (0s) ===
[2026-08-01T11:00:01+00:00] === color-links start ===
[2026-08-01T11:00:01+00:00] No cells state, nothing to color
[2026-08-01T11:00:01+00:00] === color-links end (0s) ===
[2026-08-01T11:15:01+00:00] === color-links start ===
[2026-08-01T11:15:01+00:00] No cells state, nothing to color
[2026-08-01T11:15:01+00:00] === color-links end (0s) ===
[2026-08-01T11:30:01+00:00] === color-links start ===
[2026-08-01T11:30:01+00:00] No cells state, nothing to color
[2026-08-01T11:30:01+00:00] === color-links end (0s) ===
[2026-08-01T11:45:01+00:00] === color-links start ===
[2026-08-01T11:45:01+00:00] No cells state, nothing to color
[2026-08-01T11:45:01+00:00] === color-links end (0s) ===
[2026-08-01T12:00:01+00:00] === color-links start ===
[2026-08-01T12:00:01+00:00] No cells state, nothing to color
[2026-08-01T12:00:01+00:00] === color-links end (0s) ===
[2026-08-01T12:15:01+00:00] === color-links start ===
[2026-08-01T12:15:01+00:00] No cells state, nothing to color
[2026-08-01T12:15:01+00:00] === color-links end (0s) ===
[2026-08-01T12:30:01+00:00] === color-links start ===
[2026-08-01T12:30:01+00:00] No cells state, nothing to color
[2026-08-01T12:30:01+00:00] === color-links end (0s) ===
[2026-08-01T12:45:01+00:00] === color-links start ===
[2026-08-01T12:45:01+00:00] No cells state, nothing to color
[2026-08-01T12:45:01+00:00] === color-links end (0s) ===
[2026-08-01T13:00:01+00:00] === color-links start ===
[2026-08-01T13:00:01+00:00] No cells state, nothing to color
[2026-08-01T13:00:01+00:00] === color-links end (0s) ===
[2026-08-01T13:15:01+00:00] === color-links start ===
[2026-08-01T13:15:01+00:00] No cells state, nothing to color
[2026-08-01T13:15:01+00:00] === color-links end (0s) ===
[2026-08-01T13:30:01+00:00] === color-links start ===
[2026-08-01T13:30:01+00:00] No cells state, nothing to color
[2026-08-01T13:30:01+00:00] === color-links end (0s) ===
[2026-08-01T13:45:01+00:00] === color-links start ===
[2026-08-01T13:45:01+00:00] No cells state, nothing to color
[2026-08-01T13:45:01+00:00] === color-links end (0s) ===
[2026-08-01T14:00:01+00:00] === color-links start ===
[2026-08-01T14:00:01+00:00] No cells state, nothing to color
[2026-08-01T14:00:01+00:00] === color-links end (0s) ===
[2026-08-01T14:15:02+00:00] === color-links start ===
[2026-08-01T14:15:02+00:00] No cells state, nothing to color
[2026-08-01T14:15:02+00:00] === color-links end (0s) ===
[2026-08-01T14:30:01+00:00] === color-links start ===
[2026-08-01T14:30:01+00:00] No cells state, nothing to color
[2026-08-01T14:30:01+00:00] === color-links end (0s) ===
[2026-08-01T14:45:01+00:00] === color-links start ===
[2026-08-01T14:45:01+00:00] No cells state, nothing to color
[2026-08-01T14:45:01+00:00] === color-links end (0s) ===
[2026-08-01T15:00:01+00:00] === color-links start ===
[2026-08-01T15:00:01+00:00] No cells state, nothing to color
[2026-08-01T15:00:01+00:00] === color-links end (0s) ===
[2026-08-01T15:15:01+00:00] === color-links start ===
[2026-08-01T15:15:01+00:00] No cells state, nothing to color
[2026-08-01T15:15:01+00:00] === color-links end (0s) ===
[2026-08-01T15:30:01+00:00] === color-links start ===
[2026-08-01T15:30:01+00:00] No cells state, nothing to color
[2026-08-01T15:30:01+00:00] === color-links end (0s) ===
[2026-08-01T15:45:01+00:00] === color-links start ===
[2026-08-01T15:45:01+00:00] No cells state, nothing to color
[2026-08-01T15:45:01+00:00] === color-links end (0s) ===
[2026-08-01T16:00:01+00:00] === color-links start ===
[2026-08-01T16:00:01+00:00] No cells state, nothing to color
[2026-08-01T16:00:01+00:00] === color-links end (0s) ===
[2026-08-01T16:15:01+00:00] === color-links start ===
[2026-08-01T16:15:01+00:00] No cells state, nothing to color
[2026-08-01T16:15:01+00:00] === color-links end (0s) ===
[2026-08-01T16:30:01+00:00] === color-links start ===
[2026-08-01T16:30:01+00:00] No cells state, nothing to color
[2026-08-01T16:30:01+00:00] === color-links end (0s) ===
[2026-08-01T16:45:01+00:00] === color-links start ===
[2026-08-01T16:45:01+00:00] No cells state, nothing to color
[2026-08-01T16:45:01+00:00] === color-links end (0s) ===
[2026-08-01T17:00:01+00:00] === color-links start ===
[2026-08-01T17:00:01+00:00] No cells state, nothing to color
[2026-08-01T17:00:01+00:00] === color-links end (0s) ===
[2026-08-01T17:15:01+00:00] === color-links start ===
[2026-08-01T17:15:01+00:00] No cells state, nothing to color
[2026-08-01T17:15:01+00:00] === color-links end (0s) ===
[2026-08-01T17:30:01+00:00] === color-links start ===
[2026-08-01T17:30:01+00:00] No cells state, nothing to color
[2026-08-01T17:30:01+00:00] === color-links end (0s) ===
[2026-08-01T17:45:01+00:00] === color-links start ===
[2026-08-01T17:45:01+00:00] No cells state, nothing to color
[2026-08-01T17:45:01+00:00] === color-links end (0s) ===
[2026-08-01T18:00:01+00:00] === color-links start ===
[2026-08-01T18:00:01+00:00] No cells state, nothing to color
[2026-08-01T18:00:01+00:00] === color-links end (0s) ===
[2026-08-01T18:15:01+00:00] === color-links start ===
[2026-08-01T18:15:01+00:00] No cells state, nothing to color
[2026-08-01T18:15:01+00:00] === color-links end (0s) ===
[2026-08-01T18:30:01+00:00] === color-links start ===
[2026-08-01T18:30:01+00:00] No cells state, nothing to color
[2026-08-01T18:30:01+00:00] === color-links end (0s) ===
[2026-08-01T18:45:01+00:00] === color-links start ===
[2026-08-01T18:45:01+00:00] No cells state, nothing to color
[2026-08-01T18:45:01+00:00] === color-links end (0s) ===
[2026-08-01T19:00:01+00:00] === color-links start ===
[2026-08-01T19:00:01+00:00] No cells state, nothing to color
[2026-08-01T19:00:01+00:00] === color-links end (0s) ===
[2026-08-01T19:15:01+00:00] === color-links start ===
[2026-08-01T19:15:01+00:00] No cells state, nothing to color
[2026-08-01T19:15:01+00:00] === color-links end (0s) ===
[2026-08-01T19:30:01+00:00] === color-links start ===
[2026-08-01T19:30:01+00:00] No cells state, nothing to color
[2026-08-01T19:30:01+00:00] === color-links end (0s) ===
[2026-08-01T19:45:01+00:00] === color-links start ===
[2026-08-01T19:45:01+00:00] No cells state, nothing to color
[2026-08-01T19:45:01+00:00] === color-links end (0s) ===
[2026-08-01T20:00:01+00:00] === color-links start ===
[2026-08-01T20:00:01+00:00] No cells state, nothing to color
[2026-08-01T20:00:01+00:00] === color-links end (0s) ===
[2026-08-01T20:15:01+00:00] === color-links start ===
[2026-08-01T20:15:01+00:00] No cells state, nothing to color
[2026-08-01T20:15:01+00:00] === color-links end (0s) ===
[2026-08-01T20:30:01+00:00] === color-links start ===
[2026-08-01T20:30:01+00:00] No cells state, nothing to color
[2026-08-01T20:30:01+00:00] === color-links end (0s) ===
[2026-08-01T20:45:01+00:00] === color-links start ===
[2026-08-01T20:45:01+00:00] No cells state, nothing to color
[2026-08-01T20:45:01+00:00] === color-links end (0s) ===
[2026-08-01T21:00:01+00:00] === color-links start ===
[2026-08-01T21:00:01+00:00] No cells state, nothing to color
[2026-08-01T21:00:01+00:00] === color-links end (0s) ===
[2026-08-01T21:15:01+00:00] === color-links start ===
[2026-08-01T21:15:01+00:00] No cells state, nothing to color
[2026-08-01T21:15:01+00:00] === color-links end (0s) ===
[2026-08-01T21:30:01+00:00] === color-links start ===
[2026-08-01T21:30:01+00:00] No cells state, nothing to color
[2026-08-01T21:30:01+00:00] === color-links end (0s) ===
[2026-08-01T21:45:01+00:00] === color-links start ===
[2026-08-01T21:45:01+00:00] No cells state, nothing to color
[2026-08-01T21:45:01+00:00] === color-links end (0s) ===
[2026-08-01T22:00:01+00:00] === color-links start ===
[2026-08-01T22:00:01+00:00] No cells state, nothing to color
[2026-08-01T22:00:01+00:00] === color-links end (0s) ===
[2026-08-01T22:15:01+00:00] === color-links start ===
[2026-08-01T22:15:01+00:00] No cells state, nothing to color
[2026-08-01T22:15:01+00:00] === color-links end (0s) ===
[2026-08-01T22:30:01+00:00] === color-links start ===
[2026-08-01T22:30:01+00:00] No cells state, nothing to color
[2026-08-01T22:30:01+00:00] === color-links end (0s) ===
[2026-08-01T22:45:01+00:00] === color-links start ===
[2026-08-01T22:45:01+00:00] No cells state, nothing to color
[2026-08-01T22:45:01+00:00] === color-links end (0s) ===
[2026-08-01T23:00:02+00:00] === color-links start ===
[2026-08-01T23:00:02+00:00] No cells state, nothing to color
[2026-08-01T23:00:02+00:00] === color-links end (0s) ===
[2026-08-01T23:15:01+00:00] === color-links start ===
[2026-08-01T23:15:01+00:00] No cells state, nothing to color
[2026-08-01T23:15:01+00:00] === color-links end (0s) ===
[2026-08-01T23:30:01+00:00] === color-links start ===
[2026-08-01T23:30:01+00:00] No cells state, nothing to color
[2026-08-01T23:30:01+00:00] === color-links end (0s) ===
[2026-08-01T23:45:01+00:00] === color-links start ===
[2026-08-01T23:45:01+00:00] No cells state, nothing to color
[2026-08-01T23:45:01+00:00] === color-links end (0s) ===
