[2026-07-15T00:00:01+00:00] === color-links start ===
[2026-07-15T00:00:01+00:00] Unique deals in sheet: 2
[2026-07-15T00:00:01+00:00] Already green: 61, to check: 1
[2026-07-15T00:00:01+00:00] Categories: [3,5,7]
[2026-07-15T00:00:01+00:00] Fetched deals: 1
[2026-07-15T00:00:01+00:00] Colors: green=0 persisted=61, red=1
[2026-07-15T00:00:03+00:00] Cells updated: 2
[2026-07-15T00:00:03+00:00] === color-links end (2.46s) ===
[2026-07-15T00:15:01+00:00] === color-links start ===
[2026-07-15T00:15:01+00:00] Unique deals in sheet: 2
[2026-07-15T00:15:01+00:00] Already green: 61, to check: 1
[2026-07-15T00:15:01+00:00] Categories: [3,5,7]
[2026-07-15T00:15:01+00:00] Fetched deals: 1
[2026-07-15T00:15:01+00:00] Colors: green=0 persisted=61, red=1
[2026-07-15T00:15:04+00:00] Cells updated: 2
[2026-07-15T00:15:04+00:00] === color-links end (2.83s) ===
[2026-07-15T00:30:01+00:00] === color-links start ===
[2026-07-15T00:30:01+00:00] Unique deals in sheet: 2
[2026-07-15T00:30:01+00:00] Already green: 61, to check: 1
[2026-07-15T00:30:01+00:00] Categories: [3,5,7]
[2026-07-15T00:30:02+00:00] Fetched deals: 1
[2026-07-15T00:30:02+00:00] Colors: green=0 persisted=61, red=1
[2026-07-15T00:30:04+00:00] Cells updated: 2
[2026-07-15T00:30:04+00:00] === color-links end (2.74s) ===
[2026-07-15T00:45:01+00:00] === color-links start ===
[2026-07-15T00:45:01+00:00] Unique deals in sheet: 2
[2026-07-15T00:45:01+00:00] Already green: 61, to check: 1
[2026-07-15T00:45:01+00:00] Categories: [3,5,7]
[2026-07-15T00:45:02+00:00] Fetched deals: 1
[2026-07-15T00:45:02+00:00] Colors: green=0 persisted=61, red=1
[2026-07-15T00:45:04+00:00] Cells updated: 2
[2026-07-15T00:45:04+00:00] === color-links end (2.61s) ===
[2026-07-15T01:00:01+00:00] === color-links start ===
[2026-07-15T01:00:01+00:00] Unique deals in sheet: 2
[2026-07-15T01:00:01+00:00] Already green: 61, to check: 1
[2026-07-15T01:00:01+00:00] Categories: [3,5,7]
[2026-07-15T01:00:01+00:00] Fetched deals: 1
[2026-07-15T01:00:01+00:00] Colors: green=0 persisted=61, red=1
[2026-07-15T01:00:03+00:00] Cells updated: 2
[2026-07-15T01:00:03+00:00] === color-links end (2.15s) ===
[2026-07-15T01:15:01+00:00] === color-links start ===
[2026-07-15T01:15:01+00:00] Unique deals in sheet: 2
[2026-07-15T01:15:01+00:00] Already green: 61, to check: 1
[2026-07-15T01:15:01+00:00] Categories: [3,5,7]
[2026-07-15T01:15:01+00:00] Fetched deals: 1
[2026-07-15T01:15:01+00:00] Colors: green=0 persisted=61, red=1
[2026-07-15T01:15:04+00:00] Cells updated: 2
[2026-07-15T01:15:04+00:00] === color-links end (2.97s) ===
[2026-07-15T01:30:01+00:00] === color-links start ===
[2026-07-15T01:30:01+00:00] Unique deals in sheet: 2
[2026-07-15T01:30:01+00:00] Already green: 61, to check: 1
[2026-07-15T01:30:01+00:00] Categories: [3,5,7]
[2026-07-15T01:30:02+00:00] Fetched deals: 1
[2026-07-15T01:30:02+00:00] Colors: green=0 persisted=61, red=1
[2026-07-15T01:30:03+00:00] Cells updated: 2
[2026-07-15T01:30:03+00:00] === color-links end (2.23s) ===
[2026-07-15T01:45:01+00:00] === color-links start ===
[2026-07-15T01:45:01+00:00] Unique deals in sheet: 2
[2026-07-15T01:45:01+00:00] Already green: 61, to check: 1
[2026-07-15T01:45:01+00:00] Categories: [3,5,7]
[2026-07-15T01:45:01+00:00] Fetched deals: 1
[2026-07-15T01:45:01+00:00] Colors: green=0 persisted=61, red=1
[2026-07-15T01:45:03+00:00] Cells updated: 2
[2026-07-15T01:45:03+00:00] === color-links end (2.1s) ===
[2026-07-15T02:00:01+00:00] === color-links start ===
[2026-07-15T02:00:01+00:00] Unique deals in sheet: 2
[2026-07-15T02:00:01+00:00] Already green: 61, to check: 1
[2026-07-15T02:00:01+00:00] Categories: [3,5,7]
[2026-07-15T02:00:01+00:00] Fetched deals: 1
[2026-07-15T02:00:01+00:00] Colors: green=0 persisted=61, red=1
[2026-07-15T02:00:03+00:00] Cells updated: 2
[2026-07-15T02:00:03+00:00] === color-links end (2.09s) ===
[2026-07-15T02:15:01+00:00] === color-links start ===
[2026-07-15T02:15:01+00:00] Unique deals in sheet: 2
[2026-07-15T02:15:01+00:00] Already green: 61, to check: 1
[2026-07-15T02:15:01+00:00] Categories: [3,5,7]
[2026-07-15T02:15:01+00:00] Fetched deals: 1
[2026-07-15T02:15:01+00:00] Colors: green=0 persisted=61, red=1
[2026-07-15T02:15:03+00:00] Cells updated: 2
[2026-07-15T02:15:03+00:00] === color-links end (2.06s) ===
[2026-07-15T02:30:01+00:00] === color-links start ===
[2026-07-15T02:30:01+00:00] Unique deals in sheet: 2
[2026-07-15T02:30:01+00:00] Already green: 61, to check: 1
[2026-07-15T02:30:01+00:00] Categories: [3,5,7]
[2026-07-15T02:30:01+00:00] Fetched deals: 1
[2026-07-15T02:30:01+00:00] Colors: green=0 persisted=61, red=1
[2026-07-15T02:30:03+00:00] Cells updated: 2
[2026-07-15T02:30:03+00:00] === color-links end (1.98s) ===
[2026-07-15T02:45:01+00:00] === color-links start ===
[2026-07-15T02:45:01+00:00] Unique deals in sheet: 2
[2026-07-15T02:45:01+00:00] Already green: 61, to check: 1
[2026-07-15T02:45:02+00:00] Categories: [3,5,7]
[2026-07-15T02:45:02+00:00] Fetched deals: 1
[2026-07-15T02:45:02+00:00] Colors: green=0 persisted=61, red=1
[2026-07-15T02:45:03+00:00] Cells updated: 2
[2026-07-15T02:45:03+00:00] === color-links end (1.58s) ===
[2026-07-15T03:00:01+00:00] === color-links start ===
[2026-07-15T03:00:01+00:00] Unique deals in sheet: 2
[2026-07-15T03:00:01+00:00] Already green: 61, to check: 1
[2026-07-15T03:00:01+00:00] Categories: [3,5,7]
[2026-07-15T03:00:01+00:00] Fetched deals: 1
[2026-07-15T03:00:01+00:00] Colors: green=0 persisted=61, red=1
[2026-07-15T03:00:02+00:00] Cells updated: 2
[2026-07-15T03:00:02+00:00] === color-links end (1.72s) ===
[2026-07-15T03:15:01+00:00] === color-links start ===
[2026-07-15T03:15:01+00:00] Unique deals in sheet: 2
[2026-07-15T03:15:01+00:00] Already green: 61, to check: 1
[2026-07-15T03:15:02+00:00] Categories: [3,5,7]
[2026-07-15T03:15:02+00:00] Fetched deals: 1
[2026-07-15T03:15:02+00:00] Colors: green=0 persisted=61, red=1
[2026-07-15T03:15:04+00:00] Cells updated: 2
[2026-07-15T03:15:04+00:00] === color-links end (2.31s) ===
[2026-07-15T03:30:01+00:00] === color-links start ===
[2026-07-15T03:30:01+00:00] Unique deals in sheet: 2
[2026-07-15T03:30:01+00:00] Already green: 61, to check: 1
[2026-07-15T03:30:02+00:00] Categories: [3,5,7]
[2026-07-15T03:30:02+00:00] Fetched deals: 1
[2026-07-15T03:30:02+00:00] Colors: green=0 persisted=61, red=1
[2026-07-15T03:30:03+00:00] Cells updated: 2
[2026-07-15T03:30:03+00:00] === color-links end (1.77s) ===
[2026-07-15T03:45:01+00:00] === color-links start ===
[2026-07-15T03:45:01+00:00] Unique deals in sheet: 2
[2026-07-15T03:45:01+00:00] Already green: 61, to check: 1
[2026-07-15T03:45:01+00:00] Categories: [3,5,7]
[2026-07-15T03:45:01+00:00] Fetched deals: 1
[2026-07-15T03:45:01+00:00] Colors: green=0 persisted=61, red=1
[2026-07-15T03:45:03+00:00] Cells updated: 2
[2026-07-15T03:45:03+00:00] === color-links end (1.61s) ===
[2026-07-15T04:00:01+00:00] === color-links start ===
[2026-07-15T04:00:01+00:00] Unique deals in sheet: 2
[2026-07-15T04:00:01+00:00] Already green: 61, to check: 1
[2026-07-15T04:00:01+00:00] Categories: [3,5,7]
[2026-07-15T04:00:02+00:00] Fetched deals: 1
[2026-07-15T04:00:02+00:00] Colors: green=0 persisted=61, red=1
[2026-07-15T04:00:03+00:00] Cells updated: 2
[2026-07-15T04:00:03+00:00] === color-links end (2.46s) ===
[2026-07-15T04:15:01+00:00] === color-links start ===
[2026-07-15T04:15:01+00:00] Unique deals in sheet: 2
[2026-07-15T04:15:01+00:00] Already green: 61, to check: 1
[2026-07-15T04:15:01+00:00] Categories: [3,5,7]
[2026-07-15T04:15:01+00:00] Fetched deals: 1
[2026-07-15T04:15:01+00:00] Colors: green=0 persisted=61, red=1
[2026-07-15T04:15:02+00:00] Cells updated: 2
[2026-07-15T04:15:02+00:00] === color-links end (1.61s) ===
[2026-07-15T04:30:01+00:00] === color-links start ===
[2026-07-15T04:30:01+00:00] Unique deals in sheet: 2
[2026-07-15T04:30:01+00:00] Already green: 61, to check: 1
[2026-07-15T04:30:01+00:00] Categories: [3,5,7]
[2026-07-15T04:30:01+00:00] Fetched deals: 1
[2026-07-15T04:30:01+00:00] Colors: green=0 persisted=61, red=1
[2026-07-15T04:30:03+00:00] Cells updated: 2
[2026-07-15T04:30:03+00:00] === color-links end (1.96s) ===
[2026-07-15T04:45:01+00:00] === color-links start ===
[2026-07-15T04:45:01+00:00] Unique deals in sheet: 2
[2026-07-15T04:45:01+00:00] Already green: 61, to check: 1
[2026-07-15T04:45:02+00:00] Categories: [3,5,7]
[2026-07-15T04:45:02+00:00] Fetched deals: 1
[2026-07-15T04:45:02+00:00] Colors: green=0 persisted=61, red=1
[2026-07-15T04:45:04+00:00] Cells updated: 2
[2026-07-15T04:45:04+00:00] === color-links end (2.05s) ===
[2026-07-15T05:00:01+00:00] === color-links start ===
[2026-07-15T05:00:01+00:00] Unique deals in sheet: 2
[2026-07-15T05:00:01+00:00] Already green: 61, to check: 1
[2026-07-15T05:00:02+00:00] Categories: [3,5,7]
[2026-07-15T05:00:02+00:00] Fetched deals: 1
[2026-07-15T05:00:02+00:00] Colors: green=0 persisted=61, red=1
[2026-07-15T05:00:03+00:00] Cells updated: 2
[2026-07-15T05:00:03+00:00] === color-links end (1.98s) ===
[2026-07-15T05:15:01+00:00] === color-links start ===
[2026-07-15T05:15:01+00:00] Unique deals in sheet: 2
[2026-07-15T05:15:01+00:00] Already green: 61, to check: 1
[2026-07-15T05:15:01+00:00] Categories: [3,5,7]
[2026-07-15T05:15:01+00:00] Fetched deals: 1
[2026-07-15T05:15:01+00:00] Colors: green=0 persisted=61, red=1
[2026-07-15T05:15:03+00:00] Cells updated: 2
[2026-07-15T05:15:03+00:00] === color-links end (1.85s) ===
[2026-07-15T05:30:01+00:00] === color-links start ===
[2026-07-15T05:30:01+00:00] Unique deals in sheet: 2
[2026-07-15T05:30:01+00:00] Already green: 61, to check: 1
[2026-07-15T05:30:01+00:00] Categories: [3,5,7]
[2026-07-15T05:30:01+00:00] Fetched deals: 1
[2026-07-15T05:30:01+00:00] Colors: green=0 persisted=61, red=1
[2026-07-15T05:30:02+00:00] Cells updated: 2
[2026-07-15T05:30:02+00:00] === color-links end (1.56s) ===
[2026-07-15T05:45:01+00:00] === color-links start ===
[2026-07-15T05:45:01+00:00] Unique deals in sheet: 2
[2026-07-15T05:45:01+00:00] Already green: 61, to check: 1
[2026-07-15T05:45:02+00:00] Categories: [3,5,7]
[2026-07-15T05:45:02+00:00] Fetched deals: 1
[2026-07-15T05:45:02+00:00] Colors: green=0 persisted=61, red=1
[2026-07-15T05:45:04+00:00] Cells updated: 2
[2026-07-15T05:45:04+00:00] === color-links end (2.14s) ===
[2026-07-15T06:00:01+00:00] === color-links start ===
[2026-07-15T06:00:01+00:00] Unique deals in sheet: 2
[2026-07-15T06:00:01+00:00] Already green: 61, to check: 1
[2026-07-15T06:00:01+00:00] Categories: [3,5,7]
[2026-07-15T06:00:01+00:00] Fetched deals: 1
[2026-07-15T06:00:01+00:00] Colors: green=0 persisted=61, red=1
[2026-07-15T06:00:03+00:00] Cells updated: 2
[2026-07-15T06:00:03+00:00] === color-links end (2.12s) ===
[2026-07-15T06:15:01+00:00] === color-links start ===
[2026-07-15T06:15:01+00:00] Unique deals in sheet: 2
[2026-07-15T06:15:01+00:00] Already green: 61, to check: 1
[2026-07-15T06:15:01+00:00] Categories: [3,5,7]
[2026-07-15T06:15:02+00:00] Fetched deals: 1
[2026-07-15T06:15:02+00:00] Colors: green=0 persisted=61, red=1
[2026-07-15T06:15:03+00:00] Cells updated: 2
[2026-07-15T06:15:03+00:00] === color-links end (1.61s) ===
[2026-07-15T06:30:01+00:00] === color-links start ===
[2026-07-15T06:30:01+00:00] Unique deals in sheet: 2
[2026-07-15T06:30:01+00:00] Already green: 61, to check: 1
[2026-07-15T06:30:01+00:00] Categories: [3,5,7]
[2026-07-15T06:30:02+00:00] Fetched deals: 1
[2026-07-15T06:30:02+00:00] Colors: green=0 persisted=61, red=1
[2026-07-15T06:30:03+00:00] Cells updated: 2
[2026-07-15T06:30:03+00:00] === color-links end (1.96s) ===
[2026-07-15T06:45:02+00:00] === color-links start ===
[2026-07-15T06:45:02+00:00] Unique deals in sheet: 2
[2026-07-15T06:45:02+00:00] Already green: 61, to check: 1
[2026-07-15T06:45:02+00:00] Categories: [3,5,7]
[2026-07-15T06:45:02+00:00] Fetched deals: 1
[2026-07-15T06:45:02+00:00] Colors: green=0 persisted=61, red=1
[2026-07-15T06:45:03+00:00] Cells updated: 2
[2026-07-15T06:45:03+00:00] === color-links end (1.67s) ===
[2026-07-15T07:00:01+00:00] === color-links start ===
[2026-07-15T07:00:01+00:00] Unique deals in sheet: 2
[2026-07-15T07:00:01+00:00] Already green: 61, to check: 1
[2026-07-15T07:00:01+00:00] Categories: [3,5,7]
[2026-07-15T07:00:02+00:00] Fetched deals: 1
[2026-07-15T07:00:02+00:00] Colors: green=0 persisted=61, red=1
[2026-07-15T07:00:04+00:00] Cells updated: 2
[2026-07-15T07:00:04+00:00] === color-links end (2.9s) ===
[2026-07-15T07:15:02+00:00] === color-links start ===
[2026-07-15T07:15:02+00:00] Unique deals in sheet: 2
[2026-07-15T07:15:02+00:00] Already green: 61, to check: 1
[2026-07-15T07:15:02+00:00] Categories: [3,5,7]
[2026-07-15T07:15:02+00:00] Fetched deals: 1
[2026-07-15T07:15:02+00:00] Colors: green=0 persisted=61, red=1
[2026-07-15T07:15:05+00:00] Cells updated: 2
[2026-07-15T07:15:05+00:00] === color-links end (3.1s) ===
[2026-07-15T07:30:01+00:00] === color-links start ===
[2026-07-15T07:30:01+00:00] Unique deals in sheet: 2
[2026-07-15T07:30:01+00:00] Already green: 61, to check: 1
[2026-07-15T07:30:01+00:00] Categories: [3,5,7]
[2026-07-15T07:30:01+00:00] Fetched deals: 1
[2026-07-15T07:30:01+00:00] Colors: green=0 persisted=61, red=1
[2026-07-15T07:30:03+00:00] Cells updated: 2
[2026-07-15T07:30:03+00:00] === color-links end (2.14s) ===
[2026-07-15T07:45:01+00:00] === color-links start ===
[2026-07-15T07:45:01+00:00] Unique deals in sheet: 2
[2026-07-15T07:45:01+00:00] Already green: 61, to check: 1
[2026-07-15T07:45:01+00:00] Categories: [3,5,7]
[2026-07-15T07:45:01+00:00] Fetched deals: 1
[2026-07-15T07:45:01+00:00] Colors: green=0 persisted=61, red=1
[2026-07-15T07:45:03+00:00] Cells updated: 2
[2026-07-15T07:45:03+00:00] === color-links end (2.57s) ===
[2026-07-15T08:00:01+00:00] === color-links start ===
[2026-07-15T08:00:01+00:00] Unique deals in sheet: 2
[2026-07-15T08:00:01+00:00] Already green: 61, to check: 1
[2026-07-15T08:00:01+00:00] Categories: [3,5,7]
[2026-07-15T08:00:02+00:00] Fetched deals: 1
[2026-07-15T08:00:02+00:00] Colors: green=0 persisted=61, red=1
[2026-07-15T08:00:03+00:00] Cells updated: 2
[2026-07-15T08:00:03+00:00] === color-links end (1.85s) ===
[2026-07-15T08:15:01+00:00] === color-links start ===
[2026-07-15T08:15:01+00:00] Unique deals in sheet: 2
[2026-07-15T08:15:01+00:00] Already green: 61, to check: 1
[2026-07-15T08:15:01+00:00] Categories: [3,5,7]
[2026-07-15T08:15:02+00:00] Fetched deals: 1
[2026-07-15T08:15:02+00:00] Colors: green=0 persisted=61, red=1
[2026-07-15T08:15:03+00:00] Cells updated: 2
[2026-07-15T08:15:03+00:00] === color-links end (1.8s) ===
[2026-07-15T08:30:01+00:00] === color-links start ===
[2026-07-15T08:30:01+00:00] Unique deals in sheet: 2
[2026-07-15T08:30:01+00:00] Already green: 61, to check: 1
[2026-07-15T08:30:02+00:00] Categories: [3,5,7]
[2026-07-15T08:30:02+00:00] Fetched deals: 1
[2026-07-15T08:30:02+00:00] Colors: green=0 persisted=61, red=1
[2026-07-15T08:30:05+00:00] Cells updated: 2
[2026-07-15T08:30:05+00:00] === color-links end (3.41s) ===
[2026-07-15T08:45:01+00:00] === color-links start ===
[2026-07-15T08:45:01+00:00] Unique deals in sheet: 2
[2026-07-15T08:45:01+00:00] Already green: 61, to check: 1
[2026-07-15T08:45:01+00:00] Categories: [3,5,7]
[2026-07-15T08:45:02+00:00] Fetched deals: 1
[2026-07-15T08:45:02+00:00] Colors: green=0 persisted=61, red=1
[2026-07-15T08:45:03+00:00] Cells updated: 2
[2026-07-15T08:45:03+00:00] === color-links end (2.32s) ===
[2026-07-15T09:00:01+00:00] === color-links start ===
[2026-07-15T09:00:01+00:00] Unique deals in sheet: 2
[2026-07-15T09:00:01+00:00] Already green: 61, to check: 1
[2026-07-15T09:00:01+00:00] Categories: [3,5,7]
[2026-07-15T09:00:03+00:00] Fetched deals: 1
[2026-07-15T09:00:03+00:00] Colors: green=0 persisted=61, red=1
[2026-07-15T09:00:05+00:00] Cells updated: 2
[2026-07-15T09:00:05+00:00] === color-links end (4.44s) ===
[2026-07-15T09:15:01+00:00] === color-links start ===
[2026-07-15T09:15:01+00:00] Unique deals in sheet: 2
[2026-07-15T09:15:01+00:00] Already green: 61, to check: 1
[2026-07-15T09:15:01+00:00] Categories: [3,5,7]
[2026-07-15T09:15:02+00:00] Fetched deals: 1
[2026-07-15T09:15:02+00:00] Colors: green=0 persisted=61, red=1
[2026-07-15T09:15:03+00:00] Cells updated: 2
[2026-07-15T09:15:03+00:00] === color-links end (2.2s) ===
[2026-07-15T09:30:01+00:00] === color-links start ===
[2026-07-15T09:30:01+00:00] Unique deals in sheet: 2
[2026-07-15T09:30:01+00:00] Already green: 61, to check: 1
[2026-07-15T09:30:01+00:00] Categories: [3,5,7]
[2026-07-15T09:30:01+00:00] Fetched deals: 1
[2026-07-15T09:30:01+00:00] Colors: green=0 persisted=61, red=1
[2026-07-15T09:30:03+00:00] Cells updated: 2
[2026-07-15T09:30:03+00:00] === color-links end (2.19s) ===
[2026-07-15T09:45:02+00:00] === color-links start ===
[2026-07-15T09:45:02+00:00] Unique deals in sheet: 2
[2026-07-15T09:45:02+00:00] Already green: 61, to check: 1
[2026-07-15T09:45:02+00:00] Categories: [3,5,7]
[2026-07-15T09:45:02+00:00] Fetched deals: 1
[2026-07-15T09:45:02+00:00] Colors: green=0 persisted=61, red=1
[2026-07-15T09:45:03+00:00] Cells updated: 2
[2026-07-15T09:45:03+00:00] === color-links end (1.89s) ===
[2026-07-15T10:00:01+00:00] === color-links start ===
[2026-07-15T10:00:01+00:00] Unique deals in sheet: 2
[2026-07-15T10:00:01+00:00] Already green: 61, to check: 1
[2026-07-15T10:00:01+00:00] Categories: [3,5,7]
[2026-07-15T10:00:02+00:00] Fetched deals: 1
[2026-07-15T10:00:02+00:00] Colors: green=0 persisted=61, red=1
[2026-07-15T10:00:04+00:00] Cells updated: 2
[2026-07-15T10:00:04+00:00] === color-links end (2.74s) ===
[2026-07-15T10:15:01+00:00] === color-links start ===
[2026-07-15T10:15:01+00:00] Unique deals in sheet: 2
[2026-07-15T10:15:01+00:00] Already green: 61, to check: 1
[2026-07-15T10:15:02+00:00] Categories: [3,5,7]
[2026-07-15T10:15:02+00:00] Fetched deals: 1
[2026-07-15T10:15:02+00:00] Colors: green=0 persisted=61, red=1
[2026-07-15T10:15:03+00:00] Cells updated: 2
[2026-07-15T10:15:03+00:00] === color-links end (1.73s) ===
[2026-07-15T10:30:01+00:00] === color-links start ===
[2026-07-15T10:30:01+00:00] Unique deals in sheet: 2
[2026-07-15T10:30:01+00:00] Already green: 61, to check: 1
[2026-07-15T10:30:01+00:00] Categories: [3,5,7]
[2026-07-15T10:30:02+00:00] Fetched deals: 1
[2026-07-15T10:30:02+00:00] Colors: green=0 persisted=61, red=1
[2026-07-15T10:30:03+00:00] Cells updated: 2
[2026-07-15T10:30:03+00:00] === color-links end (2.21s) ===
[2026-07-15T10:45:01+00:00] === color-links start ===
[2026-07-15T10:45:01+00:00] Unique deals in sheet: 2
[2026-07-15T10:45:01+00:00] Already green: 61, to check: 1
[2026-07-15T10:45:01+00:00] Categories: [3,5,7]
[2026-07-15T10:45:01+00:00] Fetched deals: 1
[2026-07-15T10:45:01+00:00] Colors: green=0 persisted=61, red=1
[2026-07-15T10:45:03+00:00] Cells updated: 2
[2026-07-15T10:45:03+00:00] === color-links end (1.89s) ===
[2026-07-15T11:00:01+00:00] === color-links start ===
[2026-07-15T11:00:01+00:00] Unique deals in sheet: 2
[2026-07-15T11:00:01+00:00] Already green: 61, to check: 1
[2026-07-15T11:00:02+00:00] Categories: [3,5,7]
[2026-07-15T11:00:02+00:00] Fetched deals: 1
[2026-07-15T11:00:02+00:00] Colors: green=0 persisted=61, red=1
[2026-07-15T11:00:03+00:00] Cells updated: 2
[2026-07-15T11:00:03+00:00] === color-links end (1.98s) ===
[2026-07-15T11:15:01+00:00] === color-links start ===
[2026-07-15T11:15:01+00:00] Unique deals in sheet: 2
[2026-07-15T11:15:01+00:00] Already green: 61, to check: 1
[2026-07-15T11:15:01+00:00] Categories: [3,5,7]
[2026-07-15T11:15:01+00:00] Fetched deals: 1
[2026-07-15T11:15:01+00:00] Colors: green=0 persisted=61, red=1
[2026-07-15T11:15:03+00:00] Cells updated: 2
[2026-07-15T11:15:03+00:00] === color-links end (1.98s) ===
[2026-07-15T11:30:01+00:00] === color-links start ===
[2026-07-15T11:30:01+00:00] Unique deals in sheet: 2
[2026-07-15T11:30:01+00:00] Already green: 61, to check: 1
[2026-07-15T11:30:02+00:00] Categories: [3,5,7]
[2026-07-15T11:30:02+00:00] Fetched deals: 1
[2026-07-15T11:30:02+00:00] Colors: green=0 persisted=61, red=1
[2026-07-15T11:30:04+00:00] Cells updated: 2
[2026-07-15T11:30:04+00:00] === color-links end (2.71s) ===
[2026-07-15T11:45:01+00:00] === color-links start ===
[2026-07-15T11:45:01+00:00] Unique deals in sheet: 2
[2026-07-15T11:45:01+00:00] Already green: 61, to check: 1
[2026-07-15T11:45:01+00:00] Categories: [3,5,7]
[2026-07-15T11:45:02+00:00] Fetched deals: 1
[2026-07-15T11:45:02+00:00] Colors: green=0 persisted=61, red=1
[2026-07-15T11:45:03+00:00] Cells updated: 2
[2026-07-15T11:45:03+00:00] === color-links end (1.99s) ===
[2026-07-15T12:00:01+00:00] === color-links start ===
[2026-07-15T12:00:01+00:00] Unique deals in sheet: 2
[2026-07-15T12:00:01+00:00] Already green: 61, to check: 1
[2026-07-15T12:00:02+00:00] Categories: [3,5,7]
[2026-07-15T12:00:03+00:00] Fetched deals: 1
[2026-07-15T12:00:03+00:00] Colors: green=0 persisted=61, red=1
[2026-07-15T12:00:05+00:00] Cells updated: 2
[2026-07-15T12:00:05+00:00] === color-links end (3.42s) ===
[2026-07-15T12:15:01+00:00] === color-links start ===
[2026-07-15T12:15:01+00:00] Unique deals in sheet: 2
[2026-07-15T12:15:01+00:00] Already green: 61, to check: 1
[2026-07-15T12:15:01+00:00] Categories: [3,5,7]
[2026-07-15T12:15:01+00:00] Fetched deals: 1
[2026-07-15T12:15:01+00:00] Colors: green=0 persisted=61, red=1
[2026-07-15T12:15:03+00:00] Cells updated: 2
[2026-07-15T12:15:03+00:00] === color-links end (1.89s) ===
[2026-07-15T12:30:01+00:00] === color-links start ===
[2026-07-15T12:30:01+00:00] Unique deals in sheet: 2
[2026-07-15T12:30:01+00:00] Already green: 61, to check: 1
[2026-07-15T12:30:01+00:00] Categories: [3,5,7]
[2026-07-15T12:30:01+00:00] Fetched deals: 1
[2026-07-15T12:30:01+00:00] Colors: green=0 persisted=61, red=1
[2026-07-15T12:30:03+00:00] Cells updated: 2
[2026-07-15T12:30:03+00:00] === color-links end (1.93s) ===
[2026-07-15T12:45:02+00:00] === color-links start ===
[2026-07-15T12:45:02+00:00] Unique deals in sheet: 2
[2026-07-15T12:45:02+00:00] Already green: 61, to check: 1
[2026-07-15T12:45:02+00:00] Categories: [3,5,7]
[2026-07-15T12:45:02+00:00] Fetched deals: 1
[2026-07-15T12:45:02+00:00] Colors: green=0 persisted=61, red=1
[2026-07-15T12:45:04+00:00] Cells updated: 2
[2026-07-15T12:45:04+00:00] === color-links end (2.12s) ===
[2026-07-15T13:00:01+00:00] === color-links start ===
[2026-07-15T13:00:01+00:00] Unique deals in sheet: 2
[2026-07-15T13:00:01+00:00] Already green: 61, to check: 1
[2026-07-15T13:00:02+00:00] Categories: [3,5,7]
[2026-07-15T13:00:02+00:00] Fetched deals: 1
[2026-07-15T13:00:02+00:00] Colors: green=0 persisted=61, red=1
[2026-07-15T13:00:03+00:00] Cells updated: 2
[2026-07-15T13:00:03+00:00] === color-links end (1.87s) ===
[2026-07-15T13:15:01+00:00] === color-links start ===
[2026-07-15T13:15:01+00:00] Unique deals in sheet: 2
[2026-07-15T13:15:01+00:00] Already green: 61, to check: 1
[2026-07-15T13:15:01+00:00] Categories: [3,5,7]
[2026-07-15T13:15:02+00:00] Fetched deals: 1
[2026-07-15T13:15:02+00:00] Colors: green=0 persisted=61, red=1
[2026-07-15T13:15:04+00:00] Cells updated: 2
[2026-07-15T13:15:04+00:00] === color-links end (2.3s) ===
[2026-07-15T13:30:01+00:00] === color-links start ===
[2026-07-15T13:30:01+00:00] Unique deals in sheet: 2
[2026-07-15T13:30:01+00:00] Already green: 61, to check: 1
[2026-07-15T13:30:01+00:00] Categories: [3,5,7]
[2026-07-15T13:30:02+00:00] Fetched deals: 1
[2026-07-15T13:30:02+00:00] Colors: green=0 persisted=61, red=1
[2026-07-15T13:30:03+00:00] Cells updated: 2
[2026-07-15T13:30:03+00:00] === color-links end (1.93s) ===
[2026-07-15T13:45:01+00:00] === color-links start ===
[2026-07-15T13:45:01+00:00] Unique deals in sheet: 2
[2026-07-15T13:45:01+00:00] Already green: 61, to check: 1
[2026-07-15T13:45:01+00:00] Categories: [3,5,7]
[2026-07-15T13:45:01+00:00] Fetched deals: 1
[2026-07-15T13:45:01+00:00] Colors: green=0 persisted=61, red=1
[2026-07-15T13:45:03+00:00] Cells updated: 2
[2026-07-15T13:45:03+00:00] === color-links end (2.17s) ===
[2026-07-15T14:00:01+00:00] === color-links start ===
[2026-07-15T14:00:01+00:00] Unique deals in sheet: 2
[2026-07-15T14:00:01+00:00] Already green: 61, to check: 1
[2026-07-15T14:00:01+00:00] Categories: [3,5,7]
[2026-07-15T14:00:01+00:00] Fetched deals: 1
[2026-07-15T14:00:01+00:00] Colors: green=0 persisted=61, red=1
[2026-07-15T14:00:03+00:00] Cells updated: 2
[2026-07-15T14:00:03+00:00] === color-links end (1.81s) ===
[2026-07-15T14:15:01+00:00] === color-links start ===
[2026-07-15T14:15:01+00:00] Unique deals in sheet: 2
[2026-07-15T14:15:01+00:00] Already green: 61, to check: 1
[2026-07-15T14:15:01+00:00] Categories: [3,5,7]
[2026-07-15T14:15:01+00:00] Fetched deals: 1
[2026-07-15T14:15:01+00:00] Colors: green=0 persisted=61, red=1
[2026-07-15T14:15:03+00:00] Cells updated: 2
[2026-07-15T14:15:03+00:00] === color-links end (1.73s) ===
[2026-07-15T14:30:02+00:00] === color-links start ===
[2026-07-15T14:30:02+00:00] Unique deals in sheet: 2
[2026-07-15T14:30:02+00:00] Already green: 61, to check: 1
[2026-07-15T14:30:02+00:00] Categories: [3,5,7]
[2026-07-15T14:30:02+00:00] Fetched deals: 1
[2026-07-15T14:30:02+00:00] Colors: green=0 persisted=61, red=1
[2026-07-15T14:30:03+00:00] Cells updated: 2
[2026-07-15T14:30:03+00:00] === color-links end (1.88s) ===
[2026-07-15T14:45:01+00:00] === color-links start ===
[2026-07-15T14:45:01+00:00] Unique deals in sheet: 2
[2026-07-15T14:45:01+00:00] Already green: 61, to check: 1
[2026-07-15T14:45:01+00:00] Categories: [3,5,7]
[2026-07-15T14:45:01+00:00] Fetched deals: 1
[2026-07-15T14:45:01+00:00] Colors: green=0 persisted=61, red=1
[2026-07-15T14:45:03+00:00] Cells updated: 2
[2026-07-15T14:45:03+00:00] === color-links end (2.1s) ===
[2026-07-15T15:00:01+00:00] === color-links start ===
[2026-07-15T15:00:01+00:00] Unique deals in sheet: 2
[2026-07-15T15:00:01+00:00] Already green: 61, to check: 1
[2026-07-15T15:00:02+00:00] Categories: [3,5,7]
[2026-07-15T15:00:02+00:00] Fetched deals: 1
[2026-07-15T15:00:02+00:00] Colors: green=0 persisted=61, red=1
[2026-07-15T15:00:03+00:00] Cells updated: 2
[2026-07-15T15:00:03+00:00] === color-links end (1.68s) ===
[2026-07-15T15:15:01+00:00] === color-links start ===
[2026-07-15T15:15:01+00:00] Unique deals in sheet: 2
[2026-07-15T15:15:01+00:00] Already green: 61, to check: 1
[2026-07-15T15:15:01+00:00] Categories: [3,5,7]
[2026-07-15T15:15:01+00:00] Fetched deals: 1
[2026-07-15T15:15:01+00:00] Colors: green=0 persisted=61, red=1
[2026-07-15T15:15:03+00:00] Cells updated: 2
[2026-07-15T15:15:03+00:00] === color-links end (1.56s) ===
[2026-07-15T15:30:02+00:00] === color-links start ===
[2026-07-15T15:30:02+00:00] Unique deals in sheet: 2
[2026-07-15T15:30:02+00:00] Already green: 61, to check: 1
[2026-07-15T15:30:02+00:00] Categories: [3,5,7]
[2026-07-15T15:30:02+00:00] Fetched deals: 1
[2026-07-15T15:30:02+00:00] Colors: green=0 persisted=61, red=1
[2026-07-15T15:30:04+00:00] Cells updated: 2
[2026-07-15T15:30:04+00:00] === color-links end (2.08s) ===
[2026-07-15T15:45:01+00:00] === color-links start ===
[2026-07-15T15:45:01+00:00] Unique deals in sheet: 2
[2026-07-15T15:45:01+00:00] Already green: 61, to check: 1
[2026-07-15T15:45:01+00:00] Categories: [3,5,7]
[2026-07-15T15:45:01+00:00] Fetched deals: 1
[2026-07-15T15:45:01+00:00] Colors: green=0 persisted=61, red=1
[2026-07-15T15:45:02+00:00] Cells updated: 2
[2026-07-15T15:45:02+00:00] === color-links end (1.65s) ===
[2026-07-15T16:00:01+00:00] === color-links start ===
[2026-07-15T16:00:01+00:00] Unique deals in sheet: 2
[2026-07-15T16:00:01+00:00] Already green: 61, to check: 1
[2026-07-15T16:00:01+00:00] Categories: [3,5,7]
[2026-07-15T16:00:02+00:00] Fetched deals: 1
[2026-07-15T16:00:02+00:00] Colors: green=0 persisted=61, red=1
[2026-07-15T16:00:03+00:00] Cells updated: 2
[2026-07-15T16:00:03+00:00] === color-links end (2.24s) ===
[2026-07-15T16:15:01+00:00] === color-links start ===
[2026-07-15T16:15:01+00:00] Unique deals in sheet: 2
[2026-07-15T16:15:01+00:00] Already green: 61, to check: 1
[2026-07-15T16:15:01+00:00] Categories: [3,5,7]
[2026-07-15T16:15:02+00:00] Fetched deals: 1
[2026-07-15T16:15:02+00:00] Colors: green=0 persisted=61, red=1
[2026-07-15T16:15:04+00:00] Cells updated: 2
[2026-07-15T16:15:04+00:00] === color-links end (2.98s) ===
[2026-07-15T16:30:01+00:00] === color-links start ===
[2026-07-15T16:30:01+00:00] Unique deals in sheet: 2
[2026-07-15T16:30:01+00:00] Already green: 61, to check: 1
[2026-07-15T16:30:01+00:00] Categories: [3,5,7]
[2026-07-15T16:30:02+00:00] Fetched deals: 1
[2026-07-15T16:30:02+00:00] Colors: green=0 persisted=61, red=1
[2026-07-15T16:30:04+00:00] Cells updated: 2
[2026-07-15T16:30:04+00:00] === color-links end (2.37s) ===
[2026-07-15T16:45:01+00:00] === color-links start ===
[2026-07-15T16:45:01+00:00] Unique deals in sheet: 2
[2026-07-15T16:45:01+00:00] Already green: 61, to check: 1
[2026-07-15T16:45:01+00:00] Categories: [3,5,7]
[2026-07-15T16:45:01+00:00] Fetched deals: 1
[2026-07-15T16:45:01+00:00] Colors: green=0 persisted=61, red=1
[2026-07-15T16:45:02+00:00] Cells updated: 2
[2026-07-15T16:45:02+00:00] === color-links end (1.66s) ===
[2026-07-15T17:00:01+00:00] === color-links start ===
[2026-07-15T17:00:01+00:00] Unique deals in sheet: 2
[2026-07-15T17:00:01+00:00] Already green: 61, to check: 1
[2026-07-15T17:00:01+00:00] Categories: [3,5,7]
[2026-07-15T17:00:01+00:00] Fetched deals: 1
[2026-07-15T17:00:01+00:00] Colors: green=0 persisted=61, red=1
[2026-07-15T17:00:03+00:00] Cells updated: 2
[2026-07-15T17:00:03+00:00] === color-links end (1.71s) ===
[2026-07-15T17:15:01+00:00] === color-links start ===
[2026-07-15T17:15:01+00:00] Unique deals in sheet: 2
[2026-07-15T17:15:01+00:00] Already green: 61, to check: 1
[2026-07-15T17:15:01+00:00] Categories: [3,5,7]
[2026-07-15T17:15:01+00:00] Fetched deals: 1
[2026-07-15T17:15:01+00:00] Colors: green=0 persisted=61, red=1
[2026-07-15T17:15:02+00:00] Cells updated: 2
[2026-07-15T17:15:02+00:00] === color-links end (1.7s) ===
[2026-07-15T17:30:01+00:00] === color-links start ===
[2026-07-15T17:30:01+00:00] Unique deals in sheet: 2
[2026-07-15T17:30:01+00:00] Already green: 61, to check: 1
[2026-07-15T17:30:01+00:00] Categories: [3,5,7]
[2026-07-15T17:30:01+00:00] Fetched deals: 1
[2026-07-15T17:30:01+00:00] Colors: green=0 persisted=61, red=1
[2026-07-15T17:30:03+00:00] Cells updated: 2
[2026-07-15T17:30:03+00:00] === color-links end (2.39s) ===
[2026-07-15T17:45:01+00:00] === color-links start ===
[2026-07-15T17:45:01+00:00] Unique deals in sheet: 2
[2026-07-15T17:45:01+00:00] Already green: 61, to check: 1
[2026-07-15T17:45:01+00:00] Categories: [3,5,7]
[2026-07-15T17:45:01+00:00] Fetched deals: 1
[2026-07-15T17:45:01+00:00] Colors: green=0 persisted=61, red=1
[2026-07-15T17:45:04+00:00] Cells updated: 2
[2026-07-15T17:45:04+00:00] === color-links end (2.61s) ===
[2026-07-15T18:00:01+00:00] === color-links start ===
[2026-07-15T18:00:01+00:00] Unique deals in sheet: 2
[2026-07-15T18:00:01+00:00] Already green: 61, to check: 1
[2026-07-15T18:00:01+00:00] Categories: [3,5,7]
[2026-07-15T18:00:01+00:00] Fetched deals: 1
[2026-07-15T18:00:01+00:00] Colors: green=0 persisted=61, red=1
[2026-07-15T18:00:03+00:00] Cells updated: 2
[2026-07-15T18:00:03+00:00] === color-links end (1.92s) ===
[2026-07-15T18:15:01+00:00] === color-links start ===
[2026-07-15T18:15:01+00:00] Unique deals in sheet: 2
[2026-07-15T18:15:01+00:00] Already green: 61, to check: 1
[2026-07-15T18:15:01+00:00] Categories: [3,5,7]
[2026-07-15T18:15:01+00:00] Fetched deals: 1
[2026-07-15T18:15:01+00:00] Colors: green=0 persisted=61, red=1
[2026-07-15T18:15:02+00:00] Cells updated: 2
[2026-07-15T18:15:02+00:00] === color-links end (1.77s) ===
[2026-07-15T18:30:01+00:00] === color-links start ===
[2026-07-15T18:30:01+00:00] Unique deals in sheet: 2
[2026-07-15T18:30:01+00:00] Already green: 61, to check: 1
[2026-07-15T18:30:01+00:00] Categories: [3,5,7]
[2026-07-15T18:30:01+00:00] Fetched deals: 1
[2026-07-15T18:30:01+00:00] Colors: green=0 persisted=61, red=1
[2026-07-15T18:30:03+00:00] Cells updated: 2
[2026-07-15T18:30:03+00:00] === color-links end (1.63s) ===
[2026-07-15T18:45:01+00:00] === color-links start ===
[2026-07-15T18:45:01+00:00] Unique deals in sheet: 2
[2026-07-15T18:45:01+00:00] Already green: 61, to check: 1
[2026-07-15T18:45:01+00:00] Categories: [3,5,7]
[2026-07-15T18:45:02+00:00] Fetched deals: 1
[2026-07-15T18:45:02+00:00] Colors: green=0 persisted=61, red=1
[2026-07-15T18:45:03+00:00] Cells updated: 2
[2026-07-15T18:45:03+00:00] === color-links end (2.1s) ===
[2026-07-15T19:00:01+00:00] === color-links start ===
[2026-07-15T19:00:01+00:00] Unique deals in sheet: 2
[2026-07-15T19:00:01+00:00] Already green: 61, to check: 1
[2026-07-15T19:00:02+00:00] Categories: [3,5,7]
[2026-07-15T19:00:02+00:00] Fetched deals: 1
[2026-07-15T19:00:02+00:00] Colors: green=0 persisted=61, red=1
[2026-07-15T19:00:04+00:00] Cells updated: 2
[2026-07-15T19:00:04+00:00] === color-links end (2.36s) ===
[2026-07-15T19:15:01+00:00] === color-links start ===
[2026-07-15T19:15:01+00:00] Unique deals in sheet: 2
[2026-07-15T19:15:01+00:00] Already green: 61, to check: 1
[2026-07-15T19:15:01+00:00] Categories: [3,5,7]
[2026-07-15T19:15:02+00:00] Fetched deals: 1
[2026-07-15T19:15:02+00:00] Colors: green=0 persisted=61, red=1
[2026-07-15T19:15:03+00:00] Cells updated: 2
[2026-07-15T19:15:03+00:00] === color-links end (1.61s) ===
[2026-07-15T19:30:01+00:00] === color-links start ===
[2026-07-15T19:30:01+00:00] Unique deals in sheet: 2
[2026-07-15T19:30:01+00:00] Already green: 61, to check: 1
[2026-07-15T19:30:01+00:00] Categories: [3,5,7]
[2026-07-15T19:30:01+00:00] Fetched deals: 1
[2026-07-15T19:30:01+00:00] Colors: green=0 persisted=61, red=1
[2026-07-15T19:30:02+00:00] Cells updated: 2
[2026-07-15T19:30:02+00:00] === color-links end (1.67s) ===
[2026-07-15T19:45:01+00:00] === color-links start ===
[2026-07-15T19:45:01+00:00] Unique deals in sheet: 2
[2026-07-15T19:45:01+00:00] Already green: 61, to check: 1
[2026-07-15T19:45:01+00:00] Categories: [3,5,7]
[2026-07-15T19:45:01+00:00] Fetched deals: 1
[2026-07-15T19:45:01+00:00] Colors: green=0 persisted=61, red=1
[2026-07-15T19:45:03+00:00] Cells updated: 2
[2026-07-15T19:45:03+00:00] === color-links end (1.71s) ===
[2026-07-15T20:00:01+00:00] === color-links start ===
[2026-07-15T20:00:01+00:00] Unique deals in sheet: 2
[2026-07-15T20:00:01+00:00] Already green: 61, to check: 1
[2026-07-15T20:00:01+00:00] Categories: [3,5,7]
[2026-07-15T20:00:02+00:00] Fetched deals: 1
[2026-07-15T20:00:02+00:00] Colors: green=0 persisted=61, red=1
[2026-07-15T20:00:03+00:00] Cells updated: 2
[2026-07-15T20:00:03+00:00] === color-links end (1.8s) ===
[2026-07-15T20:15:01+00:00] === color-links start ===
[2026-07-15T20:15:01+00:00] Unique deals in sheet: 2
[2026-07-15T20:15:01+00:00] Already green: 61, to check: 1
[2026-07-15T20:15:01+00:00] Categories: [3,5,7]
[2026-07-15T20:15:01+00:00] Fetched deals: 1
[2026-07-15T20:15:01+00:00] Colors: green=0 persisted=61, red=1
[2026-07-15T20:15:03+00:00] Cells updated: 2
[2026-07-15T20:15:03+00:00] === color-links end (2.12s) ===
[2026-07-15T20:30:01+00:00] === color-links start ===
[2026-07-15T20:30:01+00:00] Unique deals in sheet: 2
[2026-07-15T20:30:01+00:00] Already green: 61, to check: 1
[2026-07-15T20:30:02+00:00] Categories: [3,5,7]
[2026-07-15T20:30:02+00:00] Fetched deals: 1
[2026-07-15T20:30:02+00:00] Colors: green=0 persisted=61, red=1
[2026-07-15T20:30:03+00:00] Cells updated: 2
[2026-07-15T20:30:03+00:00] === color-links end (2.04s) ===
[2026-07-15T20:45:01+00:00] === color-links start ===
[2026-07-15T20:45:01+00:00] Unique deals in sheet: 2
[2026-07-15T20:45:01+00:00] Already green: 61, to check: 1
[2026-07-15T20:45:02+00:00] Categories: [3,5,7]
[2026-07-15T20:45:02+00:00] Fetched deals: 1
[2026-07-15T20:45:02+00:00] Colors: green=0 persisted=61, red=1
[2026-07-15T20:45:03+00:00] Cells updated: 2
[2026-07-15T20:45:03+00:00] === color-links end (2.04s) ===
[2026-07-15T21:00:01+00:00] === color-links start ===
[2026-07-15T21:00:01+00:00] Unique deals in sheet: 2
[2026-07-15T21:00:01+00:00] Already green: 61, to check: 1
[2026-07-15T21:00:04+00:00] Categories: [3,5,7]
[2026-07-15T21:00:05+00:00] Fetched deals: 1
[2026-07-15T21:00:05+00:00] Colors: green=0 persisted=61, red=1
[2026-07-15T21:00:06+00:00] Cells updated: 2
[2026-07-15T21:00:06+00:00] === color-links end (5.29s) ===
[2026-07-15T21:15:02+00:00] === color-links start ===
[2026-07-15T21:15:02+00:00] Unique deals in sheet: 2
[2026-07-15T21:15:02+00:00] Already green: 61, to check: 1
[2026-07-15T21:15:02+00:00] Categories: [3,5,7]
[2026-07-15T21:15:02+00:00] Fetched deals: 1
[2026-07-15T21:15:02+00:00] Colors: green=0 persisted=61, red=1
[2026-07-15T21:15:03+00:00] Cells updated: 2
[2026-07-15T21:15:03+00:00] === color-links end (1.64s) ===
[2026-07-15T21:30:01+00:00] === color-links start ===
[2026-07-15T21:30:01+00:00] Unique deals in sheet: 2
[2026-07-15T21:30:01+00:00] Already green: 61, to check: 1
[2026-07-15T21:30:01+00:00] Categories: [3,5,7]
[2026-07-15T21:30:01+00:00] Fetched deals: 1
[2026-07-15T21:30:01+00:00] Colors: green=0 persisted=61, red=1
[2026-07-15T21:30:03+00:00] Cells updated: 2
[2026-07-15T21:30:03+00:00] === color-links end (2.12s) ===
[2026-07-15T21:45:01+00:00] === color-links start ===
[2026-07-15T21:45:01+00:00] Unique deals in sheet: 2
[2026-07-15T21:45:01+00:00] Already green: 61, to check: 1
[2026-07-15T21:45:01+00:00] Categories: [3,5,7]
[2026-07-15T21:45:01+00:00] Fetched deals: 1
[2026-07-15T21:45:01+00:00] Colors: green=0 persisted=61, red=1
[2026-07-15T21:45:02+00:00] Cells updated: 2
[2026-07-15T21:45:02+00:00] === color-links end (1.73s) ===
[2026-07-15T22:00:01+00:00] === color-links start ===
[2026-07-15T22:00:01+00:00] Unique deals in sheet: 2
[2026-07-15T22:00:01+00:00] Already green: 61, to check: 1
[2026-07-15T22:00:01+00:00] Categories: [3,5,7]
[2026-07-15T22:00:01+00:00] Fetched deals: 1
[2026-07-15T22:00:01+00:00] Colors: green=0 persisted=61, red=1
[2026-07-15T22:00:03+00:00] Cells updated: 2
[2026-07-15T22:00:03+00:00] === color-links end (2.06s) ===
[2026-07-15T22:15:01+00:00] === color-links start ===
[2026-07-15T22:15:01+00:00] Unique deals in sheet: 2
[2026-07-15T22:15:01+00:00] Already green: 61, to check: 1
[2026-07-15T22:15:01+00:00] Categories: [3,5,7]
[2026-07-15T22:15:02+00:00] Fetched deals: 1
[2026-07-15T22:15:02+00:00] Colors: green=0 persisted=61, red=1
[2026-07-15T22:15:03+00:00] Cells updated: 2
[2026-07-15T22:15:03+00:00] === color-links end (1.55s) ===
[2026-07-15T22:30:01+00:00] === color-links start ===
[2026-07-15T22:30:01+00:00] Unique deals in sheet: 2
[2026-07-15T22:30:01+00:00] Already green: 61, to check: 1
[2026-07-15T22:30:02+00:00] Categories: [3,5,7]
[2026-07-15T22:30:02+00:00] Fetched deals: 1
[2026-07-15T22:30:02+00:00] Colors: green=0 persisted=61, red=1
[2026-07-15T22:30:03+00:00] Cells updated: 2
[2026-07-15T22:30:03+00:00] === color-links end (1.53s) ===
[2026-07-15T22:45:01+00:00] === color-links start ===
[2026-07-15T22:45:01+00:00] Unique deals in sheet: 2
[2026-07-15T22:45:01+00:00] Already green: 61, to check: 1
[2026-07-15T22:45:01+00:00] Categories: [3,5,7]
[2026-07-15T22:45:01+00:00] Fetched deals: 1
[2026-07-15T22:45:01+00:00] Colors: green=0 persisted=61, red=1
[2026-07-15T22:45:02+00:00] Cells updated: 2
[2026-07-15T22:45:02+00:00] === color-links end (1.68s) ===
[2026-07-15T23:00:02+00:00] === color-links start ===
[2026-07-15T23:00:02+00:00] Unique deals in sheet: 2
[2026-07-15T23:00:02+00:00] Already green: 61, to check: 1
[2026-07-15T23:00:02+00:00] Categories: [3,5,7]
[2026-07-15T23:00:02+00:00] Fetched deals: 1
[2026-07-15T23:00:02+00:00] Colors: green=0 persisted=61, red=1
[2026-07-15T23:00:03+00:00] Cells updated: 2
[2026-07-15T23:00:03+00:00] === color-links end (1.55s) ===
[2026-07-15T23:15:01+00:00] === color-links start ===
[2026-07-15T23:15:01+00:00] Unique deals in sheet: 2
[2026-07-15T23:15:01+00:00] Already green: 61, to check: 1
[2026-07-15T23:15:02+00:00] Categories: [3,5,7]
[2026-07-15T23:15:02+00:00] Fetched deals: 1
[2026-07-15T23:15:02+00:00] Colors: green=0 persisted=61, red=1
[2026-07-15T23:15:03+00:00] Cells updated: 2
[2026-07-15T23:15:03+00:00] === color-links end (1.76s) ===
[2026-07-15T23:30:01+00:00] === color-links start ===
[2026-07-15T23:30:01+00:00] Unique deals in sheet: 2
[2026-07-15T23:30:01+00:00] Already green: 61, to check: 1
[2026-07-15T23:30:02+00:00] Categories: [3,5,7]
[2026-07-15T23:30:02+00:00] Fetched deals: 1
[2026-07-15T23:30:02+00:00] Colors: green=0 persisted=61, red=1
[2026-07-15T23:30:04+00:00] Cells updated: 2
[2026-07-15T23:30:04+00:00] === color-links end (2.34s) ===
[2026-07-15T23:45:01+00:00] === color-links start ===
[2026-07-15T23:45:01+00:00] Unique deals in sheet: 2
[2026-07-15T23:45:01+00:00] Already green: 61, to check: 1
[2026-07-15T23:45:01+00:00] Categories: [3,5,7]
[2026-07-15T23:45:01+00:00] Fetched deals: 1
[2026-07-15T23:45:01+00:00] Colors: green=0 persisted=61, red=1
[2026-07-15T23:45:03+00:00] Cells updated: 2
[2026-07-15T23:45:03+00:00] === color-links end (1.58s) ===
