[2026-07-03T00:00:01+00:00] === color-links start ===
[2026-07-03T00:00:01+00:00] Unique deals in sheet: 2
[2026-07-03T00:00:01+00:00] Already green: 61, to check: 1
[2026-07-03T00:00:01+00:00] Categories: [3,5,7]
[2026-07-03T00:00:01+00:00] Fetched deals: 1
[2026-07-03T00:00:01+00:00] Colors: green=0 persisted=61, red=1
[2026-07-03T00:00:02+00:00] Cells updated: 2
[2026-07-03T00:00:02+00:00] === color-links end (1.73s) ===
[2026-07-03T00:15:01+00:00] === color-links start ===
[2026-07-03T00:15:01+00:00] Unique deals in sheet: 2
[2026-07-03T00:15:01+00:00] Already green: 61, to check: 1
[2026-07-03T00:15:01+00:00] Categories: [3,5,7]
[2026-07-03T00:15:01+00:00] Fetched deals: 1
[2026-07-03T00:15:01+00:00] Colors: green=0 persisted=61, red=1
[2026-07-03T00:15:03+00:00] Cells updated: 2
[2026-07-03T00:15:03+00:00] === color-links end (2.2s) ===
[2026-07-03T00:30:01+00:00] === color-links start ===
[2026-07-03T00:30:01+00:00] Unique deals in sheet: 2
[2026-07-03T00:30:01+00:00] Already green: 61, to check: 1
[2026-07-03T00:30:01+00:00] Categories: [3,5,7]
[2026-07-03T00:30:02+00:00] Fetched deals: 1
[2026-07-03T00:30:02+00:00] Colors: green=0 persisted=61, red=1
[2026-07-03T00:30:03+00:00] Cells updated: 2
[2026-07-03T00:30:03+00:00] === color-links end (2.23s) ===
[2026-07-03T00:45:01+00:00] === color-links start ===
[2026-07-03T00:45:01+00:00] Unique deals in sheet: 2
[2026-07-03T00:45:01+00:00] Already green: 61, to check: 1
[2026-07-03T00:45:01+00:00] Categories: [3,5,7]
[2026-07-03T00:45:02+00:00] Fetched deals: 1
[2026-07-03T00:45:02+00:00] Colors: green=0 persisted=61, red=1
[2026-07-03T00:45:03+00:00] Cells updated: 2
[2026-07-03T00:45:03+00:00] === color-links end (1.76s) ===
[2026-07-03T01:00:01+00:00] === color-links start ===
[2026-07-03T01:00:01+00:00] Unique deals in sheet: 2
[2026-07-03T01:00:01+00:00] Already green: 61, to check: 1
[2026-07-03T01:00:01+00:00] Categories: [3,5,7]
[2026-07-03T01:00:02+00:00] Fetched deals: 1
[2026-07-03T01:00:02+00:00] Colors: green=0 persisted=61, red=1
[2026-07-03T01:00:03+00:00] Cells updated: 2
[2026-07-03T01:00:03+00:00] === color-links end (2.23s) ===
[2026-07-03T01:15:01+00:00] === color-links start ===
[2026-07-03T01:15:01+00:00] Unique deals in sheet: 2
[2026-07-03T01:15:01+00:00] Already green: 61, to check: 1
[2026-07-03T01:15:01+00:00] Categories: [3,5,7]
[2026-07-03T01:15:01+00:00] Fetched deals: 1
[2026-07-03T01:15:01+00:00] Colors: green=0 persisted=61, red=1
[2026-07-03T01:15:03+00:00] Cells updated: 2
[2026-07-03T01:15:03+00:00] === color-links end (2.02s) ===
[2026-07-03T01:30:02+00:00] === color-links start ===
[2026-07-03T01:30:02+00:00] Unique deals in sheet: 2
[2026-07-03T01:30:02+00:00] Already green: 61, to check: 1
[2026-07-03T01:30:02+00:00] Categories: [3,5,7]
[2026-07-03T01:30:02+00:00] Fetched deals: 1
[2026-07-03T01:30:02+00:00] Colors: green=0 persisted=61, red=1
[2026-07-03T01:30:04+00:00] Cells updated: 2
[2026-07-03T01:30:04+00:00] === color-links end (2.16s) ===
[2026-07-03T01:45:01+00:00] === color-links start ===
[2026-07-03T01:45:01+00:00] Unique deals in sheet: 2
[2026-07-03T01:45:01+00:00] Already green: 61, to check: 1
[2026-07-03T01:45:01+00:00] Categories: [3,5,7]
[2026-07-03T01:45:02+00:00] Fetched deals: 1
[2026-07-03T01:45:02+00:00] Colors: green=0 persisted=61, red=1
[2026-07-03T01:45:03+00:00] Cells updated: 2
[2026-07-03T01:45:03+00:00] === color-links end (1.66s) ===
[2026-07-03T02:00:01+00:00] === color-links start ===
[2026-07-03T02:00:01+00:00] Unique deals in sheet: 2
[2026-07-03T02:00:01+00:00] Already green: 61, to check: 1
[2026-07-03T02:00:02+00:00] Categories: [3,5,7]
[2026-07-03T02:00:02+00:00] Fetched deals: 1
[2026-07-03T02:00:02+00:00] Colors: green=0 persisted=61, red=1
[2026-07-03T02:00:03+00:00] Cells updated: 2
[2026-07-03T02:00:03+00:00] === color-links end (2.04s) ===
[2026-07-03T02:15:01+00:00] === color-links start ===
[2026-07-03T02:15:01+00:00] Unique deals in sheet: 2
[2026-07-03T02:15:01+00:00] Already green: 61, to check: 1
[2026-07-03T02:15:01+00:00] Categories: [3,5,7]
[2026-07-03T02:15:01+00:00] Fetched deals: 1
[2026-07-03T02:15:01+00:00] Colors: green=0 persisted=61, red=1
[2026-07-03T02:15:03+00:00] Cells updated: 2
[2026-07-03T02:15:03+00:00] === color-links end (1.81s) ===
[2026-07-03T02:30:01+00:00] === color-links start ===
[2026-07-03T02:30:01+00:00] Unique deals in sheet: 2
[2026-07-03T02:30:01+00:00] Already green: 61, to check: 1
[2026-07-03T02:30:01+00:00] Categories: [3,5,7]
[2026-07-03T02:30:01+00:00] Fetched deals: 1
[2026-07-03T02:30:01+00:00] Colors: green=0 persisted=61, red=1
[2026-07-03T02:30:03+00:00] Cells updated: 2
[2026-07-03T02:30:03+00:00] === color-links end (1.72s) ===
[2026-07-03T02:45:01+00:00] === color-links start ===
[2026-07-03T02:45:01+00:00] Unique deals in sheet: 2
[2026-07-03T02:45:01+00:00] Already green: 61, to check: 1
[2026-07-03T02:45:01+00:00] Categories: [3,5,7]
[2026-07-03T02:45:01+00:00] Fetched deals: 1
[2026-07-03T02:45:01+00:00] Colors: green=0 persisted=61, red=1
[2026-07-03T02:45:03+00:00] Cells updated: 2
[2026-07-03T02:45:03+00:00] === color-links end (1.77s) ===
[2026-07-03T03:00:01+00:00] === color-links start ===
[2026-07-03T03:00:01+00:00] Unique deals in sheet: 2
[2026-07-03T03:00:01+00:00] Already green: 61, to check: 1
[2026-07-03T03:00:01+00:00] Categories: [3,5,7]
[2026-07-03T03:00:01+00:00] Fetched deals: 1
[2026-07-03T03:00:01+00:00] Colors: green=0 persisted=61, red=1
[2026-07-03T03:00:02+00:00] Cells updated: 2
[2026-07-03T03:00:02+00:00] === color-links end (1.58s) ===
[2026-07-03T03:15:01+00:00] === color-links start ===
[2026-07-03T03:15:01+00:00] Unique deals in sheet: 2
[2026-07-03T03:15:01+00:00] Already green: 61, to check: 1
[2026-07-03T03:15:01+00:00] Categories: [3,5,7]
[2026-07-03T03:15:01+00:00] Fetched deals: 1
[2026-07-03T03:15:01+00:00] Colors: green=0 persisted=61, red=1
[2026-07-03T03:15:03+00:00] Cells updated: 2
[2026-07-03T03:15:03+00:00] === color-links end (1.55s) ===
[2026-07-03T03:30:01+00:00] === color-links start ===
[2026-07-03T03:30:01+00:00] Unique deals in sheet: 2
[2026-07-03T03:30:01+00:00] Already green: 61, to check: 1
[2026-07-03T03:30:02+00:00] Categories: [3,5,7]
[2026-07-03T03:30:02+00:00] Fetched deals: 1
[2026-07-03T03:30:02+00:00] Colors: green=0 persisted=61, red=1
[2026-07-03T03:30:04+00:00] Cells updated: 2
[2026-07-03T03:30:04+00:00] === color-links end (2.14s) ===
[2026-07-03T03:45:01+00:00] === color-links start ===
[2026-07-03T03:45:01+00:00] Unique deals in sheet: 2
[2026-07-03T03:45:01+00:00] Already green: 61, to check: 1
[2026-07-03T03:45:01+00:00] Categories: [3,5,7]
[2026-07-03T03:45:02+00:00] Fetched deals: 1
[2026-07-03T03:45:02+00:00] Colors: green=0 persisted=61, red=1
[2026-07-03T03:45:03+00:00] Cells updated: 2
[2026-07-03T03:45:03+00:00] === color-links end (2.11s) ===
[2026-07-03T04:00:01+00:00] === color-links start ===
[2026-07-03T04:00:01+00:00] Unique deals in sheet: 2
[2026-07-03T04:00:01+00:00] Already green: 61, to check: 1
[2026-07-03T04:00:01+00:00] Categories: [3,5,7]
[2026-07-03T04:00:02+00:00] Fetched deals: 1
[2026-07-03T04:00:02+00:00] Colors: green=0 persisted=61, red=1
[2026-07-03T04:00:03+00:00] Cells updated: 2
[2026-07-03T04:00:03+00:00] === color-links end (2.22s) ===
[2026-07-03T04:15:02+00:00] === color-links start ===
[2026-07-03T04:15:02+00:00] Unique deals in sheet: 2
[2026-07-03T04:15:02+00:00] Already green: 61, to check: 1
[2026-07-03T04:15:02+00:00] Categories: [3,5,7]
[2026-07-03T04:15:02+00:00] Fetched deals: 1
[2026-07-03T04:15:02+00:00] Colors: green=0 persisted=61, red=1
[2026-07-03T04:15:04+00:00] Cells updated: 2
[2026-07-03T04:15:04+00:00] === color-links end (2.09s) ===
[2026-07-03T04:30:01+00:00] === color-links start ===
[2026-07-03T04:30:01+00:00] Unique deals in sheet: 2
[2026-07-03T04:30:01+00:00] Already green: 61, to check: 1
[2026-07-03T04:30:02+00:00] Categories: [3,5,7]
[2026-07-03T04:30:02+00:00] Fetched deals: 1
[2026-07-03T04:30:02+00:00] Colors: green=0 persisted=61, red=1
[2026-07-03T04:30:03+00:00] Cells updated: 2
[2026-07-03T04:30:03+00:00] === color-links end (1.63s) ===
[2026-07-03T04:45:01+00:00] === color-links start ===
[2026-07-03T04:45:01+00:00] Unique deals in sheet: 2
[2026-07-03T04:45:01+00:00] Already green: 61, to check: 1
[2026-07-03T04:45:01+00:00] Categories: [3,5,7]
[2026-07-03T04:45:02+00:00] Fetched deals: 1
[2026-07-03T04:45:02+00:00] Colors: green=0 persisted=61, red=1
[2026-07-03T04:45:03+00:00] Cells updated: 2
[2026-07-03T04:45:03+00:00] === color-links end (2.3s) ===
[2026-07-03T05:00:01+00:00] === color-links start ===
[2026-07-03T05:00:01+00:00] Unique deals in sheet: 2
[2026-07-03T05:00:01+00:00] Already green: 61, to check: 1
[2026-07-03T05:00:01+00:00] Categories: [3,5,7]
[2026-07-03T05:00:01+00:00] Fetched deals: 1
[2026-07-03T05:00:01+00:00] Colors: green=0 persisted=61, red=1
[2026-07-03T05:00:03+00:00] Cells updated: 2
[2026-07-03T05:00:03+00:00] === color-links end (1.85s) ===
[2026-07-03T05:15:01+00:00] === color-links start ===
[2026-07-03T05:15:01+00:00] Unique deals in sheet: 2
[2026-07-03T05:15:01+00:00] Already green: 61, to check: 1
[2026-07-03T05:15:02+00:00] Categories: [3,5,7]
[2026-07-03T05:15:02+00:00] Fetched deals: 1
[2026-07-03T05:15:02+00:00] Colors: green=0 persisted=61, red=1
[2026-07-03T05:15:03+00:00] Cells updated: 2
[2026-07-03T05:15:03+00:00] === color-links end (1.61s) ===
[2026-07-03T05:30:01+00:00] === color-links start ===
[2026-07-03T05:30:01+00:00] Unique deals in sheet: 2
[2026-07-03T05:30:01+00:00] Already green: 61, to check: 1
[2026-07-03T05:30:01+00:00] Categories: [3,5,7]
[2026-07-03T05:30:02+00:00] Fetched deals: 1
[2026-07-03T05:30:02+00:00] Colors: green=0 persisted=61, red=1
[2026-07-03T05:30:04+00:00] Cells updated: 2
[2026-07-03T05:30:04+00:00] === color-links end (2.62s) ===
[2026-07-03T05:45:01+00:00] === color-links start ===
[2026-07-03T05:45:01+00:00] Unique deals in sheet: 2
[2026-07-03T05:45:01+00:00] Already green: 61, to check: 1
[2026-07-03T05:45:01+00:00] Categories: [3,5,7]
[2026-07-03T05:45:01+00:00] Fetched deals: 1
[2026-07-03T05:45:01+00:00] Colors: green=0 persisted=61, red=1
[2026-07-03T05:45:03+00:00] Cells updated: 2
[2026-07-03T05:45:03+00:00] === color-links end (2.01s) ===
[2026-07-03T06:00:01+00:00] === color-links start ===
[2026-07-03T06:00:01+00:00] Unique deals in sheet: 2
[2026-07-03T06:00:01+00:00] Already green: 61, to check: 1
[2026-07-03T06:00:01+00:00] Categories: [3,5,7]
[2026-07-03T06:00:02+00:00] Fetched deals: 1
[2026-07-03T06:00:02+00:00] Colors: green=0 persisted=61, red=1
[2026-07-03T06:00:03+00:00] Cells updated: 2
[2026-07-03T06:00:03+00:00] === color-links end (1.92s) ===
[2026-07-03T06:15:01+00:00] === color-links start ===
[2026-07-03T06:15:01+00:00] Unique deals in sheet: 2
[2026-07-03T06:15:01+00:00] Already green: 61, to check: 1
[2026-07-03T06:15:01+00:00] Categories: [3,5,7]
[2026-07-03T06:15:01+00:00] Fetched deals: 1
[2026-07-03T06:15:01+00:00] Colors: green=0 persisted=61, red=1
[2026-07-03T06:15:03+00:00] Cells updated: 2
[2026-07-03T06:15:03+00:00] === color-links end (1.69s) ===
[2026-07-03T06:30:01+00:00] === color-links start ===
[2026-07-03T06:30:01+00:00] Unique deals in sheet: 2
[2026-07-03T06:30:01+00:00] Already green: 61, to check: 1
[2026-07-03T06:30:01+00:00] Categories: [3,5,7]
[2026-07-03T06:30:01+00:00] Fetched deals: 1
[2026-07-03T06:30:01+00:00] Colors: green=0 persisted=61, red=1
[2026-07-03T06:30:02+00:00] Cells updated: 2
[2026-07-03T06:30:02+00:00] === color-links end (1.58s) ===
[2026-07-03T06:45:01+00:00] === color-links start ===
[2026-07-03T06:45:01+00:00] Unique deals in sheet: 2
[2026-07-03T06:45:01+00:00] Already green: 61, to check: 1
[2026-07-03T06:45:01+00:00] Categories: [3,5,7]
[2026-07-03T06:45:01+00:00] Fetched deals: 1
[2026-07-03T06:45:01+00:00] Colors: green=0 persisted=61, red=1
[2026-07-03T06:45:03+00:00] Cells updated: 2
[2026-07-03T06:45:03+00:00] === color-links end (1.65s) ===
[2026-07-03T07:00:01+00:00] === color-links start ===
[2026-07-03T07:00:01+00:00] Unique deals in sheet: 2
[2026-07-03T07:00:01+00:00] Already green: 61, to check: 1
[2026-07-03T07:00:01+00:00] Categories: [3,5,7]
[2026-07-03T07:00:01+00:00] Fetched deals: 1
[2026-07-03T07:00:01+00:00] Colors: green=0 persisted=61, red=1
[2026-07-03T07:00:03+00:00] Cells updated: 2
[2026-07-03T07:00:03+00:00] === color-links end (1.62s) ===
[2026-07-03T07:15:01+00:00] === color-links start ===
[2026-07-03T07:15:01+00:00] Unique deals in sheet: 2
[2026-07-03T07:15:01+00:00] Already green: 61, to check: 1
[2026-07-03T07:15:02+00:00] Categories: [3,5,7]
[2026-07-03T07:15:02+00:00] Fetched deals: 1
[2026-07-03T07:15:02+00:00] Colors: green=0 persisted=61, red=1
[2026-07-03T07:15:04+00:00] Cells updated: 2
[2026-07-03T07:15:04+00:00] === color-links end (2.3s) ===
[2026-07-03T07:30:01+00:00] === color-links start ===
[2026-07-03T07:30:01+00:00] Unique deals in sheet: 2
[2026-07-03T07:30:01+00:00] Already green: 61, to check: 1
[2026-07-03T07:30:01+00:00] Categories: [3,5,7]
[2026-07-03T07:30:01+00:00] Fetched deals: 1
[2026-07-03T07:30:01+00:00] Colors: green=0 persisted=61, red=1
[2026-07-03T07:30:03+00:00] Cells updated: 2
[2026-07-03T07:30:03+00:00] === color-links end (1.56s) ===
[2026-07-03T07:45:01+00:00] === color-links start ===
[2026-07-03T07:45:01+00:00] Unique deals in sheet: 2
[2026-07-03T07:45:01+00:00] Already green: 61, to check: 1
[2026-07-03T07:45:01+00:00] Categories: [3,5,7]
[2026-07-03T07:45:02+00:00] Fetched deals: 1
[2026-07-03T07:45:02+00:00] Colors: green=0 persisted=61, red=1
[2026-07-03T07:45:03+00:00] Cells updated: 2
[2026-07-03T07:45:03+00:00] === color-links end (2.2s) ===
[2026-07-03T08:00:01+00:00] === color-links start ===
[2026-07-03T08:00:01+00:00] Unique deals in sheet: 2
[2026-07-03T08:00:01+00:00] Already green: 61, to check: 1
[2026-07-03T08:00:01+00:00] Categories: [3,5,7]
[2026-07-03T08:00:02+00:00] Fetched deals: 1
[2026-07-03T08:00:02+00:00] Colors: green=0 persisted=61, red=1
[2026-07-03T08:00:03+00:00] Cells updated: 2
[2026-07-03T08:00:03+00:00] === color-links end (1.86s) ===
[2026-07-03T08:15:01+00:00] === color-links start ===
[2026-07-03T08:15:01+00:00] Unique deals in sheet: 2
[2026-07-03T08:15:01+00:00] Already green: 61, to check: 1
[2026-07-03T08:15:01+00:00] Categories: [3,5,7]
[2026-07-03T08:15:01+00:00] Fetched deals: 1
[2026-07-03T08:15:01+00:00] Colors: green=0 persisted=61, red=1
[2026-07-03T08:15:03+00:00] Cells updated: 2
[2026-07-03T08:15:03+00:00] === color-links end (2.15s) ===
[2026-07-03T08:30:01+00:00] === color-links start ===
[2026-07-03T08:30:01+00:00] Unique deals in sheet: 2
[2026-07-03T08:30:01+00:00] Already green: 61, to check: 1
[2026-07-03T08:30:01+00:00] Categories: [3,5,7]
[2026-07-03T08:30:02+00:00] Fetched deals: 1
[2026-07-03T08:30:02+00:00] Colors: green=0 persisted=61, red=1
[2026-07-03T08:30:03+00:00] Cells updated: 2
[2026-07-03T08:30:03+00:00] === color-links end (2.26s) ===
[2026-07-03T08:45:01+00:00] === color-links start ===
[2026-07-03T08:45:01+00:00] Unique deals in sheet: 2
[2026-07-03T08:45:01+00:00] Already green: 61, to check: 1
[2026-07-03T08:45:01+00:00] Categories: [3,5,7]
[2026-07-03T08:45:01+00:00] Fetched deals: 1
[2026-07-03T08:45:01+00:00] Colors: green=0 persisted=61, red=1
[2026-07-03T08:45:03+00:00] Cells updated: 2
[2026-07-03T08:45:03+00:00] === color-links end (1.68s) ===
[2026-07-03T09:00:01+00:00] === color-links start ===
[2026-07-03T09:00:01+00:00] Unique deals in sheet: 2
[2026-07-03T09:00:01+00:00] Already green: 61, to check: 1
[2026-07-03T09:00:02+00:00] Categories: [3,5,7]
[2026-07-03T09:00:02+00:00] Fetched deals: 1
[2026-07-03T09:00:02+00:00] Colors: green=0 persisted=61, red=1
[2026-07-03T09:00:03+00:00] Cells updated: 2
[2026-07-03T09:00:03+00:00] === color-links end (1.89s) ===
[2026-07-03T09:15:01+00:00] === color-links start ===
[2026-07-03T09:15:01+00:00] Unique deals in sheet: 2
[2026-07-03T09:15:01+00:00] Already green: 61, to check: 1
[2026-07-03T09:15:01+00:00] Categories: [3,5,7]
[2026-07-03T09:15:02+00:00] Fetched deals: 1
[2026-07-03T09:15:02+00:00] Colors: green=0 persisted=61, red=1
[2026-07-03T09:15:03+00:00] Cells updated: 2
[2026-07-03T09:15:03+00:00] === color-links end (1.57s) ===
[2026-07-03T09:30:01+00:00] === color-links start ===
[2026-07-03T09:30:01+00:00] Unique deals in sheet: 2
[2026-07-03T09:30:01+00:00] Already green: 61, to check: 1
[2026-07-03T09:30:01+00:00] Categories: [3,5,7]
[2026-07-03T09:30:01+00:00] Fetched deals: 1
[2026-07-03T09:30:01+00:00] Colors: green=0 persisted=61, red=1
[2026-07-03T09:30:03+00:00] Cells updated: 2
[2026-07-03T09:30:03+00:00] === color-links end (1.53s) ===
[2026-07-03T09:45:01+00:00] === color-links start ===
[2026-07-03T09:45:01+00:00] Unique deals in sheet: 2
[2026-07-03T09:45:01+00:00] Already green: 61, to check: 1
[2026-07-03T09:45:01+00:00] Categories: [3,5,7]
[2026-07-03T09:45:01+00:00] Fetched deals: 1
[2026-07-03T09:45:01+00:00] Colors: green=0 persisted=61, red=1
[2026-07-03T09:45:03+00:00] Cells updated: 2
[2026-07-03T09:45:03+00:00] === color-links end (2.01s) ===
[2026-07-03T10:00:01+00:00] === color-links start ===
[2026-07-03T10:00:01+00:00] Unique deals in sheet: 2
[2026-07-03T10:00:01+00:00] Already green: 61, to check: 1
[2026-07-03T10:00:02+00:00] Categories: [3,5,7]
[2026-07-03T10:00:02+00:00] Fetched deals: 1
[2026-07-03T10:00:02+00:00] Colors: green=0 persisted=61, red=1
[2026-07-03T10:00:04+00:00] Cells updated: 2
[2026-07-03T10:00:04+00:00] === color-links end (2.33s) ===
[2026-07-03T10:15:01+00:00] === color-links start ===
[2026-07-03T10:15:01+00:00] Unique deals in sheet: 2
[2026-07-03T10:15:01+00:00] Already green: 61, to check: 1
[2026-07-03T10:15:01+00:00] Categories: [3,5,7]
[2026-07-03T10:15:02+00:00] Fetched deals: 1
[2026-07-03T10:15:02+00:00] Colors: green=0 persisted=61, red=1
[2026-07-03T10:15:05+00:00] Cells updated: 2
[2026-07-03T10:15:05+00:00] === color-links end (3.55s) ===
[2026-07-03T10:30:01+00:00] === color-links start ===
[2026-07-03T10:30:01+00:00] Unique deals in sheet: 2
[2026-07-03T10:30:01+00:00] Already green: 61, to check: 1
[2026-07-03T10:30:01+00:00] Categories: [3,5,7]
[2026-07-03T10:30:01+00:00] Fetched deals: 1
[2026-07-03T10:30:01+00:00] Colors: green=0 persisted=61, red=1
[2026-07-03T10:30:05+00:00] Cells updated: 2
[2026-07-03T10:30:05+00:00] === color-links end (3.71s) ===
[2026-07-03T10:45:01+00:00] === color-links start ===
[2026-07-03T10:45:01+00:00] Unique deals in sheet: 2
[2026-07-03T10:45:01+00:00] Already green: 61, to check: 1
[2026-07-03T10:45:02+00:00] Categories: [3,5,7]
[2026-07-03T10:45:02+00:00] Fetched deals: 1
[2026-07-03T10:45:02+00:00] Colors: green=0 persisted=61, red=1
[2026-07-03T10:45:05+00:00] Cells updated: 2
[2026-07-03T10:45:05+00:00] === color-links end (3.25s) ===
[2026-07-03T11:00:01+00:00] === color-links start ===
[2026-07-03T11:00:01+00:00] Unique deals in sheet: 2
[2026-07-03T11:00:01+00:00] Already green: 61, to check: 1
[2026-07-03T11:00:02+00:00] Categories: [3,5,7]
[2026-07-03T11:00:02+00:00] Fetched deals: 1
[2026-07-03T11:00:02+00:00] Colors: green=0 persisted=61, red=1
[2026-07-03T11:00:05+00:00] Cells updated: 2
[2026-07-03T11:00:05+00:00] === color-links end (3.67s) ===
[2026-07-03T11:15:01+00:00] === color-links start ===
[2026-07-03T11:15:01+00:00] Unique deals in sheet: 2
[2026-07-03T11:15:01+00:00] Already green: 61, to check: 1
[2026-07-03T11:15:01+00:00] Categories: [3,5,7]
[2026-07-03T11:15:02+00:00] Fetched deals: 1
[2026-07-03T11:15:02+00:00] Colors: green=0 persisted=61, red=1
[2026-07-03T11:15:04+00:00] Cells updated: 2
[2026-07-03T11:15:04+00:00] === color-links end (2.65s) ===
[2026-07-03T11:30:01+00:00] === color-links start ===
[2026-07-03T11:30:01+00:00] Unique deals in sheet: 2
[2026-07-03T11:30:01+00:00] Already green: 61, to check: 1
[2026-07-03T11:30:01+00:00] Categories: [3,5,7]
[2026-07-03T11:30:01+00:00] Fetched deals: 1
[2026-07-03T11:30:01+00:00] Colors: green=0 persisted=61, red=1
[2026-07-03T11:30:03+00:00] Cells updated: 2
[2026-07-03T11:30:03+00:00] === color-links end (2.66s) ===
[2026-07-03T11:45:01+00:00] === color-links start ===
[2026-07-03T11:45:01+00:00] Unique deals in sheet: 2
[2026-07-03T11:45:01+00:00] Already green: 61, to check: 1
[2026-07-03T11:45:01+00:00] Categories: [3,5,7]
[2026-07-03T11:45:01+00:00] Fetched deals: 1
[2026-07-03T11:45:01+00:00] Colors: green=0 persisted=61, red=1
[2026-07-03T11:45:04+00:00] Cells updated: 2
[2026-07-03T11:45:04+00:00] === color-links end (2.99s) ===
[2026-07-03T12:00:02+00:00] === color-links start ===
[2026-07-03T12:00:02+00:00] Unique deals in sheet: 2
[2026-07-03T12:00:02+00:00] Already green: 61, to check: 1
[2026-07-03T12:00:02+00:00] Categories: [3,5,7]
[2026-07-03T12:00:02+00:00] Fetched deals: 1
[2026-07-03T12:00:02+00:00] Colors: green=0 persisted=61, red=1
[2026-07-03T12:00:04+00:00] Cells updated: 2
[2026-07-03T12:00:04+00:00] === color-links end (2.69s) ===
[2026-07-03T12:15:01+00:00] === color-links start ===
[2026-07-03T12:15:01+00:00] Unique deals in sheet: 2
[2026-07-03T12:15:01+00:00] Already green: 61, to check: 1
[2026-07-03T12:15:01+00:00] Categories: [3,5,7]
[2026-07-03T12:15:02+00:00] Fetched deals: 1
[2026-07-03T12:15:02+00:00] Colors: green=0 persisted=61, red=1
[2026-07-03T12:15:03+00:00] Cells updated: 2
[2026-07-03T12:15:03+00:00] === color-links end (2.04s) ===
[2026-07-03T12:30:01+00:00] === color-links start ===
[2026-07-03T12:30:01+00:00] Unique deals in sheet: 2
[2026-07-03T12:30:01+00:00] Already green: 61, to check: 1
[2026-07-03T12:30:01+00:00] Categories: [3,5,7]
[2026-07-03T12:30:02+00:00] Fetched deals: 1
[2026-07-03T12:30:02+00:00] Colors: green=0 persisted=61, red=1
[2026-07-03T12:30:03+00:00] Cells updated: 2
[2026-07-03T12:30:03+00:00] === color-links end (2.16s) ===
[2026-07-03T12:45:01+00:00] === color-links start ===
[2026-07-03T12:45:01+00:00] Unique deals in sheet: 2
[2026-07-03T12:45:01+00:00] Already green: 61, to check: 1
[2026-07-03T12:45:02+00:00] Categories: [3,5,7]
[2026-07-03T12:45:02+00:00] Fetched deals: 1
[2026-07-03T12:45:02+00:00] Colors: green=0 persisted=61, red=1
[2026-07-03T12:45:04+00:00] Cells updated: 2
[2026-07-03T12:45:04+00:00] === color-links end (2.05s) ===
[2026-07-03T13:00:01+00:00] === color-links start ===
[2026-07-03T13:00:01+00:00] Unique deals in sheet: 2
[2026-07-03T13:00:01+00:00] Already green: 61, to check: 1
[2026-07-03T13:00:02+00:00] Categories: [3,5,7]
[2026-07-03T13:00:02+00:00] Fetched deals: 1
[2026-07-03T13:00:02+00:00] Colors: green=0 persisted=61, red=1
[2026-07-03T13:00:04+00:00] Cells updated: 2
[2026-07-03T13:00:04+00:00] === color-links end (2.31s) ===
[2026-07-03T13:15:01+00:00] === color-links start ===
[2026-07-03T13:15:01+00:00] Unique deals in sheet: 2
[2026-07-03T13:15:01+00:00] Already green: 61, to check: 1
[2026-07-03T13:15:02+00:00] Categories: [3,5,7]
[2026-07-03T13:15:02+00:00] Fetched deals: 1
[2026-07-03T13:15:02+00:00] Colors: green=0 persisted=61, red=1
[2026-07-03T13:15:03+00:00] Cells updated: 2
[2026-07-03T13:15:03+00:00] === color-links end (1.61s) ===
[2026-07-03T13:30:01+00:00] === color-links start ===
[2026-07-03T13:30:01+00:00] Unique deals in sheet: 2
[2026-07-03T13:30:01+00:00] Already green: 61, to check: 1
[2026-07-03T13:30:02+00:00] Categories: [3,5,7]
[2026-07-03T13:30:02+00:00] Fetched deals: 1
[2026-07-03T13:30:02+00:00] Colors: green=0 persisted=61, red=1
[2026-07-03T13:30:03+00:00] Cells updated: 2
[2026-07-03T13:30:03+00:00] === color-links end (1.62s) ===
[2026-07-03T13:45:01+00:00] === color-links start ===
[2026-07-03T13:45:01+00:00] Unique deals in sheet: 2
[2026-07-03T13:45:01+00:00] Already green: 61, to check: 1
[2026-07-03T13:45:02+00:00] Categories: [3,5,7]
[2026-07-03T13:45:02+00:00] Fetched deals: 1
[2026-07-03T13:45:02+00:00] Colors: green=0 persisted=61, red=1
[2026-07-03T13:45:03+00:00] Cells updated: 2
[2026-07-03T13:45:03+00:00] === color-links end (1.77s) ===
[2026-07-03T14:00:01+00:00] === color-links start ===
[2026-07-03T14:00:01+00:00] Unique deals in sheet: 2
[2026-07-03T14:00:01+00:00] Already green: 61, to check: 1
[2026-07-03T14:00:01+00:00] Categories: [3,5,7]
[2026-07-03T14:00:02+00:00] Fetched deals: 1
[2026-07-03T14:00:02+00:00] Colors: green=0 persisted=61, red=1
[2026-07-03T14:00:03+00:00] Cells updated: 2
[2026-07-03T14:00:03+00:00] === color-links end (2.31s) ===
[2026-07-03T14:15:01+00:00] === color-links start ===
[2026-07-03T14:15:01+00:00] Unique deals in sheet: 2
[2026-07-03T14:15:01+00:00] Already green: 61, to check: 1
[2026-07-03T14:15:01+00:00] Categories: [3,5,7]
[2026-07-03T14:15:01+00:00] Fetched deals: 1
[2026-07-03T14:15:01+00:00] Colors: green=0 persisted=61, red=1
[2026-07-03T14:15:03+00:00] Cells updated: 2
[2026-07-03T14:15:03+00:00] === color-links end (2.2s) ===
[2026-07-03T14:30:01+00:00] === color-links start ===
[2026-07-03T14:30:01+00:00] Unique deals in sheet: 2
[2026-07-03T14:30:01+00:00] Already green: 61, to check: 1
[2026-07-03T14:30:01+00:00] Categories: [3,5,7]
[2026-07-03T14:30:02+00:00] Fetched deals: 1
[2026-07-03T14:30:02+00:00] Colors: green=0 persisted=61, red=1
[2026-07-03T14:30:04+00:00] Cells updated: 2
[2026-07-03T14:30:04+00:00] === color-links end (2.71s) ===
[2026-07-03T14:45:01+00:00] === color-links start ===
[2026-07-03T14:45:01+00:00] Unique deals in sheet: 2
[2026-07-03T14:45:01+00:00] Already green: 61, to check: 1
[2026-07-03T14:45:01+00:00] Categories: [3,5,7]
[2026-07-03T14:45:01+00:00] Fetched deals: 1
[2026-07-03T14:45:01+00:00] Colors: green=0 persisted=61, red=1
[2026-07-03T14:45:04+00:00] Cells updated: 2
[2026-07-03T14:45:04+00:00] === color-links end (2.88s) ===
[2026-07-03T15:00:01+00:00] === color-links start ===
[2026-07-03T15:00:01+00:00] Unique deals in sheet: 2
[2026-07-03T15:00:01+00:00] Already green: 61, to check: 1
[2026-07-03T15:00:02+00:00] Categories: [3,5,7]
[2026-07-03T15:00:02+00:00] Fetched deals: 1
[2026-07-03T15:00:02+00:00] Colors: green=0 persisted=61, red=1
[2026-07-03T15:00:03+00:00] Cells updated: 2
[2026-07-03T15:00:03+00:00] === color-links end (1.9s) ===
[2026-07-03T15:15:01+00:00] === color-links start ===
[2026-07-03T15:15:01+00:00] Unique deals in sheet: 2
[2026-07-03T15:15:01+00:00] Already green: 61, to check: 1
[2026-07-03T15:15:02+00:00] Categories: [3,5,7]
[2026-07-03T15:15:02+00:00] Fetched deals: 1
[2026-07-03T15:15:02+00:00] Colors: green=0 persisted=61, red=1
[2026-07-03T15:15:03+00:00] Cells updated: 2
[2026-07-03T15:15:03+00:00] === color-links end (1.44s) ===
[2026-07-03T15:30:01+00:00] === color-links start ===
[2026-07-03T15:30:01+00:00] Unique deals in sheet: 2
[2026-07-03T15:30:01+00:00] Already green: 61, to check: 1
[2026-07-03T15:30:01+00:00] Categories: [3,5,7]
[2026-07-03T15:30:01+00:00] Fetched deals: 1
[2026-07-03T15:30:01+00:00] Colors: green=0 persisted=61, red=1
[2026-07-03T15:30:03+00:00] Cells updated: 2
[2026-07-03T15:30:03+00:00] === color-links end (1.68s) ===
[2026-07-03T15:45:01+00:00] === color-links start ===
[2026-07-03T15:45:01+00:00] Unique deals in sheet: 2
[2026-07-03T15:45:01+00:00] Already green: 61, to check: 1
[2026-07-03T15:45:01+00:00] Categories: [3,5,7]
[2026-07-03T15:45:01+00:00] Fetched deals: 1
[2026-07-03T15:45:01+00:00] Colors: green=0 persisted=61, red=1
[2026-07-03T15:45:03+00:00] Cells updated: 2
[2026-07-03T15:45:03+00:00] === color-links end (1.73s) ===
[2026-07-03T16:00:01+00:00] === color-links start ===
[2026-07-03T16:00:01+00:00] Unique deals in sheet: 2
[2026-07-03T16:00:01+00:00] Already green: 61, to check: 1
[2026-07-03T16:00:02+00:00] Categories: [3,5,7]
[2026-07-03T16:00:02+00:00] Fetched deals: 1
[2026-07-03T16:00:02+00:00] Colors: green=0 persisted=61, red=1
[2026-07-03T16:00:03+00:00] Cells updated: 2
[2026-07-03T16:00:03+00:00] === color-links end (1.85s) ===
[2026-07-03T16:15:01+00:00] === color-links start ===
[2026-07-03T16:15:01+00:00] Unique deals in sheet: 2
[2026-07-03T16:15:01+00:00] Already green: 61, to check: 1
[2026-07-03T16:15:01+00:00] Categories: [3,5,7]
[2026-07-03T16:15:01+00:00] Fetched deals: 1
[2026-07-03T16:15:01+00:00] Colors: green=0 persisted=61, red=1
[2026-07-03T16:15:03+00:00] Cells updated: 2
[2026-07-03T16:15:03+00:00] === color-links end (1.99s) ===
[2026-07-03T16:30:01+00:00] === color-links start ===
[2026-07-03T16:30:01+00:00] Unique deals in sheet: 2
[2026-07-03T16:30:01+00:00] Already green: 61, to check: 1
[2026-07-03T16:30:01+00:00] Categories: [3,5,7]
[2026-07-03T16:30:01+00:00] Fetched deals: 1
[2026-07-03T16:30:01+00:00] Colors: green=0 persisted=61, red=1
[2026-07-03T16:30:03+00:00] Cells updated: 2
[2026-07-03T16:30:03+00:00] === color-links end (2.16s) ===
[2026-07-03T16:45:01+00:00] === color-links start ===
[2026-07-03T16:45:01+00:00] Unique deals in sheet: 2
[2026-07-03T16:45:01+00:00] Already green: 61, to check: 1
[2026-07-03T16:45:01+00:00] Categories: [3,5,7]
[2026-07-03T16:45:02+00:00] Fetched deals: 1
[2026-07-03T16:45:02+00:00] Colors: green=0 persisted=61, red=1
[2026-07-03T16:45:03+00:00] Cells updated: 2
[2026-07-03T16:45:03+00:00] === color-links end (2.19s) ===
[2026-07-03T17:00:01+00:00] === color-links start ===
[2026-07-03T17:00:01+00:00] Unique deals in sheet: 2
[2026-07-03T17:00:01+00:00] Already green: 61, to check: 1
[2026-07-03T17:00:02+00:00] Categories: [3,5,7]
[2026-07-03T17:00:02+00:00] Fetched deals: 1
[2026-07-03T17:00:02+00:00] Colors: green=0 persisted=61, red=1
[2026-07-03T17:00:03+00:00] Cells updated: 2
[2026-07-03T17:00:03+00:00] === color-links end (1.68s) ===
[2026-07-03T17:15:01+00:00] === color-links start ===
[2026-07-03T17:15:01+00:00] Unique deals in sheet: 2
[2026-07-03T17:15:01+00:00] Already green: 61, to check: 1
[2026-07-03T17:15:02+00:00] Categories: [3,5,7]
[2026-07-03T17:15:02+00:00] Fetched deals: 1
[2026-07-03T17:15:02+00:00] Colors: green=0 persisted=61, red=1
[2026-07-03T17:15:03+00:00] Cells updated: 2
[2026-07-03T17:15:03+00:00] === color-links end (1.57s) ===
[2026-07-03T17:30:01+00:00] === color-links start ===
[2026-07-03T17:30:01+00:00] Unique deals in sheet: 2
[2026-07-03T17:30:01+00:00] Already green: 61, to check: 1
[2026-07-03T17:30:01+00:00] Categories: [3,5,7]
[2026-07-03T17:30:01+00:00] Fetched deals: 1
[2026-07-03T17:30:01+00:00] Colors: green=0 persisted=61, red=1
[2026-07-03T17:30:03+00:00] Cells updated: 2
[2026-07-03T17:30:03+00:00] === color-links end (1.65s) ===
[2026-07-03T17:45:01+00:00] === color-links start ===
[2026-07-03T17:45:01+00:00] Unique deals in sheet: 2
[2026-07-03T17:45:01+00:00] Already green: 61, to check: 1
[2026-07-03T17:45:01+00:00] Categories: [3,5,7]
[2026-07-03T17:45:02+00:00] Fetched deals: 1
[2026-07-03T17:45:02+00:00] Colors: green=0 persisted=61, red=1
[2026-07-03T17:45:03+00:00] Cells updated: 2
[2026-07-03T17:45:03+00:00] === color-links end (1.53s) ===
[2026-07-03T18:00:01+00:00] === color-links start ===
[2026-07-03T18:00:01+00:00] Unique deals in sheet: 2
[2026-07-03T18:00:01+00:00] Already green: 61, to check: 1
[2026-07-03T18:00:01+00:00] Categories: [3,5,7]
[2026-07-03T18:00:01+00:00] Fetched deals: 1
[2026-07-03T18:00:01+00:00] Colors: green=0 persisted=61, red=1
[2026-07-03T18:00:03+00:00] Cells updated: 2
[2026-07-03T18:00:03+00:00] === color-links end (1.82s) ===
[2026-07-03T18:15:01+00:00] === color-links start ===
[2026-07-03T18:15:01+00:00] Unique deals in sheet: 2
[2026-07-03T18:15:01+00:00] Already green: 61, to check: 1
[2026-07-03T18:15:01+00:00] Categories: [3,5,7]
[2026-07-03T18:15:01+00:00] Fetched deals: 1
[2026-07-03T18:15:01+00:00] Colors: green=0 persisted=61, red=1
[2026-07-03T18:15:04+00:00] Cells updated: 2
[2026-07-03T18:15:04+00:00] === color-links end (2.74s) ===
[2026-07-03T18:30:01+00:00] === color-links start ===
[2026-07-03T18:30:01+00:00] Unique deals in sheet: 2
[2026-07-03T18:30:01+00:00] Already green: 61, to check: 1
[2026-07-03T18:30:02+00:00] Categories: [3,5,7]
[2026-07-03T18:30:02+00:00] Fetched deals: 1
[2026-07-03T18:30:02+00:00] Colors: green=0 persisted=61, red=1
[2026-07-03T18:30:04+00:00] Cells updated: 2
[2026-07-03T18:30:04+00:00] === color-links end (2.49s) ===
[2026-07-03T18:45:01+00:00] === color-links start ===
[2026-07-03T18:45:01+00:00] Unique deals in sheet: 2
[2026-07-03T18:45:01+00:00] Already green: 61, to check: 1
[2026-07-03T18:45:01+00:00] Categories: [3,5,7]
[2026-07-03T18:45:01+00:00] Fetched deals: 1
[2026-07-03T18:45:01+00:00] Colors: green=0 persisted=61, red=1
[2026-07-03T18:45:03+00:00] Cells updated: 2
[2026-07-03T18:45:03+00:00] === color-links end (1.92s) ===
[2026-07-03T19:00:01+00:00] === color-links start ===
[2026-07-03T19:00:01+00:00] Unique deals in sheet: 2
[2026-07-03T19:00:01+00:00] Already green: 61, to check: 1
[2026-07-03T19:00:02+00:00] Categories: [3,5,7]
[2026-07-03T19:00:02+00:00] Fetched deals: 1
[2026-07-03T19:00:02+00:00] Colors: green=0 persisted=61, red=1
[2026-07-03T19:00:04+00:00] Cells updated: 2
[2026-07-03T19:00:04+00:00] === color-links end (2.29s) ===
[2026-07-03T19:15:01+00:00] === color-links start ===
[2026-07-03T19:15:01+00:00] Unique deals in sheet: 2
[2026-07-03T19:15:01+00:00] Already green: 61, to check: 1
[2026-07-03T19:15:01+00:00] Categories: [3,5,7]
[2026-07-03T19:15:01+00:00] Fetched deals: 1
[2026-07-03T19:15:01+00:00] Colors: green=0 persisted=61, red=1
[2026-07-03T19:15:02+00:00] Cells updated: 2
[2026-07-03T19:15:02+00:00] === color-links end (1.71s) ===
[2026-07-03T19:30:01+00:00] === color-links start ===
[2026-07-03T19:30:01+00:00] Unique deals in sheet: 2
[2026-07-03T19:30:01+00:00] Already green: 61, to check: 1
[2026-07-03T19:30:01+00:00] Categories: [3,5,7]
[2026-07-03T19:30:01+00:00] Fetched deals: 1
[2026-07-03T19:30:01+00:00] Colors: green=0 persisted=61, red=1
[2026-07-03T19:30:02+00:00] Cells updated: 2
[2026-07-03T19:30:02+00:00] === color-links end (1.51s) ===
[2026-07-03T19:45:01+00:00] === color-links start ===
[2026-07-03T19:45:01+00:00] Unique deals in sheet: 2
[2026-07-03T19:45:01+00:00] Already green: 61, to check: 1
[2026-07-03T19:45:01+00:00] Categories: [3,5,7]
[2026-07-03T19:45:01+00:00] Fetched deals: 1
[2026-07-03T19:45:01+00:00] Colors: green=0 persisted=61, red=1
[2026-07-03T19:45:03+00:00] Cells updated: 2
[2026-07-03T19:45:03+00:00] === color-links end (2.07s) ===
[2026-07-03T20:00:01+00:00] === color-links start ===
[2026-07-03T20:00:01+00:00] Unique deals in sheet: 2
[2026-07-03T20:00:01+00:00] Already green: 61, to check: 1
[2026-07-03T20:00:01+00:00] Categories: [3,5,7]
[2026-07-03T20:00:01+00:00] Fetched deals: 1
[2026-07-03T20:00:01+00:00] Colors: green=0 persisted=61, red=1
[2026-07-03T20:00:03+00:00] Cells updated: 2
[2026-07-03T20:00:03+00:00] === color-links end (1.57s) ===
[2026-07-03T20:15:01+00:00] === color-links start ===
[2026-07-03T20:15:01+00:00] Unique deals in sheet: 2
[2026-07-03T20:15:01+00:00] Already green: 61, to check: 1
[2026-07-03T20:15:02+00:00] Categories: [3,5,7]
[2026-07-03T20:15:02+00:00] Fetched deals: 1
[2026-07-03T20:15:02+00:00] Colors: green=0 persisted=61, red=1
[2026-07-03T20:15:04+00:00] Cells updated: 2
[2026-07-03T20:15:04+00:00] === color-links end (2.27s) ===
[2026-07-03T20:30:02+00:00] === color-links start ===
[2026-07-03T20:30:02+00:00] Unique deals in sheet: 2
[2026-07-03T20:30:02+00:00] Already green: 61, to check: 1
[2026-07-03T20:30:02+00:00] Categories: [3,5,7]
[2026-07-03T20:30:02+00:00] Fetched deals: 1
[2026-07-03T20:30:02+00:00] Colors: green=0 persisted=61, red=1
[2026-07-03T20:30:03+00:00] Cells updated: 2
[2026-07-03T20:30:03+00:00] === color-links end (1.58s) ===
[2026-07-03T20:45:01+00:00] === color-links start ===
[2026-07-03T20:45:01+00:00] Unique deals in sheet: 2
[2026-07-03T20:45:01+00:00] Already green: 61, to check: 1
[2026-07-03T20:45:01+00:00] Categories: [3,5,7]
[2026-07-03T20:45:01+00:00] Fetched deals: 1
[2026-07-03T20:45:01+00:00] Colors: green=0 persisted=61, red=1
[2026-07-03T20:45:02+00:00] Cells updated: 2
[2026-07-03T20:45:02+00:00] === color-links end (1.64s) ===
[2026-07-03T21:00:01+00:00] === color-links start ===
[2026-07-03T21:00:01+00:00] Unique deals in sheet: 2
[2026-07-03T21:00:01+00:00] Already green: 61, to check: 1
[2026-07-03T21:00:05+00:00] Categories: [3,5,7]
[2026-07-03T21:00:09+00:00] Fetched deals: 1
[2026-07-03T21:00:09+00:00] Colors: green=0 persisted=61, red=1
[2026-07-03T21:00:11+00:00] Cells updated: 2
[2026-07-03T21:00:11+00:00] === color-links end (9.39s) ===
[2026-07-03T21:15:01+00:00] === color-links start ===
[2026-07-03T21:15:01+00:00] Unique deals in sheet: 2
[2026-07-03T21:15:01+00:00] Already green: 61, to check: 1
[2026-07-03T21:15:02+00:00] Categories: [3,5,7]
[2026-07-03T21:15:02+00:00] Fetched deals: 1
[2026-07-03T21:15:02+00:00] Colors: green=0 persisted=61, red=1
[2026-07-03T21:15:03+00:00] Cells updated: 2
[2026-07-03T21:15:03+00:00] === color-links end (1.85s) ===
[2026-07-03T21:30:01+00:00] === color-links start ===
[2026-07-03T21:30:01+00:00] Unique deals in sheet: 2
[2026-07-03T21:30:01+00:00] Already green: 61, to check: 1
[2026-07-03T21:30:01+00:00] Categories: [3,5,7]
[2026-07-03T21:30:02+00:00] Fetched deals: 1
[2026-07-03T21:30:02+00:00] Colors: green=0 persisted=61, red=1
[2026-07-03T21:30:03+00:00] Cells updated: 2
[2026-07-03T21:30:03+00:00] === color-links end (2.1s) ===
[2026-07-03T21:45:01+00:00] === color-links start ===
[2026-07-03T21:45:01+00:00] Unique deals in sheet: 2
[2026-07-03T21:45:01+00:00] Already green: 61, to check: 1
[2026-07-03T21:45:01+00:00] Categories: [3,5,7]
[2026-07-03T21:45:01+00:00] Fetched deals: 1
[2026-07-03T21:45:01+00:00] Colors: green=0 persisted=61, red=1
[2026-07-03T21:45:02+00:00] Cells updated: 2
[2026-07-03T21:45:02+00:00] === color-links end (1.49s) ===
[2026-07-03T22:00:01+00:00] === color-links start ===
[2026-07-03T22:00:01+00:00] Unique deals in sheet: 2
[2026-07-03T22:00:01+00:00] Already green: 61, to check: 1
[2026-07-03T22:00:01+00:00] Categories: [3,5,7]
[2026-07-03T22:00:01+00:00] Fetched deals: 1
[2026-07-03T22:00:01+00:00] Colors: green=0 persisted=61, red=1
[2026-07-03T22:00:02+00:00] Cells updated: 2
[2026-07-03T22:00:02+00:00] === color-links end (1.59s) ===
[2026-07-03T22:15:01+00:00] === color-links start ===
[2026-07-03T22:15:01+00:00] Unique deals in sheet: 2
[2026-07-03T22:15:01+00:00] Already green: 61, to check: 1
[2026-07-03T22:15:01+00:00] Categories: [3,5,7]
[2026-07-03T22:15:01+00:00] Fetched deals: 1
[2026-07-03T22:15:01+00:00] Colors: green=0 persisted=61, red=1
[2026-07-03T22:15:03+00:00] Cells updated: 2
[2026-07-03T22:15:03+00:00] === color-links end (2.21s) ===
[2026-07-03T22:30:01+00:00] === color-links start ===
[2026-07-03T22:30:01+00:00] Unique deals in sheet: 2
[2026-07-03T22:30:01+00:00] Already green: 61, to check: 1
[2026-07-03T22:30:02+00:00] Categories: [3,5,7]
[2026-07-03T22:30:02+00:00] Fetched deals: 1
[2026-07-03T22:30:02+00:00] Colors: green=0 persisted=61, red=1
[2026-07-03T22:30:03+00:00] Cells updated: 2
[2026-07-03T22:30:03+00:00] === color-links end (1.55s) ===
[2026-07-03T22:45:01+00:00] === color-links start ===
[2026-07-03T22:45:01+00:00] Unique deals in sheet: 2
[2026-07-03T22:45:01+00:00] Already green: 61, to check: 1
[2026-07-03T22:45:01+00:00] Categories: [3,5,7]
[2026-07-03T22:45:01+00:00] Fetched deals: 1
[2026-07-03T22:45:01+00:00] Colors: green=0 persisted=61, red=1
[2026-07-03T22:45:02+00:00] Cells updated: 2
[2026-07-03T22:45:02+00:00] === color-links end (1.55s) ===
[2026-07-03T23:00:01+00:00] === color-links start ===
[2026-07-03T23:00:01+00:00] Unique deals in sheet: 2
[2026-07-03T23:00:01+00:00] Already green: 61, to check: 1
[2026-07-03T23:00:02+00:00] Categories: [3,5,7]
[2026-07-03T23:00:02+00:00] Fetched deals: 1
[2026-07-03T23:00:02+00:00] Colors: green=0 persisted=61, red=1
[2026-07-03T23:00:03+00:00] Cells updated: 2
[2026-07-03T23:00:03+00:00] === color-links end (2.05s) ===
[2026-07-03T23:15:01+00:00] === color-links start ===
[2026-07-03T23:15:01+00:00] Unique deals in sheet: 2
[2026-07-03T23:15:01+00:00] Already green: 61, to check: 1
[2026-07-03T23:15:01+00:00] Categories: [3,5,7]
[2026-07-03T23:15:01+00:00] Fetched deals: 1
[2026-07-03T23:15:01+00:00] Colors: green=0 persisted=61, red=1
[2026-07-03T23:15:03+00:00] Cells updated: 2
[2026-07-03T23:15:03+00:00] === color-links end (1.55s) ===
[2026-07-03T23:30:01+00:00] === color-links start ===
[2026-07-03T23:30:01+00:00] Unique deals in sheet: 2
[2026-07-03T23:30:01+00:00] Already green: 61, to check: 1
[2026-07-03T23:30:01+00:00] Categories: [3,5,7]
[2026-07-03T23:30:02+00:00] Fetched deals: 1
[2026-07-03T23:30:02+00:00] Colors: green=0 persisted=61, red=1
[2026-07-03T23:30:04+00:00] Cells updated: 2
[2026-07-03T23:30:04+00:00] === color-links end (2.48s) ===
[2026-07-03T23:45:02+00:00] === color-links start ===
[2026-07-03T23:45:02+00:00] Unique deals in sheet: 2
[2026-07-03T23:45:02+00:00] Already green: 61, to check: 1
[2026-07-03T23:45:02+00:00] Categories: [3,5,7]
[2026-07-03T23:45:02+00:00] Fetched deals: 1
[2026-07-03T23:45:02+00:00] Colors: green=0 persisted=61, red=1
[2026-07-03T23:45:04+00:00] Cells updated: 2
[2026-07-03T23:45:04+00:00] === color-links end (2.55s) ===
