[2026-07-23T09:40:32+00:00] === start ===
[2026-07-23T09:40:33+00:00] Existing dates: 24, month rows: 2
[2026-07-23T09:40:33+00:00] Total inserted rows: 0
[2026-07-23T09:40:33+00:00] === end (0.35s) ===
[2026-07-23T09:41:15+00:00] === start ===
[2026-07-23T09:41:16+00:00] Existing dates: 24, month rows: 2
[2026-07-23T09:41:16+00:00] Total inserted rows: 0
[2026-07-23T09:41:16+00:00] === end (0.83s) ===
[2026-07-23T09:41:25+00:00] === start ===
[2026-07-23T09:41:26+00:00] Existing dates: 23, month rows: 2
[2026-07-23T09:41:27+00:00] Date: 21.08.2026 → row 30
[2026-07-23T09:41:27+00:00] Total inserted rows: 1
[2026-07-23T09:41:27+00:00] === end (1.96s) ===
[2026-07-23T09:41:38+00:00] === start ===
[2026-07-23T09:41:38+00:00] Existing dates: 24, month rows: 2
[2026-07-23T09:41:38+00:00] Total inserted rows: 0
[2026-07-23T09:41:38+00:00] === end (0.35s) ===
[2026-07-23T09:42:10+00:00] === start ===
[2026-07-23T09:42:10+00:00] Existing dates: 22, month rows: 2
[2026-07-23T09:42:12+00:00] Date: 20.08.2026 → row 29
[2026-07-23T09:42:13+00:00] Date: 21.08.2026 → row 30
[2026-07-23T09:42:13+00:00] Total inserted rows: 2
[2026-07-23T09:42:13+00:00] === end (3.26s) ===
[2026-07-23T10:38:24+00:00] === start ===
[2026-07-23T10:38:24+00:00] Existing dates: 23, month rows: 2
[2026-07-23T10:38:26+00:00] Date: 21.08.2026 → row 30
[2026-07-23T10:38:26+00:00] Total inserted rows: 1
[2026-07-23T10:38:26+00:00] === end (2.27s) ===
[2026-07-23T21:00:01+00:00] === start ===
[2026-07-23T21:00:02+00:00] Existing dates: 24, month rows: 2
[2026-07-23T21:00:02+00:00] Total inserted rows: 0
[2026-07-23T21:00:02+00:00] === end (0.84s) ===
