[2026-07-24T15:31:34+00:00] === start ===
[2026-07-24T15:31:35+00:00] Existing dates: 23, month rows: 2
[2026-07-24T15:31:37+00:00] Date: 21.08.2026 → row 30
[2026-07-24T15:31:37+00:00] Total inserted rows in this run: 1
[2026-07-24T15:31:37+00:00] === end (2.79s) ===
[2026-07-24T15:36:21+00:00] === start ===
[2026-07-24T15:36:21+00:00] Existing dates: 23, month rows: 2
[2026-07-24T15:36:23+00:00] Date: 21.08.2026 → row 30
[2026-07-24T15:36:23+00:00] Total inserted rows in this run: 1
[2026-07-24T15:36:23+00:00] === end (1.77s) ===
[2026-07-24T15:47:01+00:00] === start ===
[2026-07-24T15:47:02+00:00] Existing dates: 22, month rows: 2
[2026-07-24T15:47:03+00:00] Date: 20.08.2026 → row 29
[2026-07-24T15:47:03+00:00] Total inserted rows in this run: 1
[2026-07-24T15:47:03+00:00] === end (1.92s) ===
[2026-07-24T21:00:01+00:00] === start ===
[2026-07-24T21:00:02+00:00] Existing dates: 25, month rows: 2
[2026-07-24T21:00:03+00:00] Week separator (backfill) → row 31
[2026-07-24T21:00:04+00:00] Date: 25.08.2026 → row 33
[2026-07-24T21:00:04+00:00] Total inserted rows in this run: 2
[2026-07-24T21:00:04+00:00] === end (3.04s) ===
