[2026-07-21T12:48:39+00:00] === start ===
[2026-07-21T12:48:40+00:00] Existing dates: 0, month rows: 0
[2026-07-21T12:48:41+00:00] Date: 21.07.2026 → row 2
[2026-07-21T12:48:43+00:00] Date: 22.07.2026 → row 3
[2026-07-21T12:48:44+00:00] Date: 23.07.2026 → row 4
[2026-07-21T12:48:45+00:00] Date: 24.07.2026 → row 5
[2026-07-21T12:48:45+00:00] Date: 27.07.2026 → row 6
[2026-07-21T12:48:46+00:00] Week separator → row 7
[2026-07-21T12:48:47+00:00] Date: 28.07.2026 → row 7
[2026-07-21T12:48:47+00:00] Date: 29.07.2026 → row 8
[2026-07-21T12:48:48+00:00] Date: 30.07.2026 → row 9
[2026-07-21T12:48:49+00:00] Date: 31.07.2026 → row 10
[2026-07-21T12:48:50+00:00] Month separator: Август 2026 → row 11
[2026-07-21T12:48:50+00:00] Date: 03.08.2026 → row 12
[2026-07-21T12:48:51+00:00] Date: 04.08.2026 → row 13
[2026-07-21T12:48:52+00:00] Date: 05.08.2026 → row 14
[2026-07-21T12:48:53+00:00] Date: 06.08.2026 → row 15
[2026-07-21T12:48:53+00:00] Date: 07.08.2026 → row 16
[2026-07-21T12:48:54+00:00] Week separator → row 17
[2026-07-21T12:48:54+00:00] Date: 10.08.2026 → row 17
[2026-07-21T12:48:55+00:00] Date: 11.08.2026 → row 18
[2026-07-21T12:48:56+00:00] Date: 12.08.2026 → row 19
[2026-07-21T12:48:57+00:00] Date: 13.08.2026 → row 20
[2026-07-21T12:48:58+00:00] Date: 14.08.2026 → row 21
[2026-07-21T12:48:58+00:00] Week separator → row 22
[2026-07-21T12:48:59+00:00] Date: 17.08.2026 → row 22
[2026-07-21T12:49:00+00:00] Date: 18.08.2026 → row 23
[2026-07-21T12:49:01+00:00] Date: 19.08.2026 → row 24
[2026-07-21T12:49:02+00:00] Date: 20.08.2026 → row 25
[2026-07-21T12:49:02+00:00] Inserted rows: 27
[2026-07-21T12:49:02+00:00] === end (22.88s) ===
[2026-07-21T12:53:05+00:00] === start ===
[2026-07-21T12:53:05+00:00] Existing dates: 0, month rows: 0
[2026-07-21T12:53:06+00:00] Date: 21.07.2026 → row 2
[2026-07-21T12:53:07+00:00] Date: 22.07.2026 → row 3
[2026-07-21T12:53:08+00:00] Date: 23.07.2026 → row 4
[2026-07-21T12:53:09+00:00] Date: 24.07.2026 → row 5
[2026-07-21T12:53:11+00:00] Date: 27.07.2026 → row 6
[2026-07-21T12:53:11+00:00] Week separator → row 7
[2026-07-21T12:53:12+00:00] Date: 28.07.2026 → row 7
[2026-07-21T12:53:12+00:00] Date: 29.07.2026 → row 8
[2026-07-21T12:53:13+00:00] Date: 30.07.2026 → row 9
[2026-07-21T12:53:14+00:00] Date: 31.07.2026 → row 10
[2026-07-21T12:53:14+00:00] Month separator: Август 2026 → row 11
[2026-07-21T12:53:15+00:00] Date: 03.08.2026 → row 12
[2026-07-21T12:53:16+00:00] Date: 04.08.2026 → row 13
[2026-07-21T12:53:17+00:00] Date: 05.08.2026 → row 14
[2026-07-21T12:53:17+00:00] Date: 06.08.2026 → row 15
[2026-07-21T12:53:18+00:00] Date: 07.08.2026 → row 16
[2026-07-21T12:53:18+00:00] Week separator → row 17
[2026-07-21T12:53:19+00:00] Date: 10.08.2026 → row 17
[2026-07-21T12:53:20+00:00] Date: 11.08.2026 → row 18
[2026-07-21T12:53:20+00:00] Date: 12.08.2026 → row 19
[2026-07-21T12:53:21+00:00] Date: 13.08.2026 → row 20
[2026-07-21T12:53:22+00:00] Date: 14.08.2026 → row 21
[2026-07-21T12:53:23+00:00] Week separator → row 22
[2026-07-21T12:53:23+00:00] Date: 17.08.2026 → row 22
[2026-07-21T12:53:24+00:00] Date: 18.08.2026 → row 23
[2026-07-21T12:53:25+00:00] Date: 19.08.2026 → row 24
[2026-07-21T12:53:25+00:00] Date: 20.08.2026 → row 25
[2026-07-21T12:53:25+00:00] Inserted rows: 27
[2026-07-21T12:53:25+00:00] === end (20.46s) ===
[2026-07-21T14:35:09+00:00] === start ===
[2026-07-21T14:35:10+00:00] Existing dates: 0, month rows: 0
[2026-07-21T14:35:11+00:00] Date: 21.07.2026 → row 2
[2026-07-21T14:35:12+00:00] Date: 22.07.2026 → row 3
[2026-07-21T14:35:13+00:00] Date: 23.07.2026 → row 4
[2026-07-21T14:35:14+00:00] Date: 24.07.2026 → row 5
[2026-07-21T14:35:14+00:00] Week separator → row 6
[2026-07-21T14:35:15+00:00] Date: 27.07.2026 → row 6
[2026-07-21T14:35:16+00:00] Date: 28.07.2026 → row 7
[2026-07-21T14:35:17+00:00] Date: 29.07.2026 → row 8
[2026-07-21T14:35:17+00:00] Date: 30.07.2026 → row 9
[2026-07-21T14:35:18+00:00] Date: 31.07.2026 → row 10
[2026-07-21T14:35:19+00:00] Month separator: Август 2026 → row 11
[2026-07-21T14:35:20+00:00] Date: 03.08.2026 → row 12
[2026-07-21T14:35:20+00:00] Date: 04.08.2026 → row 13
[2026-07-21T14:35:21+00:00] Date: 05.08.2026 → row 14
[2026-07-21T14:35:22+00:00] Date: 06.08.2026 → row 15
[2026-07-21T14:35:23+00:00] Date: 07.08.2026 → row 16
[2026-07-21T14:35:23+00:00] Week separator → row 17
[2026-07-21T14:35:24+00:00] Date: 10.08.2026 → row 17
[2026-07-21T14:35:25+00:00] Date: 11.08.2026 → row 18
[2026-07-21T14:35:26+00:00] Date: 12.08.2026 → row 19
[2026-07-21T14:35:27+00:00] Date: 13.08.2026 → row 20
[2026-07-21T14:35:28+00:00] Date: 14.08.2026 → row 21
[2026-07-21T14:35:28+00:00] Week separator → row 22
[2026-07-21T14:35:29+00:00] Date: 17.08.2026 → row 22
[2026-07-21T14:35:31+00:00] Date: 18.08.2026 → row 23
[2026-07-21T14:35:31+00:00] Date: 19.08.2026 → row 24
[2026-07-21T14:35:32+00:00] Date: 20.08.2026 → row 25
[2026-07-21T14:35:32+00:00] Total inserted rows: 27
[2026-07-21T14:35:32+00:00] === end (22.58s) ===
[2026-07-21T14:41:26+00:00] === start ===
[2026-07-21T14:41:26+00:00] Existing dates: 0, month rows: 0
[2026-07-21T14:41:28+00:00] Date: 21.07.2026 → row 2
[2026-07-21T14:41:28+00:00] Date: 22.07.2026 → row 3
[2026-07-21T14:41:29+00:00] Date: 23.07.2026 → row 4
[2026-07-21T14:41:30+00:00] Date: 24.07.2026 → row 5
[2026-07-21T14:41:30+00:00] Week separator → row 6
[2026-07-21T14:41:31+00:00] Date: 27.07.2026 → row 7
[2026-07-21T14:41:32+00:00] Date: 28.07.2026 → row 8
[2026-07-21T14:41:32+00:00] Date: 29.07.2026 → row 9
[2026-07-21T14:41:33+00:00] Date: 30.07.2026 → row 10
[2026-07-21T14:41:34+00:00] Date: 31.07.2026 → row 11
[2026-07-21T14:41:34+00:00] Month separator: Август 2026 → row 12
[2026-07-21T14:41:35+00:00] Date: 03.08.2026 → row 13
[2026-07-21T14:41:36+00:00] Date: 04.08.2026 → row 14
[2026-07-21T14:41:37+00:00] Date: 05.08.2026 → row 15
[2026-07-21T14:41:38+00:00] Date: 06.08.2026 → row 16
[2026-07-21T14:41:39+00:00] Date: 07.08.2026 → row 17
[2026-07-21T14:41:39+00:00] Week separator → row 18
[2026-07-21T14:41:40+00:00] Date: 10.08.2026 → row 19
[2026-07-21T14:41:41+00:00] Date: 11.08.2026 → row 20
[2026-07-21T14:41:42+00:00] Date: 12.08.2026 → row 21
[2026-07-21T14:41:42+00:00] Date: 13.08.2026 → row 22
[2026-07-21T14:41:43+00:00] Date: 14.08.2026 → row 23
[2026-07-21T14:41:43+00:00] Week separator → row 24
[2026-07-21T14:41:44+00:00] Date: 17.08.2026 → row 25
[2026-07-21T14:41:45+00:00] Date: 18.08.2026 → row 26
[2026-07-21T14:41:45+00:00] Date: 19.08.2026 → row 27
[2026-07-21T14:41:46+00:00] Date: 20.08.2026 → row 28
[2026-07-21T14:41:46+00:00] Total inserted rows: 27
[2026-07-21T14:41:46+00:00] === end (20.22s) ===
[2026-07-21T21:00:01+00:00] === start ===
[2026-07-21T21:00:02+00:00] Existing dates: 23, month rows: 1
[2026-07-21T21:00:04+00:00] Month separator: Июль 2026 → row 3
[2026-07-21T21:00:04+00:00] Total inserted rows: 1
[2026-07-21T21:00:04+00:00] === end (3.01s) ===
